Component: ARM Compiler 5.06 update 6 (build 750) Tool: armlink [4d35ed]

==============================================================================

Section Cross References

    main.o(.text) refers to sysconfig.o(.text) for SYS_Config_Init
    main.o(.text) refers to delay.o(.text) for delay_ms
    main.o(.text) refers to stm32f4xx_gpio.o(.text) for GPIO_ResetBits
    main.o(.text) refers to printfb.o(i.__0printf$bare) for __2printf
    delay.o(.text) refers to misc.o(.text) for SysTick_CLKSourceConfig
    delay.o(.text) refers to delay.o(.data) for .data
    sysconfig.o(.text) refers to delay.o(.text) for delay_init
    sysconfig.o(.text) refers to bsp_gpio.o(.text) for BSP_GPIO_Init
    sysconfig.o(.text) refers to bsp_usart.o(.text) for BSP_USART_Init
    sysconfig.o(.text) refers to bsp_dma.o(.text) for BSP_DMA_Init
    sysconfig.o(.text) refers to bsp_nvic.o(.text) for BSP_NVIC_Init
    sysconfig.o(.text) refers to stm32f4xx_usart.o(.text) for USART_SendData
    stm32f4xx_it.o(.text) refers to stm32f4xx_dma.o(.text) for DMA_GetITStatus
    system_stm32f4xx.o(.text) refers to system_stm32f4xx.o(.data) for .data
    startup_stm32f427xx.o(RESET) refers to startup_stm32f427xx.o(STACK) for __initial_sp
    startup_stm32f427xx.o(RESET) refers to startup_stm32f427xx.o(.text) for Reset_Handler
    startup_stm32f427xx.o(RESET) refers to stm32f4xx_it.o(.text) for NMI_Handler
    startup_stm32f427xx.o(.text) refers to system_stm32f4xx.o(.text) for SystemInit
    startup_stm32f427xx.o(.text) refers to entry.o(.ARM.Collect$$$$00000000) for __main
    stm32f4xx_can.o(.text) refers to stm32f4xx_rcc.o(.text) for RCC_APB1PeriphResetCmd
    stm32f4xx_rcc.o(.text) refers to stm32f4xx_rcc.o(.data) for .data
    stm32f4xx_tim.o(.text) refers to stm32f4xx_rcc.o(.text) for RCC_APB2PeriphResetCmd
    stm32f4xx_gpio.o(.text) refers to stm32f4xx_rcc.o(.text) for RCC_AHB1PeriphResetCmd
    stm32f4xx_usart.o(.text) refers to stm32f4xx_rcc.o(.text) for RCC_APB2PeriphResetCmd
    bsp_gpio.o(.text) refers to stm32f4xx_rcc.o(.text) for RCC_AHB1PeriphClockCmd
    bsp_gpio.o(.text) refers to stm32f4xx_gpio.o(.text) for GPIO_Init
    bsp_usart.o(.text) refers to stm32f4xx_rcc.o(.text) for RCC_APB2PeriphClockCmd
    bsp_usart.o(.text) refers to stm32f4xx_usart.o(.text) for USART_DeInit
    bsp_dma.o(.text) refers to stm32f4xx_rcc.o(.text) for RCC_AHB1PeriphClockCmd
    bsp_dma.o(.text) refers to stm32f4xx_dma.o(.text) for DMA_DeInit
    bsp_dma.o(.text) refers to bsp_dma.o(.bss) for .bss
    bsp_nvic.o(.text) refers to misc.o(.text) for NVIC_PriorityGroupConfig
    bsp_nvic.o(.text) refers to stm32f4xx_dma.o(.text) for DMA_ITConfig
    bsp_nvic.o(.text) refers to stm32f4xx_usart.o(.text) for USART_ITConfig
    entry.o(.ARM.Collect$$$$00000000) refers (Special) to entry10a.o(.ARM.Collect$$$$0000000D) for __rt_final_cpp
    entry.o(.ARM.Collect$$$$00000000) refers (Special) to entry11a.o(.ARM.Collect$$$$0000000F) for __rt_final_exit
    entry.o(.ARM.Collect$$$$00000000) refers (Special) to entry7b.o(.ARM.Collect$$$$00000008) for _main_clock
    entry.o(.ARM.Collect$$$$00000000) refers (Special) to entry8b.o(.ARM.Collect$$$$0000000A) for _main_cpp_init
    entry.o(.ARM.Collect$$$$00000000) refers (Special) to entry9a.o(.ARM.Collect$$$$0000000B) for _main_init
    entry.o(.ARM.Collect$$$$00000000) refers (Special) to entry5.o(.ARM.Collect$$$$00000004) for _main_scatterload
    entry.o(.ARM.Collect$$$$00000000) refers (Special) to entry2.o(.ARM.Collect$$$$00000001) for _main_stk
    printfb.o(i.__0fprintf$bare) refers to printfb.o(i._printf_core) for _printf_core
    printfb.o(i.__0fprintf$bare) refers to sysconfig.o(.text) for fputc
    printfb.o(i.__0printf$bare) refers to printfb.o(i._printf_core) for _printf_core
    printfb.o(i.__0printf$bare) refers to sysconfig.o(.text) for fputc
    printfb.o(i.__0printf$bare) refers to stdout.o(.data) for __stdout
    printfb.o(i.__0snprintf$bare) refers to printfb.o(i._printf_core) for _printf_core
    printfb.o(i.__0snprintf$bare) refers to printfb.o(i._snputc) for _snputc
    printfb.o(i.__0sprintf$bare) refers to printfb.o(i._printf_core) for _printf_core
    printfb.o(i.__0sprintf$bare) refers to printfb.o(i._sputc) for _sputc
    printfb.o(i.__0vfprintf$bare) refers to printfb.o(i._printf_core) for _printf_core
    printfb.o(i.__0vfprintf$bare) refers to sysconfig.o(.text) for fputc
    printfb.o(i.__0vprintf$bare) refers to printfb.o(i._printf_core) for _printf_core
    printfb.o(i.__0vprintf$bare) refers to sysconfig.o(.text) for fputc
    printfb.o(i.__0vprintf$bare) refers to stdout.o(.data) for __stdout
    printfb.o(i.__0vsnprintf$bare) refers to printfb.o(i._printf_core) for _printf_core
    printfb.o(i.__0vsnprintf$bare) refers to printfb.o(i._snputc) for _snputc
    printfb.o(i.__0vsprintf$bare) refers to printfb.o(i._printf_core) for _printf_core
    printfb.o(i.__0vsprintf$bare) refers to printfb.o(i._sputc) for _sputc
    printf0.o(i.__0fprintf$0) refers to printf0.o(i._printf_core) for _printf_core
    printf0.o(i.__0fprintf$0) refers to sysconfig.o(.text) for fputc
    printf0.o(i.__0printf$0) refers to printf0.o(i._printf_core) for _printf_core
    printf0.o(i.__0printf$0) refers to sysconfig.o(.text) for fputc
    printf0.o(i.__0printf$0) refers to stdout.o(.data) for __stdout
    printf0.o(i.__0snprintf$0) refers to printf0.o(i._printf_core) for _printf_core
    printf0.o(i.__0snprintf$0) refers to printf0.o(i._snputc) for _snputc
    printf0.o(i.__0sprintf$0) refers to printf0.o(i._printf_core) for _printf_core
    printf0.o(i.__0sprintf$0) refers to printf0.o(i._sputc) for _sputc
    printf0.o(i.__0vfprintf$0) refers to printf0.o(i._printf_core) for _printf_core
    printf0.o(i.__0vfprintf$0) refers to sysconfig.o(.text) for fputc
    printf0.o(i.__0vprintf$0) refers to printf0.o(i._printf_core) for _printf_core
    printf0.o(i.__0vprintf$0) refers to sysconfig.o(.text) for fputc
    printf0.o(i.__0vprintf$0) refers to stdout.o(.data) for __stdout
    printf0.o(i.__0vsnprintf$0) refers to printf0.o(i._printf_core) for _printf_core
    printf0.o(i.__0vsnprintf$0) refers to printf0.o(i._snputc) for _snputc
    printf0.o(i.__0vsprintf$0) refers to printf0.o(i._printf_core) for _printf_core
    printf0.o(i.__0vsprintf$0) refers to printf0.o(i._sputc) for _sputc
    printf1.o(i.__0fprintf$1) refers to printf1.o(i._printf_core) for _printf_core
    printf1.o(i.__0fprintf$1) refers to sysconfig.o(.text) for fputc
    printf1.o(i.__0printf$1) refers to printf1.o(i._printf_core) for _printf_core
    printf1.o(i.__0printf$1) refers to sysconfig.o(.text) for fputc
    printf1.o(i.__0printf$1) refers to stdout.o(.data) for __stdout
    printf1.o(i.__0snprintf$1) refers to printf1.o(i._printf_core) for _printf_core
    printf1.o(i.__0snprintf$1) refers to printf1.o(i._snputc) for _snputc
    printf1.o(i.__0sprintf$1) refers to printf1.o(i._printf_core) for _printf_core
    printf1.o(i.__0sprintf$1) refers to printf1.o(i._sputc) for _sputc
    printf1.o(i.__0vfprintf$1) refers to printf1.o(i._printf_core) for _printf_core
    printf1.o(i.__0vfprintf$1) refers to sysconfig.o(.text) for fputc
    printf1.o(i.__0vprintf$1) refers to printf1.o(i._printf_core) for _printf_core
    printf1.o(i.__0vprintf$1) refers to sysconfig.o(.text) for fputc
    printf1.o(i.__0vprintf$1) refers to stdout.o(.data) for __stdout
    printf1.o(i.__0vsnprintf$1) refers to printf1.o(i._printf_core) for _printf_core
    printf1.o(i.__0vsnprintf$1) refers to printf1.o(i._snputc) for _snputc
    printf1.o(i.__0vsprintf$1) refers to printf1.o(i._printf_core) for _printf_core
    printf1.o(i.__0vsprintf$1) refers to printf1.o(i._sputc) for _sputc
    printf1.o(i._printf_core) refers to uidiv.o(.text) for __aeabi_uidivmod
    printf2.o(i.__0fprintf$2) refers to printf2.o(i._printf_core) for _printf_core
    printf2.o(i.__0fprintf$2) refers to sysconfig.o(.text) for fputc
    printf2.o(i.__0printf$2) refers to printf2.o(i._printf_core) for _printf_core
    printf2.o(i.__0printf$2) refers to sysconfig.o(.text) for fputc
    printf2.o(i.__0printf$2) refers to stdout.o(.data) for __stdout
    printf2.o(i.__0snprintf$2) refers to printf2.o(i._printf_core) for _printf_core
    printf2.o(i.__0snprintf$2) refers to printf2.o(i._snputc) for _snputc
    printf2.o(i.__0sprintf$2) refers to printf2.o(i._printf_core) for _printf_core
    printf2.o(i.__0sprintf$2) refers to printf2.o(i._sputc) for _sputc
    printf2.o(i.__0vfprintf$2) refers to printf2.o(i._printf_core) for _printf_core
    printf2.o(i.__0vfprintf$2) refers to sysconfig.o(.text) for fputc
    printf2.o(i.__0vprintf$2) refers to printf2.o(i._printf_core) for _printf_core
    printf2.o(i.__0vprintf$2) refers to sysconfig.o(.text) for fputc
    printf2.o(i.__0vprintf$2) refers to stdout.o(.data) for __stdout
    printf2.o(i.__0vsnprintf$2) refers to printf2.o(i._printf_core) for _printf_core
    printf2.o(i.__0vsnprintf$2) refers to printf2.o(i._snputc) for _snputc
    printf2.o(i.__0vsprintf$2) refers to printf2.o(i._printf_core) for _printf_core
    printf2.o(i.__0vsprintf$2) refers to printf2.o(i._sputc) for _sputc
    printf3.o(i.__0fprintf$3) refers to printf3.o(i._printf_core) for _printf_core
    printf3.o(i.__0fprintf$3) refers to sysconfig.o(.text) for fputc
    printf3.o(i.__0printf$3) refers to printf3.o(i._printf_core) for _printf_core
    printf3.o(i.__0printf$3) refers to sysconfig.o(.text) for fputc
    printf3.o(i.__0printf$3) refers to stdout.o(.data) for __stdout
    printf3.o(i.__0snprintf$3) refers to printf3.o(i._printf_core) for _printf_core
    printf3.o(i.__0snprintf$3) refers to printf3.o(i._snputc) for _snputc
    printf3.o(i.__0sprintf$3) refers to printf3.o(i._printf_core) for _printf_core
    printf3.o(i.__0sprintf$3) refers to printf3.o(i._sputc) for _sputc
    printf3.o(i.__0vfprintf$3) refers to printf3.o(i._printf_core) for _printf_core
    printf3.o(i.__0vfprintf$3) refers to sysconfig.o(.text) for fputc
    printf3.o(i.__0vprintf$3) refers to printf3.o(i._printf_core) for _printf_core
    printf3.o(i.__0vprintf$3) refers to sysconfig.o(.text) for fputc
    printf3.o(i.__0vprintf$3) refers to stdout.o(.data) for __stdout
    printf3.o(i.__0vsnprintf$3) refers to printf3.o(i._printf_core) for _printf_core
    printf3.o(i.__0vsnprintf$3) refers to printf3.o(i._snputc) for _snputc
    printf3.o(i.__0vsprintf$3) refers to printf3.o(i._printf_core) for _printf_core
    printf3.o(i.__0vsprintf$3) refers to printf3.o(i._sputc) for _sputc
    printf3.o(i._printf_core) refers to uidiv.o(.text) for __aeabi_uidivmod
    printf4.o(i.__0fprintf$4) refers to printf4.o(i._printf_core) for _printf_core
    printf4.o(i.__0fprintf$4) refers to sysconfig.o(.text) for fputc
    printf4.o(i.__0printf$4) refers to printf4.o(i._printf_core) for _printf_core
    printf4.o(i.__0printf$4) refers to sysconfig.o(.text) for fputc
    printf4.o(i.__0printf$4) refers to stdout.o(.data) for __stdout
    printf4.o(i.__0snprintf$4) refers to printf4.o(i._printf_core) for _printf_core
    printf4.o(i.__0snprintf$4) refers to printf4.o(i._snputc) for _snputc
    printf4.o(i.__0sprintf$4) refers to printf4.o(i._printf_core) for _printf_core
    printf4.o(i.__0sprintf$4) refers to printf4.o(i._sputc) for _sputc
    printf4.o(i.__0vfprintf$4) refers to printf4.o(i._printf_core) for _printf_core
    printf4.o(i.__0vfprintf$4) refers to sysconfig.o(.text) for fputc
    printf4.o(i.__0vprintf$4) refers to printf4.o(i._printf_core) for _printf_core
    printf4.o(i.__0vprintf$4) refers to sysconfig.o(.text) for fputc
    printf4.o(i.__0vprintf$4) refers to stdout.o(.data) for __stdout
    printf4.o(i.__0vsnprintf$4) refers to printf4.o(i._printf_core) for _printf_core
    printf4.o(i.__0vsnprintf$4) refers to printf4.o(i._snputc) for _snputc
    printf4.o(i.__0vsprintf$4) refers to printf4.o(i._printf_core) for _printf_core
    printf4.o(i.__0vsprintf$4) refers to printf4.o(i._sputc) for _sputc
    printf4.o(i._printf_core) refers to uldiv.o(.text) for __aeabi_uldivmod
    printf5.o(i.__0fprintf$5) refers to printf5.o(i._printf_core) for _printf_core
    printf5.o(i.__0fprintf$5) refers to sysconfig.o(.text) for fputc
    printf5.o(i.__0printf$5) refers to printf5.o(i._printf_core) for _printf_core
    printf5.o(i.__0printf$5) refers to sysconfig.o(.text) for fputc
    printf5.o(i.__0printf$5) refers to stdout.o(.data) for __stdout
    printf5.o(i.__0snprintf$5) refers to printf5.o(i._printf_core) for _printf_core
    printf5.o(i.__0snprintf$5) refers to printf5.o(i._snputc) for _snputc
    printf5.o(i.__0sprintf$5) refers to printf5.o(i._printf_core) for _printf_core
    printf5.o(i.__0sprintf$5) refers to printf5.o(i._sputc) for _sputc
    printf5.o(i.__0vfprintf$5) refers to printf5.o(i._printf_core) for _printf_core
    printf5.o(i.__0vfprintf$5) refers to sysconfig.o(.text) for fputc
    printf5.o(i.__0vprintf$5) refers to printf5.o(i._printf_core) for _printf_core
    printf5.o(i.__0vprintf$5) refers to sysconfig.o(.text) for fputc
    printf5.o(i.__0vprintf$5) refers to stdout.o(.data) for __stdout
    printf5.o(i.__0vsnprintf$5) refers to printf5.o(i._printf_core) for _printf_core
    printf5.o(i.__0vsnprintf$5) refers to printf5.o(i._snputc) for _snputc
    printf5.o(i.__0vsprintf$5) refers to printf5.o(i._printf_core) for _printf_core
    printf5.o(i.__0vsprintf$5) refers to printf5.o(i._sputc) for _sputc
    printf5.o(i._printf_core) refers to uldiv.o(.text) for __aeabi_uldivmod
    printf6.o(i.__0fprintf$6) refers to printf6.o(i._printf_core) for _printf_core
    printf6.o(i.__0fprintf$6) refers to sysconfig.o(.text) for fputc
    printf6.o(i.__0printf$6) refers to printf6.o(i._printf_core) for _printf_core
    printf6.o(i.__0printf$6) refers to sysconfig.o(.text) for fputc
    printf6.o(i.__0printf$6) refers to stdout.o(.data) for __stdout
    printf6.o(i.__0snprintf$6) refers to printf6.o(i._printf_core) for _printf_core
    printf6.o(i.__0snprintf$6) refers to printf6.o(i._snputc) for _snputc
    printf6.o(i.__0sprintf$6) refers to printf6.o(i._printf_core) for _printf_core
    printf6.o(i.__0sprintf$6) refers to printf6.o(i._sputc) for _sputc
    printf6.o(i.__0vfprintf$6) refers to printf6.o(i._printf_core) for _printf_core
    printf6.o(i.__0vfprintf$6) refers to sysconfig.o(.text) for fputc
    printf6.o(i.__0vprintf$6) refers to printf6.o(i._printf_core) for _printf_core
    printf6.o(i.__0vprintf$6) refers to sysconfig.o(.text) for fputc
    printf6.o(i.__0vprintf$6) refers to stdout.o(.data) for __stdout
    printf6.o(i.__0vsnprintf$6) refers to printf6.o(i._printf_core) for _printf_core
    printf6.o(i.__0vsnprintf$6) refers to printf6.o(i._snputc) for _snputc
    printf6.o(i.__0vsprintf$6) refers to printf6.o(i._printf_core) for _printf_core
    printf6.o(i.__0vsprintf$6) refers to printf6.o(i._sputc) for _sputc
    printf6.o(i._printf_core) refers to printf6.o(i._printf_pre_padding) for _printf_pre_padding
    printf6.o(i._printf_core) refers to uidiv.o(.text) for __aeabi_uidivmod
    printf6.o(i._printf_core) refers to printf6.o(i._printf_post_padding) for _printf_post_padding
    printf7.o(i.__0fprintf$7) refers to printf7.o(i._printf_core) for _printf_core
    printf7.o(i.__0fprintf$7) refers to sysconfig.o(.text) for fputc
    printf7.o(i.__0printf$7) refers to printf7.o(i._printf_core) for _printf_core
    printf7.o(i.__0printf$7) refers to sysconfig.o(.text) for fputc
    printf7.o(i.__0printf$7) refers to stdout.o(.data) for __stdout
    printf7.o(i.__0snprintf$7) refers to printf7.o(i._printf_core) for _printf_core
    printf7.o(i.__0snprintf$7) refers to printf7.o(i._snputc) for _snputc
    printf7.o(i.__0sprintf$7) refers to printf7.o(i._printf_core) for _printf_core
    printf7.o(i.__0sprintf$7) refers to printf7.o(i._sputc) for _sputc
    printf7.o(i.__0vfprintf$7) refers to printf7.o(i._printf_core) for _printf_core
    printf7.o(i.__0vfprintf$7) refers to sysconfig.o(.text) for fputc
    printf7.o(i.__0vprintf$7) refers to printf7.o(i._printf_core) for _printf_core
    printf7.o(i.__0vprintf$7) refers to sysconfig.o(.text) for fputc
    printf7.o(i.__0vprintf$7) refers to stdout.o(.data) for __stdout
    printf7.o(i.__0vsnprintf$7) refers to printf7.o(i._printf_core) for _printf_core
    printf7.o(i.__0vsnprintf$7) refers to printf7.o(i._snputc) for _snputc
    printf7.o(i.__0vsprintf$7) refers to printf7.o(i._printf_core) for _printf_core
    printf7.o(i.__0vsprintf$7) refers to printf7.o(i._sputc) for _sputc
    printf7.o(i._printf_core) refers to printf7.o(i._printf_pre_padding) for _printf_pre_padding
    printf7.o(i._printf_core) refers to uldiv.o(.text) for __aeabi_uldivmod
    printf7.o(i._printf_core) refers to printf7.o(i._printf_post_padding) for _printf_post_padding
    printf8.o(i.__0fprintf$8) refers to printf8.o(i._printf_core) for _printf_core
    printf8.o(i.__0fprintf$8) refers to sysconfig.o(.text) for fputc
    printf8.o(i.__0printf$8) refers to printf8.o(i._printf_core) for _printf_core
    printf8.o(i.__0printf$8) refers to sysconfig.o(.text) for fputc
    printf8.o(i.__0printf$8) refers to stdout.o(.data) for __stdout
    printf8.o(i.__0snprintf$8) refers to printf8.o(i._printf_core) for _printf_core
    printf8.o(i.__0snprintf$8) refers to printf8.o(i._snputc) for _snputc
    printf8.o(i.__0sprintf$8) refers to printf8.o(i._printf_core) for _printf_core
    printf8.o(i.__0sprintf$8) refers to printf8.o(i._sputc) for _sputc
    printf8.o(i.__0vfprintf$8) refers to printf8.o(i._printf_core) for _printf_core
    printf8.o(i.__0vfprintf$8) refers to sysconfig.o(.text) for fputc
    printf8.o(i.__0vprintf$8) refers to printf8.o(i._printf_core) for _printf_core
    printf8.o(i.__0vprintf$8) refers to sysconfig.o(.text) for fputc
    printf8.o(i.__0vprintf$8) refers to stdout.o(.data) for __stdout
    printf8.o(i.__0vsnprintf$8) refers to printf8.o(i._printf_core) for _printf_core
    printf8.o(i.__0vsnprintf$8) refers to printf8.o(i._snputc) for _snputc
    printf8.o(i.__0vsprintf$8) refers to printf8.o(i._printf_core) for _printf_core
    printf8.o(i.__0vsprintf$8) refers to printf8.o(i._sputc) for _sputc
    printf8.o(i._printf_core) refers to printf8.o(i._printf_pre_padding) for _printf_pre_padding
    printf8.o(i._printf_core) refers to uldiv.o(.text) for __aeabi_uldivmod
    printf8.o(i._printf_core) refers to printf8.o(i._printf_post_padding) for _printf_post_padding
    printfa.o(i.__0fprintf) refers (Special) to iusefp.o(.text) for __I$use$fp
    printfa.o(i.__0fprintf) refers to printfa.o(i._printf_core) for _printf_core
    printfa.o(i.__0fprintf) refers to sysconfig.o(.text) for fputc
    printfa.o(i.__0printf) refers (Special) to iusefp.o(.text) for __I$use$fp
    printfa.o(i.__0printf) refers to printfa.o(i._printf_core) for _printf_core
    printfa.o(i.__0printf) refers to sysconfig.o(.text) for fputc
    printfa.o(i.__0printf) refers to stdout.o(.data) for __stdout
    printfa.o(i.__0snprintf) refers (Special) to iusefp.o(.text) for __I$use$fp
    printfa.o(i.__0snprintf) refers to printfa.o(i._printf_core) for _printf_core
    printfa.o(i.__0snprintf) refers to printfa.o(i._snputc) for _snputc
    printfa.o(i.__0sprintf) refers (Special) to iusefp.o(.text) for __I$use$fp
    printfa.o(i.__0sprintf) refers to printfa.o(i._printf_core) for _printf_core
    printfa.o(i.__0sprintf) refers to printfa.o(i._sputc) for _sputc
    printfa.o(i.__0vfprintf) refers (Special) to iusefp.o(.text) for __I$use$fp
    printfa.o(i.__0vfprintf) refers to printfa.o(i._printf_core) for _printf_core
    printfa.o(i.__0vfprintf) refers to sysconfig.o(.text) for fputc
    printfa.o(i.__0vprintf) refers (Special) to iusefp.o(.text) for __I$use$fp
    printfa.o(i.__0vprintf) refers to printfa.o(i._printf_core) for _printf_core
    printfa.o(i.__0vprintf) refers to sysconfig.o(.text) for fputc
    printfa.o(i.__0vprintf) refers to stdout.o(.data) for __stdout
    printfa.o(i.__0vsnprintf) refers (Special) to iusefp.o(.text) for __I$use$fp
    printfa.o(i.__0vsnprintf) refers to printfa.o(i._printf_core) for _printf_core
    printfa.o(i.__0vsnprintf) refers to printfa.o(i._snputc) for _snputc
    printfa.o(i.__0vsprintf) refers (Special) to iusefp.o(.text) for __I$use$fp
    printfa.o(i.__0vsprintf) refers to printfa.o(i._printf_core) for _printf_core
    printfa.o(i.__0vsprintf) refers to printfa.o(i._sputc) for _sputc
    printfa.o(i._fp_digits) refers (Special) to iusefp.o(.text) for __I$use$fp
    printfa.o(i._fp_digits) refers to dmul.o(.text) for __aeabi_dmul
    printfa.o(i._fp_digits) refers to ddiv.o(.text) for __aeabi_ddiv
    printfa.o(i._fp_digits) refers to cdrcmple.o(.text) for __aeabi_cdrcmple
    printfa.o(i._fp_digits) refers to dadd.o(.text) for __aeabi_dadd
    printfa.o(i._fp_digits) refers to dfixul.o(.text) for __aeabi_d2ulz
    printfa.o(i._fp_digits) refers to uldiv.o(.text) for __aeabi_uldivmod
    printfa.o(i._printf_core) refers (Special) to iusefp.o(.text) for __I$use$fp
    printfa.o(i._printf_core) refers to printfa.o(i._printf_pre_padding) for _printf_pre_padding
    printfa.o(i._printf_core) refers to uldiv.o(.text) for __aeabi_uldivmod
    printfa.o(i._printf_core) refers to printfa.o(i._printf_post_padding) for _printf_post_padding
    printfa.o(i._printf_core) refers to printfa.o(i._fp_digits) for _fp_digits
    printfa.o(i._printf_core) refers to uidiv.o(.text) for __aeabi_uidivmod
    printfa.o(i._printf_post_padding) refers (Special) to iusefp.o(.text) for __I$use$fp
    printfa.o(i._printf_pre_padding) refers (Special) to iusefp.o(.text) for __I$use$fp
    printfa.o(i._snputc) refers (Special) to iusefp.o(.text) for __I$use$fp
    printfa.o(i._sputc) refers (Special) to iusefp.o(.text) for __I$use$fp
    entry2.o(.ARM.Collect$$$$00000001) refers to entry2.o(.ARM.Collect$$$$00002712) for __lit__00000000
    entry2.o(.ARM.Collect$$$$00002712) refers to startup_stm32f427xx.o(STACK) for __initial_sp
    entry2.o(__vectab_stack_and_reset_area) refers to startup_stm32f427xx.o(STACK) for __initial_sp
    entry2.o(__vectab_stack_and_reset_area) refers to entry.o(.ARM.Collect$$$$00000000) for __main
    entry5.o(.ARM.Collect$$$$00000004) refers to init.o(.text) for __scatterload
    entry9a.o(.ARM.Collect$$$$0000000B) refers to main.o(.text) for main
    entry9b.o(.ARM.Collect$$$$0000000C) refers to main.o(.text) for main
    uldiv.o(.text) refers to llushr.o(.text) for __aeabi_llsr
    uldiv.o(.text) refers to llshl.o(.text) for __aeabi_llsl
    dadd.o(.text) refers to llshl.o(.text) for __aeabi_llsl
    dadd.o(.text) refers to llsshr.o(.text) for __aeabi_lasr
    dadd.o(.text) refers to depilogue.o(.text) for _double_epilogue
    dmul.o(.text) refers to depilogue.o(.text) for _double_epilogue
    ddiv.o(.text) refers to depilogue.o(.text) for _double_round
    dfixul.o(.text) refers to llushr.o(.text) for __aeabi_llsr
    dfixul.o(.text) refers to llshl.o(.text) for __aeabi_llsl
    init.o(.text) refers to entry5.o(.ARM.Collect$$$$00000004) for __main_after_scatterload
    depilogue.o(.text) refers to llshl.o(.text) for __aeabi_llsl
    depilogue.o(.text) refers to llushr.o(.text) for __aeabi_llsr


==============================================================================

Removing Unused input sections from the image.

    Removing main.o(.rev16_text), (4 bytes).
    Removing main.o(.revsh_text), (4 bytes).
    Removing delay.o(.rev16_text), (4 bytes).
    Removing delay.o(.revsh_text), (4 bytes).
    Removing sysconfig.o(.rev16_text), (4 bytes).
    Removing sysconfig.o(.revsh_text), (4 bytes).
    Removing stm32f4xx_it.o(.rev16_text), (4 bytes).
    Removing stm32f4xx_it.o(.revsh_text), (4 bytes).
    Removing system_stm32f4xx.o(.rev16_text), (4 bytes).
    Removing system_stm32f4xx.o(.revsh_text), (4 bytes).
    Removing startup_stm32f427xx.o(HEAP), (512 bytes).
    Removing misc.o(.rev16_text), (4 bytes).
    Removing misc.o(.revsh_text), (4 bytes).
    Removing stm32f4xx_can.o(.rev16_text), (4 bytes).
    Removing stm32f4xx_can.o(.revsh_text), (4 bytes).
    Removing stm32f4xx_can.o(.text), (1800 bytes).
    Removing stm32f4xx_rcc.o(.rev16_text), (4 bytes).
    Removing stm32f4xx_rcc.o(.revsh_text), (4 bytes).
    Removing stm32f4xx_tim.o(.rev16_text), (4 bytes).
    Removing stm32f4xx_tim.o(.revsh_text), (4 bytes).
    Removing stm32f4xx_tim.o(.text), (2524 bytes).
    Removing stm32f4xx_dma.o(.rev16_text), (4 bytes).
    Removing stm32f4xx_dma.o(.revsh_text), (4 bytes).
    Removing stm32f4xx_exti.o(.rev16_text), (4 bytes).
    Removing stm32f4xx_exti.o(.revsh_text), (4 bytes).
    Removing stm32f4xx_exti.o(.text), (224 bytes).
    Removing stm32f4xx_gpio.o(.rev16_text), (4 bytes).
    Removing stm32f4xx_gpio.o(.revsh_text), (4 bytes).
    Removing stm32f4xx_usart.o(.rev16_text), (4 bytes).
    Removing stm32f4xx_usart.o(.revsh_text), (4 bytes).
    Removing bsp_gpio.o(.rev16_text), (4 bytes).
    Removing bsp_gpio.o(.revsh_text), (4 bytes).
    Removing bsp_usart.o(.rev16_text), (4 bytes).
    Removing bsp_usart.o(.revsh_text), (4 bytes).
    Removing bsp_dma.o(.rev16_text), (4 bytes).
    Removing bsp_dma.o(.revsh_text), (4 bytes).
    Removing bsp_nvic.o(.rev16_text), (4 bytes).
    Removing bsp_nvic.o(.revsh_text), (4 bytes).
    Removing dadd.o(.text), (334 bytes).
    Removing dmul.o(.text), (228 bytes).
    Removing ddiv.o(.text), (222 bytes).
    Removing dfixul.o(.text), (48 bytes).
    Removing cdrcmple.o(.text), (48 bytes).
    Removing depilogue.o(.text), (186 bytes).

44 unused section(s) (total 6262 bytes) removed from the image.

==============================================================================

Image Symbol Table

    Local Symbols

    Symbol Name                              Value     Ov Type        Size  Object(Section)

    ../clib/microlib/division.c              0x00000000   Number         0  uldiv.o ABSOLUTE
    ../clib/microlib/division.c              0x00000000   Number         0  uidiv.o ABSOLUTE
    ../clib/microlib/init/entry.s            0x00000000   Number         0  entry9a.o ABSOLUTE
    ../clib/microlib/init/entry.s            0x00000000   Number         0  entry8b.o ABSOLUTE
    ../clib/microlib/init/entry.s            0x00000000   Number         0  entry8a.o ABSOLUTE
    ../clib/microlib/init/entry.s            0x00000000   Number         0  entry7b.o ABSOLUTE
    ../clib/microlib/init/entry.s            0x00000000   Number         0  entry7a.o ABSOLUTE
    ../clib/microlib/init/entry.s            0x00000000   Number         0  entry5.o ABSOLUTE
    ../clib/microlib/init/entry.s            0x00000000   Number         0  entry2.o ABSOLUTE
    ../clib/microlib/init/entry.s            0x00000000   Number         0  entry11b.o ABSOLUTE
    ../clib/microlib/init/entry.s            0x00000000   Number         0  entry11a.o ABSOLUTE
    ../clib/microlib/init/entry.s            0x00000000   Number         0  entry10b.o ABSOLUTE
    ../clib/microlib/init/entry.s            0x00000000   Number         0  entry10a.o ABSOLUTE
    ../clib/microlib/init/entry.s            0x00000000   Number         0  entry9b.o ABSOLUTE
    ../clib/microlib/init/entry.s            0x00000000   Number         0  entry.o ABSOLUTE
    ../clib/microlib/longlong.c              0x00000000   Number         0  llshl.o ABSOLUTE
    ../clib/microlib/longlong.c              0x00000000   Number         0  llsshr.o ABSOLUTE
    ../clib/microlib/longlong.c              0x00000000   Number         0  llushr.o ABSOLUTE
    ../clib/microlib/printf/printf.c         0x00000000   Number         0  printf5.o ABSOLUTE
    ../clib/microlib/printf/printf.c         0x00000000   Number         0  printfa.o ABSOLUTE
    ../clib/microlib/printf/printf.c         0x00000000   Number         0  printf8.o ABSOLUTE
    ../clib/microlib/printf/printf.c         0x00000000   Number         0  printf7.o ABSOLUTE
    ../clib/microlib/printf/printf.c         0x00000000   Number         0  printf6.o ABSOLUTE
    ../clib/microlib/printf/printf.c         0x00000000   Number         0  printf4.o ABSOLUTE
    ../clib/microlib/printf/printf.c         0x00000000   Number         0  printf3.o ABSOLUTE
    ../clib/microlib/printf/printf.c         0x00000000   Number         0  printf2.o ABSOLUTE
    ../clib/microlib/printf/printf.c         0x00000000   Number         0  printf1.o ABSOLUTE
    ../clib/microlib/printf/printf.c         0x00000000   Number         0  printfb.o ABSOLUTE
    ../clib/microlib/printf/printf.c         0x00000000   Number         0  printf0.o ABSOLUTE
    ../clib/microlib/stdio/streams.c         0x00000000   Number         0  stdout.o ABSOLUTE
    ../clib/microlib/stubs.s                 0x00000000   Number         0  iusefp.o ABSOLUTE
    ../fplib/microlib/fpadd.c                0x00000000   Number         0  dadd.o ABSOLUTE
    ../fplib/microlib/fpdiv.c                0x00000000   Number         0  ddiv.o ABSOLUTE
    ../fplib/microlib/fpepilogue.c           0x00000000   Number         0  depilogue.o ABSOLUTE
    ../fplib/microlib/fpfix.c                0x00000000   Number         0  dfixul.o ABSOLUTE
    ../fplib/microlib/fpmul.c                0x00000000   Number         0  dmul.o ABSOLUTE
    ..\BSP\bsp_dma.c                         0x00000000   Number         0  bsp_dma.o ABSOLUTE
    ..\BSP\bsp_gpio.c                        0x00000000   Number         0  bsp_gpio.o ABSOLUTE
    ..\BSP\bsp_nvic.c                        0x00000000   Number         0  bsp_nvic.o ABSOLUTE
    ..\BSP\bsp_usart.c                       0x00000000   Number         0  bsp_usart.o ABSOLUTE
    ..\CORE\startup_stm32f427xx.s            0x00000000   Number         0  startup_stm32f427xx.o ABSOLUTE
    ..\CORE\system_stm32f4xx.c               0x00000000   Number         0  system_stm32f4xx.o ABSOLUTE
    ..\FWLIB\src\misc.c                      0x00000000   Number         0  misc.o ABSOLUTE
    ..\FWLIB\src\stm32f4xx_can.c             0x00000000   Number         0  stm32f4xx_can.o ABSOLUTE
    ..\FWLIB\src\stm32f4xx_dma.c             0x00000000   Number         0  stm32f4xx_dma.o ABSOLUTE
    ..\FWLIB\src\stm32f4xx_exti.c            0x00000000   Number         0  stm32f4xx_exti.o ABSOLUTE
    ..\FWLIB\src\stm32f4xx_gpio.c            0x00000000   Number         0  stm32f4xx_gpio.o ABSOLUTE
    ..\FWLIB\src\stm32f4xx_rcc.c             0x00000000   Number         0  stm32f4xx_rcc.o ABSOLUTE
    ..\FWLIB\src\stm32f4xx_tim.c             0x00000000   Number         0  stm32f4xx_tim.o ABSOLUTE
    ..\FWLIB\src\stm32f4xx_usart.c           0x00000000   Number         0  stm32f4xx_usart.o ABSOLUTE
    ..\USER\delay.c                          0x00000000   Number         0  delay.o ABSOLUTE
    ..\USER\main.c                           0x00000000   Number         0  main.o ABSOLUTE
    ..\USER\stm32f4xx_it.c                   0x00000000   Number         0  stm32f4xx_it.o ABSOLUTE
    ..\USER\sysconfig.c                      0x00000000   Number         0  sysconfig.o ABSOLUTE
    ..\\BSP\\bsp_dma.c                       0x00000000   Number         0  bsp_dma.o ABSOLUTE
    ..\\BSP\\bsp_gpio.c                      0x00000000   Number         0  bsp_gpio.o ABSOLUTE
    ..\\BSP\\bsp_nvic.c                      0x00000000   Number         0  bsp_nvic.o ABSOLUTE
    ..\\BSP\\bsp_usart.c                     0x00000000   Number         0  bsp_usart.o ABSOLUTE
    ..\\CORE\\system_stm32f4xx.c             0x00000000   Number         0  system_stm32f4xx.o ABSOLUTE
    ..\\FWLIB\\src\\misc.c                   0x00000000   Number         0  misc.o ABSOLUTE
    ..\\FWLIB\\src\\stm32f4xx_can.c          0x00000000   Number         0  stm32f4xx_can.o ABSOLUTE
    ..\\FWLIB\\src\\stm32f4xx_dma.c          0x00000000   Number         0  stm32f4xx_dma.o ABSOLUTE
    ..\\FWLIB\\src\\stm32f4xx_exti.c         0x00000000   Number         0  stm32f4xx_exti.o ABSOLUTE
    ..\\FWLIB\\src\\stm32f4xx_gpio.c         0x00000000   Number         0  stm32f4xx_gpio.o ABSOLUTE
    ..\\FWLIB\\src\\stm32f4xx_rcc.c          0x00000000   Number         0  stm32f4xx_rcc.o ABSOLUTE
    ..\\FWLIB\\src\\stm32f4xx_tim.c          0x00000000   Number         0  stm32f4xx_tim.o ABSOLUTE
    ..\\FWLIB\\src\\stm32f4xx_usart.c        0x00000000   Number         0  stm32f4xx_usart.o ABSOLUTE
    ..\\USER\\delay.c                        0x00000000   Number         0  delay.o ABSOLUTE
    ..\\USER\\main.c                         0x00000000   Number         0  main.o ABSOLUTE
    ..\\USER\\stm32f4xx_it.c                 0x00000000   Number         0  stm32f4xx_it.o ABSOLUTE
    ..\\USER\\sysconfig.c                    0x00000000   Number         0  sysconfig.o ABSOLUTE
    cdrcmple.s                               0x00000000   Number         0  cdrcmple.o ABSOLUTE
    dc.s                                     0x00000000   Number         0  dc.o ABSOLUTE
    handlers.s                               0x00000000   Number         0  handlers.o ABSOLUTE
    init.s                                   0x00000000   Number         0  init.o ABSOLUTE
    RESET                                    0x08000000   Section      428  startup_stm32f427xx.o(RESET)
    .ARM.Collect$$$$00000000                 0x080001ac   Section        0  entry.o(.ARM.Collect$$$$00000000)
    .ARM.Collect$$$$00000001                 0x080001ac   Section        4  entry2.o(.ARM.Collect$$$$00000001)
    .ARM.Collect$$$$00000004                 0x080001b0   Section        4  entry5.o(.ARM.Collect$$$$00000004)
    .ARM.Collect$$$$00000008                 0x080001b4   Section        0  entry7b.o(.ARM.Collect$$$$00000008)
    .ARM.Collect$$$$0000000A                 0x080001b4   Section        0  entry8b.o(.ARM.Collect$$$$0000000A)
    .ARM.Collect$$$$0000000B                 0x080001b4   Section        8  entry9a.o(.ARM.Collect$$$$0000000B)
    .ARM.Collect$$$$0000000D                 0x080001bc   Section        0  entry10a.o(.ARM.Collect$$$$0000000D)
    .ARM.Collect$$$$0000000F                 0x080001bc   Section        0  entry11a.o(.ARM.Collect$$$$0000000F)
    .ARM.Collect$$$$00002712                 0x080001bc   Section        4  entry2.o(.ARM.Collect$$$$00002712)
    __lit__00000000                          0x080001bc   Data           4  entry2.o(.ARM.Collect$$$$00002712)
    .text                                    0x080001c0   Section        0  main.o(.text)
    .text                                    0x080001f8   Section        0  delay.o(.text)
    .text                                    0x080002b0   Section        0  sysconfig.o(.text)
    .text                                    0x080002f0   Section        0  stm32f4xx_it.o(.text)
    .text                                    0x08000334   Section        0  system_stm32f4xx.o(.text)
    SetSysClock                              0x08000335   Thumb Code   190  system_stm32f4xx.o(.text)
    .text                                    0x080004d0   Section       36  startup_stm32f427xx.o(.text)
    $v0                                      0x080004d0   Number         0  startup_stm32f427xx.o(.text)
    .text                                    0x080004f4   Section        0  misc.o(.text)
    .text                                    0x080005a4   Section        0  stm32f4xx_rcc.o(.text)
    .text                                    0x08000a2c   Section        0  stm32f4xx_dma.o(.text)
    .text                                    0x08000d4c   Section        0  stm32f4xx_gpio.o(.text)
    .text                                    0x08000f58   Section        0  stm32f4xx_usart.o(.text)
    .text                                    0x080012b0   Section        0  bsp_gpio.o(.text)
    .text                                    0x08001424   Section        0  bsp_usart.o(.text)
    .text                                    0x080014cc   Section        0  bsp_dma.o(.text)
    .text                                    0x080015ec   Section        0  bsp_nvic.o(.text)
    .text                                    0x0800167c   Section       36  init.o(.text)
    i.__0printf$bare                         0x080016a0   Section        0  printfb.o(i.__0printf$bare)
    i.__scatterload_copy                     0x080016b0   Section       14  handlers.o(i.__scatterload_copy)
    i.__scatterload_null                     0x080016be   Section        2  handlers.o(i.__scatterload_null)
    i.__scatterload_zeroinit                 0x080016c0   Section       14  handlers.o(i.__scatterload_zeroinit)
    i._printf_core                           0x080016ce   Section        0  printfb.o(i._printf_core)
    _printf_core                             0x080016cf   Thumb Code    34  printfb.o(i._printf_core)
    .data                                    0x20000000   Section        4  delay.o(.data)
    fac_us                                   0x20000000   Data           1  delay.o(.data)
    fac_ms                                   0x20000002   Data           2  delay.o(.data)
    .data                                    0x20000004   Section       20  system_stm32f4xx.o(.data)
    .data                                    0x20000018   Section       16  stm32f4xx_rcc.o(.data)
    APBAHBPrescTable                         0x20000018   Data          16  stm32f4xx_rcc.o(.data)
    .data                                    0x20000028   Section        4  stdout.o(.data)
    .bss                                     0x2000002c   Section      528  bsp_dma.o(.bss)
    STACK                                    0x20000240   Section     1024  startup_stm32f427xx.o(STACK)

    Global Symbols

    Symbol Name                              Value     Ov Type        Size  Object(Section)

    BuildAttributes$$THM_ISAv4$E$P$D$K$B$S$7EM$VFPi3$EXTD16$VFPS$VFMA$PE$A:L22UL41UL21$X:L11$S22US41US21$IEEE1$IW$USESV6$~STKCKD$USESV7$~SHL$OSPACE$ROPI$EBA8$MICROLIB$REQ8$PRES8$EABIv2 0x00000000   Number         0  anon$$obj.o ABSOLUTE
    __ARM_use_no_argv                        0x00000000   Number         0  main.o ABSOLUTE
    __cpp_initialize__aeabi_                  - Undefined Weak Reference
    __cxa_finalize                            - Undefined Weak Reference
    __decompress                              - Undefined Weak Reference
    _clock_init                               - Undefined Weak Reference
    _microlib_exit                            - Undefined Weak Reference
    __Vectors_Size                           0x000001ac   Number         0  startup_stm32f427xx.o ABSOLUTE
    __Vectors                                0x08000000   Data           4  startup_stm32f427xx.o(RESET)
    __Vectors_End                            0x080001ac   Data           0  startup_stm32f427xx.o(RESET)
    __main                                   0x080001ad   Thumb Code     0  entry.o(.ARM.Collect$$$$00000000)
    _main_stk                                0x080001ad   Thumb Code     0  entry2.o(.ARM.Collect$$$$00000001)
    _main_scatterload                        0x080001b1   Thumb Code     0  entry5.o(.ARM.Collect$$$$00000004)
    __main_after_scatterload                 0x080001b5   Thumb Code     0  entry5.o(.ARM.Collect$$$$00000004)
    _main_clock                              0x080001b5   Thumb Code     0  entry7b.o(.ARM.Collect$$$$00000008)
    _main_cpp_init                           0x080001b5   Thumb Code     0  entry8b.o(.ARM.Collect$$$$0000000A)
    _main_init                               0x080001b5   Thumb Code     0  entry9a.o(.ARM.Collect$$$$0000000B)
    __rt_final_cpp                           0x080001bd   Thumb Code     0  entry10a.o(.ARM.Collect$$$$0000000D)
    __rt_final_exit                          0x080001bd   Thumb Code     0  entry11a.o(.ARM.Collect$$$$0000000F)
    main                                     0x080001c1   Thumb Code    42  main.o(.text)
    delay_init                               0x080001f9   Thumb Code    38  delay.o(.text)
    delay_us                                 0x0800021f   Thumb Code    46  delay.o(.text)
    delay_xms                                0x0800024d   Thumb Code    46  delay.o(.text)
    delay_ms                                 0x0800027b   Thumb Code    50  delay.o(.text)
    SYS_Config_Init                          0x080002b1   Thumb Code    28  sysconfig.o(.text)
    fputc                                    0x080002cd   Thumb Code    30  sysconfig.o(.text)
    NMI_Handler                              0x080002f1   Thumb Code     2  stm32f4xx_it.o(.text)
    HardFault_Handler                        0x080002f3   Thumb Code     2  stm32f4xx_it.o(.text)
    MemManage_Handler                        0x080002f5   Thumb Code     2  stm32f4xx_it.o(.text)
    BusFault_Handler                         0x080002f7   Thumb Code     2  stm32f4xx_it.o(.text)
    UsageFault_Handler                       0x080002f9   Thumb Code     2  stm32f4xx_it.o(.text)
    SVC_Handler                              0x080002fb   Thumb Code     2  stm32f4xx_it.o(.text)
    DebugMon_Handler                         0x080002fd   Thumb Code     2  stm32f4xx_it.o(.text)
    PendSV_Handler                           0x080002ff   Thumb Code     2  stm32f4xx_it.o(.text)
    SysTick_Handler                          0x08000301   Thumb Code     2  stm32f4xx_it.o(.text)
    DMA2_Stream7_IRQHandler                  0x08000303   Thumb Code    40  stm32f4xx_it.o(.text)
    SystemInit                               0x080003f3   Thumb Code    74  system_stm32f4xx.o(.text)
    SystemCoreClockUpdate                    0x0800043d   Thumb Code   108  system_stm32f4xx.o(.text)
    Reset_Handler                            0x080004d1   Thumb Code     8  startup_stm32f427xx.o(.text)
    ADC_IRQHandler                           0x080004eb   Thumb Code     0  startup_stm32f427xx.o(.text)
    CAN1_RX0_IRQHandler                      0x080004eb   Thumb Code     0  startup_stm32f427xx.o(.text)
    CAN1_RX1_IRQHandler                      0x080004eb   Thumb Code     0  startup_stm32f427xx.o(.text)
    CAN1_SCE_IRQHandler                      0x080004eb   Thumb Code     0  startup_stm32f427xx.o(.text)
    CAN1_TX_IRQHandler                       0x080004eb   Thumb Code     0  startup_stm32f427xx.o(.text)
    CAN2_RX0_IRQHandler                      0x080004eb   Thumb Code     0  startup_stm32f427xx.o(.text)
    CAN2_RX1_IRQHandler                      0x080004eb   Thumb Code     0  startup_stm32f427xx.o(.text)
    CAN2_SCE_IRQHandler                      0x080004eb   Thumb Code     0  startup_stm32f427xx.o(.text)
    CAN2_TX_IRQHandler                       0x080004eb   Thumb Code     0  startup_stm32f427xx.o(.text)
    DCMI_IRQHandler                          0x080004eb   Thumb Code     0  startup_stm32f427xx.o(.text)
    DMA1_Stream0_IRQHandler                  0x080004eb   Thumb Code     0  startup_stm32f427xx.o(.text)
    DMA1_Stream1_IRQHandler                  0x080004eb   Thumb Code     0  startup_stm32f427xx.o(.text)
    DMA1_Stream2_IRQHandler                  0x080004eb   Thumb Code     0  startup_stm32f427xx.o(.text)
    DMA1_Stream3_IRQHandler                  0x080004eb   Thumb Code     0  startup_stm32f427xx.o(.text)
    DMA1_Stream4_IRQHandler                  0x080004eb   Thumb Code     0  startup_stm32f427xx.o(.text)
    DMA1_Stream5_IRQHandler                  0x080004eb   Thumb Code     0  startup_stm32f427xx.o(.text)
    DMA1_Stream6_IRQHandler                  0x080004eb   Thumb Code     0  startup_stm32f427xx.o(.text)
    DMA1_Stream7_IRQHandler                  0x080004eb   Thumb Code     0  startup_stm32f427xx.o(.text)
    DMA2D_IRQHandler                         0x080004eb   Thumb Code     0  startup_stm32f427xx.o(.text)
    DMA2_Stream0_IRQHandler                  0x080004eb   Thumb Code     0  startup_stm32f427xx.o(.text)
    DMA2_Stream1_IRQHandler                  0x080004eb   Thumb Code     0  startup_stm32f427xx.o(.text)
    DMA2_Stream2_IRQHandler                  0x080004eb   Thumb Code     0  startup_stm32f427xx.o(.text)
    DMA2_Stream3_IRQHandler                  0x080004eb   Thumb Code     0  startup_stm32f427xx.o(.text)
    DMA2_Stream4_IRQHandler                  0x080004eb   Thumb Code     0  startup_stm32f427xx.o(.text)
    DMA2_Stream5_IRQHandler                  0x080004eb   Thumb Code     0  startup_stm32f427xx.o(.text)
    DMA2_Stream6_IRQHandler                  0x080004eb   Thumb Code     0  startup_stm32f427xx.o(.text)
    ETH_IRQHandler                           0x080004eb   Thumb Code     0  startup_stm32f427xx.o(.text)
    ETH_WKUP_IRQHandler                      0x080004eb   Thumb Code     0  startup_stm32f427xx.o(.text)
    EXTI0_IRQHandler                         0x080004eb   Thumb Code     0  startup_stm32f427xx.o(.text)
    EXTI15_10_IRQHandler                     0x080004eb   Thumb Code     0  startup_stm32f427xx.o(.text)
    EXTI1_IRQHandler                         0x080004eb   Thumb Code     0  startup_stm32f427xx.o(.text)
    EXTI2_IRQHandler                         0x080004eb   Thumb Code     0  startup_stm32f427xx.o(.text)
    EXTI3_IRQHandler                         0x080004eb   Thumb Code     0  startup_stm32f427xx.o(.text)
    EXTI4_IRQHandler                         0x080004eb   Thumb Code     0  startup_stm32f427xx.o(.text)
    EXTI9_5_IRQHandler                       0x080004eb   Thumb Code     0  startup_stm32f427xx.o(.text)
    FLASH_IRQHandler                         0x080004eb   Thumb Code     0  startup_stm32f427xx.o(.text)
    FMC_IRQHandler                           0x080004eb   Thumb Code     0  startup_stm32f427xx.o(.text)
    FPU_IRQHandler                           0x080004eb   Thumb Code     0  startup_stm32f427xx.o(.text)
    HASH_RNG_IRQHandler                      0x080004eb   Thumb Code     0  startup_stm32f427xx.o(.text)
    I2C1_ER_IRQHandler                       0x080004eb   Thumb Code     0  startup_stm32f427xx.o(.text)
    I2C1_EV_IRQHandler                       0x080004eb   Thumb Code     0  startup_stm32f427xx.o(.text)
    I2C2_ER_IRQHandler                       0x080004eb   Thumb Code     0  startup_stm32f427xx.o(.text)
    I2C2_EV_IRQHandler                       0x080004eb   Thumb Code     0  startup_stm32f427xx.o(.text)
    I2C3_ER_IRQHandler                       0x080004eb   Thumb Code     0  startup_stm32f427xx.o(.text)
    I2C3_EV_IRQHandler                       0x080004eb   Thumb Code     0  startup_stm32f427xx.o(.text)
    OTG_FS_IRQHandler                        0x080004eb   Thumb Code     0  startup_stm32f427xx.o(.text)
    OTG_FS_WKUP_IRQHandler                   0x080004eb   Thumb Code     0  startup_stm32f427xx.o(.text)
    OTG_HS_EP1_IN_IRQHandler                 0x080004eb   Thumb Code     0  startup_stm32f427xx.o(.text)
    OTG_HS_EP1_OUT_IRQHandler                0x080004eb   Thumb Code     0  startup_stm32f427xx.o(.text)
    OTG_HS_IRQHandler                        0x080004eb   Thumb Code     0  startup_stm32f427xx.o(.text)
    OTG_HS_WKUP_IRQHandler                   0x080004eb   Thumb Code     0  startup_stm32f427xx.o(.text)
    PVD_IRQHandler                           0x080004eb   Thumb Code     0  startup_stm32f427xx.o(.text)
    RCC_IRQHandler                           0x080004eb   Thumb Code     0  startup_stm32f427xx.o(.text)
    RTC_Alarm_IRQHandler                     0x080004eb   Thumb Code     0  startup_stm32f427xx.o(.text)
    RTC_WKUP_IRQHandler                      0x080004eb   Thumb Code     0  startup_stm32f427xx.o(.text)
    SAI1_IRQHandler                          0x080004eb   Thumb Code     0  startup_stm32f427xx.o(.text)
    SDIO_IRQHandler                          0x080004eb   Thumb Code     0  startup_stm32f427xx.o(.text)
    SPI1_IRQHandler                          0x080004eb   Thumb Code     0  startup_stm32f427xx.o(.text)
    SPI2_IRQHandler                          0x080004eb   Thumb Code     0  startup_stm32f427xx.o(.text)
    SPI3_IRQHandler                          0x080004eb   Thumb Code     0  startup_stm32f427xx.o(.text)
    SPI4_IRQHandler                          0x080004eb   Thumb Code     0  startup_stm32f427xx.o(.text)
    SPI5_IRQHandler                          0x080004eb   Thumb Code     0  startup_stm32f427xx.o(.text)
    SPI6_IRQHandler                          0x080004eb   Thumb Code     0  startup_stm32f427xx.o(.text)
    TAMP_STAMP_IRQHandler                    0x080004eb   Thumb Code     0  startup_stm32f427xx.o(.text)
    TIM1_BRK_TIM9_IRQHandler                 0x080004eb   Thumb Code     0  startup_stm32f427xx.o(.text)
    TIM1_CC_IRQHandler                       0x080004eb   Thumb Code     0  startup_stm32f427xx.o(.text)
    TIM1_TRG_COM_TIM11_IRQHandler            0x080004eb   Thumb Code     0  startup_stm32f427xx.o(.text)
    TIM1_UP_TIM10_IRQHandler                 0x080004eb   Thumb Code     0  startup_stm32f427xx.o(.text)
    TIM2_IRQHandler                          0x080004eb   Thumb Code     0  startup_stm32f427xx.o(.text)
    TIM3_IRQHandler                          0x080004eb   Thumb Code     0  startup_stm32f427xx.o(.text)
    TIM4_IRQHandler                          0x080004eb   Thumb Code     0  startup_stm32f427xx.o(.text)
    TIM5_IRQHandler                          0x080004eb   Thumb Code     0  startup_stm32f427xx.o(.text)
    TIM6_DAC_IRQHandler                      0x080004eb   Thumb Code     0  startup_stm32f427xx.o(.text)
    TIM7_IRQHandler                          0x080004eb   Thumb Code     0  startup_stm32f427xx.o(.text)
    TIM8_BRK_TIM12_IRQHandler                0x080004eb   Thumb Code     0  startup_stm32f427xx.o(.text)
    TIM8_CC_IRQHandler                       0x080004eb   Thumb Code     0  startup_stm32f427xx.o(.text)
    TIM8_TRG_COM_TIM14_IRQHandler            0x080004eb   Thumb Code     0  startup_stm32f427xx.o(.text)
    TIM8_UP_TIM13_IRQHandler                 0x080004eb   Thumb Code     0  startup_stm32f427xx.o(.text)
    UART4_IRQHandler                         0x080004eb   Thumb Code     0  startup_stm32f427xx.o(.text)
    UART5_IRQHandler                         0x080004eb   Thumb Code     0  startup_stm32f427xx.o(.text)
    UART7_IRQHandler                         0x080004eb   Thumb Code     0  startup_stm32f427xx.o(.text)
    UART8_IRQHandler                         0x080004eb   Thumb Code     0  startup_stm32f427xx.o(.text)
    USART1_IRQHandler                        0x080004eb   Thumb Code     0  startup_stm32f427xx.o(.text)
    USART2_IRQHandler                        0x080004eb   Thumb Code     0  startup_stm32f427xx.o(.text)
    USART3_IRQHandler                        0x080004eb   Thumb Code     0  startup_stm32f427xx.o(.text)
    USART6_IRQHandler                        0x080004eb   Thumb Code     0  startup_stm32f427xx.o(.text)
    WWDG_IRQHandler                          0x080004eb   Thumb Code     0  startup_stm32f427xx.o(.text)
    NVIC_PriorityGroupConfig                 0x080004f5   Thumb Code    10  misc.o(.text)
    NVIC_Init                                0x080004ff   Thumb Code    96  misc.o(.text)
    NVIC_SetVectorTable                      0x0800055f   Thumb Code    14  misc.o(.text)
    NVIC_SystemLPConfig                      0x0800056d   Thumb Code    20  misc.o(.text)
    SysTick_CLKSourceConfig                  0x08000581   Thumb Code    24  misc.o(.text)
    RCC_DeInit                               0x080005a5   Thumb Code    68  stm32f4xx_rcc.o(.text)
    RCC_HSEConfig                            0x080005e9   Thumb Code    12  stm32f4xx_rcc.o(.text)
    RCC_GetFlagStatus                        0x080005f5   Thumb Code    46  stm32f4xx_rcc.o(.text)
    RCC_WaitForHSEStartUp                    0x08000623   Thumb Code    44  stm32f4xx_rcc.o(.text)
    RCC_AdjustHSICalibrationValue            0x0800064f   Thumb Code    16  stm32f4xx_rcc.o(.text)
    RCC_HSICmd                               0x0800065f   Thumb Code     6  stm32f4xx_rcc.o(.text)
    RCC_LSEConfig                            0x08000665   Thumb Code    24  stm32f4xx_rcc.o(.text)
    RCC_LSICmd                               0x0800067d   Thumb Code     6  stm32f4xx_rcc.o(.text)
    RCC_PLLConfig                            0x08000683   Thumb Code    32  stm32f4xx_rcc.o(.text)
    RCC_PLLCmd                               0x080006a3   Thumb Code     6  stm32f4xx_rcc.o(.text)
    RCC_PLLI2SConfig                         0x080006a9   Thumb Code    18  stm32f4xx_rcc.o(.text)
    RCC_PLLI2SCmd                            0x080006bb   Thumb Code     6  stm32f4xx_rcc.o(.text)
    RCC_PLLSAIConfig                         0x080006c1   Thumb Code    18  stm32f4xx_rcc.o(.text)
    RCC_PLLSAICmd                            0x080006d3   Thumb Code     6  stm32f4xx_rcc.o(.text)
    RCC_ClockSecuritySystemCmd               0x080006d9   Thumb Code     6  stm32f4xx_rcc.o(.text)
    RCC_MCO1Config                           0x080006df   Thumb Code    18  stm32f4xx_rcc.o(.text)
    RCC_MCO2Config                           0x080006f1   Thumb Code    18  stm32f4xx_rcc.o(.text)
    RCC_SYSCLKConfig                         0x08000703   Thumb Code    16  stm32f4xx_rcc.o(.text)
    RCC_GetSYSCLKSource                      0x08000713   Thumb Code    12  stm32f4xx_rcc.o(.text)
    RCC_HCLKConfig                           0x0800071f   Thumb Code    16  stm32f4xx_rcc.o(.text)
    RCC_PCLK1Config                          0x0800072f   Thumb Code    16  stm32f4xx_rcc.o(.text)
    RCC_PCLK2Config                          0x0800073f   Thumb Code    18  stm32f4xx_rcc.o(.text)
    RCC_GetClocksFreq                        0x08000751   Thumb Code   134  stm32f4xx_rcc.o(.text)
    RCC_RTCCLKConfig                         0x080007d7   Thumb Code    42  stm32f4xx_rcc.o(.text)
    RCC_RTCCLKCmd                            0x08000801   Thumb Code     8  stm32f4xx_rcc.o(.text)
    RCC_BackupResetCmd                       0x08000809   Thumb Code     8  stm32f4xx_rcc.o(.text)
    RCC_I2SCLKConfig                         0x08000811   Thumb Code     8  stm32f4xx_rcc.o(.text)
    RCC_SAIPLLI2SClkDivConfig                0x08000819   Thumb Code    18  stm32f4xx_rcc.o(.text)
    RCC_SAIPLLSAIClkDivConfig                0x0800082b   Thumb Code    24  stm32f4xx_rcc.o(.text)
    RCC_SAIBlockACLKConfig                   0x08000843   Thumb Code    16  stm32f4xx_rcc.o(.text)
    RCC_SAIBlockBCLKConfig                   0x08000853   Thumb Code    16  stm32f4xx_rcc.o(.text)
    RCC_LTDCCLKDivConfig                     0x08000863   Thumb Code    16  stm32f4xx_rcc.o(.text)
    RCC_TIMCLKPresConfig                     0x08000873   Thumb Code     8  stm32f4xx_rcc.o(.text)
    RCC_AHB1PeriphClockCmd                   0x0800087b   Thumb Code    20  stm32f4xx_rcc.o(.text)
    RCC_AHB2PeriphClockCmd                   0x0800088f   Thumb Code    20  stm32f4xx_rcc.o(.text)
    RCC_AHB3PeriphClockCmd                   0x080008a3   Thumb Code    20  stm32f4xx_rcc.o(.text)
    RCC_APB1PeriphClockCmd                   0x080008b7   Thumb Code    20  stm32f4xx_rcc.o(.text)
    RCC_APB2PeriphClockCmd                   0x080008cb   Thumb Code    20  stm32f4xx_rcc.o(.text)
    RCC_AHB1PeriphResetCmd                   0x080008df   Thumb Code    20  stm32f4xx_rcc.o(.text)
    RCC_AHB2PeriphResetCmd                   0x080008f3   Thumb Code    20  stm32f4xx_rcc.o(.text)
    RCC_AHB3PeriphResetCmd                   0x08000907   Thumb Code    20  stm32f4xx_rcc.o(.text)
    RCC_APB1PeriphResetCmd                   0x0800091b   Thumb Code    20  stm32f4xx_rcc.o(.text)
    RCC_APB2PeriphResetCmd                   0x0800092f   Thumb Code    20  stm32f4xx_rcc.o(.text)
    RCC_AHB1PeriphClockLPModeCmd             0x08000943   Thumb Code    20  stm32f4xx_rcc.o(.text)
    RCC_AHB2PeriphClockLPModeCmd             0x08000957   Thumb Code    20  stm32f4xx_rcc.o(.text)
    RCC_AHB3PeriphClockLPModeCmd             0x0800096b   Thumb Code    20  stm32f4xx_rcc.o(.text)
    RCC_APB1PeriphClockLPModeCmd             0x0800097f   Thumb Code    68  stm32f4xx_rcc.o(.text)
    RCC_APB2PeriphClockLPModeCmd             0x080009c3   Thumb Code    18  stm32f4xx_rcc.o(.text)
    RCC_LSEModeConfig                        0x080009d5   Thumb Code    24  stm32f4xx_rcc.o(.text)
    RCC_ITConfig                             0x080009ed   Thumb Code    20  stm32f4xx_rcc.o(.text)
    RCC_ClearFlag                            0x08000a01   Thumb Code    14  stm32f4xx_rcc.o(.text)
    RCC_GetITStatus                          0x08000a0f   Thumb Code    18  stm32f4xx_rcc.o(.text)
    RCC_ClearITPendingBit                    0x08000a21   Thumb Code     8  stm32f4xx_rcc.o(.text)
    DMA_DeInit                               0x08000a2d   Thumb Code   272  stm32f4xx_dma.o(.text)
    DMA_Init                                 0x08000b3d   Thumb Code    80  stm32f4xx_dma.o(.text)
    DMA_StructInit                           0x08000b8d   Thumb Code    34  stm32f4xx_dma.o(.text)
    DMA_Cmd                                  0x08000baf   Thumb Code    20  stm32f4xx_dma.o(.text)
    DMA_PeriphIncOffsetSizeConfig            0x08000bc3   Thumb Code    20  stm32f4xx_dma.o(.text)
    DMA_FlowControllerConfig                 0x08000bd7   Thumb Code    20  stm32f4xx_dma.o(.text)
    DMA_SetCurrDataCounter                   0x08000beb   Thumb Code     4  stm32f4xx_dma.o(.text)
    DMA_GetCurrDataCounter                   0x08000bef   Thumb Code     6  stm32f4xx_dma.o(.text)
    DMA_DoubleBufferModeConfig               0x08000bf5   Thumb Code    22  stm32f4xx_dma.o(.text)
    DMA_DoubleBufferModeCmd                  0x08000c0b   Thumb Code    20  stm32f4xx_dma.o(.text)
    DMA_MemoryTargetConfig                   0x08000c1f   Thumb Code    10  stm32f4xx_dma.o(.text)
    DMA_GetCurrentMemoryTarget               0x08000c29   Thumb Code    14  stm32f4xx_dma.o(.text)
    DMA_GetCmdStatus                         0x08000c37   Thumb Code    14  stm32f4xx_dma.o(.text)
    DMA_GetFIFOStatus                        0x08000c45   Thumb Code     8  stm32f4xx_dma.o(.text)
    DMA_GetFlagStatus                        0x08000c4d   Thumb Code    42  stm32f4xx_dma.o(.text)
    DMA_ClearFlag                            0x08000c77   Thumb Code    34  stm32f4xx_dma.o(.text)
    DMA_ITConfig                             0x08000c99   Thumb Code    44  stm32f4xx_dma.o(.text)
    DMA_GetITStatus                          0x08000cc5   Thumb Code    70  stm32f4xx_dma.o(.text)
    DMA_ClearITPendingBit                    0x08000d0b   Thumb Code    34  stm32f4xx_dma.o(.text)
    GPIO_DeInit                              0x08000d4d   Thumb Code   216  stm32f4xx_gpio.o(.text)
    GPIO_Init                                0x08000e25   Thumb Code   120  stm32f4xx_gpio.o(.text)
    GPIO_StructInit                          0x08000e9d   Thumb Code    18  stm32f4xx_gpio.o(.text)
    GPIO_PinLockConfig                       0x08000eaf   Thumb Code    24  stm32f4xx_gpio.o(.text)
    GPIO_ReadInputDataBit                    0x08000ec7   Thumb Code    14  stm32f4xx_gpio.o(.text)
    GPIO_ReadInputData                       0x08000ed5   Thumb Code     6  stm32f4xx_gpio.o(.text)
    GPIO_ReadOutputDataBit                   0x08000edb   Thumb Code    14  stm32f4xx_gpio.o(.text)
    GPIO_ReadOutputData                      0x08000ee9   Thumb Code     6  stm32f4xx_gpio.o(.text)
    GPIO_SetBits                             0x08000eef   Thumb Code     4  stm32f4xx_gpio.o(.text)
    GPIO_ResetBits                           0x08000ef3   Thumb Code     4  stm32f4xx_gpio.o(.text)
    GPIO_WriteBit                            0x08000ef7   Thumb Code    10  stm32f4xx_gpio.o(.text)
    GPIO_Write                               0x08000f01   Thumb Code     4  stm32f4xx_gpio.o(.text)
    GPIO_ToggleBits                          0x08000f05   Thumb Code     8  stm32f4xx_gpio.o(.text)
    GPIO_PinAFConfig                         0x08000f0d   Thumb Code    32  stm32f4xx_gpio.o(.text)
    USART_DeInit                             0x08000f59   Thumb Code   138  stm32f4xx_usart.o(.text)
    USART_Init                               0x08000fe3   Thumb Code   164  stm32f4xx_usart.o(.text)
    USART_StructInit                         0x08001087   Thumb Code    22  stm32f4xx_usart.o(.text)
    USART_ClockInit                          0x0800109d   Thumb Code    28  stm32f4xx_usart.o(.text)
    USART_ClockStructInit                    0x080010b9   Thumb Code    12  stm32f4xx_usart.o(.text)
    USART_Cmd                                0x080010c5   Thumb Code    20  stm32f4xx_usart.o(.text)
    USART_SetPrescaler                       0x080010d9   Thumb Code    16  stm32f4xx_usart.o(.text)
    USART_OverSampling8Cmd                   0x080010e9   Thumb Code    20  stm32f4xx_usart.o(.text)
    USART_OneBitMethodCmd                    0x080010fd   Thumb Code    20  stm32f4xx_usart.o(.text)
    USART_SendData                           0x08001111   Thumb Code     8  stm32f4xx_usart.o(.text)
    USART_ReceiveData                        0x08001119   Thumb Code     8  stm32f4xx_usart.o(.text)
    USART_SetAddress                         0x08001121   Thumb Code    16  stm32f4xx_usart.o(.text)
    USART_ReceiverWakeUpCmd                  0x08001131   Thumb Code    20  stm32f4xx_usart.o(.text)
    USART_WakeUpConfig                       0x08001145   Thumb Code    16  stm32f4xx_usart.o(.text)
    USART_LINBreakDetectLengthConfig         0x08001155   Thumb Code    16  stm32f4xx_usart.o(.text)
    USART_LINCmd                             0x08001165   Thumb Code    20  stm32f4xx_usart.o(.text)
    USART_SendBreak                          0x08001179   Thumb Code    10  stm32f4xx_usart.o(.text)
    USART_HalfDuplexCmd                      0x08001183   Thumb Code    20  stm32f4xx_usart.o(.text)
    USART_SetGuardTime                       0x08001197   Thumb Code    16  stm32f4xx_usart.o(.text)
    USART_SmartCardCmd                       0x080011a7   Thumb Code    20  stm32f4xx_usart.o(.text)
    USART_SmartCardNACKCmd                   0x080011bb   Thumb Code    20  stm32f4xx_usart.o(.text)
    USART_IrDAConfig                         0x080011cf   Thumb Code    16  stm32f4xx_usart.o(.text)
    USART_IrDACmd                            0x080011df   Thumb Code    20  stm32f4xx_usart.o(.text)
    USART_DMACmd                             0x080011f3   Thumb Code    16  stm32f4xx_usart.o(.text)
    USART_ITConfig                           0x08001203   Thumb Code    48  stm32f4xx_usart.o(.text)
    USART_GetFlagStatus                      0x08001233   Thumb Code    14  stm32f4xx_usart.o(.text)
    USART_ClearFlag                          0x08001241   Thumb Code     6  stm32f4xx_usart.o(.text)
    USART_GetITStatus                        0x08001247   Thumb Code    62  stm32f4xx_usart.o(.text)
    USART_ClearITPendingBit                  0x08001285   Thumb Code    12  stm32f4xx_usart.o(.text)
    BSP_GPIO_Init                            0x080012b1   Thumb Code   350  bsp_gpio.o(.text)
    BSP_USART_Init                           0x08001425   Thumb Code   156  bsp_usart.o(.text)
    BSP_DMA_Init                             0x080014cd   Thumb Code   268  bsp_dma.o(.text)
    BSP_NVIC_Init                            0x080015ed   Thumb Code   132  bsp_nvic.o(.text)
    __scatterload                            0x0800167d   Thumb Code    28  init.o(.text)
    __scatterload_rt2                        0x0800167d   Thumb Code     0  init.o(.text)
    __0printf$bare                           0x080016a1   Thumb Code     8  printfb.o(i.__0printf$bare)
    __1printf$bare                           0x080016a1   Thumb Code     0  printfb.o(i.__0printf$bare)
    __2printf                                0x080016a1   Thumb Code     0  printfb.o(i.__0printf$bare)
    __scatterload_copy                       0x080016b1   Thumb Code    14  handlers.o(i.__scatterload_copy)
    __scatterload_null                       0x080016bf   Thumb Code     2  handlers.o(i.__scatterload_null)
    __scatterload_zeroinit                   0x080016c1   Thumb Code    14  handlers.o(i.__scatterload_zeroinit)
    Region$$Table$$Base                      0x080016f0   Number         0  anon$$obj.o(Region$$Table)
    Region$$Table$$Limit                     0x08001710   Number         0  anon$$obj.o(Region$$Table)
    SystemCoreClock                          0x20000004   Data           4  system_stm32f4xx.o(.data)
    AHBPrescTable                            0x20000008   Data          16  system_stm32f4xx.o(.data)
    __stdout                                 0x20000028   Data           4  stdout.o(.data)
    g_DMA_Dbus_Buff                          0x2000002c   Data          18  bsp_dma.o(.bss)
    g_DMA_Judge_Send_Buff                    0x2000003e   Data         255  bsp_dma.o(.bss)
    g_DMA_Judge_Reve_Buff                    0x2000013d   Data         255  bsp_dma.o(.bss)
    __initial_sp                             0x20000640   Data           0  startup_stm32f427xx.o(STACK)



==============================================================================

Memory Map of the image

  Image Entry point : 0x080001ad

  Load Region LR_IROM1 (Base: 0x08000000, Size: 0x0000173c, Max: 0x00200000, ABSOLUTE)

    Execution Region ER_IROM1 (Exec base: 0x08000000, Load base: 0x08000000, Size: 0x00001710, Max: 0x00200000, ABSOLUTE)

    Exec Addr    Load Addr    Size         Type   Attr      Idx    E Section Name        Object

    0x08000000   0x08000000   0x000001ac   Data   RO          250    RESET               startup_stm32f427xx.o
    0x080001ac   0x080001ac   0x00000000   Code   RO          504  * .ARM.Collect$$$$00000000  mc_w.l(entry.o)
    0x080001ac   0x080001ac   0x00000004   Code   RO          767    .ARM.Collect$$$$00000001  mc_w.l(entry2.o)
    0x080001b0   0x080001b0   0x00000004   Code   RO          770    .ARM.Collect$$$$00000004  mc_w.l(entry5.o)
    0x080001b4   0x080001b4   0x00000000   Code   RO          772    .ARM.Collect$$$$00000008  mc_w.l(entry7b.o)
    0x080001b4   0x080001b4   0x00000000   Code   RO          774    .ARM.Collect$$$$0000000A  mc_w.l(entry8b.o)
    0x080001b4   0x080001b4   0x00000008   Code   RO          775    .ARM.Collect$$$$0000000B  mc_w.l(entry9a.o)
    0x080001bc   0x080001bc   0x00000000   Code   RO          777    .ARM.Collect$$$$0000000D  mc_w.l(entry10a.o)
    0x080001bc   0x080001bc   0x00000000   Code   RO          779    .ARM.Collect$$$$0000000F  mc_w.l(entry11a.o)
    0x080001bc   0x080001bc   0x00000004   Code   RO          768    .ARM.Collect$$$$00002712  mc_w.l(entry2.o)
    0x080001c0   0x080001c0   0x00000038   Code   RO            3    .text               main.o
    0x080001f8   0x080001f8   0x000000b8   Code   RO          159    .text               delay.o
    0x080002b0   0x080002b0   0x00000040   Code   RO          181    .text               sysconfig.o
    0x080002f0   0x080002f0   0x00000044   Code   RO          201    .text               stm32f4xx_it.o
    0x08000334   0x08000334   0x0000019c   Code   RO          224    .text               system_stm32f4xx.o
    0x080004d0   0x080004d0   0x00000024   Code   RO          251    .text               startup_stm32f427xx.o
    0x080004f4   0x080004f4   0x000000b0   Code   RO          257    .text               misc.o
    0x080005a4   0x080005a4   0x00000488   Code   RO          297    .text               stm32f4xx_rcc.o
    0x08000a2c   0x08000a2c   0x00000320   Code   RO          340    .text               stm32f4xx_dma.o
    0x08000d4c   0x08000d4c   0x0000020c   Code   RO          380    .text               stm32f4xx_gpio.o
    0x08000f58   0x08000f58   0x00000358   Code   RO          400    .text               stm32f4xx_usart.o
    0x080012b0   0x080012b0   0x00000174   Code   RO          420    .text               bsp_gpio.o
    0x08001424   0x08001424   0x000000a8   Code   RO          440    .text               bsp_usart.o
    0x080014cc   0x080014cc   0x00000120   Code   RO          460    .text               bsp_dma.o
    0x080015ec   0x080015ec   0x00000090   Code   RO          486    .text               bsp_nvic.o
    0x0800167c   0x0800167c   0x00000024   Code   RO          797    .text               mc_w.l(init.o)
    0x080016a0   0x080016a0   0x00000010   Code   RO          508    i.__0printf$bare    mc_w.l(printfb.o)
    0x080016b0   0x080016b0   0x0000000e   Code   RO          809    i.__scatterload_copy  mc_w.l(handlers.o)
    0x080016be   0x080016be   0x00000002   Code   RO          810    i.__scatterload_null  mc_w.l(handlers.o)
    0x080016c0   0x080016c0   0x0000000e   Code   RO          811    i.__scatterload_zeroinit  mc_w.l(handlers.o)
    0x080016ce   0x080016ce   0x00000022   Code   RO          515    i._printf_core      mc_w.l(printfb.o)
    0x080016f0   0x080016f0   0x00000020   Data   RO          807    Region$$Table       anon$$obj.o


    Execution Region RW_IRAM1 (Exec base: 0x20000000, Load base: 0x08001710, Size: 0x00000640, Max: 0x00030000, ABSOLUTE)

    Exec Addr    Load Addr    Size         Type   Attr      Idx    E Section Name        Object

    0x20000000   0x08001710   0x00000004   Data   RW          160    .data               delay.o
    0x20000004   0x08001714   0x00000014   Data   RW          225    .data               system_stm32f4xx.o
    0x20000018   0x08001728   0x00000010   Data   RW          298    .data               stm32f4xx_rcc.o
    0x20000028   0x08001738   0x00000004   Data   RW          781    .data               mc_w.l(stdout.o)
    0x2000002c        -       0x00000210   Zero   RW          461    .bss                bsp_dma.o
    0x2000023c   0x0800173c   0x00000004   PAD
    0x20000240        -       0x00000400   Zero   RW          248    STACK               startup_stm32f427xx.o


==============================================================================

Image component sizes


      Code (inc. data)   RO Data    RW Data    ZI Data      Debug   Object Name

       288         20          0          0        528       1269   bsp_dma.o
       372         22          0          0          0        720   bsp_gpio.o
       144         12          0          0          0        564   bsp_nvic.o
       168         12          0          0          0        585   bsp_usart.o
       184          4          0          4          0       1433   delay.o
        56         14          0          0          0     282515   main.o
       176         12          0          0          0       1929   misc.o
        36          8        428          0       1024        800   startup_stm32f427xx.o
       800         32          0          0          0       6949   stm32f4xx_dma.o
       524         44          0          0          0       4457   stm32f4xx_gpio.o
        68         10          0          0          0       1494   stm32f4xx_it.o
      1160         52          0         16          0      13332   stm32f4xx_rcc.o
       856         32          0          0          0       8272   stm32f4xx_usart.o
        64          6          0          0          0        712   sysconfig.o
       412         40          0         20          0       1883   system_stm32f4xx.o

    ----------------------------------------------------------------------
      5308        320        460         40       1556     326914   Object Totals
         0          0         32          0          0          0   (incl. Generated)
         0          0          0          0          4          0   (incl. Padding)

    ----------------------------------------------------------------------

      Code (inc. data)   RO Data    RW Data    ZI Data      Debug   Library Member Name

         0          0          0          0          0          0   entry.o
         0          0          0          0          0          0   entry10a.o
         0          0          0          0          0          0   entry11a.o
         8          4          0          0          0          0   entry2.o
         4          0          0          0          0          0   entry5.o
         0          0          0          0          0          0   entry7b.o
         0          0          0          0          0          0   entry8b.o
         8          4          0          0          0          0   entry9a.o
        30          0          0          0          0          0   handlers.o
        36          8          0          0          0         68   init.o
        50          8          0          0          0        152   printfb.o
         0          0          0          4          0          0   stdout.o

    ----------------------------------------------------------------------
       136         24          0          4          0        220   Library Totals
         0          0          0          0          0          0   (incl. Padding)

    ----------------------------------------------------------------------

      Code (inc. data)   RO Data    RW Data    ZI Data      Debug   Library Name

       136         24          0          4          0        220   mc_w.l

    ----------------------------------------------------------------------
       136         24          0          4          0        220   Library Totals

    ----------------------------------------------------------------------

==============================================================================


      Code (inc. data)   RO Data    RW Data    ZI Data      Debug   

      5444        344        460         44       1556     324486   Grand Totals
      5444        344        460         44       1556     324486   ELF Image Totals
      5444        344        460         44          0          0   ROM Totals

==============================================================================

    Total RO  Size (Code + RO Data)                 5904 (   5.77kB)
    Total RW  Size (RW Data + ZI Data)              1600 (   1.56kB)
    Total ROM Size (Code + RO Data + RW Data)       5948 (   5.81kB)

==============================================================================

