Component: ARM Compiler 5.06 update 6 (build 750) Tool: armlink [4d35ed]

==============================================================================

Section Cross References

    bsp_can.o(.text) refers to stm32f4xx_rcc.o(.text) for RCC_APB1PeriphClockCmd
    bsp_can.o(.text) refers to stm32f4xx_can.o(.text) for CAN_DeInit
    bsp_time.o(.text) refers to stm32f4xx_rcc.o(.text) for RCC_APB1PeriphClockCmd
    bsp_time.o(.text) refers to stm32f4xx_tim.o(.text) for TIM_TimeBaseInit
    bsp_gpio.o(.text) refers to stm32f4xx_rcc.o(.text) for RCC_AHB1PeriphClockCmd
    bsp_gpio.o(.text) refers to stm32f4xx_gpio.o(.text) for GPIO_Init
    bsp_usart.o(.text) refers to stm32f4xx_rcc.o(.text) for RCC_APB2PeriphClockCmd
    bsp_usart.o(.text) refers to stm32f4xx_usart.o(.text) for USART_DeInit
    bsp_dma.o(.text) refers to stm32f4xx_rcc.o(.text) for RCC_AHB1PeriphClockCmd
    bsp_dma.o(.text) refers to stm32f4xx_dma.o(.text) for DMA_DeInit
    bsp_dma.o(.text) refers to bsp_dma.o(.bss) for .bss
    bsp_nvic.o(.text) refers to misc.o(.text) for NVIC_PriorityGroupConfig
    bsp_nvic.o(.text) refers to stm32f4xx_dma.o(.text) for DMA_ITConfig
    bsp_nvic.o(.text) refers to stm32f4xx_usart.o(.text) for USART_ITConfig
    bsp_nvic.o(.text) refers to stm32f4xx_can.o(.text) for CAN_ITConfig
    bsp_nvic.o(.text) refers to stm32f4xx_tim.o(.text) for TIM_ClearFlag
    main.o(.text) refers to sysconfig.o(.text) for SYS_Config_Init
    main.o(.text) refers to motor_chassis.o(.text) for Cmd_3510_ESC
    main.o(.text) refers to delay.o(.text) for delay_ms
    main.o(.text) refers to stm32f4xx_gpio.o(.text) for GPIO_ResetBits
    delay.o(.text) refers to misc.o(.text) for SysTick_CLKSourceConfig
    delay.o(.text) refers to delay.o(.data) for .data
    sysconfig.o(.text) refers to delay.o(.text) for delay_init
    sysconfig.o(.text) refers to bsp_gpio.o(.text) for BSP_GPIO_Init
    sysconfig.o(.text) refers to bsp_usart.o(.text) for BSP_USART_Init
    sysconfig.o(.text) refers to bsp_time.o(.text) for BSP_TIME_Init
    sysconfig.o(.text) refers to bsp_can.o(.text) for BSP_CAN_Init
    sysconfig.o(.text) refers to bsp_dma.o(.text) for BSP_DMA_Init
    sysconfig.o(.text) refers to bsp_nvic.o(.text) for BSP_NVIC_Init
    sysconfig.o(.text) refers to stm32f4xx_usart.o(.text) for USART_SendData
    stm32f4xx_it.o(.text) refers to stm32f4xx_dma.o(.text) for DMA_GetITStatus
    stm32f4xx_it.o(.text) refers to stm32f4xx_tim.o(.text) for TIM_GetITStatus
    stm32f4xx_it.o(.text) refers to motor_cradle_head.o(.text) for Get_6623_Speed
    stm32f4xx_it.o(.text) refers to stm32f4xx_can.o(.text) for CAN_GetITStatus
    stm32f4xx_it.o(.text) refers to motor_cradle_head.o(.bss) for g_data_6623
    system_stm32f4xx.o(.text) refers to system_stm32f4xx.o(.data) for .data
    startup_stm32f427xx.o(RESET) refers to startup_stm32f427xx.o(STACK) for __initial_sp
    startup_stm32f427xx.o(RESET) refers to startup_stm32f427xx.o(.text) for Reset_Handler
    startup_stm32f427xx.o(RESET) refers to stm32f4xx_it.o(.text) for NMI_Handler
    startup_stm32f427xx.o(.text) refers to system_stm32f4xx.o(.text) for SystemInit
    startup_stm32f427xx.o(.text) refers to entry.o(.ARM.Collect$$$$00000000) for __main
    stm32f4xx_can.o(.text) refers to stm32f4xx_rcc.o(.text) for RCC_APB1PeriphResetCmd
    stm32f4xx_rcc.o(.text) refers to stm32f4xx_rcc.o(.data) for .data
    stm32f4xx_tim.o(.text) refers to stm32f4xx_rcc.o(.text) for RCC_APB2PeriphResetCmd
    stm32f4xx_gpio.o(.text) refers to stm32f4xx_rcc.o(.text) for RCC_AHB1PeriphResetCmd
    stm32f4xx_usart.o(.text) refers to stm32f4xx_rcc.o(.text) for RCC_APB2PeriphResetCmd
    motor_chassis.o(.text) refers to stm32f4xx_can.o(.text) for CAN_Transmit
    motor_chassis.o(.text) refers to motor_chassis.o(.bss) for .bss
    motor_cradle_head.o(.text) refers to stm32f4xx_can.o(.text) for CAN_Transmit
    motor_cradle_head.o(.text) refers to motor_cradle_head.o(.bss) for .bss
    motor_cradle_head.o(.text) refers to motor_cradle_head.o(.data) for .data
    entry.o(.ARM.Collect$$$$00000000) refers (Special) to entry10a.o(.ARM.Collect$$$$0000000D) for __rt_final_cpp
    entry.o(.ARM.Collect$$$$00000000) refers (Special) to entry11a.o(.ARM.Collect$$$$0000000F) for __rt_final_exit
    entry.o(.ARM.Collect$$$$00000000) refers (Special) to entry7b.o(.ARM.Collect$$$$00000008) for _main_clock
    entry.o(.ARM.Collect$$$$00000000) refers (Special) to entry8b.o(.ARM.Collect$$$$0000000A) for _main_cpp_init
    entry.o(.ARM.Collect$$$$00000000) refers (Special) to entry9a.o(.ARM.Collect$$$$0000000B) for _main_init
    entry.o(.ARM.Collect$$$$00000000) refers (Special) to entry5.o(.ARM.Collect$$$$00000004) for _main_scatterload
    entry.o(.ARM.Collect$$$$00000000) refers (Special) to entry2.o(.ARM.Collect$$$$00000001) for _main_stk
    entry2.o(.ARM.Collect$$$$00000001) refers to entry2.o(.ARM.Collect$$$$00002712) for __lit__00000000
    entry2.o(.ARM.Collect$$$$00002712) refers to startup_stm32f427xx.o(STACK) for __initial_sp
    entry2.o(__vectab_stack_and_reset_area) refers to startup_stm32f427xx.o(STACK) for __initial_sp
    entry2.o(__vectab_stack_and_reset_area) refers to entry.o(.ARM.Collect$$$$00000000) for __main
    entry5.o(.ARM.Collect$$$$00000004) refers to init.o(.text) for __scatterload
    entry9a.o(.ARM.Collect$$$$0000000B) refers to main.o(.text) for main
    entry9b.o(.ARM.Collect$$$$0000000C) refers to main.o(.text) for main
    init.o(.text) refers to entry5.o(.ARM.Collect$$$$00000004) for __main_after_scatterload


==============================================================================

Removing Unused input sections from the image.

    Removing bsp_can.o(.rev16_text), (4 bytes).
    Removing bsp_can.o(.revsh_text), (4 bytes).
    Removing bsp_time.o(.rev16_text), (4 bytes).
    Removing bsp_time.o(.revsh_text), (4 bytes).
    Removing bsp_gpio.o(.rev16_text), (4 bytes).
    Removing bsp_gpio.o(.revsh_text), (4 bytes).
    Removing bsp_usart.o(.rev16_text), (4 bytes).
    Removing bsp_usart.o(.revsh_text), (4 bytes).
    Removing bsp_dma.o(.rev16_text), (4 bytes).
    Removing bsp_dma.o(.revsh_text), (4 bytes).
    Removing bsp_nvic.o(.rev16_text), (4 bytes).
    Removing bsp_nvic.o(.revsh_text), (4 bytes).
    Removing main.o(.rev16_text), (4 bytes).
    Removing main.o(.revsh_text), (4 bytes).
    Removing delay.o(.rev16_text), (4 bytes).
    Removing delay.o(.revsh_text), (4 bytes).
    Removing sysconfig.o(.rev16_text), (4 bytes).
    Removing sysconfig.o(.revsh_text), (4 bytes).
    Removing stm32f4xx_it.o(.rev16_text), (4 bytes).
    Removing stm32f4xx_it.o(.revsh_text), (4 bytes).
    Removing system_stm32f4xx.o(.rev16_text), (4 bytes).
    Removing system_stm32f4xx.o(.revsh_text), (4 bytes).
    Removing startup_stm32f427xx.o(HEAP), (512 bytes).
    Removing misc.o(.rev16_text), (4 bytes).
    Removing misc.o(.revsh_text), (4 bytes).
    Removing stm32f4xx_can.o(.rev16_text), (4 bytes).
    Removing stm32f4xx_can.o(.revsh_text), (4 bytes).
    Removing stm32f4xx_rcc.o(.rev16_text), (4 bytes).
    Removing stm32f4xx_rcc.o(.revsh_text), (4 bytes).
    Removing stm32f4xx_tim.o(.rev16_text), (4 bytes).
    Removing stm32f4xx_tim.o(.revsh_text), (4 bytes).
    Removing stm32f4xx_dma.o(.rev16_text), (4 bytes).
    Removing stm32f4xx_dma.o(.revsh_text), (4 bytes).
    Removing stm32f4xx_exti.o(.rev16_text), (4 bytes).
    Removing stm32f4xx_exti.o(.revsh_text), (4 bytes).
    Removing stm32f4xx_exti.o(.text), (224 bytes).
    Removing stm32f4xx_gpio.o(.rev16_text), (4 bytes).
    Removing stm32f4xx_gpio.o(.revsh_text), (4 bytes).
    Removing stm32f4xx_usart.o(.rev16_text), (4 bytes).
    Removing stm32f4xx_usart.o(.revsh_text), (4 bytes).
    Removing motor_chassis.o(.rev16_text), (4 bytes).
    Removing motor_chassis.o(.revsh_text), (4 bytes).
    Removing motor_cradle_head.o(.rev16_text), (4 bytes).
    Removing motor_cradle_head.o(.revsh_text), (4 bytes).

44 unused section(s) (total 904 bytes) removed from the image.

==============================================================================

Image Symbol Table

    Local Symbols

    Symbol Name                              Value     Ov Type        Size  Object(Section)

    ../clib/microlib/init/entry.s            0x00000000   Number         0  entry11b.o ABSOLUTE
    ../clib/microlib/init/entry.s            0x00000000   Number         0  entry5.o ABSOLUTE
    ../clib/microlib/init/entry.s            0x00000000   Number         0  entry11a.o ABSOLUTE
    ../clib/microlib/init/entry.s            0x00000000   Number         0  entry10b.o ABSOLUTE
    ../clib/microlib/init/entry.s            0x00000000   Number         0  entry10a.o ABSOLUTE
    ../clib/microlib/init/entry.s            0x00000000   Number         0  entry9b.o ABSOLUTE
    ../clib/microlib/init/entry.s            0x00000000   Number         0  entry.o ABSOLUTE
    ../clib/microlib/init/entry.s            0x00000000   Number         0  entry8b.o ABSOLUTE
    ../clib/microlib/init/entry.s            0x00000000   Number         0  entry9a.o ABSOLUTE
    ../clib/microlib/init/entry.s            0x00000000   Number         0  entry2.o ABSOLUTE
    ../clib/microlib/init/entry.s            0x00000000   Number         0  entry8a.o ABSOLUTE
    ../clib/microlib/init/entry.s            0x00000000   Number         0  entry7b.o ABSOLUTE
    ../clib/microlib/init/entry.s            0x00000000   Number         0  entry7a.o ABSOLUTE
    ..\BSP\bsp_can.c                         0x00000000   Number         0  bsp_can.o ABSOLUTE
    ..\BSP\bsp_dma.c                         0x00000000   Number         0  bsp_dma.o ABSOLUTE
    ..\BSP\bsp_gpio.c                        0x00000000   Number         0  bsp_gpio.o ABSOLUTE
    ..\BSP\bsp_nvic.c                        0x00000000   Number         0  bsp_nvic.o ABSOLUTE
    ..\BSP\bsp_time.c                        0x00000000   Number         0  bsp_time.o ABSOLUTE
    ..\BSP\bsp_usart.c                       0x00000000   Number         0  bsp_usart.o ABSOLUTE
    ..\CORE\startup_stm32f427xx.s            0x00000000   Number         0  startup_stm32f427xx.o ABSOLUTE
    ..\CORE\system_stm32f4xx.c               0x00000000   Number         0  system_stm32f4xx.o ABSOLUTE
    ..\FWLIB\src\misc.c                      0x00000000   Number         0  misc.o ABSOLUTE
    ..\FWLIB\src\stm32f4xx_can.c             0x00000000   Number         0  stm32f4xx_can.o ABSOLUTE
    ..\FWLIB\src\stm32f4xx_dma.c             0x00000000   Number         0  stm32f4xx_dma.o ABSOLUTE
    ..\FWLIB\src\stm32f4xx_exti.c            0x00000000   Number         0  stm32f4xx_exti.o ABSOLUTE
    ..\FWLIB\src\stm32f4xx_gpio.c            0x00000000   Number         0  stm32f4xx_gpio.o ABSOLUTE
    ..\FWLIB\src\stm32f4xx_rcc.c             0x00000000   Number         0  stm32f4xx_rcc.o ABSOLUTE
    ..\FWLIB\src\stm32f4xx_tim.c             0x00000000   Number         0  stm32f4xx_tim.o ABSOLUTE
    ..\FWLIB\src\stm32f4xx_usart.c           0x00000000   Number         0  stm32f4xx_usart.o ABSOLUTE
    ..\MOTOR\motor_chassis.c                 0x00000000   Number         0  motor_chassis.o ABSOLUTE
    ..\MOTOR\motor_cradle_head.c             0x00000000   Number         0  motor_cradle_head.o ABSOLUTE
    ..\USER\delay.c                          0x00000000   Number         0  delay.o ABSOLUTE
    ..\USER\main.c                           0x00000000   Number         0  main.o ABSOLUTE
    ..\USER\stm32f4xx_it.c                   0x00000000   Number         0  stm32f4xx_it.o ABSOLUTE
    ..\USER\sysconfig.c                      0x00000000   Number         0  sysconfig.o ABSOLUTE
    ..\\BSP\\bsp_can.c                       0x00000000   Number         0  bsp_can.o ABSOLUTE
    ..\\BSP\\bsp_dma.c                       0x00000000   Number         0  bsp_dma.o ABSOLUTE
    ..\\BSP\\bsp_gpio.c                      0x00000000   Number         0  bsp_gpio.o ABSOLUTE
    ..\\BSP\\bsp_nvic.c                      0x00000000   Number         0  bsp_nvic.o ABSOLUTE
    ..\\BSP\\bsp_time.c                      0x00000000   Number         0  bsp_time.o ABSOLUTE
    ..\\BSP\\bsp_usart.c                     0x00000000   Number         0  bsp_usart.o ABSOLUTE
    ..\\CORE\\system_stm32f4xx.c             0x00000000   Number         0  system_stm32f4xx.o ABSOLUTE
    ..\\FWLIB\\src\\misc.c                   0x00000000   Number         0  misc.o ABSOLUTE
    ..\\FWLIB\\src\\stm32f4xx_can.c          0x00000000   Number         0  stm32f4xx_can.o ABSOLUTE
    ..\\FWLIB\\src\\stm32f4xx_dma.c          0x00000000   Number         0  stm32f4xx_dma.o ABSOLUTE
    ..\\FWLIB\\src\\stm32f4xx_exti.c         0x00000000   Number         0  stm32f4xx_exti.o ABSOLUTE
    ..\\FWLIB\\src\\stm32f4xx_gpio.c         0x00000000   Number         0  stm32f4xx_gpio.o ABSOLUTE
    ..\\FWLIB\\src\\stm32f4xx_rcc.c          0x00000000   Number         0  stm32f4xx_rcc.o ABSOLUTE
    ..\\FWLIB\\src\\stm32f4xx_tim.c          0x00000000   Number         0  stm32f4xx_tim.o ABSOLUTE
    ..\\FWLIB\\src\\stm32f4xx_usart.c        0x00000000   Number         0  stm32f4xx_usart.o ABSOLUTE
    ..\\MOTOR\\motor_chassis.c               0x00000000   Number         0  motor_chassis.o ABSOLUTE
    ..\\MOTOR\\motor_cradle_head.c           0x00000000   Number         0  motor_cradle_head.o ABSOLUTE
    ..\\USER\\delay.c                        0x00000000   Number         0  delay.o ABSOLUTE
    ..\\USER\\main.c                         0x00000000   Number         0  main.o ABSOLUTE
    ..\\USER\\stm32f4xx_it.c                 0x00000000   Number         0  stm32f4xx_it.o ABSOLUTE
    ..\\USER\\sysconfig.c                    0x00000000   Number         0  sysconfig.o ABSOLUTE
    dc.s                                     0x00000000   Number         0  dc.o ABSOLUTE
    handlers.s                               0x00000000   Number         0  handlers.o ABSOLUTE
    init.s                                   0x00000000   Number         0  init.o ABSOLUTE
    RESET                                    0x08000000   Section      428  startup_stm32f427xx.o(RESET)
    .ARM.Collect$$$$00000000                 0x080001ac   Section        0  entry.o(.ARM.Collect$$$$00000000)
    .ARM.Collect$$$$00000001                 0x080001ac   Section        4  entry2.o(.ARM.Collect$$$$00000001)
    .ARM.Collect$$$$00000004                 0x080001b0   Section        4  entry5.o(.ARM.Collect$$$$00000004)
    .ARM.Collect$$$$00000008                 0x080001b4   Section        0  entry7b.o(.ARM.Collect$$$$00000008)
    .ARM.Collect$$$$0000000A                 0x080001b4   Section        0  entry8b.o(.ARM.Collect$$$$0000000A)
    .ARM.Collect$$$$0000000B                 0x080001b4   Section        8  entry9a.o(.ARM.Collect$$$$0000000B)
    .ARM.Collect$$$$0000000D                 0x080001bc   Section        0  entry10a.o(.ARM.Collect$$$$0000000D)
    .ARM.Collect$$$$0000000F                 0x080001bc   Section        0  entry11a.o(.ARM.Collect$$$$0000000F)
    .ARM.Collect$$$$00002712                 0x080001bc   Section        4  entry2.o(.ARM.Collect$$$$00002712)
    __lit__00000000                          0x080001bc   Data           4  entry2.o(.ARM.Collect$$$$00002712)
    .text                                    0x080001c0   Section        0  bsp_can.o(.text)
    .text                                    0x080002d0   Section        0  bsp_time.o(.text)
    .text                                    0x08000384   Section        0  bsp_gpio.o(.text)
    .text                                    0x08000590   Section        0  bsp_usart.o(.text)
    .text                                    0x08000638   Section        0  bsp_dma.o(.text)
    .text                                    0x08000758   Section        0  bsp_nvic.o(.text)
    .text                                    0x0800088c   Section        0  main.o(.text)
    .text                                    0x080008c8   Section        0  delay.o(.text)
    .text                                    0x08000980   Section        0  sysconfig.o(.text)
    .text                                    0x080009c8   Section        0  stm32f4xx_it.o(.text)
    .text                                    0x08000a9c   Section        0  system_stm32f4xx.o(.text)
    SetSysClock                              0x08000a9d   Thumb Code   190  system_stm32f4xx.o(.text)
    .text                                    0x08000c38   Section       36  startup_stm32f427xx.o(.text)
    $v0                                      0x08000c38   Number         0  startup_stm32f427xx.o(.text)
    .text                                    0x08000c5c   Section        0  misc.o(.text)
    .text                                    0x08000d0c   Section        0  stm32f4xx_can.o(.text)
    CheckITStatus                            0x080013ff   Thumb Code    12  stm32f4xx_can.o(.text)
    .text                                    0x08001414   Section        0  stm32f4xx_rcc.o(.text)
    .text                                    0x0800189c   Section        0  stm32f4xx_tim.o(.text)
    TI2_Config                               0x08001ee7   Thumb Code    54  stm32f4xx_tim.o(.text)
    TI1_Config                               0x0800224b   Thumb Code    46  stm32f4xx_tim.o(.text)
    .text                                    0x08002278   Section        0  stm32f4xx_dma.o(.text)
    .text                                    0x08002598   Section        0  stm32f4xx_gpio.o(.text)
    .text                                    0x080027a4   Section        0  stm32f4xx_usart.o(.text)
    .text                                    0x08002afc   Section        0  motor_chassis.o(.text)
    .text                                    0x08002bc8   Section        0  motor_cradle_head.o(.text)
    .text                                    0x08002d08   Section       36  init.o(.text)
    i.__scatterload_copy                     0x08002d2c   Section       14  handlers.o(i.__scatterload_copy)
    i.__scatterload_null                     0x08002d3a   Section        2  handlers.o(i.__scatterload_null)
    i.__scatterload_zeroinit                 0x08002d3c   Section       14  handlers.o(i.__scatterload_zeroinit)
    .data                                    0x20000000   Section        4  delay.o(.data)
    fac_us                                   0x20000000   Data           1  delay.o(.data)
    fac_ms                                   0x20000002   Data           2  delay.o(.data)
    .data                                    0x20000004   Section       20  system_stm32f4xx.o(.data)
    .data                                    0x20000018   Section       16  stm32f4xx_rcc.o(.data)
    APBAHBPrescTable                         0x20000018   Data          16  stm32f4xx_rcc.o(.data)
    .data                                    0x20000028   Section        8  motor_cradle_head.o(.data)
    err_angle                                0x20000028   Data           4  motor_cradle_head.o(.data)
    last_angle                               0x2000002c   Data           4  motor_cradle_head.o(.data)
    .bss                                     0x20000030   Section      528  bsp_dma.o(.bss)
    .bss                                     0x20000240   Section       24  motor_chassis.o(.bss)
    .bss                                     0x20000258   Section       20  motor_cradle_head.o(.bss)
    STACK                                    0x20000270   Section     1024  startup_stm32f427xx.o(STACK)

    Global Symbols

    Symbol Name                              Value     Ov Type        Size  Object(Section)

    BuildAttributes$$THM_ISAv4$E$P$D$K$B$S$7EM$VFPi3$EXTD16$VFPS$VFMA$PE$A:L22UL41UL21$X:L11$S22US41US21$IEEE1$IW$USESV6$~STKCKD$USESV7$~SHL$OSPACE$EBA8$MICROLIB$REQ8$PRES8$EABIv2 0x00000000   Number         0  anon$$obj.o ABSOLUTE
    __ARM_use_no_argv                        0x00000000   Number         0  main.o ABSOLUTE
    __cpp_initialize__aeabi_                  - Undefined Weak Reference
    __cxa_finalize                            - Undefined Weak Reference
    __decompress                              - Undefined Weak Reference
    _clock_init                               - Undefined Weak Reference
    _microlib_exit                            - Undefined Weak Reference
    __Vectors_Size                           0x000001ac   Number         0  startup_stm32f427xx.o ABSOLUTE
    __Vectors                                0x08000000   Data           4  startup_stm32f427xx.o(RESET)
    __Vectors_End                            0x080001ac   Data           0  startup_stm32f427xx.o(RESET)
    __main                                   0x080001ad   Thumb Code     0  entry.o(.ARM.Collect$$$$00000000)
    _main_stk                                0x080001ad   Thumb Code     0  entry2.o(.ARM.Collect$$$$00000001)
    _main_scatterload                        0x080001b1   Thumb Code     0  entry5.o(.ARM.Collect$$$$00000004)
    __main_after_scatterload                 0x080001b5   Thumb Code     0  entry5.o(.ARM.Collect$$$$00000004)
    _main_clock                              0x080001b5   Thumb Code     0  entry7b.o(.ARM.Collect$$$$00000008)
    _main_cpp_init                           0x080001b5   Thumb Code     0  entry8b.o(.ARM.Collect$$$$0000000A)
    _main_init                               0x080001b5   Thumb Code     0  entry9a.o(.ARM.Collect$$$$0000000B)
    __rt_final_cpp                           0x080001bd   Thumb Code     0  entry10a.o(.ARM.Collect$$$$0000000D)
    __rt_final_exit                          0x080001bd   Thumb Code     0  entry11a.o(.ARM.Collect$$$$0000000F)
    BSP_CAN_Init                             0x080001c1   Thumb Code   262  bsp_can.o(.text)
    BSP_TIME_Init                            0x080002d1   Thumb Code   172  bsp_time.o(.text)
    BSP_GPIO_Init                            0x08000385   Thumb Code   494  bsp_gpio.o(.text)
    BSP_USART_Init                           0x08000591   Thumb Code   156  bsp_usart.o(.text)
    BSP_DMA_Init                             0x08000639   Thumb Code   268  bsp_dma.o(.text)
    BSP_NVIC_Init                            0x08000759   Thumb Code   278  bsp_nvic.o(.text)
    main                                     0x0800088d   Thumb Code    54  main.o(.text)
    delay_init                               0x080008c9   Thumb Code    38  delay.o(.text)
    delay_us                                 0x080008ef   Thumb Code    46  delay.o(.text)
    delay_xms                                0x0800091d   Thumb Code    46  delay.o(.text)
    delay_ms                                 0x0800094b   Thumb Code    50  delay.o(.text)
    SYS_Config_Init                          0x08000981   Thumb Code    36  sysconfig.o(.text)
    fputc                                    0x080009a5   Thumb Code    30  sysconfig.o(.text)
    NMI_Handler                              0x080009c9   Thumb Code     2  stm32f4xx_it.o(.text)
    HardFault_Handler                        0x080009cb   Thumb Code     2  stm32f4xx_it.o(.text)
    MemManage_Handler                        0x080009cd   Thumb Code     2  stm32f4xx_it.o(.text)
    BusFault_Handler                         0x080009cf   Thumb Code     2  stm32f4xx_it.o(.text)
    UsageFault_Handler                       0x080009d1   Thumb Code     2  stm32f4xx_it.o(.text)
    SVC_Handler                              0x080009d3   Thumb Code     2  stm32f4xx_it.o(.text)
    DebugMon_Handler                         0x080009d5   Thumb Code     2  stm32f4xx_it.o(.text)
    PendSV_Handler                           0x080009d7   Thumb Code     2  stm32f4xx_it.o(.text)
    SysTick_Handler                          0x080009d9   Thumb Code     2  stm32f4xx_it.o(.text)
    DMA2_Stream7_IRQHandler                  0x080009db   Thumb Code    40  stm32f4xx_it.o(.text)
    TIM6_DAC_IRQHandler                      0x08000a03   Thumb Code    42  stm32f4xx_it.o(.text)
    TIM5_IRQHandler                          0x08000a2d   Thumb Code    30  stm32f4xx_it.o(.text)
    CAN1_RX0_IRQHandler                      0x08000a4b   Thumb Code    56  stm32f4xx_it.o(.text)
    SystemInit                               0x08000b5b   Thumb Code    74  system_stm32f4xx.o(.text)
    SystemCoreClockUpdate                    0x08000ba5   Thumb Code   108  system_stm32f4xx.o(.text)
    Reset_Handler                            0x08000c39   Thumb Code     8  startup_stm32f427xx.o(.text)
    ADC_IRQHandler                           0x08000c53   Thumb Code     0  startup_stm32f427xx.o(.text)
    CAN1_RX1_IRQHandler                      0x08000c53   Thumb Code     0  startup_stm32f427xx.o(.text)
    CAN1_SCE_IRQHandler                      0x08000c53   Thumb Code     0  startup_stm32f427xx.o(.text)
    CAN1_TX_IRQHandler                       0x08000c53   Thumb Code     0  startup_stm32f427xx.o(.text)
    CAN2_RX0_IRQHandler                      0x08000c53   Thumb Code     0  startup_stm32f427xx.o(.text)
    CAN2_RX1_IRQHandler                      0x08000c53   Thumb Code     0  startup_stm32f427xx.o(.text)
    CAN2_SCE_IRQHandler                      0x08000c53   Thumb Code     0  startup_stm32f427xx.o(.text)
    CAN2_TX_IRQHandler                       0x08000c53   Thumb Code     0  startup_stm32f427xx.o(.text)
    DCMI_IRQHandler                          0x08000c53   Thumb Code     0  startup_stm32f427xx.o(.text)
    DMA1_Stream0_IRQHandler                  0x08000c53   Thumb Code     0  startup_stm32f427xx.o(.text)
    DMA1_Stream1_IRQHandler                  0x08000c53   Thumb Code     0  startup_stm32f427xx.o(.text)
    DMA1_Stream2_IRQHandler                  0x08000c53   Thumb Code     0  startup_stm32f427xx.o(.text)
    DMA1_Stream3_IRQHandler                  0x08000c53   Thumb Code     0  startup_stm32f427xx.o(.text)
    DMA1_Stream4_IRQHandler                  0x08000c53   Thumb Code     0  startup_stm32f427xx.o(.text)
    DMA1_Stream5_IRQHandler                  0x08000c53   Thumb Code     0  startup_stm32f427xx.o(.text)
    DMA1_Stream6_IRQHandler                  0x08000c53   Thumb Code     0  startup_stm32f427xx.o(.text)
    DMA1_Stream7_IRQHandler                  0x08000c53   Thumb Code     0  startup_stm32f427xx.o(.text)
    DMA2D_IRQHandler                         0x08000c53   Thumb Code     0  startup_stm32f427xx.o(.text)
    DMA2_Stream0_IRQHandler                  0x08000c53   Thumb Code     0  startup_stm32f427xx.o(.text)
    DMA2_Stream1_IRQHandler                  0x08000c53   Thumb Code     0  startup_stm32f427xx.o(.text)
    DMA2_Stream2_IRQHandler                  0x08000c53   Thumb Code     0  startup_stm32f427xx.o(.text)
    DMA2_Stream3_IRQHandler                  0x08000c53   Thumb Code     0  startup_stm32f427xx.o(.text)
    DMA2_Stream4_IRQHandler                  0x08000c53   Thumb Code     0  startup_stm32f427xx.o(.text)
    DMA2_Stream5_IRQHandler                  0x08000c53   Thumb Code     0  startup_stm32f427xx.o(.text)
    DMA2_Stream6_IRQHandler                  0x08000c53   Thumb Code     0  startup_stm32f427xx.o(.text)
    ETH_IRQHandler                           0x08000c53   Thumb Code     0  startup_stm32f427xx.o(.text)
    ETH_WKUP_IRQHandler                      0x08000c53   Thumb Code     0  startup_stm32f427xx.o(.text)
    EXTI0_IRQHandler                         0x08000c53   Thumb Code     0  startup_stm32f427xx.o(.text)
    EXTI15_10_IRQHandler                     0x08000c53   Thumb Code     0  startup_stm32f427xx.o(.text)
    EXTI1_IRQHandler                         0x08000c53   Thumb Code     0  startup_stm32f427xx.o(.text)
    EXTI2_IRQHandler                         0x08000c53   Thumb Code     0  startup_stm32f427xx.o(.text)
    EXTI3_IRQHandler                         0x08000c53   Thumb Code     0  startup_stm32f427xx.o(.text)
    EXTI4_IRQHandler                         0x08000c53   Thumb Code     0  startup_stm32f427xx.o(.text)
    EXTI9_5_IRQHandler                       0x08000c53   Thumb Code     0  startup_stm32f427xx.o(.text)
    FLASH_IRQHandler                         0x08000c53   Thumb Code     0  startup_stm32f427xx.o(.text)
    FMC_IRQHandler                           0x08000c53   Thumb Code     0  startup_stm32f427xx.o(.text)
    FPU_IRQHandler                           0x08000c53   Thumb Code     0  startup_stm32f427xx.o(.text)
    HASH_RNG_IRQHandler                      0x08000c53   Thumb Code     0  startup_stm32f427xx.o(.text)
    I2C1_ER_IRQHandler                       0x08000c53   Thumb Code     0  startup_stm32f427xx.o(.text)
    I2C1_EV_IRQHandler                       0x08000c53   Thumb Code     0  startup_stm32f427xx.o(.text)
    I2C2_ER_IRQHandler                       0x08000c53   Thumb Code     0  startup_stm32f427xx.o(.text)
    I2C2_EV_IRQHandler                       0x08000c53   Thumb Code     0  startup_stm32f427xx.o(.text)
    I2C3_ER_IRQHandler                       0x08000c53   Thumb Code     0  startup_stm32f427xx.o(.text)
    I2C3_EV_IRQHandler                       0x08000c53   Thumb Code     0  startup_stm32f427xx.o(.text)
    OTG_FS_IRQHandler                        0x08000c53   Thumb Code     0  startup_stm32f427xx.o(.text)
    OTG_FS_WKUP_IRQHandler                   0x08000c53   Thumb Code     0  startup_stm32f427xx.o(.text)
    OTG_HS_EP1_IN_IRQHandler                 0x08000c53   Thumb Code     0  startup_stm32f427xx.o(.text)
    OTG_HS_EP1_OUT_IRQHandler                0x08000c53   Thumb Code     0  startup_stm32f427xx.o(.text)
    OTG_HS_IRQHandler                        0x08000c53   Thumb Code     0  startup_stm32f427xx.o(.text)
    OTG_HS_WKUP_IRQHandler                   0x08000c53   Thumb Code     0  startup_stm32f427xx.o(.text)
    PVD_IRQHandler                           0x08000c53   Thumb Code     0  startup_stm32f427xx.o(.text)
    RCC_IRQHandler                           0x08000c53   Thumb Code     0  startup_stm32f427xx.o(.text)
    RTC_Alarm_IRQHandler                     0x08000c53   Thumb Code     0  startup_stm32f427xx.o(.text)
    RTC_WKUP_IRQHandler                      0x08000c53   Thumb Code     0  startup_stm32f427xx.o(.text)
    SAI1_IRQHandler                          0x08000c53   Thumb Code     0  startup_stm32f427xx.o(.text)
    SDIO_IRQHandler                          0x08000c53   Thumb Code     0  startup_stm32f427xx.o(.text)
    SPI1_IRQHandler                          0x08000c53   Thumb Code     0  startup_stm32f427xx.o(.text)
    SPI2_IRQHandler                          0x08000c53   Thumb Code     0  startup_stm32f427xx.o(.text)
    SPI3_IRQHandler                          0x08000c53   Thumb Code     0  startup_stm32f427xx.o(.text)
    SPI4_IRQHandler                          0x08000c53   Thumb Code     0  startup_stm32f427xx.o(.text)
    SPI5_IRQHandler                          0x08000c53   Thumb Code     0  startup_stm32f427xx.o(.text)
    SPI6_IRQHandler                          0x08000c53   Thumb Code     0  startup_stm32f427xx.o(.text)
    TAMP_STAMP_IRQHandler                    0x08000c53   Thumb Code     0  startup_stm32f427xx.o(.text)
    TIM1_BRK_TIM9_IRQHandler                 0x08000c53   Thumb Code     0  startup_stm32f427xx.o(.text)
    TIM1_CC_IRQHandler                       0x08000c53   Thumb Code     0  startup_stm32f427xx.o(.text)
    TIM1_TRG_COM_TIM11_IRQHandler            0x08000c53   Thumb Code     0  startup_stm32f427xx.o(.text)
    TIM1_UP_TIM10_IRQHandler                 0x08000c53   Thumb Code     0  startup_stm32f427xx.o(.text)
    TIM2_IRQHandler                          0x08000c53   Thumb Code     0  startup_stm32f427xx.o(.text)
    TIM3_IRQHandler                          0x08000c53   Thumb Code     0  startup_stm32f427xx.o(.text)
    TIM4_IRQHandler                          0x08000c53   Thumb Code     0  startup_stm32f427xx.o(.text)
    TIM7_IRQHandler                          0x08000c53   Thumb Code     0  startup_stm32f427xx.o(.text)
    TIM8_BRK_TIM12_IRQHandler                0x08000c53   Thumb Code     0  startup_stm32f427xx.o(.text)
    TIM8_CC_IRQHandler                       0x08000c53   Thumb Code     0  startup_stm32f427xx.o(.text)
    TIM8_TRG_COM_TIM14_IRQHandler            0x08000c53   Thumb Code     0  startup_stm32f427xx.o(.text)
    TIM8_UP_TIM13_IRQHandler                 0x08000c53   Thumb Code     0  startup_stm32f427xx.o(.text)
    UART4_IRQHandler                         0x08000c53   Thumb Code     0  startup_stm32f427xx.o(.text)
    UART5_IRQHandler                         0x08000c53   Thumb Code     0  startup_stm32f427xx.o(.text)
    UART7_IRQHandler                         0x08000c53   Thumb Code     0  startup_stm32f427xx.o(.text)
    UART8_IRQHandler                         0x08000c53   Thumb Code     0  startup_stm32f427xx.o(.text)
    USART1_IRQHandler                        0x08000c53   Thumb Code     0  startup_stm32f427xx.o(.text)
    USART2_IRQHandler                        0x08000c53   Thumb Code     0  startup_stm32f427xx.o(.text)
    USART3_IRQHandler                        0x08000c53   Thumb Code     0  startup_stm32f427xx.o(.text)
    USART6_IRQHandler                        0x08000c53   Thumb Code     0  startup_stm32f427xx.o(.text)
    WWDG_IRQHandler                          0x08000c53   Thumb Code     0  startup_stm32f427xx.o(.text)
    NVIC_PriorityGroupConfig                 0x08000c5d   Thumb Code    10  misc.o(.text)
    NVIC_Init                                0x08000c67   Thumb Code    96  misc.o(.text)
    NVIC_SetVectorTable                      0x08000cc7   Thumb Code    14  misc.o(.text)
    NVIC_SystemLPConfig                      0x08000cd5   Thumb Code    20  misc.o(.text)
    SysTick_CLKSourceConfig                  0x08000ce9   Thumb Code    24  misc.o(.text)
    CAN_DeInit                               0x08000d0d   Thumb Code    38  stm32f4xx_can.o(.text)
    CAN_Init                                 0x08000d33   Thumb Code   232  stm32f4xx_can.o(.text)
    CAN_FilterInit                           0x08000e1b   Thumb Code   194  stm32f4xx_can.o(.text)
    CAN_StructInit                           0x08000edd   Thumb Code    32  stm32f4xx_can.o(.text)
    CAN_SlaveStartBank                       0x08000efd   Thumb Code    38  stm32f4xx_can.o(.text)
    CAN_DBGFreeze                            0x08000f23   Thumb Code    20  stm32f4xx_can.o(.text)
    CAN_TTComModeCmd                         0x08000f37   Thumb Code    90  stm32f4xx_can.o(.text)
    CAN_Transmit                             0x08000f91   Thumb Code   164  stm32f4xx_can.o(.text)
    CAN_TransmitStatus                       0x08001035   Thumb Code    88  stm32f4xx_can.o(.text)
    CAN_CancelTransmit                       0x0800108d   Thumb Code    36  stm32f4xx_can.o(.text)
    CAN_Receive                              0x080010b1   Thumb Code   178  stm32f4xx_can.o(.text)
    CAN_FIFORelease                          0x08001163   Thumb Code    22  stm32f4xx_can.o(.text)
    CAN_MessagePending                       0x08001179   Thumb Code    22  stm32f4xx_can.o(.text)
    CAN_OperatingModeRequest                 0x0800118f   Thumb Code   140  stm32f4xx_can.o(.text)
    CAN_Sleep                                0x0800121b   Thumb Code    30  stm32f4xx_can.o(.text)
    CAN_WakeUp                               0x08001239   Thumb Code    40  stm32f4xx_can.o(.text)
    CAN_GetLastErrorCode                     0x08001261   Thumb Code    10  stm32f4xx_can.o(.text)
    CAN_GetReceiveErrorCounter               0x0800126b   Thumb Code     6  stm32f4xx_can.o(.text)
    CAN_GetLSBTransmitErrorCounter           0x08001271   Thumb Code     8  stm32f4xx_can.o(.text)
    CAN_ITConfig                             0x08001279   Thumb Code    16  stm32f4xx_can.o(.text)
    CAN_GetFlagStatus                        0x08001289   Thumb Code    52  stm32f4xx_can.o(.text)
    CAN_ClearFlag                            0x080012bd   Thumb Code    44  stm32f4xx_can.o(.text)
    CAN_GetITStatus                          0x080012e9   Thumb Code   162  stm32f4xx_can.o(.text)
    CAN_ClearITPendingBit                    0x0800138b   Thumb Code   116  stm32f4xx_can.o(.text)
    RCC_DeInit                               0x08001415   Thumb Code    68  stm32f4xx_rcc.o(.text)
    RCC_HSEConfig                            0x08001459   Thumb Code    12  stm32f4xx_rcc.o(.text)
    RCC_GetFlagStatus                        0x08001465   Thumb Code    46  stm32f4xx_rcc.o(.text)
    RCC_WaitForHSEStartUp                    0x08001493   Thumb Code    44  stm32f4xx_rcc.o(.text)
    RCC_AdjustHSICalibrationValue            0x080014bf   Thumb Code    16  stm32f4xx_rcc.o(.text)
    RCC_HSICmd                               0x080014cf   Thumb Code     6  stm32f4xx_rcc.o(.text)
    RCC_LSEConfig                            0x080014d5   Thumb Code    24  stm32f4xx_rcc.o(.text)
    RCC_LSICmd                               0x080014ed   Thumb Code     6  stm32f4xx_rcc.o(.text)
    RCC_PLLConfig                            0x080014f3   Thumb Code    32  stm32f4xx_rcc.o(.text)
    RCC_PLLCmd                               0x08001513   Thumb Code     6  stm32f4xx_rcc.o(.text)
    RCC_PLLI2SConfig                         0x08001519   Thumb Code    18  stm32f4xx_rcc.o(.text)
    RCC_PLLI2SCmd                            0x0800152b   Thumb Code     6  stm32f4xx_rcc.o(.text)
    RCC_PLLSAIConfig                         0x08001531   Thumb Code    18  stm32f4xx_rcc.o(.text)
    RCC_PLLSAICmd                            0x08001543   Thumb Code     6  stm32f4xx_rcc.o(.text)
    RCC_ClockSecuritySystemCmd               0x08001549   Thumb Code     6  stm32f4xx_rcc.o(.text)
    RCC_MCO1Config                           0x0800154f   Thumb Code    18  stm32f4xx_rcc.o(.text)
    RCC_MCO2Config                           0x08001561   Thumb Code    18  stm32f4xx_rcc.o(.text)
    RCC_SYSCLKConfig                         0x08001573   Thumb Code    16  stm32f4xx_rcc.o(.text)
    RCC_GetSYSCLKSource                      0x08001583   Thumb Code    12  stm32f4xx_rcc.o(.text)
    RCC_HCLKConfig                           0x0800158f   Thumb Code    16  stm32f4xx_rcc.o(.text)
    RCC_PCLK1Config                          0x0800159f   Thumb Code    16  stm32f4xx_rcc.o(.text)
    RCC_PCLK2Config                          0x080015af   Thumb Code    18  stm32f4xx_rcc.o(.text)
    RCC_GetClocksFreq                        0x080015c1   Thumb Code   134  stm32f4xx_rcc.o(.text)
    RCC_RTCCLKConfig                         0x08001647   Thumb Code    42  stm32f4xx_rcc.o(.text)
    RCC_RTCCLKCmd                            0x08001671   Thumb Code     8  stm32f4xx_rcc.o(.text)
    RCC_BackupResetCmd                       0x08001679   Thumb Code     8  stm32f4xx_rcc.o(.text)
    RCC_I2SCLKConfig                         0x08001681   Thumb Code     8  stm32f4xx_rcc.o(.text)
    RCC_SAIPLLI2SClkDivConfig                0x08001689   Thumb Code    18  stm32f4xx_rcc.o(.text)
    RCC_SAIPLLSAIClkDivConfig                0x0800169b   Thumb Code    24  stm32f4xx_rcc.o(.text)
    RCC_SAIBlockACLKConfig                   0x080016b3   Thumb Code    16  stm32f4xx_rcc.o(.text)
    RCC_SAIBlockBCLKConfig                   0x080016c3   Thumb Code    16  stm32f4xx_rcc.o(.text)
    RCC_LTDCCLKDivConfig                     0x080016d3   Thumb Code    16  stm32f4xx_rcc.o(.text)
    RCC_TIMCLKPresConfig                     0x080016e3   Thumb Code     8  stm32f4xx_rcc.o(.text)
    RCC_AHB1PeriphClockCmd                   0x080016eb   Thumb Code    20  stm32f4xx_rcc.o(.text)
    RCC_AHB2PeriphClockCmd                   0x080016ff   Thumb Code    20  stm32f4xx_rcc.o(.text)
    RCC_AHB3PeriphClockCmd                   0x08001713   Thumb Code    20  stm32f4xx_rcc.o(.text)
    RCC_APB1PeriphClockCmd                   0x08001727   Thumb Code    20  stm32f4xx_rcc.o(.text)
    RCC_APB2PeriphClockCmd                   0x0800173b   Thumb Code    20  stm32f4xx_rcc.o(.text)
    RCC_AHB1PeriphResetCmd                   0x0800174f   Thumb Code    20  stm32f4xx_rcc.o(.text)
    RCC_AHB2PeriphResetCmd                   0x08001763   Thumb Code    20  stm32f4xx_rcc.o(.text)
    RCC_AHB3PeriphResetCmd                   0x08001777   Thumb Code    20  stm32f4xx_rcc.o(.text)
    RCC_APB1PeriphResetCmd                   0x0800178b   Thumb Code    20  stm32f4xx_rcc.o(.text)
    RCC_APB2PeriphResetCmd                   0x0800179f   Thumb Code    20  stm32f4xx_rcc.o(.text)
    RCC_AHB1PeriphClockLPModeCmd             0x080017b3   Thumb Code    20  stm32f4xx_rcc.o(.text)
    RCC_AHB2PeriphClockLPModeCmd             0x080017c7   Thumb Code    20  stm32f4xx_rcc.o(.text)
    RCC_AHB3PeriphClockLPModeCmd             0x080017db   Thumb Code    20  stm32f4xx_rcc.o(.text)
    RCC_APB1PeriphClockLPModeCmd             0x080017ef   Thumb Code    68  stm32f4xx_rcc.o(.text)
    RCC_APB2PeriphClockLPModeCmd             0x08001833   Thumb Code    18  stm32f4xx_rcc.o(.text)
    RCC_LSEModeConfig                        0x08001845   Thumb Code    24  stm32f4xx_rcc.o(.text)
    RCC_ITConfig                             0x0800185d   Thumb Code    20  stm32f4xx_rcc.o(.text)
    RCC_ClearFlag                            0x08001871   Thumb Code    14  stm32f4xx_rcc.o(.text)
    RCC_GetITStatus                          0x0800187f   Thumb Code    18  stm32f4xx_rcc.o(.text)
    RCC_ClearITPendingBit                    0x08001891   Thumb Code     8  stm32f4xx_rcc.o(.text)
    TIM_DeInit                               0x0800189d   Thumb Code   284  stm32f4xx_tim.o(.text)
    TIM_TimeBaseInit                         0x080019b9   Thumb Code    96  stm32f4xx_tim.o(.text)
    TIM_TimeBaseStructInit                   0x08001a19   Thumb Code    18  stm32f4xx_tim.o(.text)
    TIM_PrescalerConfig                      0x08001a2b   Thumb Code     6  stm32f4xx_tim.o(.text)
    TIM_CounterModeConfig                    0x08001a31   Thumb Code    12  stm32f4xx_tim.o(.text)
    TIM_SetCounter                           0x08001a3d   Thumb Code     4  stm32f4xx_tim.o(.text)
    TIM_SetAutoreload                        0x08001a41   Thumb Code     4  stm32f4xx_tim.o(.text)
    TIM_GetCounter                           0x08001a45   Thumb Code     4  stm32f4xx_tim.o(.text)
    TIM_GetPrescaler                         0x08001a49   Thumb Code     4  stm32f4xx_tim.o(.text)
    TIM_UpdateDisableConfig                  0x08001a4d   Thumb Code    20  stm32f4xx_tim.o(.text)
    TIM_UpdateRequestConfig                  0x08001a61   Thumb Code    20  stm32f4xx_tim.o(.text)
    TIM_ARRPreloadConfig                     0x08001a75   Thumb Code    20  stm32f4xx_tim.o(.text)
    TIM_SelectOnePulseMode                   0x08001a89   Thumb Code    16  stm32f4xx_tim.o(.text)
    TIM_SetClockDivision                     0x08001a99   Thumb Code    16  stm32f4xx_tim.o(.text)
    TIM_Cmd                                  0x08001aa9   Thumb Code    20  stm32f4xx_tim.o(.text)
    TIM_OC1Init                              0x08001abd   Thumb Code    88  stm32f4xx_tim.o(.text)
    TIM_OC2Init                              0x08001b15   Thumb Code   120  stm32f4xx_tim.o(.text)
    TIM_OC3Init                              0x08001b8d   Thumb Code   116  stm32f4xx_tim.o(.text)
    TIM_OC4Init                              0x08001c01   Thumb Code    88  stm32f4xx_tim.o(.text)
    TIM_OCStructInit                         0x08001c59   Thumb Code    20  stm32f4xx_tim.o(.text)
    TIM_SelectOCxM                           0x08001c6d   Thumb Code   130  stm32f4xx_tim.o(.text)
    TIM_SetCompare1                          0x08001cef   Thumb Code     4  stm32f4xx_tim.o(.text)
    TIM_SetCompare2                          0x08001cf3   Thumb Code     4  stm32f4xx_tim.o(.text)
    TIM_SetCompare3                          0x08001cf7   Thumb Code     4  stm32f4xx_tim.o(.text)
    TIM_SetCompare4                          0x08001cfb   Thumb Code     4  stm32f4xx_tim.o(.text)
    TIM_ForcedOC1Config                      0x08001cff   Thumb Code    12  stm32f4xx_tim.o(.text)
    TIM_ForcedOC2Config                      0x08001d0b   Thumb Code    20  stm32f4xx_tim.o(.text)
    TIM_ForcedOC3Config                      0x08001d1f   Thumb Code    12  stm32f4xx_tim.o(.text)
    TIM_ForcedOC4Config                      0x08001d2b   Thumb Code    20  stm32f4xx_tim.o(.text)
    TIM_OC1PreloadConfig                     0x08001d3f   Thumb Code    12  stm32f4xx_tim.o(.text)
    TIM_OC2PreloadConfig                     0x08001d4b   Thumb Code    20  stm32f4xx_tim.o(.text)
    TIM_OC3PreloadConfig                     0x08001d5f   Thumb Code    12  stm32f4xx_tim.o(.text)
    TIM_OC4PreloadConfig                     0x08001d6b   Thumb Code    20  stm32f4xx_tim.o(.text)
    TIM_OC1FastConfig                        0x08001d7f   Thumb Code    12  stm32f4xx_tim.o(.text)
    TIM_OC2FastConfig                        0x08001d8b   Thumb Code    20  stm32f4xx_tim.o(.text)
    TIM_OC3FastConfig                        0x08001d9f   Thumb Code    12  stm32f4xx_tim.o(.text)
    TIM_OC4FastConfig                        0x08001dab   Thumb Code    20  stm32f4xx_tim.o(.text)
    TIM_ClearOC1Ref                          0x08001dbf   Thumb Code    12  stm32f4xx_tim.o(.text)
    TIM_ClearOC2Ref                          0x08001dcb   Thumb Code    20  stm32f4xx_tim.o(.text)
    TIM_ClearOC3Ref                          0x08001ddf   Thumb Code    12  stm32f4xx_tim.o(.text)
    TIM_ClearOC4Ref                          0x08001deb   Thumb Code    20  stm32f4xx_tim.o(.text)
    TIM_OC1PolarityConfig                    0x08001dff   Thumb Code    12  stm32f4xx_tim.o(.text)
    TIM_OC1NPolarityConfig                   0x08001e0b   Thumb Code    12  stm32f4xx_tim.o(.text)
    TIM_OC2PolarityConfig                    0x08001e17   Thumb Code    20  stm32f4xx_tim.o(.text)
    TIM_OC2NPolarityConfig                   0x08001e2b   Thumb Code    20  stm32f4xx_tim.o(.text)
    TIM_OC3PolarityConfig                    0x08001e3f   Thumb Code    20  stm32f4xx_tim.o(.text)
    TIM_OC3NPolarityConfig                   0x08001e53   Thumb Code    20  stm32f4xx_tim.o(.text)
    TIM_OC4PolarityConfig                    0x08001e67   Thumb Code    20  stm32f4xx_tim.o(.text)
    TIM_CCxCmd                               0x08001e7b   Thumb Code    22  stm32f4xx_tim.o(.text)
    TIM_CCxNCmd                              0x08001e91   Thumb Code    22  stm32f4xx_tim.o(.text)
    TIM_SetIC4Prescaler                      0x08001ea7   Thumb Code    24  stm32f4xx_tim.o(.text)
    TIM_SetIC3Prescaler                      0x08001ebf   Thumb Code    16  stm32f4xx_tim.o(.text)
    TIM_SetIC2Prescaler                      0x08001ecf   Thumb Code    24  stm32f4xx_tim.o(.text)
    TIM_SetIC1Prescaler                      0x08001f1d   Thumb Code    16  stm32f4xx_tim.o(.text)
    TIM_ICInit                               0x08001f2d   Thumb Code   164  stm32f4xx_tim.o(.text)
    TIM_ICStructInit                         0x08001fd1   Thumb Code    16  stm32f4xx_tim.o(.text)
    TIM_PWMIConfig                           0x08001fe1   Thumb Code   104  stm32f4xx_tim.o(.text)
    TIM_GetCapture1                          0x08002049   Thumb Code     4  stm32f4xx_tim.o(.text)
    TIM_GetCapture2                          0x0800204d   Thumb Code     4  stm32f4xx_tim.o(.text)
    TIM_GetCapture3                          0x08002051   Thumb Code     4  stm32f4xx_tim.o(.text)
    TIM_GetCapture4                          0x08002055   Thumb Code     4  stm32f4xx_tim.o(.text)
    TIM_BDTRConfig                           0x08002059   Thumb Code    34  stm32f4xx_tim.o(.text)
    TIM_BDTRStructInit                       0x0800207b   Thumb Code    18  stm32f4xx_tim.o(.text)
    TIM_CtrlPWMOutputs                       0x0800208d   Thumb Code    22  stm32f4xx_tim.o(.text)
    TIM_SelectCOM                            0x080020a3   Thumb Code    20  stm32f4xx_tim.o(.text)
    TIM_CCPreloadControl                     0x080020b7   Thumb Code    20  stm32f4xx_tim.o(.text)
    TIM_ITConfig                             0x080020cb   Thumb Code    16  stm32f4xx_tim.o(.text)
    TIM_GenerateEvent                        0x080020db   Thumb Code     4  stm32f4xx_tim.o(.text)
    TIM_GetFlagStatus                        0x080020df   Thumb Code    14  stm32f4xx_tim.o(.text)
    TIM_ClearFlag                            0x080020ed   Thumb Code     6  stm32f4xx_tim.o(.text)
    TIM_GetITStatus                          0x080020f3   Thumb Code    24  stm32f4xx_tim.o(.text)
    TIM_ClearITPendingBit                    0x0800210b   Thumb Code     6  stm32f4xx_tim.o(.text)
    TIM_DMAConfig                            0x08002111   Thumb Code     8  stm32f4xx_tim.o(.text)
    TIM_DMACmd                               0x08002119   Thumb Code    16  stm32f4xx_tim.o(.text)
    TIM_SelectCCDMA                          0x08002129   Thumb Code    20  stm32f4xx_tim.o(.text)
    TIM_InternalClockConfig                  0x0800213d   Thumb Code    10  stm32f4xx_tim.o(.text)
    TIM_SelectInputTrigger                   0x08002147   Thumb Code    12  stm32f4xx_tim.o(.text)
    TIM_ITRxExternalClockConfig              0x08002153   Thumb Code    18  stm32f4xx_tim.o(.text)
    TIM_TIxExternalClockConfig               0x08002165   Thumb Code    46  stm32f4xx_tim.o(.text)
    TIM_ETRConfig                            0x08002193   Thumb Code    24  stm32f4xx_tim.o(.text)
    TIM_ETRClockMode1Config                  0x080021ab   Thumb Code    18  stm32f4xx_tim.o(.text)
    TIM_ETRClockMode2Config                  0x080021bd   Thumb Code    18  stm32f4xx_tim.o(.text)
    TIM_SelectOutputTrigger                  0x080021cf   Thumb Code    16  stm32f4xx_tim.o(.text)
    TIM_SelectSlaveMode                      0x080021df   Thumb Code    16  stm32f4xx_tim.o(.text)
    TIM_SelectMasterSlaveMode                0x080021ef   Thumb Code    16  stm32f4xx_tim.o(.text)
    TIM_EncoderInterfaceConfig               0x080021ff   Thumb Code    50  stm32f4xx_tim.o(.text)
    TIM_SelectHallSensor                     0x08002231   Thumb Code    20  stm32f4xx_tim.o(.text)
    TIM_RemapConfig                          0x08002245   Thumb Code     6  stm32f4xx_tim.o(.text)
    DMA_DeInit                               0x08002279   Thumb Code   272  stm32f4xx_dma.o(.text)
    DMA_Init                                 0x08002389   Thumb Code    80  stm32f4xx_dma.o(.text)
    DMA_StructInit                           0x080023d9   Thumb Code    34  stm32f4xx_dma.o(.text)
    DMA_Cmd                                  0x080023fb   Thumb Code    20  stm32f4xx_dma.o(.text)
    DMA_PeriphIncOffsetSizeConfig            0x0800240f   Thumb Code    20  stm32f4xx_dma.o(.text)
    DMA_FlowControllerConfig                 0x08002423   Thumb Code    20  stm32f4xx_dma.o(.text)
    DMA_SetCurrDataCounter                   0x08002437   Thumb Code     4  stm32f4xx_dma.o(.text)
    DMA_GetCurrDataCounter                   0x0800243b   Thumb Code     6  stm32f4xx_dma.o(.text)
    DMA_DoubleBufferModeConfig               0x08002441   Thumb Code    22  stm32f4xx_dma.o(.text)
    DMA_DoubleBufferModeCmd                  0x08002457   Thumb Code    20  stm32f4xx_dma.o(.text)
    DMA_MemoryTargetConfig                   0x0800246b   Thumb Code    10  stm32f4xx_dma.o(.text)
    DMA_GetCurrentMemoryTarget               0x08002475   Thumb Code    14  stm32f4xx_dma.o(.text)
    DMA_GetCmdStatus                         0x08002483   Thumb Code    14  stm32f4xx_dma.o(.text)
    DMA_GetFIFOStatus                        0x08002491   Thumb Code     8  stm32f4xx_dma.o(.text)
    DMA_GetFlagStatus                        0x08002499   Thumb Code    42  stm32f4xx_dma.o(.text)
    DMA_ClearFlag                            0x080024c3   Thumb Code    34  stm32f4xx_dma.o(.text)
    DMA_ITConfig                             0x080024e5   Thumb Code    44  stm32f4xx_dma.o(.text)
    DMA_GetITStatus                          0x08002511   Thumb Code    70  stm32f4xx_dma.o(.text)
    DMA_ClearITPendingBit                    0x08002557   Thumb Code    34  stm32f4xx_dma.o(.text)
    GPIO_DeInit                              0x08002599   Thumb Code   216  stm32f4xx_gpio.o(.text)
    GPIO_Init                                0x08002671   Thumb Code   120  stm32f4xx_gpio.o(.text)
    GPIO_StructInit                          0x080026e9   Thumb Code    18  stm32f4xx_gpio.o(.text)
    GPIO_PinLockConfig                       0x080026fb   Thumb Code    24  stm32f4xx_gpio.o(.text)
    GPIO_ReadInputDataBit                    0x08002713   Thumb Code    14  stm32f4xx_gpio.o(.text)
    GPIO_ReadInputData                       0x08002721   Thumb Code     6  stm32f4xx_gpio.o(.text)
    GPIO_ReadOutputDataBit                   0x08002727   Thumb Code    14  stm32f4xx_gpio.o(.text)
    GPIO_ReadOutputData                      0x08002735   Thumb Code     6  stm32f4xx_gpio.o(.text)
    GPIO_SetBits                             0x0800273b   Thumb Code     4  stm32f4xx_gpio.o(.text)
    GPIO_ResetBits                           0x0800273f   Thumb Code     4  stm32f4xx_gpio.o(.text)
    GPIO_WriteBit                            0x08002743   Thumb Code    10  stm32f4xx_gpio.o(.text)
    GPIO_Write                               0x0800274d   Thumb Code     4  stm32f4xx_gpio.o(.text)
    GPIO_ToggleBits                          0x08002751   Thumb Code     8  stm32f4xx_gpio.o(.text)
    GPIO_PinAFConfig                         0x08002759   Thumb Code    32  stm32f4xx_gpio.o(.text)
    USART_DeInit                             0x080027a5   Thumb Code   138  stm32f4xx_usart.o(.text)
    USART_Init                               0x0800282f   Thumb Code   164  stm32f4xx_usart.o(.text)
    USART_StructInit                         0x080028d3   Thumb Code    22  stm32f4xx_usart.o(.text)
    USART_ClockInit                          0x080028e9   Thumb Code    28  stm32f4xx_usart.o(.text)
    USART_ClockStructInit                    0x08002905   Thumb Code    12  stm32f4xx_usart.o(.text)
    USART_Cmd                                0x08002911   Thumb Code    20  stm32f4xx_usart.o(.text)
    USART_SetPrescaler                       0x08002925   Thumb Code    16  stm32f4xx_usart.o(.text)
    USART_OverSampling8Cmd                   0x08002935   Thumb Code    20  stm32f4xx_usart.o(.text)
    USART_OneBitMethodCmd                    0x08002949   Thumb Code    20  stm32f4xx_usart.o(.text)
    USART_SendData                           0x0800295d   Thumb Code     8  stm32f4xx_usart.o(.text)
    USART_ReceiveData                        0x08002965   Thumb Code     8  stm32f4xx_usart.o(.text)
    USART_SetAddress                         0x0800296d   Thumb Code    16  stm32f4xx_usart.o(.text)
    USART_ReceiverWakeUpCmd                  0x0800297d   Thumb Code    20  stm32f4xx_usart.o(.text)
    USART_WakeUpConfig                       0x08002991   Thumb Code    16  stm32f4xx_usart.o(.text)
    USART_LINBreakDetectLengthConfig         0x080029a1   Thumb Code    16  stm32f4xx_usart.o(.text)
    USART_LINCmd                             0x080029b1   Thumb Code    20  stm32f4xx_usart.o(.text)
    USART_SendBreak                          0x080029c5   Thumb Code    10  stm32f4xx_usart.o(.text)
    USART_HalfDuplexCmd                      0x080029cf   Thumb Code    20  stm32f4xx_usart.o(.text)
    USART_SetGuardTime                       0x080029e3   Thumb Code    16  stm32f4xx_usart.o(.text)
    USART_SmartCardCmd                       0x080029f3   Thumb Code    20  stm32f4xx_usart.o(.text)
    USART_SmartCardNACKCmd                   0x08002a07   Thumb Code    20  stm32f4xx_usart.o(.text)
    USART_IrDAConfig                         0x08002a1b   Thumb Code    16  stm32f4xx_usart.o(.text)
    USART_IrDACmd                            0x08002a2b   Thumb Code    20  stm32f4xx_usart.o(.text)
    USART_DMACmd                             0x08002a3f   Thumb Code    16  stm32f4xx_usart.o(.text)
    USART_ITConfig                           0x08002a4f   Thumb Code    48  stm32f4xx_usart.o(.text)
    USART_GetFlagStatus                      0x08002a7f   Thumb Code    14  stm32f4xx_usart.o(.text)
    USART_ClearFlag                          0x08002a8d   Thumb Code     6  stm32f4xx_usart.o(.text)
    USART_GetITStatus                        0x08002a93   Thumb Code    62  stm32f4xx_usart.o(.text)
    USART_ClearITPendingBit                  0x08002ad1   Thumb Code    12  stm32f4xx_usart.o(.text)
    Cmd_3510_ESC                             0x08002afd   Thumb Code    78  motor_chassis.o(.text)
    Get_3510_data                            0x08002b4b   Thumb Code   116  motor_chassis.o(.text)
    Cmd_6623_ESC                             0x08002bc9   Thumb Code    74  motor_cradle_head.o(.text)
    Get_6623_data                            0x08002c13   Thumb Code    64  motor_cradle_head.o(.text)
    Get_6623_Speed                           0x08002c53   Thumb Code   154  motor_cradle_head.o(.text)
    __scatterload                            0x08002d09   Thumb Code    28  init.o(.text)
    __scatterload_rt2                        0x08002d09   Thumb Code     0  init.o(.text)
    __scatterload_copy                       0x08002d2d   Thumb Code    14  handlers.o(i.__scatterload_copy)
    __scatterload_null                       0x08002d3b   Thumb Code     2  handlers.o(i.__scatterload_null)
    __scatterload_zeroinit                   0x08002d3d   Thumb Code    14  handlers.o(i.__scatterload_zeroinit)
    Region$$Table$$Base                      0x08002d4c   Number         0  anon$$obj.o(Region$$Table)
    Region$$Table$$Limit                     0x08002d6c   Number         0  anon$$obj.o(Region$$Table)
    SystemCoreClock                          0x20000004   Data           4  system_stm32f4xx.o(.data)
    AHBPrescTable                            0x20000008   Data          16  system_stm32f4xx.o(.data)
    g_DMA_Dbus_Buff                          0x20000030   Data          18  bsp_dma.o(.bss)
    g_DMA_Judge_Send_Buff                    0x20000042   Data         255  bsp_dma.o(.bss)
    g_DMA_Judge_Reve_Buff                    0x20000141   Data         255  bsp_dma.o(.bss)
    data_3510                                0x20000240   Data          24  motor_chassis.o(.bss)
    g_data_6623                              0x20000258   Data          20  motor_cradle_head.o(.bss)
    __initial_sp                             0x20000670   Data           0  startup_stm32f427xx.o(STACK)



==============================================================================

Memory Map of the image

  Image Entry point : 0x080001ad

  Load Region LR_IROM1 (Base: 0x08000000, Size: 0x00002d9c, Max: 0x00200000, ABSOLUTE)

    Execution Region ER_IROM1 (Exec base: 0x08000000, Load base: 0x08000000, Size: 0x00002d6c, Max: 0x00200000, ABSOLUTE)

    Exec Addr    Load Addr    Size         Type   Attr      Idx    E Section Name        Object

    0x08000000   0x08000000   0x000001ac   Data   RO          390    RESET               startup_stm32f427xx.o
    0x080001ac   0x080001ac   0x00000000   Code   RO          611  * .ARM.Collect$$$$00000000  mc_w.l(entry.o)
    0x080001ac   0x080001ac   0x00000004   Code   RO          614    .ARM.Collect$$$$00000001  mc_w.l(entry2.o)
    0x080001b0   0x080001b0   0x00000004   Code   RO          617    .ARM.Collect$$$$00000004  mc_w.l(entry5.o)
    0x080001b4   0x080001b4   0x00000000   Code   RO          619    .ARM.Collect$$$$00000008  mc_w.l(entry7b.o)
    0x080001b4   0x080001b4   0x00000000   Code   RO          621    .ARM.Collect$$$$0000000A  mc_w.l(entry8b.o)
    0x080001b4   0x080001b4   0x00000008   Code   RO          622    .ARM.Collect$$$$0000000B  mc_w.l(entry9a.o)
    0x080001bc   0x080001bc   0x00000000   Code   RO          624    .ARM.Collect$$$$0000000D  mc_w.l(entry10a.o)
    0x080001bc   0x080001bc   0x00000000   Code   RO          626    .ARM.Collect$$$$0000000F  mc_w.l(entry11a.o)
    0x080001bc   0x080001bc   0x00000004   Code   RO          615    .ARM.Collect$$$$00002712  mc_w.l(entry2.o)
    0x080001c0   0x080001c0   0x00000110   Code   RO            3    .text               bsp_can.o
    0x080002d0   0x080002d0   0x000000b4   Code   RO          139    .text               bsp_time.o
    0x08000384   0x08000384   0x0000020c   Code   RO          162    .text               bsp_gpio.o
    0x08000590   0x08000590   0x000000a8   Code   RO          185    .text               bsp_usart.o
    0x08000638   0x08000638   0x00000120   Code   RO          208    .text               bsp_dma.o
    0x08000758   0x08000758   0x00000134   Code   RO          234    .text               bsp_nvic.o
    0x0800088c   0x0800088c   0x0000003c   Code   RO          257    .text               main.o
    0x080008c8   0x080008c8   0x000000b8   Code   RO          299    .text               delay.o
    0x08000980   0x08000980   0x00000048   Code   RO          321    .text               sysconfig.o
    0x080009c8   0x080009c8   0x000000d4   Code   RO          341    .text               stm32f4xx_it.o
    0x08000a9c   0x08000a9c   0x0000019c   Code   RO          364    .text               system_stm32f4xx.o
    0x08000c38   0x08000c38   0x00000024   Code   RO          391    .text               startup_stm32f427xx.o
    0x08000c5c   0x08000c5c   0x000000b0   Code   RO          397    .text               misc.o
    0x08000d0c   0x08000d0c   0x00000708   Code   RO          417    .text               stm32f4xx_can.o
    0x08001414   0x08001414   0x00000488   Code   RO          437    .text               stm32f4xx_rcc.o
    0x0800189c   0x0800189c   0x000009dc   Code   RO          459    .text               stm32f4xx_tim.o
    0x08002278   0x08002278   0x00000320   Code   RO          480    .text               stm32f4xx_dma.o
    0x08002598   0x08002598   0x0000020c   Code   RO          520    .text               stm32f4xx_gpio.o
    0x080027a4   0x080027a4   0x00000358   Code   RO          540    .text               stm32f4xx_usart.o
    0x08002afc   0x08002afc   0x000000cc   Code   RO          560    .text               motor_chassis.o
    0x08002bc8   0x08002bc8   0x00000140   Code   RO          586    .text               motor_cradle_head.o
    0x08002d08   0x08002d08   0x00000024   Code   RO          628    .text               mc_w.l(init.o)
    0x08002d2c   0x08002d2c   0x0000000e   Code   RO          632    i.__scatterload_copy  mc_w.l(handlers.o)
    0x08002d3a   0x08002d3a   0x00000002   Code   RO          633    i.__scatterload_null  mc_w.l(handlers.o)
    0x08002d3c   0x08002d3c   0x0000000e   Code   RO          634    i.__scatterload_zeroinit  mc_w.l(handlers.o)
    0x08002d4a   0x08002d4a   0x00000002   PAD
    0x08002d4c   0x08002d4c   0x00000020   Data   RO          630    Region$$Table       anon$$obj.o


    Execution Region RW_IRAM1 (Exec base: 0x20000000, Load base: 0x08002d6c, Size: 0x00000670, Max: 0x00030000, ABSOLUTE)

    Exec Addr    Load Addr    Size         Type   Attr      Idx    E Section Name        Object

    0x20000000   0x08002d6c   0x00000004   Data   RW          300    .data               delay.o
    0x20000004   0x08002d70   0x00000014   Data   RW          365    .data               system_stm32f4xx.o
    0x20000018   0x08002d84   0x00000010   Data   RW          438    .data               stm32f4xx_rcc.o
    0x20000028   0x08002d94   0x00000008   Data   RW          588    .data               motor_cradle_head.o
    0x20000030        -       0x00000210   Zero   RW          209    .bss                bsp_dma.o
    0x20000240        -       0x00000018   Zero   RW          561    .bss                motor_chassis.o
    0x20000258        -       0x00000014   Zero   RW          587    .bss                motor_cradle_head.o
    0x2000026c   0x08002d9c   0x00000004   PAD
    0x20000270        -       0x00000400   Zero   RW          388    STACK               startup_stm32f427xx.o


==============================================================================

Image component sizes


      Code (inc. data)   RO Data    RW Data    ZI Data      Debug   Object Name

       272         10          0          0          0     309495   bsp_can.o
       288         20          0          0        528       1269   bsp_dma.o
       524         30          0          0          0        820   bsp_gpio.o
       308         30          0          0          0        672   bsp_nvic.o
       180          8          0          0          0        696   bsp_time.o
       168         12          0          0          0        585   bsp_usart.o
       184          4          0          4          0       1433   delay.o
        60          6          0          0          0       1691   main.o
       176         12          0          0          0       1929   misc.o
       204         10          0          0         24       1629   motor_chassis.o
       320         28          0          8         20       2406   motor_cradle_head.o
        36          8        428          0       1024        800   startup_stm32f427xx.o
      1800         44          0          0          0       8764   stm32f4xx_can.o
       800         32          0          0          0       6949   stm32f4xx_dma.o
       524         44          0          0          0       4457   stm32f4xx_gpio.o
       212         26          0          0          0       2054   stm32f4xx_it.o
      1160         52          0         16          0      13332   stm32f4xx_rcc.o
      2524         52          0          0          0      23978   stm32f4xx_tim.o
       856         32          0          0          0       8272   stm32f4xx_usart.o
        72          6          0          0          0        720   sysconfig.o
       412         40          0         20          0       1883   system_stm32f4xx.o

    ----------------------------------------------------------------------
     11080        506        460         48       1600     393834   Object Totals
         0          0         32          0          0          0   (incl. Generated)
         0          0          0          0          4          0   (incl. Padding)

    ----------------------------------------------------------------------

      Code (inc. data)   RO Data    RW Data    ZI Data      Debug   Library Member Name

         0          0          0          0          0          0   entry.o
         0          0          0          0          0          0   entry10a.o
         0          0          0          0          0          0   entry11a.o
         8          4          0          0          0          0   entry2.o
         4          0          0          0          0          0   entry5.o
         0          0          0          0          0          0   entry7b.o
         0          0          0          0          0          0   entry8b.o
         8          4          0          0          0          0   entry9a.o
        30          0          0          0          0          0   handlers.o
        36          8          0          0          0         68   init.o

    ----------------------------------------------------------------------
        88         16          0          0          0         68   Library Totals
         2          0          0          0          0          0   (incl. Padding)

    ----------------------------------------------------------------------

      Code (inc. data)   RO Data    RW Data    ZI Data      Debug   Library Name

        86         16          0          0          0         68   mc_w.l

    ----------------------------------------------------------------------
        88         16          0          0          0         68   Library Totals

    ----------------------------------------------------------------------

==============================================================================


      Code (inc. data)   RO Data    RW Data    ZI Data      Debug   

     11168        522        460         48       1600     389806   Grand Totals
     11168        522        460         48       1600     389806   ELF Image Totals
     11168        522        460         48          0          0   ROM Totals

==============================================================================

    Total RO  Size (Code + RO Data)                11628 (  11.36kB)
    Total RW  Size (RW Data + ZI Data)              1648 (   1.61kB)
    Total ROM Size (Code + RO Data + RW Data)      11676 (  11.40kB)

==============================================================================

