Component: ARM Compiler 5.06 update 6 (build 750) Tool: armlink [4d35ed]

==============================================================================

Section Cross References

    bsp_can.o(.text) refers to stm32f4xx_rcc.o(.text) for RCC_APB1PeriphClockCmd
    bsp_can.o(.text) refers to stm32f4xx_can.o(.text) for CAN_DeInit
    bsp_time.o(.text) refers to stm32f4xx_rcc.o(.text) for RCC_APB1PeriphClockCmd
    bsp_time.o(.text) refers to stm32f4xx_tim.o(.text) for TIM_TimeBaseInit
    bsp_gpio.o(.text) refers to stm32f4xx_rcc.o(.text) for RCC_AHB1PeriphClockCmd
    bsp_gpio.o(.text) refers to stm32f4xx_gpio.o(.text) for GPIO_Init
    bsp_gpio.o(.text) refers to stm32f4xx_syscfg.o(.text) for SYSCFG_EXTILineConfig
    bsp_usart.o(.text) refers to stm32f4xx_rcc.o(.text) for RCC_APB2PeriphClockCmd
    bsp_usart.o(.text) refers to stm32f4xx_usart.o(.text) for USART_DeInit
    bsp_dma.o(.text) refers to stm32f4xx_rcc.o(.text) for RCC_AHB1PeriphClockCmd
    bsp_dma.o(.text) refers to stm32f4xx_dma.o(.text) for DMA_DeInit
    bsp_dma.o(.text) refers to bsp_dma.o(.bss) for .bss
    bsp_nvic.o(.text) refers to misc.o(.text) for NVIC_PriorityGroupConfig
    bsp_nvic.o(.text) refers to stm32f4xx_dma.o(.text) for DMA_ITConfig
    bsp_nvic.o(.text) refers to stm32f4xx_usart.o(.text) for USART_ITConfig
    bsp_nvic.o(.text) refers to stm32f4xx_can.o(.text) for CAN_ITConfig
    bsp_nvic.o(.text) refers to stm32f4xx_exti.o(.text) for EXTI_Init
    mpl.o(.text) refers to storage_manager.o(.text) for inv_init_storage_manager
    mpl.o(.text) refers to start_manager.o(.text) for inv_init_start_manager
    mpl.o(.text) refers to data_builder.o(.text) for inv_init_data_builder
    mpl.o(.text) refers to results_holder.o(.text) for inv_enable_results_holder
    mpl.o(.text) refers to log_stm32.o(.text) for _MLPrintLog
    mpl.o(.text) refers to mpl.o(.constdata) for .constdata
    mlmath.o(.text) refers to asin.o(i.__hardfp_asin) for __hardfp_asin
    mlmath.o(.text) refers to atan.o(i.__hardfp_atan) for __hardfp_atan
    mlmath.o(.text) refers to atan2.o(i.__hardfp_atan2) for __hardfp_atan2
    mlmath.o(.text) refers to log.o(i.__hardfp_log) for __hardfp_log
    mlmath.o(.text) refers to sqrt.o(i.__hardfp_sqrt) for __hardfp_sqrt
    mlmath.o(.text) refers to ceil.o(i.__hardfp_ceil) for __hardfp_ceil
    mlmath.o(.text) refers to floor.o(i.__hardfp_floor) for __hardfp_floor
    mlmath.o(.text) refers to cos.o(i.__hardfp_cos) for __hardfp_cos
    mlmath.o(.text) refers to sin.o(i.__hardfp_sin) for __hardfp_sin
    mlmath.o(.text) refers to acos.o(i.__hardfp_acos) for __hardfp_acos
    mlmath.o(.text) refers to pow.o(i.__hardfp_pow) for __hardfp_pow
    inv_mpu.o(.text) refers to drive_imu.o(.text) for MPU_Write_Len
    inv_mpu.o(.text) refers to printfa.o(i.__0printf) for __2printf
    inv_mpu.o(.text) refers to drive_delay.o(.text) for Delay_MS
    inv_mpu.o(.text) refers to inv_mpu.o(.data) for .data
    inv_mpu.o(.text) refers to ldiv.o(.text) for __aeabi_ldivmod
    inv_mpu.o(.text) refers to f2d.o(.text) for __aeabi_f2d
    inv_mpu.o(.text) refers to dflti.o(.text) for __aeabi_i2d
    inv_mpu.o(.text) refers to fabs.o(i.__hardfp_fabs) for __hardfp_fabs
    inv_mpu.o(.text) refers to cdrcmple.o(.text) for __aeabi_cdrcmple
    inv_mpu.o(.text) refers to inv_mpu.o(.constdata) for .constdata
    inv_mpu.o(.text) refers to memcmp.o(.text) for memcmp
    inv_mpu.o(.text) refers to inv_mpu_dmp_motion_driver.o(.text) for dmp_set_gyro_bias
    inv_mpu.o(.text) refers to mpl.o(.text) for inv_init_mpl
    inv_mpu.o(.text) refers to quaternion_supervisor.o(.text) for inv_enable_quaternion
    inv_mpu.o(.text) refers to fusion_9axis.o(.text) for inv_enable_9x_sensor_fusion
    inv_mpu.o(.text) refers to fast_no_motion.o(.text) for inv_enable_fast_nomot
    inv_mpu.o(.text) refers to gyro_tc.o(.text) for inv_enable_gyro_tc
    inv_mpu.o(.text) refers to mag_disturb.o(.text) for inv_enable_magnetic_disturbance
    inv_mpu.o(.text) refers to empl_outputs.o(.text) for inv_enable_eMPL_outputs
    inv_mpu.o(.text) refers to data_builder.o(.text) for inv_set_gyro_sample_rate
    inv_mpu.o(.text) refers to ml_math_func.o(.text) for inv_orientation_matrix_to_scalar
    inv_mpu.o(.text) refers to asin.o(i.__hardfp_asin) for __hardfp_asin
    inv_mpu.o(.text) refers to dmul.o(.text) for __aeabi_dmul
    inv_mpu.o(.text) refers to d2f.o(.text) for __aeabi_d2f
    inv_mpu.o(.text) refers to atan2.o(i.__hardfp_atan2) for __hardfp_atan2
    inv_mpu.o(.text) refers to drive_imu.o(.bss) for g_imu_data
    inv_mpu.o(.data) refers to inv_mpu.o(.conststring) for .conststring
    inv_mpu.o(.data) refers to inv_mpu.o(.constdata) for reg
    inv_mpu.o(.data) refers to inv_mpu.o(.constdata) for hw
    inv_mpu.o(.data) refers to inv_mpu.o(.constdata) for test
    log_stm32.o(.text) refers to printfa.o(i.__0vsprintf) for vsprintf
    log_stm32.o(.text) refers to memseta.o(.text) for __aeabi_memclr4
[...]
    TIM8_TRG_COM_TIM14_IRQHandler            0x08006753   Thumb Code     0  startup_stm32f427xx.o(.text)
    TIM8_UP_TIM13_IRQHandler                 0x08006753   Thumb Code     0  startup_stm32f427xx.o(.text)
    UART4_IRQHandler                         0x08006753   Thumb Code     0  startup_stm32f427xx.o(.text)
    UART5_IRQHandler                         0x08006753   Thumb Code     0  startup_stm32f427xx.o(.text)
    UART7_IRQHandler                         0x08006753   Thumb Code     0  startup_stm32f427xx.o(.text)
    UART8_IRQHandler                         0x08006753   Thumb Code     0  startup_stm32f427xx.o(.text)
    USART1_IRQHandler                        0x08006753   Thumb Code     0  startup_stm32f427xx.o(.text)
    USART2_IRQHandler                        0x08006753   Thumb Code     0  startup_stm32f427xx.o(.text)
    USART3_IRQHandler                        0x08006753   Thumb Code     0  startup_stm32f427xx.o(.text)
    WWDG_IRQHandler                          0x08006753   Thumb Code     0  startup_stm32f427xx.o(.text)
    PID_GetP                                 0x0800675d   Thumb Code    10  math_pid.o(.text)
    PID_GetI                                 0x08006767   Thumb Code    72  math_pid.o(.text)
    PID_GetD                                 0x080067af   Thumb Code    80  math_pid.o(.text)
    PID_GetPID                               0x080067ff   Thumb Code   114  math_pid.o(.text)
    PID_SetParam                             0x08006871   Thumb Code    54  math_pid.o(.text)
    ConstrainFloat                           0x080068b1   Thumb Code    62  math_tool.o(.text)
    ApplyDeadbandFloat                       0x080068ef   Thumb Code    36  math_tool.o(.text)
    ApplyDeadbandInt                         0x08006913   Thumb Code    18  math_tool.o(.text)
    Radians                                  0x08006925   Thumb Code    10  math_tool.o(.text)
    Degrees                                  0x0800692f   Thumb Code    10  math_tool.o(.text)
    vTaskLED                                 0x08006945   Thumb Code    46  task_config.o(.text)
    vTaskStart                               0x08006973   Thumb Code   162  task_config.o(.text)
    Chassis_Move                             0x08006a8d   Thumb Code    94  task_control.o(.text)
    vTaskControl                             0x08006aeb   Thumb Code   180  task_control.o(.text)
    vTaskCANParse                            0x08006bc5   Thumb Code    54  task_can_parse.o(.text)
    vTaskUSARTParse                          0x08006c01   Thumb Code    22  task_usart_parse.o(.text)
    vTaskRCParse                             0x08006c19   Thumb Code   104  task_rc_parse.o(.text)
    vTaskIMUData                             0x08006c8d   Thumb Code    38  task_imudata.o(.text)
    NVIC_PriorityGroupConfig                 0x08006cb9   Thumb Code    10  misc.o(.text)
    NVIC_Init                                0x08006cc3   Thumb Code    96  misc.o(.text)
    NVIC_SetVectorTable                      0x08006d23   Thumb Code    14  misc.o(.text)
    NVIC_SystemLPConfig                      0x08006d31   Thumb Code    20  misc.o(.text)
    SysTick_CLKSourceConfig                  0x08006d45   Thumb Code    24  misc.o(.text)
    CAN_DeInit                               0x08006d69   Thumb Code    38  stm32f4xx_can.o(.text)
    CAN_Init                                 0x08006d8f   Thumb Code   232  stm32f4xx_can.o(.text)
    CAN_FilterInit                           0x08006e77   Thumb Code   194  stm32f4xx_can.o(.text)
    CAN_StructInit                           0x08006f39   Thumb Code    32  stm32f4xx_can.o(.text)
    CAN_SlaveStartBank                       0x08006f59   Thumb Code    38  stm32f4xx_can.o(.text)
    CAN_DBGFreeze                            0x08006f7f   Thumb Code    20  stm32f4xx_can.o(.text)
    CAN_TTComModeCmd                         0x08006f93   Thumb Code    90  stm32f4xx_can.o(.text)
    CAN_Transmit                             0x08006fed   Thumb Code   164  stm32f4xx_can.o(.text)
    CAN_TransmitStatus                       0x08007091   Thumb Code    88  stm32f4xx_can.o(.text)
    CAN_CancelTransmit                       0x080070e9   Thumb Code    36  stm32f4xx_can.o(.text)
    CAN_Receive                              0x0800710d   Thumb Code   178  stm32f4xx_can.o(.text)
    CAN_FIFORelease                          0x080071bf   Thumb Code    22  stm32f4xx_can.o(.text)
    CAN_MessagePending                       0x080071d5   Thumb Code    22  stm32f4xx_can.o(.text)
    CAN_OperatingModeRequest                 0x080071eb   Thumb Code   140  stm32f4xx_can.o(.text)
    CAN_Sleep                                0x08007277   Thumb Code    30  stm32f4xx_can.o(.text)
    CAN_WakeUp                               0x08007295   Thumb Code    40  stm32f4xx_can.o(.text)
    CAN_GetLastErrorCode                     0x080072bd   Thumb Code    10  stm32f4xx_can.o(.text)
    CAN_GetReceiveErrorCounter               0x080072c7   Thumb Code     6  stm32f4xx_can.o(.text)
    CAN_GetLSBTransmitErrorCounter           0x080072cd   Thumb Code     8  stm32f4xx_can.o(.text)
    CAN_ITConfig                             0x080072d5   Thumb Code    16  stm32f4xx_can.o(.text)
    CAN_GetFlagStatus                        0x080072e5   Thumb Code    52  stm32f4xx_can.o(.text)
    CAN_ClearFlag                            0x08007319   Thumb Code    44  stm32f4xx_can.o(.text)
    CAN_GetITStatus                          0x08007345   Thumb Code   162  stm32f4xx_can.o(.text)
    CAN_ClearITPendingBit                    0x080073e7   Thumb Code   116  stm32f4xx_can.o(.text)
    RCC_DeInit                               0x08007471   Thumb Code    68  stm32f4xx_rcc.o(.text)
    RCC_HSEConfig                            0x080074b5   Thumb Code    12  stm32f4xx_rcc.o(.text)
    RCC_GetFlagStatus                        0x080074c1   Thumb Code    46  stm32f4xx_rcc.o(.text)
    RCC_WaitForHSEStartUp                    0x080074ef   Thumb Code    44  stm32f4xx_rcc.o(.text)
    RCC_AdjustHSICalibrationValue            0x0800751b   Thumb Code    16  stm32f4xx_rcc.o(.text)
    RCC_HSICmd                               0x0800752b   Thumb Code     6  stm32f4xx_rcc.o(.text)
    RCC_LSEConfig                            0x08007531   Thumb Code    24  stm32f4xx_rcc.o(.text)
    RCC_LSICmd                               0x08007549   Thumb Code     6  stm32f4xx_rcc.o(.text)
    RCC_PLLConfig                            0x0800754f   Thumb Code    32  stm32f4xx_rcc.o(.text)
    RCC_PLLCmd                               0x0800756f   Thumb Code     6  stm32f4xx_rcc.o(.text)
    RCC_PLLI2SConfig                         0x08007575   Thumb Code    18  stm32f4xx_rcc.o(.text)
    RCC_PLLI2SCmd                            0x08007587   Thumb Code     6  stm32f4xx_rcc.o(.text)
    RCC_PLLSAIConfig                         0x0800758d   Thumb Code    18  stm32f4xx_rcc.o(.text)
    RCC_PLLSAICmd                            0x0800759f   Thumb Code     6  stm32f4xx_rcc.o(.text)
    RCC_ClockSecuritySystemCmd               0x080075a5   Thumb Code     6  stm32f4xx_rcc.o(.text)
    RCC_MCO1Config                           0x080075ab   Thumb Code    18  stm32f4xx_rcc.o(.text)
    RCC_MCO2Config                           0x080075bd   Thumb Code    18  stm32f4xx_rcc.o(.text)
    RCC_SYSCLKConfig                         0x080075cf   Thumb Code    16  stm32f4xx_rcc.o(.text)
    RCC_GetSYSCLKSource                      0x080075df   Thumb Code    12  stm32f4xx_rcc.o(.text)
    RCC_HCLKConfig                           0x080075eb   Thumb Code    16  stm32f4xx_rcc.o(.text)
    RCC_PCLK1Config                          0x080075fb   Thumb Code    16  stm32f4xx_rcc.o(.text)
    RCC_PCLK2Config                          0x0800760b   Thumb Code    18  stm32f4xx_rcc.o(.text)
    RCC_GetClocksFreq                        0x0800761d   Thumb Code   134  stm32f4xx_rcc.o(.text)
    RCC_RTCCLKConfig                         0x080076a3   Thumb Code    42  stm32f4xx_rcc.o(.text)
    RCC_RTCCLKCmd                            0x080076cd   Thumb Code     8  stm32f4xx_rcc.o(.text)
    RCC_BackupResetCmd                       0x080076d5   Thumb Code     8  stm32f4xx_rcc.o(.text)
    RCC_I2SCLKConfig                         0x080076dd   Thumb Code     8  stm32f4xx_rcc.o(.text)
    RCC_SAIPLLI2SClkDivConfig                0x080076e5   Thumb Code    18  stm32f4xx_rcc.o(.text)
    RCC_SAIPLLSAIClkDivConfig                0x080076f7   Thumb Code    24  stm32f4xx_rcc.o(.text)
    RCC_SAIBlockACLKConfig                   0x0800770f   Thumb Code    16  stm32f4xx_rcc.o(.text)
    RCC_SAIBlockBCLKConfig                   0x0800771f   Thumb Code    16  stm32f4xx_rcc.o(.text)
    RCC_LTDCCLKDivConfig                     0x0800772f   Thumb Code    16  stm32f4xx_rcc.o(.text)
    RCC_TIMCLKPresConfig                     0x0800773f   Thumb Code     8  stm32f4xx_rcc.o(.text)
    RCC_AHB1PeriphClockCmd                   0x08007747   Thumb Code    20  stm32f4xx_rcc.o(.text)
    RCC_AHB2PeriphClockCmd                   0x0800775b   Thumb Code    20  stm32f4xx_rcc.o(.text)
    RCC_AHB3PeriphClockCmd                   0x0800776f   Thumb Code    20  stm32f4xx_rcc.o(.text)
    RCC_APB1PeriphClockCmd                   0x08007783   Thumb Code    20  stm32f4xx_rcc.o(.text)
    RCC_APB2PeriphClockCmd                   0x08007797   Thumb Code    20  stm32f4xx_rcc.o(.text)
    RCC_AHB1PeriphResetCmd                   0x080077ab   Thumb Code    20  stm32f4xx_rcc.o(.text)
    RCC_AHB2PeriphResetCmd                   0x080077bf   Thumb Code    20  stm32f4xx_rcc.o(.text)
    RCC_AHB3PeriphResetCmd                   0x080077d3   Thumb Code    20  stm32f4xx_rcc.o(.text)
    RCC_APB1PeriphResetCmd                   0x080077e7   Thumb Code    20  stm32f4xx_rcc.o(.text)
    RCC_APB2PeriphResetCmd                   0x080077fb   Thumb Code    20  stm32f4xx_rcc.o(.text)
    RCC_AHB1PeriphClockLPModeCmd             0x0800780f   Thumb Code    20  stm32f4xx_rcc.o(.text)
    RCC_AHB2PeriphClockLPModeCmd             0x08007823   Thumb Code    20  stm32f4xx_rcc.o(.text)
    RCC_AHB3PeriphClockLPModeCmd             0x08007837   Thumb Code    20  stm32f4xx_rcc.o(.text)
    RCC_APB1PeriphClockLPModeCmd             0x0800784b   Thumb Code    68  stm32f4xx_rcc.o(.text)
    RCC_APB2PeriphClockLPModeCmd             0x0800788f   Thumb Code    18  stm32f4xx_rcc.o(.text)
    RCC_LSEModeConfig                        0x080078a1   Thumb Code    24  stm32f4xx_rcc.o(.text)
    RCC_ITConfig                             0x080078b9   Thumb Code    20  stm32f4xx_rcc.o(.text)
    RCC_ClearFlag                            0x080078cd   Thumb Code    14  stm32f4xx_rcc.o(.text)
    RCC_GetITStatus                          0x080078db   Thumb Code    18  stm32f4xx_rcc.o(.text)
    RCC_ClearITPendingBit                    0x080078ed   Thumb Code     8  stm32f4xx_rcc.o(.text)
    TIM_DeInit                               0x080078f9   Thumb Code   284  stm32f4xx_tim.o(.text)
    TIM_TimeBaseInit                         0x08007a15   Thumb Code    96  stm32f4xx_tim.o(.text)
    TIM_TimeBaseStructInit                   0x08007a75   Thumb Code    18  stm32f4xx_tim.o(.text)
    TIM_PrescalerConfig                      0x08007a87   Thumb Code     6  stm32f4xx_tim.o(.text)
    TIM_CounterModeConfig                    0x08007a8d   Thumb Code    12  stm32f4xx_tim.o(.text)
    TIM_SetCounter                           0x08007a99   Thumb Code     4  stm32f4xx_tim.o(.text)
    TIM_SetAutoreload                        0x08007a9d   Thumb Code     4  stm32f4xx_tim.o(.text)
    TIM_GetCounter                           0x08007aa1   Thumb Code     4  stm32f4xx_tim.o(.text)
    TIM_GetPrescaler                         0x08007aa5   Thumb Code     4  stm32f4xx_tim.o(.text)
    TIM_UpdateDisableConfig                  0x08007aa9   Thumb Code    20  stm32f4xx_tim.o(.text)
    TIM_UpdateRequestConfig                  0x08007abd   Thumb Code    20  stm32f4xx_tim.o(.text)
    TIM_ARRPreloadConfig                     0x08007ad1   Thumb Code    20  stm32f4xx_tim.o(.text)
    TIM_SelectOnePulseMode                   0x08007ae5   Thumb Code    16  stm32f4xx_tim.o(.text)
    TIM_SetClockDivision                     0x08007af5   Thumb Code    16  stm32f4xx_tim.o(.text)
    TIM_Cmd                                  0x08007b05   Thumb Code    20  stm32f4xx_tim.o(.text)
    TIM_OC1Init                              0x08007b19   Thumb Code    88  stm32f4xx_tim.o(.text)
    TIM_OC2Init                              0x08007b71   Thumb Code   120  stm32f4xx_tim.o(.text)
    TIM_OC3Init                              0x08007be9   Thumb Code   116  stm32f4xx_tim.o(.text)
    TIM_OC4Init                              0x08007c5d   Thumb Code    88  stm32f4xx_tim.o(.text)
    TIM_OCStructInit                         0x08007cb5   Thumb Code    20  stm32f4xx_tim.o(.text)
    TIM_SelectOCxM                           0x08007cc9   Thumb Code   130  stm32f4xx_tim.o(.text)
    TIM_SetCompare1                          0x08007d4b   Thumb Code     4  stm32f4xx_tim.o(.text)
    TIM_SetCompare2                          0x08007d4f   Thumb Code     4  stm32f4xx_tim.o(.text)
    TIM_SetCompare3                          0x08007d53   Thumb Code     4  stm32f4xx_tim.o(.text)
    TIM_SetCompare4                          0x08007d57   Thumb Code     4  stm32f4xx_tim.o(.text)
    TIM_ForcedOC1Config                      0x08007d5b   Thumb Code    12  stm32f4xx_tim.o(.text)
    TIM_ForcedOC2Config                      0x08007d67   Thumb Code    20  stm32f4xx_tim.o(.text)
    TIM_ForcedOC3Config                      0x08007d7b   Thumb Code    12  stm32f4xx_tim.o(.text)
    TIM_ForcedOC4Config                      0x08007d87   Thumb Code    20  stm32f4xx_tim.o(.text)
    TIM_OC1PreloadConfig                     0x08007d9b   Thumb Code    12  stm32f4xx_tim.o(.text)
    TIM_OC2PreloadConfig                     0x08007da7   Thumb Code    20  stm32f4xx_tim.o(.text)
    TIM_OC3PreloadConfig                     0x08007dbb   Thumb Code    12  stm32f4xx_tim.o(.text)
    TIM_OC4PreloadConfig                     0x08007dc7   Thumb Code    20  stm32f4xx_tim.o(.text)
    TIM_OC1FastConfig                        0x08007ddb   Thumb Code    12  stm32f4xx_tim.o(.text)
    TIM_OC2FastConfig                        0x08007de7   Thumb Code    20  stm32f4xx_tim.o(.text)
    TIM_OC3FastConfig                        0x08007dfb   Thumb Code    12  stm32f4xx_tim.o(.text)
    TIM_OC4FastConfig                        0x08007e07   Thumb Code    20  stm32f4xx_tim.o(.text)
    TIM_ClearOC1Ref                          0x08007e1b   Thumb Code    12  stm32f4xx_tim.o(.text)
    TIM_ClearOC2Ref                          0x08007e27   Thumb Code    20  stm32f4xx_tim.o(.text)
    TIM_ClearOC3Ref                          0x08007e3b   Thumb Code    12  stm32f4xx_tim.o(.text)
    TIM_ClearOC4Ref                          0x08007e47   Thumb Code    20  stm32f4xx_tim.o(.text)
    TIM_OC1PolarityConfig                    0x08007e5b   Thumb Code    12  stm32f4xx_tim.o(.text)
    TIM_OC1NPolarityConfig                   0x08007e67   Thumb Code    12  stm32f4xx_tim.o(.text)
    TIM_OC2PolarityConfig                    0x08007e73   Thumb Code    20  stm32f4xx_tim.o(.text)
    TIM_OC2NPolarityConfig                   0x08007e87   Thumb Code    20  stm32f4xx_tim.o(.text)
    TIM_OC3PolarityConfig                    0x08007e9b   Thumb Code    20  stm32f4xx_tim.o(.text)
    TIM_OC3NPolarityConfig                   0x08007eaf   Thumb Code    20  stm32f4xx_tim.o(.text)
    TIM_OC4PolarityConfig                    0x08007ec3   Thumb Code    20  stm32f4xx_tim.o(.text)
    TIM_CCxCmd                               0x08007ed7   Thumb Code    22  stm32f4xx_tim.o(.text)
    TIM_CCxNCmd                              0x08007eed   Thumb Code    22  stm32f4xx_tim.o(.text)
    TIM_SetIC4Prescaler                      0x08007f03   Thumb Code    24  stm32f4xx_tim.o(.text)
    TIM_SetIC3Prescaler                      0x08007f1b   Thumb Code    16  stm32f4xx_tim.o(.text)
    TIM_SetIC2Prescaler                      0x08007f2b   Thumb Code    24  stm32f4xx_tim.o(.text)
    TIM_SetIC1Prescaler                      0x08007f79   Thumb Code    16  stm32f4xx_tim.o(.text)
    TIM_ICInit                               0x08007f89   Thumb Code   164  stm32f4xx_tim.o(.text)
    TIM_ICStructInit                         0x0800802d   Thumb Code    16  stm32f4xx_tim.o(.text)
    TIM_PWMIConfig                           0x0800803d   Thumb Code   104  stm32f4xx_tim.o(.text)
    TIM_GetCapture1                          0x080080a5   Thumb Code     4  stm32f4xx_tim.o(.text)
    TIM_GetCapture2                          0x080080a9   Thumb Code     4  stm32f4xx_tim.o(.text)
    TIM_GetCapture3                          0x080080ad   Thumb Code     4  stm32f4xx_tim.o(.text)
    TIM_GetCapture4                          0x080080b1   Thumb Code     4  stm32f4xx_tim.o(.text)
    TIM_BDTRConfig                           0x080080b5   Thumb Code    34  stm32f4xx_tim.o(.text)
    TIM_BDTRStructInit                       0x080080d7   Thumb Code    18  stm32f4xx_tim.o(.text)
    TIM_CtrlPWMOutputs                       0x080080e9   Thumb Code    22  stm32f4xx_tim.o(.text)
    TIM_SelectCOM                            0x080080ff   Thumb Code    20  stm32f4xx_tim.o(.text)
    TIM_CCPreloadControl                     0x08008113   Thumb Code    20  stm32f4xx_tim.o(.text)
    TIM_ITConfig                             0x08008127   Thumb Code    16  stm32f4xx_tim.o(.text)
    TIM_GenerateEvent                        0x08008137   Thumb Code     4  stm32f4xx_tim.o(.text)
    TIM_GetFlagStatus                        0x0800813b   Thumb Code    14  stm32f4xx_tim.o(.text)
    TIM_ClearFlag                            0x08008149   Thumb Code     6  stm32f4xx_tim.o(.text)
    TIM_GetITStatus                          0x0800814f   Thumb Code    24  stm32f4xx_tim.o(.text)
    TIM_ClearITPendingBit                    0x08008167   Thumb Code     6  stm32f4xx_tim.o(.text)
    TIM_DMAConfig                            0x0800816d   Thumb Code     8  stm32f4xx_tim.o(.text)
    TIM_DMACmd                               0x08008175   Thumb Code    16  stm32f4xx_tim.o(.text)
    TIM_SelectCCDMA                          0x08008185   Thumb Code    20  stm32f4xx_tim.o(.text)
    TIM_InternalClockConfig                  0x08008199   Thumb Code    10  stm32f4xx_tim.o(.text)
    TIM_SelectInputTrigger                   0x080081a3   Thumb Code    12  stm32f4xx_tim.o(.text)
    TIM_ITRxExternalClockConfig              0x080081af   Thumb Code    18  stm32f4xx_tim.o(.text)
    TIM_TIxExternalClockConfig               0x080081c1   Thumb Code    46  stm32f4xx_tim.o(.text)
    TIM_ETRConfig                            0x080081ef   Thumb Code    24  stm32f4xx_tim.o(.text)
    TIM_ETRClockMode1Config                  0x08008207   Thumb Code    18  stm32f4xx_tim.o(.text)
    TIM_ETRClockMode2Config                  0x08008219   Thumb Code    18  stm32f4xx_tim.o(.text)
    TIM_SelectOutputTrigger                  0x0800822b   Thumb Code    16  stm32f4xx_tim.o(.text)
    TIM_SelectSlaveMode                      0x0800823b   Thumb Code    16  stm32f4xx_tim.o(.text)
    TIM_SelectMasterSlaveMode                0x0800824b   Thumb Code    16  stm32f4xx_tim.o(.text)
    TIM_EncoderInterfaceConfig               0x0800825b   Thumb Code    50  stm32f4xx_tim.o(.text)
    TIM_SelectHallSensor                     0x0800828d   Thumb Code    20  stm32f4xx_tim.o(.text)
    TIM_RemapConfig                          0x080082a1   Thumb Code     6  stm32f4xx_tim.o(.text)
    DMA_DeInit                               0x080082d5   Thumb Code   272  stm32f4xx_dma.o(.text)
    DMA_Init                                 0x080083e5   Thumb Code    80  stm32f4xx_dma.o(.text)
    DMA_StructInit                           0x08008435   Thumb Code    34  stm32f4xx_dma.o(.text)
    DMA_Cmd                                  0x08008457   Thumb Code    20  stm32f4xx_dma.o(.text)
    DMA_PeriphIncOffsetSizeConfig            0x0800846b   Thumb Code    20  stm32f4xx_dma.o(.text)
    DMA_FlowControllerConfig                 0x0800847f   Thumb Code    20  stm32f4xx_dma.o(.text)
    DMA_SetCurrDataCounter                   0x08008493   Thumb Code     4  stm32f4xx_dma.o(.text)
    DMA_GetCurrDataCounter                   0x08008497   Thumb Code     6  stm32f4xx_dma.o(.text)
    DMA_DoubleBufferModeConfig               0x0800849d   Thumb Code    22  stm32f4xx_dma.o(.text)
    DMA_DoubleBufferModeCmd                  0x080084b3   Thumb Code    20  stm32f4xx_dma.o(.text)
    DMA_MemoryTargetConfig                   0x080084c7   Thumb Code    10  stm32f4xx_dma.o(.text)
    DMA_GetCurrentMemoryTarget               0x080084d1   Thumb Code    14  stm32f4xx_dma.o(.text)
    DMA_GetCmdStatus                         0x080084df   Thumb Code    14  stm32f4xx_dma.o(.text)
    DMA_GetFIFOStatus                        0x080084ed   Thumb Code     8  stm32f4xx_dma.o(.text)
    DMA_GetFlagStatus                        0x080084f5   Thumb Code    42  stm32f4xx_dma.o(.text)
    DMA_ClearFlag                            0x0800851f   Thumb Code    34  stm32f4xx_dma.o(.text)
    DMA_ITConfig                             0x08008541   Thumb Code    44  stm32f4xx_dma.o(.text)
    DMA_GetITStatus                          0x0800856d   Thumb Code    70  stm32f4xx_dma.o(.text)
    DMA_ClearITPendingBit                    0x080085b3   Thumb Code    34  stm32f4xx_dma.o(.text)
    EXTI_DeInit                              0x080085f5   Thumb Code    28  stm32f4xx_exti.o(.text)
    EXTI_Init                                0x08008611   Thumb Code   108  stm32f4xx_exti.o(.text)
    EXTI_StructInit                          0x0800867d   Thumb Code    14  stm32f4xx_exti.o(.text)
    EXTI_GenerateSWInterrupt                 0x0800868b   Thumb Code    12  stm32f4xx_exti.o(.text)
    EXTI_GetFlagStatus                       0x08008697   Thumb Code    18  stm32f4xx_exti.o(.text)
    EXTI_ClearFlag                           0x080086a9   Thumb Code     8  stm32f4xx_exti.o(.text)
    EXTI_GetITStatus                         0x080086b1   Thumb Code    18  stm32f4xx_exti.o(.text)
    EXTI_ClearITPendingBit                   0x080086c3   Thumb Code     8  stm32f4xx_exti.o(.text)
    GPIO_DeInit                              0x080086d5   Thumb Code   216  stm32f4xx_gpio.o(.text)
    GPIO_Init                                0x080087ad   Thumb Code   120  stm32f4xx_gpio.o(.text)
    GPIO_StructInit                          0x08008825   Thumb Code    18  stm32f4xx_gpio.o(.text)
    GPIO_PinLockConfig                       0x08008837   Thumb Code    24  stm32f4xx_gpio.o(.text)
    GPIO_ReadInputDataBit                    0x0800884f   Thumb Code    14  stm32f4xx_gpio.o(.text)
    GPIO_ReadInputData                       0x0800885d   Thumb Code     6  stm32f4xx_gpio.o(.text)
    GPIO_ReadOutputDataBit                   0x08008863   Thumb Code    14  stm32f4xx_gpio.o(.text)
    GPIO_ReadOutputData                      0x08008871   Thumb Code     6  stm32f4xx_gpio.o(.text)
    GPIO_SetBits                             0x08008877   Thumb Code     4  stm32f4xx_gpio.o(.text)
    GPIO_ResetBits                           0x0800887b   Thumb Code     4  stm32f4xx_gpio.o(.text)
    GPIO_WriteBit                            0x0800887f   Thumb Code    10  stm32f4xx_gpio.o(.text)
    GPIO_Write                               0x08008889   Thumb Code     4  stm32f4xx_gpio.o(.text)
    GPIO_ToggleBits                          0x0800888d   Thumb Code     8  stm32f4xx_gpio.o(.text)
    GPIO_PinAFConfig                         0x08008895   Thumb Code    32  stm32f4xx_gpio.o(.text)
    USART_DeInit                             0x080088e1   Thumb Code   138  stm32f4xx_usart.o(.text)
    USART_Init                               0x0800896b   Thumb Code   164  stm32f4xx_usart.o(.text)
    USART_StructInit                         0x08008a0f   Thumb Code    22  stm32f4xx_usart.o(.text)
    USART_ClockInit                          0x08008a25   Thumb Code    28  stm32f4xx_usart.o(.text)
    USART_ClockStructInit                    0x08008a41   Thumb Code    12  stm32f4xx_usart.o(.text)
    USART_Cmd                                0x08008a4d   Thumb Code    20  stm32f4xx_usart.o(.text)
    USART_SetPrescaler                       0x08008a61   Thumb Code    16  stm32f4xx_usart.o(.text)
    USART_OverSampling8Cmd                   0x08008a71   Thumb Code    20  stm32f4xx_usart.o(.text)
    USART_OneBitMethodCmd                    0x08008a85   Thumb Code    20  stm32f4xx_usart.o(.text)
    USART_SendData                           0x08008a99   Thumb Code     8  stm32f4xx_usart.o(.text)
    USART_ReceiveData                        0x08008aa1   Thumb Code     8  stm32f4xx_usart.o(.text)
    USART_SetAddress                         0x08008aa9   Thumb Code    16  stm32f4xx_usart.o(.text)
    USART_ReceiverWakeUpCmd                  0x08008ab9   Thumb Code    20  stm32f4xx_usart.o(.text)
    USART_WakeUpConfig                       0x08008acd   Thumb Code    16  stm32f4xx_usart.o(.text)
    USART_LINBreakDetectLengthConfig         0x08008add   Thumb Code    16  stm32f4xx_usart.o(.text)
    USART_LINCmd                             0x08008aed   Thumb Code    20  stm32f4xx_usart.o(.text)
    USART_SendBreak                          0x08008b01   Thumb Code    10  stm32f4xx_usart.o(.text)
    USART_HalfDuplexCmd                      0x08008b0b   Thumb Code    20  stm32f4xx_usart.o(.text)
    USART_SetGuardTime                       0x08008b1f   Thumb Code    16  stm32f4xx_usart.o(.text)
    USART_SmartCardCmd                       0x08008b2f   Thumb Code    20  stm32f4xx_usart.o(.text)
    USART_SmartCardNACKCmd                   0x08008b43   Thumb Code    20  stm32f4xx_usart.o(.text)
    USART_IrDAConfig                         0x08008b57   Thumb Code    16  stm32f4xx_usart.o(.text)
    USART_IrDACmd                            0x08008b67   Thumb Code    20  stm32f4xx_usart.o(.text)
    USART_DMACmd                             0x08008b7b   Thumb Code    16  stm32f4xx_usart.o(.text)
    USART_ITConfig                           0x08008b8b   Thumb Code    48  stm32f4xx_usart.o(.text)
    USART_GetFlagStatus                      0x08008bbb   Thumb Code    14  stm32f4xx_usart.o(.text)
    USART_ClearFlag                          0x08008bc9   Thumb Code     6  stm32f4xx_usart.o(.text)
    USART_GetITStatus                        0x08008bcf   Thumb Code    62  stm32f4xx_usart.o(.text)
    USART_ClearITPendingBit                  0x08008c0d   Thumb Code    12  stm32f4xx_usart.o(.text)
    SYSCFG_DeInit                            0x08008c39   Thumb Code    24  stm32f4xx_syscfg.o(.text)
    SYSCFG_MemoryRemapConfig                 0x08008c51   Thumb Code     6  stm32f4xx_syscfg.o(.text)
    SYSCFG_MemorySwappingBank                0x08008c57   Thumb Code     6  stm32f4xx_syscfg.o(.text)
    SYSCFG_EXTILineConfig                    0x08008c5d   Thumb Code    42  stm32f4xx_syscfg.o(.text)
    SYSCFG_ETH_MediaInterfaceConfig          0x08008c87   Thumb Code     8  stm32f4xx_syscfg.o(.text)
    SYSCFG_CompensationCellCmd               0x08008c8f   Thumb Code     6  stm32f4xx_syscfg.o(.text)
    SYSCFG_GetCompensationCellStatus         0x08008c95   Thumb Code    16  stm32f4xx_syscfg.o(.text)
    RC_Data_Parse                            0x08008cb5   Thumb Code   146  drive_rc.o(.text)
    IIC_Start                                0x08008d51   Thumb Code    56  drive_imu.o(.text)
    IIC_Stop                                 0x08008d89   Thumb Code    56  drive_imu.o(.text)
    IIC_Wait_Ack                             0x08008dc1   Thumb Code    74  drive_imu.o(.text)
    IIC_Ack                                  0x08008e0b   Thumb Code    56  drive_imu.o(.text)
    IIC_NAck                                 0x08008e43   Thumb Code    56  drive_imu.o(.text)
    IIC_Send_Byte                            0x08008e7b   Thumb Code    86  drive_imu.o(.text)
    IIC_Read_Byte                            0x08008ed1   Thumb Code    96  drive_imu.o(.text)
    MPU_Write_Len                            0x08008f31   Thumb Code    80  drive_imu.o(.text)
    MPU_Read_Len                             0x08008f81   Thumb Code   104  drive_imu.o(.text)
    MPU_Write_Byte                           0x08008fe9   Thumb Code    64  drive_imu.o(.text)
    MPU_Read_Byte                            0x08009029   Thumb Code    68  drive_imu.o(.text)
    MPU_offset_call                          0x0800906d   Thumb Code    98  drive_imu.o(.text)
    MPU_Get_Temperature                      0x080090cf   Thumb Code    62  drive_imu.o(.text)
    MPU_Get_Gyroscope                        0x0800910d   Thumb Code   148  drive_imu.o(.text)
    Delay_US                                 0x080091a5   Thumb Code    32  drive_delay.o(.text)
    Delay_MS                                 0x080091c5   Thumb Code     8  drive_delay.o(.text)
    Get_SysTimeUs                            0x080091cd   Thumb Code    50  drive_delay.o(.text)
    Get_SysTimeMs                            0x080091ff   Thumb Code     4  drive_delay.o(.text)
    Infan_Control_Init                       0x08009211   Thumb Code    22  drive_control.o(.text)
    Angle_6623_Control                       0x08009227   Thumb Code   342  drive_control.o(.text)
    Speed_3510_Control                       0x0800937d   Thumb Code   470  drive_control.o(.text)
    Speed_2006_Control                       0x08009553   Thumb Code   226  drive_control.o(.text)
    Angle_2006_Control                       0x08009635   Thumb Code   166  drive_control.o(.text)
    Speed_Chassis_Control                    0x080096db   Thumb Code    74  drive_control.o(.text)
    Speed_Rotate_Control                     0x08009725   Thumb Code   152  drive_control.o(.text)
    Angle_Rotate_Control                     0x080097bd   Thumb Code   154  drive_control.o(.text)
    Cmd_3510_ESC                             0x080099ed   Thumb Code    78  motor_chassis.o(.text)
    Get_3510_data                            0x08009a3b   Thumb Code    76  motor_chassis.o(.text)
    Cmd_6623_ESC                             0x08009a91   Thumb Code    38  motor_cradle_head_1.o(.text)
    Cmd_2006_ESC                             0x08009ab7   Thumb Code    34  motor_cradle_head_1.o(.text)
    Get_6623_data                            0x08009ad9   Thumb Code   114  motor_cradle_head_1.o(.text)
    Get_2006_data                            0x08009b4b   Thumb Code   156  motor_cradle_head_1.o(.text)
    Get_2006_Offset_angle                    0x08009be7   Thumb Code    28  motor_cradle_head_1.o(.text)
    Snail_Calibration                        0x08009c03   Thumb Code   104  motor_cradle_head_1.o(.text)
    Snail_Stop                               0x08009c6b   Thumb Code    28  motor_cradle_head_1.o(.text)
    Snail_Stat                               0x08009c87   Thumb Code    28  motor_cradle_head_1.o(.text)
    vListInitialise                          0x08009cbd   Thumb Code    22  list.o(.text)
    vListInitialiseItem                      0x08009cd3   Thumb Code     6  list.o(.text)
    vListInsertEnd                           0x08009cd9   Thumb Code    24  list.o(.text)
    vListInsert                              0x08009cf1   Thumb Code    48  list.o(.text)
    uxListRemove                             0x08009d21   Thumb Code    36  list.o(.text)
    pxPortInitialiseStack                    0x08009d69   Thumb Code    40  port.o(.text)
    vPortSetupTimerInterrupt                 0x08009d91   Thumb Code    26  port.o(.text)
    xPortStartScheduler                      0x08009dab   Thumb Code   196  port.o(.text)
    vPortEndScheduler                        0x08009e6f   Thumb Code    24  port.o(.text)
    vPortEnterCritical                       0x08009e87   Thumb Code    52  port.o(.text)
    vPortExitCritical                        0x08009ebb   Thumb Code    34  port.o(.text)
    SysTick_Handler                          0x08009edd   Thumb Code    40  port.o(.text)
    vPortValidateInterruptPriority           0x08009f05   Thumb Code    72  port.o(.text)
    xTaskCreate                              0x0800a065   Thumb Code    86  tasks.o(.text)
    vTaskDelete                              0x0800a0bb   Thumb Code   154  tasks.o(.text)
    xTaskIncrementTick                       0x0800a155   Thumb Code   186  tasks.o(.text)
    xTaskResumeAll                           0x0800a20f   Thumb Code   182  tasks.o(.text)
    vTaskSuspendAll                          0x0800a32b   Thumb Code    10  tasks.o(.text)
    vTaskDelayUntil                          0x0800a335   Thumb Code   180  tasks.o(.text)
    vTaskDelay                               0x0800a3e9   Thumb Code    66  tasks.o(.text)
    eTaskGetState                            0x0800a42b   Thumb Code    94  tasks.o(.text)
    uxTaskPriorityGet                        0x0800a489   Thumb Code    24  tasks.o(.text)
    uxTaskPriorityGetFromISR                 0x0800a4a1   Thumb Code    40  tasks.o(.text)
    vTaskPrioritySet                         0x0800a4c9   Thumb Code   184  tasks.o(.text)
    vTaskSwitchContext                       0x0800a581   Thumb Code    84  tasks.o(.text)
    vTaskSuspend                             0x0800a5d5   Thumb Code   156  tasks.o(.text)
    vTaskResume                              0x0800a6a1   Thumb Code   116  tasks.o(.text)
    xTaskResumeFromISR                       0x0800a715   Thumb Code   126  tasks.o(.text)
    vTaskStartScheduler                      0x0800a7b1   Thumb Code   130  tasks.o(.text)
    vTaskEndScheduler                        0x0800a833   Thumb Code    24  tasks.o(.text)
    xTaskGetTickCount                        0x0800a84b   Thumb Code     6  tasks.o(.text)
    xTaskGetTickCountFromISR                 0x0800a851   Thumb Code    12  tasks.o(.text)
    uxTaskGetNumberOfTasks                   0x0800a85d   Thumb Code     6  tasks.o(.text)
    pcTaskGetName                            0x0800a863   Thumb Code    38  tasks.o(.text)
    vTaskGetInfo                             0x0800a889   Thumb Code   126  tasks.o(.text)
    uxTaskGetSystemState                     0x0800a95b   Thumb Code   156  tasks.o(.text)
    vTaskPlaceOnEventList                    0x0800a9f7   Thumb Code    46  tasks.o(.text)
    vTaskPlaceOnUnorderedEventList           0x0800aa25   Thumb Code    78  tasks.o(.text)
    vTaskPlaceOnEventListRestricted          0x0800aa73   Thumb Code    54  tasks.o(.text)
    xTaskRemoveFromEventList                 0x0800aaa9   Thumb Code   106  tasks.o(.text)
    xTaskRemoveFromUnorderedEventList        0x0800ab13   Thumb Code   116  tasks.o(.text)
    vTaskSetTimeOutState                     0x0800ab87   Thumb Code    34  tasks.o(.text)
    xTaskCheckForTimeOut                     0x0800aba9   Thumb Code   114  tasks.o(.text)
    vTaskMissedYield                         0x0800ac1b   Thumb Code     8  tasks.o(.text)
    uxTaskGetTaskNumber                      0x0800ac23   Thumb Code     8  tasks.o(.text)
    vTaskSetTaskNumber                       0x0800ac2b   Thumb Code     8  tasks.o(.text)
    xTaskGetCurrentTaskHandle                0x0800ac33   Thumb Code     6  tasks.o(.text)
    xTaskGetSchedulerState                   0x0800ac39   Thumb Code    22  tasks.o(.text)
    vTaskPriorityInherit                     0x0800ac4f   Thumb Code   124  tasks.o(.text)
    xTaskPriorityDisinherit                  0x0800accb   Thumb Code   144  tasks.o(.text)
    vTaskList                                0x0800ad5b   Thumb Code   188  tasks.o(.text)
    uxTaskResetEventItemValue                0x0800ae17   Thumb Code    20  tasks.o(.text)
    pvTaskIncrementMutexHeldCount            0x0800ae2b   Thumb Code    18  tasks.o(.text)
    ulTaskNotifyTake                         0x0800ae3d   Thumb Code    96  tasks.o(.text)
    xTaskNotifyWait                          0x0800ae9d   Thumb Code   128  tasks.o(.text)
    xTaskGenericNotify                       0x0800af1d   Thumb Code   190  tasks.o(.text)
    xTaskGenericNotifyFromISR                0x0800afdb   Thumb Code   256  tasks.o(.text)
    vTaskNotifyGiveFromISR                   0x0800b0db   Thumb Code   168  tasks.o(.text)
    xTaskNotifyStateClear                    0x0800b183   Thumb Code    44  tasks.o(.text)
    xTimerGenericCommand                     0x0800b325   Thumb Code    98  timers.o(.text)
    xTimerCreateTimerTask                    0x0800b4ab   Thumb Code    58  timers.o(.text)
    xTimerCreate                             0x0800b4e5   Thumb Code    72  timers.o(.text)
    xTimerGetTimerDaemonTaskHandle           0x0800b52d   Thumb Code    24  timers.o(.text)
    xTimerGetPeriod                          0x0800b545   Thumb Code    22  timers.o(.text)
    xTimerGetExpiryTime                      0x0800b55b   Thumb Code    22  timers.o(.text)
    pcTimerGetName                           0x0800b571   Thumb Code    22  timers.o(.text)
    xTimerIsTimerActive                      0x0800b587   Thumb Code    40  timers.o(.text)
    pvTimerGetTimerID                        0x0800b5af   Thumb Code    32  timers.o(.text)
    vTimerSetTimerID                         0x0800b5cf   Thumb Code    34  timers.o(.text)
    xTimerPendFunctionCallFromISR            0x0800b5f1   Thumb Code    34  timers.o(.text)
    xTimerPendFunctionCall                   0x0800b613   Thumb Code    60  timers.o(.text)
    xQueueGenericReset                       0x0800b809   Thumb Code   128  queue.o(.text)
    xQueueGenericCreate                      0x0800b889   Thumb Code    82  queue.o(.text)
    xQueueGenericSend                        0x0800ba29   Thumb Code   350  queue.o(.text)
    xQueueCreateMutex                        0x0800bb87   Thumb Code    36  queue.o(.text)
    xQueueGiveMutexRecursive                 0x0800bbab   Thumb Code    98  queue.o(.text)
    xQueueGenericReceive                     0x0800bc33   Thumb Code   356  queue.o(.text)
    xQueueTakeMutexRecursive                 0x0800bd97   Thumb Code    68  queue.o(.text)
    xQueueCreateCountingSemaphore            0x0800bddb   Thumb Code    62  queue.o(.text)
    xQueueGenericSendFromISR                 0x0800be19   Thumb Code   200  queue.o(.text)
    xQueueGiveFromISR                        0x0800bee1   Thumb Code   172  queue.o(.text)
    xQueueReceiveFromISR                     0x0800bf8d   Thumb Code   150  queue.o(.text)
    xQueuePeekFromISR                        0x0800c023   Thumb Code   114  queue.o(.text)
    uxQueueMessagesWaiting                   0x0800c095   Thumb Code    36  queue.o(.text)
    uxQueueSpacesAvailable                   0x0800c0b9   Thumb Code    40  queue.o(.text)
    uxQueueMessagesWaitingFromISR            0x0800c0e1   Thumb Code    26  queue.o(.text)
    vQueueUnregisterQueue                    0x0800c0fb   Thumb Code    36  queue.o(.text)
    vQueueDelete                             0x0800c11f   Thumb Code    38  queue.o(.text)
    uxQueueGetQueueNumber                    0x0800c145   Thumb Code     4  queue.o(.text)
    vQueueSetQueueNumber                     0x0800c149   Thumb Code     4  queue.o(.text)
    ucQueueGetQueueType                      0x0800c14d   Thumb Code     6  queue.o(.text)
    xQueueIsQueueEmptyFromISR                0x0800c153   Thumb Code    34  queue.o(.text)
    xQueueIsQueueFullFromISR                 0x0800c175   Thumb Code    38  queue.o(.text)
    vQueueAddToRegistry                      0x0800c19b   Thumb Code    32  queue.o(.text)
    pcQueueGetName                           0x0800c1bb   Thumb Code    34  queue.o(.text)
    vQueueWaitForMessageRestricted           0x0800c1dd   Thumb Code    68  queue.o(.text)
    xQueueCreateSet                          0x0800c221   Thumb Code     8  queue.o(.text)
    xQueueAddToSet                           0x0800c229   Thumb Code    34  queue.o(.text)
    xQueueRemoveFromSet                      0x0800c24b   Thumb Code    34  queue.o(.text)
    xQueueSelectFromSet                      0x0800c26d   Thumb Code    18  queue.o(.text)
    xQueueSelectFromSetFromISR               0x0800c27f   Thumb Code    18  queue.o(.text)
    pvPortMalloc                             0x0800c2fd   Thumb Code   214  heap_4.o(.text)
    vPortFree                                0x0800c3d3   Thumb Code    96  heap_4.o(.text)
    xPortGetFreeHeapSize                     0x0800c433   Thumb Code     8  heap_4.o(.text)
    xPortGetMinimumEverFreeHeapSize          0x0800c43b   Thumb Code     8  heap_4.o(.text)
    vPortInitialiseBlocks                    0x0800c443   Thumb Code     2  heap_4.o(.text)
    inv_init_maxmin                          0x0800c4c9   Thumb Code    78  fast_no_motion.o(.text)
    inv_fast_nomot_parameter                 0x0800c517   Thumb Code   332  fast_no_motion.o(.text)
    inv_fast_nomot_parameter_3rd             0x0800c663   Thumb Code   190  fast_no_motion.o(.text)
    inv_fast_nomot_set_gyro_bias             0x0800c721   Thumb Code   232  fast_no_motion.o(.text)
    inv_set_fast_nomot_compass_threshold     0x0800c809   Thumb Code     8  fast_no_motion.o(.text)
    int_set_fast_nomot_gyro_threshold        0x0800c811   Thumb Code     8  fast_no_motion.o(.text)
    inv_set_fast_nomot_accel_threshold       0x0800c819   Thumb Code     8  fast_no_motion.o(.text)
    inv_get_fast_nomot_compass_param         0x0800c821   Thumb Code    18  fast_no_motion.o(.text)
    inv_get_fast_nomot_accel_param           0x0800c833   Thumb Code    18  fast_no_motion.o(.text)
    inv_fast_nomot_store_data                0x0800c845   Thumb Code   140  fast_no_motion.o(.text)
    inv_fast_nomot_store_data_compass        0x0800c8d1   Thumb Code    74  fast_no_motion.o(.text)
    inv_fast_nomot_reset_data_compass        0x0800c91b   Thumb Code    36  fast_no_motion.o(.text)
    inv_fast_nomot_get_time_elaps            0x0800c93f   Thumb Code     8  fast_no_motion.o(.text)
    inv_fast_nomot_parameter_compass         0x0800c947   Thumb Code    22  fast_no_motion.o(.text)
    inv_get_right_shift_by_rounding          0x0800c95d   Thumb Code    76  fast_no_motion.o(.text)
    inv_reset_min_max_gyro_accel_statistics  0x0800c9a9   Thumb Code    38  fast_no_motion.o(.text)
    inv_record_max_moment_in_no_motion_gyro  0x0800c9cf   Thumb Code    32  fast_no_motion.o(.text)
    inv_record_max_moment_in_no_motion_accel 0x0800c9ef   Thumb Code    32  fast_no_motion.o(.text)
    inv_record_min_moment_in_motion_gyro     0x0800ca0f   Thumb Code    34  fast_no_motion.o(.text)
    inv_record_min_moment_in_motion_accel    0x0800ca31   Thumb Code    34  fast_no_motion.o(.text)
    inv_detect_motion_by_gyro_accel          0x0800ca53   Thumb Code   214  fast_no_motion.o(.text)
    inv_sensor_data_preprocess               0x0800cb29   Thumb Code   132  fast_no_motion.o(.text)
    inv_generate_fast_nomot                  0x0800cbad   Thumb Code   504  fast_no_motion.o(.text)
    inv_set_default_number_of_samples        0x0800cda5   Thumb Code    62  fast_no_motion.o(.text)
    inv_init_fast_nomot                      0x0800cde3   Thumb Code    78  fast_no_motion.o(.text)
    inv_start_fast_nomot                     0x0800ce31   Thumb Code    56  fast_no_motion.o(.text)
    inv_stop_fast_nomot                      0x0800ce69   Thumb Code    20  fast_no_motion.o(.text)
    inv_enable_fast_nomot                    0x0800ce7d   Thumb Code    24  fast_no_motion.o(.text)
    inv_disable_fast_nomot                   0x0800ce95   Thumb Code    18  fast_no_motion.o(.text)
    inv_get_fnm_gyro_no_motion_param         0x0800cea7   Thumb Code     8  fast_no_motion.o(.text)
    inv_fnm_debug_print                      0x0800ceaf   Thumb Code     2  fast_no_motion.o(.text)
    inv_filter_correction_angle              0x0800cf8d   Thumb Code   374  fusion_9axis.o(.text)
    inv_perform_9x_fusion                    0x0800d103   Thumb Code   894  fusion_9axis.o(.text)
    inv_process_9x_sensor_fusion_cb          0x0800d481   Thumb Code   120  fusion_9axis.o(.text)
    inv_init_9x_fusion                       0x0800d4f9   Thumb Code    52  fusion_9axis.o(.text)
    inv_9x_fusion_set_mag_fb                 0x0800d52d   Thumb Code    10  fusion_9axis.o(.text)
    inv_9x_fusion_enable_jitter_reduction    0x0800d537   Thumb Code    10  fusion_9axis.o(.text)
    inv_9x_fusion_use_timestamps             0x0800d541   Thumb Code    10  fusion_9axis.o(.text)
    inv_start_9x_sensor_fusion               0x0800d54b   Thumb Code    14  fusion_9axis.o(.text)
    inv_stop_9x_sensor_fusion                0x0800d559   Thumb Code     8  fusion_9axis.o(.text)
    inv_enable_9x_sensor_fusion              0x0800d561   Thumb Code    30  fusion_9axis.o(.text)
    inv_disable_9x_sensor_fusion             0x0800d57f   Thumb Code     8  fusion_9axis.o(.text)
    inv_init_gyro_ts                         0x0800d911   Thumb Code    46  gyro_tc.o(.text)
    inv_set_gtc_max_temp                     0x0800d93f   Thumb Code    10  gyro_tc.o(.text)
    inv_set_gtc_min_temp                     0x0800d949   Thumb Code    10  gyro_tc.o(.text)
    inv_set_gtc_min_diff                     0x0800d953   Thumb Code    10  gyro_tc.o(.text)
    inv_get_gyro_ts                          0x0800d95d   Thumb Code    44  gyro_tc.o(.text)
    inv_set_gyro_ts                          0x0800d989   Thumb Code     4  gyro_tc.o(.text)
    inv_set_gtc_order                        0x0800d98d   Thumb Code    16  gyro_tc.o(.text)
    inv_print_gtc_data                       0x0800d99d   Thumb Code    62  gyro_tc.o(.text)
    inv_start_gyro_tc                        0x0800d9db   Thumb Code    10  gyro_tc.o(.text)
    inv_stop_gyro_tc                         0x0800d9e5   Thumb Code     6  gyro_tc.o(.text)
    inv_enable_gyro_tc                       0x0800d9eb   Thumb Code    48  gyro_tc.o(.text)
    inv_disable_gyro_tc                      0x0800da1b   Thumb Code    40  gyro_tc.o(.text)
    inv_set_magnetic_disturbance             0x0800da55   Thumb Code    16  mag_disturb.o(.text)
    inv_init_magnetic_disturbance            0x0800da65   Thumb Code    68  mag_disturb.o(.text)
    MagDisturbSetDisturbance                 0x0800daa9   Thumb Code   108  mag_disturb.o(.text)
    MagDisturbCheckSettling                  0x0800db15   Thumb Code    68  mag_disturb.o(.text)
    ComputeAngleVelocity                     0x0800db59   Thumb Code    94  mag_disturb.o(.text)
    inv_disable_dip_tracking                 0x0800dbb7   Thumb Code    10  mag_disturb.o(.text)
    Mag3ofNormalizedLong                     0x0800dbc1   Thumb Code    60  mag_disturb.o(.text)
    inv_track_dip_angle                      0x0800dbfd   Thumb Code   126  mag_disturb.o(.text)
    inv_check_magnetic_disturbance           0x0800dc7b   Thumb Code   758  mag_disturb.o(.text)
    inv_magnetic_disturbance_process         0x0800df71   Thumb Code    50  mag_disturb.o(.text)
    inv_start_magnetic_disturbance           0x0800dfa3   Thumb Code    14  mag_disturb.o(.text)
    inv_stop_magnetic_disturbance            0x0800dfb1   Thumb Code     8  mag_disturb.o(.text)
    inv_enable_magnetic_disturbance          0x0800dfb9   Thumb Code    40  mag_disturb.o(.text)
    inv_disable_magnetic_disturbance         0x0800dfe1   Thumb Code    22  mag_disturb.o(.text)
    inv_enable_dip_tracking                  0x0800dff7   Thumb Code    14  mag_disturb.o(.text)
    inv_get_magnetic_disturbance_state       0x0800e005   Thumb Code     8  mag_disturb.o(.text)
    inv_generate_gyro_quaternion             0x0800e3cd   Thumb Code   348  quaternion_supervisor.o(.text)
    inv_set_quaternion                       0x0800e6df   Thumb Code    36  quaternion_supervisor.o(.text)
    inv_generate_accel_gyro_quaternion       0x0800e703   Thumb Code   468  quaternion_supervisor.o(.text)
    inv_stop_quaternion                      0x0800e91b   Thumb Code     6  quaternion_supervisor.o(.text)
    inv_init_quaternion                      0x0800e921   Thumb Code    34  quaternion_supervisor.o(.text)
    inv_start_quaternion                     0x0800e943   Thumb Code    34  quaternion_supervisor.o(.text)
    inv_enable_quaternion                    0x0800e965   Thumb Code    24  quaternion_supervisor.o(.text)
    inv_disable_quaternion                   0x0800e97d   Thumb Code    20  quaternion_supervisor.o(.text)
    __aeabi_ldivmod                          0x0800e9a9   Thumb Code    98  ldiv.o(.text)
    __aeabi_llsl                             0x0800ea0b   Thumb Code    30  llshl.o(.text)
    _ll_shift_l                              0x0800ea0b   Thumb Code     0  llshl.o(.text)
    __aeabi_lasr                             0x0800ea29   Thumb Code    36  llsshr.o(.text)
    _ll_sshift_r                             0x0800ea29   Thumb Code     0  llsshr.o(.text)
    ___aeabi_memcpy4$move                    0x0800ea4d   Thumb Code     0  memmovea.o(.text)
    ___aeabi_memcpy8$move                    0x0800ea4d   Thumb Code     0  memmovea.o(.text)
    __aeabi_memcpy                           0x0800ea4d   Thumb Code    64  memmovea.o(.text)
    __aeabi_memmove                          0x0800ea4d   Thumb Code     0  memmovea.o(.text)
    __aeabi_memmove4                         0x0800ea4d   Thumb Code     0  memmovea.o(.text)
    __aeabi_memmove8                         0x0800ea4d   Thumb Code     0  memmovea.o(.text)
    __aeabi_memset                           0x0800ea8d   Thumb Code    14  memseta.o(.text)
    __aeabi_memset4                          0x0800ea8d   Thumb Code     0  memseta.o(.text)
    __aeabi_memset8                          0x0800ea8d   Thumb Code     0  memseta.o(.text)
    __aeabi_memclr                           0x0800ea9b   Thumb Code     4  memseta.o(.text)
    __aeabi_memclr4                          0x0800ea9b   Thumb Code     0  memseta.o(.text)
    __aeabi_memclr8                          0x0800ea9b   Thumb Code     0  memseta.o(.text)
    _memset$wrapper                          0x0800ea9f   Thumb Code    18  memseta.o(.text)
    strlen                                   0x0800eab1   Thumb Code    14  strlen.o(.text)
    memcmp                                   0x0800eabf   Thumb Code    26  memcmp.o(.text)
    strcpy                                   0x0800ead9   Thumb Code    18  strcpy.o(.text)
    __aeabi_dadd                             0x0800eaeb   Thumb Code   322  dadd.o(.text)
    __aeabi_dsub                             0x0800ec2d   Thumb Code     6  dadd.o(.text)
    __aeabi_drsub                            0x0800ec33   Thumb Code     6  dadd.o(.text)
    __aeabi_dmul                             0x0800ec39   Thumb Code   228  dmul.o(.text)
    __aeabi_ddiv                             0x0800ed1d   Thumb Code   222  ddiv.o(.text)
    __aeabi_l2f                              0x0800edfb   Thumb Code    44  ffltl.o(.text)
    __aeabi_i2d                              0x0800ee27   Thumb Code    34  dflti.o(.text)
    __aeabi_ul2d                             0x0800ee49   Thumb Code    24  dfltul.o(.text)
    __aeabi_f2lz                             0x0800ee61   Thumb Code    66  ffixl.o(.text)
    __aeabi_d2iz                             0x0800eea3   Thumb Code    62  dfixi.o(.text)
    __aeabi_f2d                              0x0800eee1   Thumb Code    38  f2d.o(.text)
    __aeabi_cdcmpeq                          0x0800ef09   Thumb Code     0  cdcmple.o(.text)
    __aeabi_cdcmple                          0x0800ef09   Thumb Code    48  cdcmple.o(.text)
    __aeabi_cdrcmple                         0x0800ef39   Thumb Code    48  cdrcmple.o(.text)
    __aeabi_d2f                              0x0800ef69   Thumb Code    56  d2f.o(.text)
    __aeabi_uidiv                            0x0800efa1   Thumb Code     0  uidiv.o(.text)
    __aeabi_uidivmod                         0x0800efa1   Thumb Code    44  uidiv.o(.text)
    __aeabi_uldivmod                         0x0800efcd   Thumb Code    98  uldiv.o(.text)
    __aeabi_llsr                             0x0800f02f   Thumb Code    32  llushr.o(.text)
    _ll_ushift_r                             0x0800f02f   Thumb Code     0  llushr.o(.text)
    __I$use$fp                               0x0800f04f   Thumb Code     0  iusefp.o(.text)
    _float_round                             0x0800f04f   Thumb Code    18  fepilogue.o(.text)
    _float_epilogue                          0x0800f061   Thumb Code    92  fepilogue.o(.text)
    _double_round                            0x0800f0bd   Thumb Code    30  depilogue.o(.text)
    _double_epilogue                         0x0800f0db   Thumb Code   156  depilogue.o(.text)
    _dsqrt                                   0x0800f177   Thumb Code   162  dsqrt.o(.text)
    __aeabi_d2ulz                            0x0800f219   Thumb Code    48  dfixul.o(.text)
    __scatterload                            0x0800f249   Thumb Code    28  init.o(.text)
    __scatterload_rt2                        0x0800f249   Thumb Code     0  init.o(.text)
    __decompress                             0x0800f26d   Thumb Code     0  __dczerorl2.o(.text)
    __decompress1                            0x0800f26d   Thumb Code    86  __dczerorl2.o(.text)
    __0printf                                0x0800f2c5   Thumb Code    22  printfa.o(i.__0printf)
    __1printf                                0x0800f2c5   Thumb Code     0  printfa.o(i.__0printf)
    __2printf                                0x0800f2c5   Thumb Code     0  printfa.o(i.__0printf)
    __c89printf                              0x0800f2c5   Thumb Code     0  printfa.o(i.__0printf)
    printf                                   0x0800f2c5   Thumb Code     0  printfa.o(i.__0printf)
    __0sprintf                               0x0800f2e5   Thumb Code    34  printfa.o(i.__0sprintf)
    __1sprintf                               0x0800f2e5   Thumb Code     0  printfa.o(i.__0sprintf)
    __2sprintf                               0x0800f2e5   Thumb Code     0  printfa.o(i.__0sprintf)
    __c89sprintf                             0x0800f2e5   Thumb Code     0  printfa.o(i.__0sprintf)
    sprintf                                  0x0800f2e5   Thumb Code     0  printfa.o(i.__0sprintf)
    __0vsprintf                              0x0800f30d   Thumb Code    30  printfa.o(i.__0vsprintf)
    __1vsprintf                              0x0800f30d   Thumb Code     0  printfa.o(i.__0vsprintf)
    __2vsprintf                              0x0800f30d   Thumb Code     0  printfa.o(i.__0vsprintf)
    __c89vsprintf                            0x0800f30d   Thumb Code     0  printfa.o(i.__0vsprintf)
    vsprintf                                 0x0800f30d   Thumb Code     0  printfa.o(i.__0vsprintf)
    __ARM_fpclassify                         0x0800f331   Thumb Code    48  fpclassify.o(i.__ARM_fpclassify)
    __ARM_fpclassifyf                        0x0800f361   Thumb Code    38  fpclassifyf.o(i.__ARM_fpclassifyf)
    __hardfp_acos                            0x0800f389   Thumb Code   738  acos.o(i.__hardfp_acos)
    __hardfp_acosf                           0x0800f6e1   Thumb Code   234  acosf.o(i.__hardfp_acosf)
    __hardfp_asin                            0x0800f7f9   Thumb Code   770  asin.o(i.__hardfp_asin)
    __hardfp_atan                            0x0800fb59   Thumb Code   622  atan.o(i.__hardfp_atan)
    __hardfp_atan2                           0x0800fe31   Thumb Code   432  atan2.o(i.__hardfp_atan2)
    __hardfp_atan2f                          0x08010021   Thumb Code   502  atan2f.o(i.__hardfp_atan2f)
    __hardfp_cosf                            0x08010271   Thumb Code   280  cosf.o(i.__hardfp_cosf)
    __hardfp_fabs                            0x080103c1   Thumb Code    20  fabs.o(i.__hardfp_fabs)
    __hardfp_sinf                            0x080103d5   Thumb Code   344  sinf.o(i.__hardfp_sinf)
    __hardfp_sqrt                            0x08010565   Thumb Code   122  sqrt.o(i.__hardfp_sqrt)
    __hardfp_sqrtf                           0x080105df   Thumb Code    58  sqrtf.o(i.__hardfp_sqrtf)
    __kernel_poly                            0x08010619   Thumb Code   248  poly.o(i.__kernel_poly)
    __mathlib_dbl_infnan                     0x08010711   Thumb Code    20  dunder.o(i.__mathlib_dbl_infnan)
    __mathlib_dbl_infnan2                    0x08010725   Thumb Code    20  dunder.o(i.__mathlib_dbl_infnan2)
    __mathlib_dbl_invalid                    0x08010739   Thumb Code    24  dunder.o(i.__mathlib_dbl_invalid)
    __mathlib_dbl_underflow                  0x08010759   Thumb Code    24  dunder.o(i.__mathlib_dbl_underflow)
    __mathlib_flt_infnan                     0x08010779   Thumb Code     6  funder.o(i.__mathlib_flt_infnan)
    __mathlib_flt_infnan2                    0x0801077f   Thumb Code     6  funder.o(i.__mathlib_flt_infnan2)
    __mathlib_flt_invalid                    0x08010785   Thumb Code    10  funder.o(i.__mathlib_flt_invalid)
    __mathlib_flt_underflow                  0x08010795   Thumb Code    10  funder.o(i.__mathlib_flt_underflow)
    __mathlib_rredf2                         0x080107a5   Thumb Code   316  rredf.o(i.__mathlib_rredf2)
    __scatterload_copy                       0x080108f9   Thumb Code    14  handlers.o(i.__scatterload_copy)
    __scatterload_null                       0x08010907   Thumb Code     2  handlers.o(i.__scatterload_null)
    __scatterload_zeroinit                   0x08010909   Thumb Code    14  handlers.o(i.__scatterload_zeroinit)
    __set_errno                              0x08010919   Thumb Code     6  errno.o(i.__set_errno)
    atan                                     0x080111e1   Thumb Code    16  atan.o(i.atan)
    fabs                                     0x080111f1   Thumb Code    24  fabs.o(i.fabs)
    sqrt                                     0x08011209   Thumb Code   110  sqrt.o(i.sqrt)
    sqrtf                                    0x08011277   Thumb Code    62  sqrtf.o(i.sqrtf)
    ml_ver                                   0x080112b4   Data          20  mpl.o(.constdata)
    reg                                      0x080112e3   Data          30  inv_mpu.o(.constdata)
    hw                                       0x08011302   Data          12  inv_mpu.o(.constdata)
    test                                     0x08011310   Data          48  inv_mpu.o(.constdata)
    sin_lookup                               0x08011540   Data        1024  ml_math_func.o(.constdata)
    __mathlib_zero                           0x08012670   Data           8  qnan.o(.constdata)
    Region$$Table$$Base                      0x080126e8   Number         0  anon$$obj.o(Region$$Table)
    Region$$Table$$Limit                     0x08012708   Number         0  anon$$obj.o(Region$$Table)
    mpl_key                                  0x20000000   Data           4  inv_mpu.o(.data)
    robot_status                             0x20000040   Data           6  robotstatus.o(.data)
    SystemCoreClock                          0x20000048   Data           4  system_stm32f4xx.o(.data)
    AHBPrescTable                            0x2000004c   Data          16  system_stm32f4xx.o(.data)
    xHandleTaskLED                           0x2000005c   Data           4  task_config.o(.data)
    xHandleTaskStart                         0x20000060   Data           4  task_config.o(.data)
    xHandleTaskCANParse                      0x20000064   Data           4  task_config.o(.data)
    xHandleTaskControl                       0x20000068   Data           4  task_config.o(.data)
    xHandleTaskUSARTParse                    0x2000006c   Data           4  task_config.o(.data)
    xHandleTaskRCParse                       0x20000070   Data           4  task_config.o(.data)
    xHandleTaskIMUData                       0x20000074   Data           4  task_config.o(.data)
    g_2006_angle_reset                       0x20000078   Data           1  task_control.o(.data)
    g_2006_angle_flag                        0x20000079   Data           1  task_control.o(.data)
    pxCurrentTCB                             0x200000d4   Data           4  tasks.o(.data)
    __stdout                                 0x2000013c   Data           4  stdout.o(.data)
    g_DMA_Dbus_Buff                          0x20000144   Data          18  bsp_dma.o(.bss)
    g_DMA_Judge_Send_Buff                    0x20000156   Data         255  bsp_dma.o(.bss)
    g_DMA_Judge_Reve_Buff                    0x20000255   Data         255  bsp_dma.o(.bss)
    s_rx_message                             0x200008d8   Data          20  stm32f4xx_it.o(.bss)
    g_rc_control                             0x200008ec   Data          28  drive_rc.o(.bss)
    g_imu_data                               0x20000918   Data          28  drive_imu.o(.bss)
    g_infc                                   0x20000934   Data         704  drive_control.o(.bss)
    g_speed_target                           0x20000bf4   Data          32  drive_control.o(.bss)
    g_angle_target                           0x20000c14   Data          32  drive_control.o(.bss)
    g_data_3510                              0x20000c74   Data          16  motor_chassis.o(.bss)
    g_data_6623                              0x20000c98   Data          20  motor_cradle_head_1.o(.bss)
    g_data_2006                              0x20000cac   Data          24  motor_cradle_head_1.o(.bss)
    xQueueRegistry                           0x20000fd0   Data          64  queue.o(.bss)
    fnm                                      0x20006010   Data         608  fast_no_motion.o(.bss)
    s9axis                                   0x200062b0   Data         312  fusion_9axis.o(.bss)
    mag_disturb                              0x200065ac   Data         184  mag_disturb.o(.bss)
    __initial_sp                             0x20006ad0   Data           0  startup_stm32f427xx.o(STACK)



==============================================================================

Memory Map of the image

  Image Entry point : 0x080001ad

  Load Region LR_IROM1 (Base: 0x08000000, Size: 0x0001284c, Max: 0x00200000, ABSOLUTE, COMPRESSED[0x0001273c])

    Execution Region ER_IROM1 (Exec base: 0x08000000, Load base: 0x08000000, Size: 0x00012708, Max: 0x00200000, ABSOLUTE)

    Exec Addr    Load Addr    Size         Type   Attr      Idx    E Section Name        Object

    0x08000000   0x08000000   0x000001ac   Data   RO          851    RESET               startup_stm32f427xx.o
    0x080001ac   0x080001ac   0x00000000   Code   RO         1958  * .ARM.Collect$$$$00000000  mc_w.l(entry.o)
    0x080001ac   0x080001ac   0x00000004   Code   RO         2320    .ARM.Collect$$$$00000001  mc_w.l(entry2.o)
    0x080001b0   0x080001b0   0x00000004   Code   RO         2323    .ARM.Collect$$$$00000004  mc_w.l(entry5.o)
    0x080001b4   0x080001b4   0x00000000   Code   RO         2325    .ARM.Collect$$$$00000008  mc_w.l(entry7b.o)
    0x080001b4   0x080001b4   0x00000000   Code   RO         2327    .ARM.Collect$$$$0000000A  mc_w.l(entry8b.o)
    0x080001b4   0x080001b4   0x00000008   Code   RO         2328    .ARM.Collect$$$$0000000B  mc_w.l(entry9a.o)
    0x080001bc   0x080001bc   0x00000000   Code   RO         2330    .ARM.Collect$$$$0000000D  mc_w.l(entry10a.o)
    0x080001bc   0x080001bc   0x00000000   Code   RO         2332    .ARM.Collect$$$$0000000F  mc_w.l(entry11a.o)
    0x080001bc   0x080001bc   0x00000004   Code   RO         2321    .ARM.Collect$$$$00002712  mc_w.l(entry2.o)
    0x080001c0   0x080001c0   0x000000b6   Code   RO         1422    .emb_text           port.o
    0x08000276   0x08000276   0x00000002   PAD
    0x08000278   0x08000278   0x00000110   Code   RO            3    .text               bsp_can.o
    0x08000388   0x08000388   0x000000f8   Code   RO          139    .text               bsp_time.o
    0x08000480   0x08000480   0x00000210   Code   RO          162    .text               bsp_gpio.o
    0x08000690   0x08000690   0x000000a8   Code   RO          185    .text               bsp_usart.o
    0x08000738   0x08000738   0x00000120   Code   RO          208    .text               bsp_dma.o
    0x08000858   0x08000858   0x00000100   Code   RO          234    .text               bsp_nvic.o
    0x08000958   0x08000958   0x00000024   Code   RO          257    .text               bsp_delay.o
    0x0800097c   0x0800097c   0x000000d4   Code   RO          278    .text               mpl.o
    0x08000a50   0x08000a50   0x00002a10   Code   RO          353    .text               inv_mpu.o
    0x08003460   0x08003460   0x000002cc   Code   RO          505    .text               log_stm32.o
    0x0800372c   0x0800372c   0x00000a48   Code   RO          540    .text               data_builder.o
    0x08004174   0x08004174   0x000003a8   Code   RO          559    .text               empl_outputs.o
    0x0800451c   0x0800451c   0x00000024   Code   RO          573    .text               message_layer.o
    0x08004540   0x08004540   0x00000d28   Code   RO          587    .text               ml_math_func.o
    0x08005268   0x08005268   0x000003a8   Code   RO          606    .text               results_holder.o
    0x08005610   0x08005610   0x00000094   Code   RO          621    .text               start_manager.o
    0x080056a4   0x080056a4   0x000001a0   Code   RO          635    .text               storage_manager.o
    0x08005844   0x08005844   0x00000a84   Code   RO          651    .text               inv_mpu_dmp_motion_driver.o
    0x080062c8   0x080062c8   0x00000038   Code   RO          685    .text               main.o
    0x08006300   0x08006300   0x00000048   Code   RO          755    .text               sysconfig.o
    0x08006348   0x08006348   0x00000254   Code   RO          775    .text               stm32f4xx_it.o
    0x0800659c   0x0800659c   0x0000019c   Code   RO          825    .text               system_stm32f4xx.o
    0x08006738   0x08006738   0x00000024   Code   RO          852    .text               startup_stm32f427xx.o
    0x0800675c   0x0800675c   0x00000154   Code   RO          858    .text               math_pid.o
    0x080068b0   0x080068b0   0x00000094   Code   RO          882    .text               math_tool.o
    0x08006944   0x08006944   0x00000148   Code   RO          906    .text               task_config.o
    0x08006a8c   0x08006a8c   0x00000138   Code   RO          951    .text               task_control.o
    0x08006bc4   0x08006bc4   0x0000003c   Code   RO          994    .text               task_can_parse.o
    0x08006c00   0x08006c00   0x00000016   Code   RO         1014    .text               task_usart_parse.o
    0x08006c16   0x08006c16   0x00000002   PAD
    0x08006c18   0x08006c18   0x00000074   Code   RO         1034    .text               task_rc_parse.o
    0x08006c8c   0x08006c8c   0x0000002c   Code   RO         1054    .text               task_imudata.o
    0x08006cb8   0x08006cb8   0x000000b0   Code   RO         1074    .text               misc.o
    0x08006d68   0x08006d68   0x00000708   Code   RO         1094    .text               stm32f4xx_can.o
    0x08007470   0x08007470   0x00000488   Code   RO         1114    .text               stm32f4xx_rcc.o
    0x080078f8   0x080078f8   0x000009dc   Code   RO         1136    .text               stm32f4xx_tim.o
    0x080082d4   0x080082d4   0x00000320   Code   RO         1157    .text               stm32f4xx_dma.o
    0x080085f4   0x080085f4   0x000000e0   Code   RO         1177    .text               stm32f4xx_exti.o
    0x080086d4   0x080086d4   0x0000020c   Code   RO         1197    .text               stm32f4xx_gpio.o
    0x080088e0   0x080088e0   0x00000358   Code   RO         1217    .text               stm32f4xx_usart.o
    0x08008c38   0x08008c38   0x0000007c   Code   RO         1237    .text               stm32f4xx_syscfg.o
    0x08008cb4   0x08008cb4   0x0000009c   Code   RO         1257    .text               drive_rc.o
    0x08008d50   0x08008d50   0x00000454   Code   RO         1283    .text               drive_imu.o
    0x080091a4   0x080091a4   0x0000006c   Code   RO         1310    .text               drive_delay.o
    0x08009210   0x08009210   0x000007dc   Code   RO         1331    .text               drive_control.o
    0x080099ec   0x080099ec   0x000000a4   Code   RO         1359    .text               motor_chassis.o
    0x08009a90   0x08009a90   0x0000022c   Code   RO         1386    .text               motor_cradle_head_1.o
    0x08009cbc   0x08009cbc   0x00000088   Code   RO         1410    .text               list.o
    0x08009d44   0x08009d44   0x00000260   Code   RO         1423    .text               port.o
    0x08009fa4   0x08009fa4   0x0000134c   Code   RO         1453    .text               tasks.o
    0x0800b2f0   0x0800b2f0   0x00000518   Code   RO         1488    .text               timers.o
    0x0800b808   0x0800b808   0x00000aac   Code   RO         1506    .text               queue.o
    0x0800c2b4   0x0800c2b4   0x00000214   Code   RO         1534    .text               heap_4.o
    0x0800c4c8   0x0800c4c8   0x00000a18   Code   RO         1573    .text               libmpllib.lib(fast_no_motion.o)
    0x0800cee0   0x0800cee0   0x000006b0   Code   RO         1664    .text               libmpllib.lib(fusion_9axis.o)
    0x0800d590   0x0800d590   0x000004c4   Code   RO         1689    .text               libmpllib.lib(gyro_tc.o)
    0x0800da54   0x0800da54   0x000005c0   Code   RO         1710    .text               libmpllib.lib(mag_disturb.o)
    0x0800e014   0x0800e014   0x00000994   Code   RO         1732    .text               libmpllib.lib(quaternion_supervisor.o)
    0x0800e9a8   0x0800e9a8   0x00000062   Code   RO         1961    .text               mc_w.l(ldiv.o)
    0x0800ea0a   0x0800ea0a   0x0000001e   Code   RO         1963    .text               mc_w.l(llshl.o)
    0x0800ea28   0x0800ea28   0x00000024   Code   RO         1965    .text               mc_w.l(llsshr.o)
    0x0800ea4c   0x0800ea4c   0x00000040   Code   RO         1969    .text               mc_w.l(memmovea.o)
    0x0800ea8c   0x0800ea8c   0x00000024   Code   RO         1971    .text               mc_w.l(memseta.o)
    0x0800eab0   0x0800eab0   0x0000000e   Code   RO         1973    .text               mc_w.l(strlen.o)
    0x0800eabe   0x0800eabe   0x0000001a   Code   RO         1975    .text               mc_w.l(memcmp.o)
    0x0800ead8   0x0800ead8   0x00000012   Code   RO         1977    .text               mc_w.l(strcpy.o)
    0x0800eaea   0x0800eaea   0x0000014e   Code   RO         2244    .text               mf_w.l(dadd.o)
    0x0800ec38   0x0800ec38   0x000000e4   Code   RO         2246    .text               mf_w.l(dmul.o)
    0x0800ed1c   0x0800ed1c   0x000000de   Code   RO         2248    .text               mf_w.l(ddiv.o)
    0x0800edfa   0x0800edfa   0x0000002c   Code   RO         2250    .text               mf_w.l(ffltl.o)
    0x0800ee26   0x0800ee26   0x00000022   Code   RO         2252    .text               mf_w.l(dflti.o)
    0x0800ee48   0x0800ee48   0x00000018   Code   RO         2254    .text               mf_w.l(dfltul.o)
    0x0800ee60   0x0800ee60   0x00000042   Code   RO         2256    .text               mf_w.l(ffixl.o)
    0x0800eea2   0x0800eea2   0x0000003e   Code   RO         2258    .text               mf_w.l(dfixi.o)
    0x0800eee0   0x0800eee0   0x00000026   Code   RO         2260    .text               mf_w.l(f2d.o)
    0x0800ef06   0x0800ef06   0x00000002   PAD
    0x0800ef08   0x0800ef08   0x00000030   Code   RO         2262    .text               mf_w.l(cdcmple.o)
    0x0800ef38   0x0800ef38   0x00000030   Code   RO         2264    .text               mf_w.l(cdrcmple.o)
    0x0800ef68   0x0800ef68   0x00000038   Code   RO         2266    .text               mf_w.l(d2f.o)
    0x0800efa0   0x0800efa0   0x0000002c   Code   RO         2335    .text               mc_w.l(uidiv.o)
    0x0800efcc   0x0800efcc   0x00000062   Code   RO         2337    .text               mc_w.l(uldiv.o)
    0x0800f02e   0x0800f02e   0x00000020   Code   RO         2339    .text               mc_w.l(llushr.o)
    0x0800f04e   0x0800f04e   0x00000000   Code   RO         2348    .text               mc_w.l(iusefp.o)
    0x0800f04e   0x0800f04e   0x0000006e   Code   RO         2349    .text               mf_w.l(fepilogue.o)
    0x0800f0bc   0x0800f0bc   0x000000ba   Code   RO         2351    .text               mf_w.l(depilogue.o)
    0x0800f176   0x0800f176   0x000000a2   Code   RO         2357    .text               mf_w.l(dsqrt.o)
    0x0800f218   0x0800f218   0x00000030   Code   RO         2359    .text               mf_w.l(dfixul.o)
    0x0800f248   0x0800f248   0x00000024   Code   RO         2361    .text               mc_w.l(init.o)
    0x0800f26c   0x0800f26c   0x00000056   Code   RO         2373    .text               mc_w.l(__dczerorl2.o)
    0x0800f2c2   0x0800f2c2   0x00000002   PAD
    0x0800f2c4   0x0800f2c4   0x00000020   Code   RO         2216    i.__0printf         mc_w.l(printfa.o)
    0x0800f2e4   0x0800f2e4   0x00000028   Code   RO         2218    i.__0sprintf        mc_w.l(printfa.o)
    0x0800f30c   0x0800f30c   0x00000024   Code   RO         2222    i.__0vsprintf       mc_w.l(printfa.o)
    0x0800f330   0x0800f330   0x00000030   Code   RO         2285    i.__ARM_fpclassify  m_wm.l(fpclassify.o)
    0x0800f360   0x0800f360   0x00000026   Code   RO         2287    i.__ARM_fpclassifyf  m_wm.l(fpclassifyf.o)
    0x0800f386   0x0800f386   0x00000002   PAD
    0x0800f388   0x0800f388   0x00000358   Code   RO         1750    i.__hardfp_acos     m_wm.l(acos.o)
    0x0800f6e0   0x0800f6e0   0x00000118   Code   RO         1764    i.__hardfp_acosf    m_wm.l(acosf.o)
    0x0800f7f8   0x0800f7f8   0x00000360   Code   RO         1776    i.__hardfp_asin     m_wm.l(asin.o)
    0x0800fb58   0x0800fb58   0x000002d8   Code   RO         1802    i.__hardfp_atan     m_wm.l(atan.o)
    0x0800fe30   0x0800fe30   0x000001f0   Code   RO         1816    i.__hardfp_atan2    m_wm.l(atan2.o)
    0x08010020   0x08010020   0x00000250   Code   RO         1828    i.__hardfp_atan2f   m_wm.l(atan2f.o)
    0x08010270   0x08010270   0x00000150   Code   RO         1858    i.__hardfp_cosf     m_wm.l(cosf.o)
    0x080103c0   0x080103c0   0x00000014   Code   RO         1870    i.__hardfp_fabs     m_wm.l(fabs.o)
    0x080103d4   0x080103d4   0x00000190   Code   RO         1922    i.__hardfp_sinf     m_wm.l(sinf.o)
    0x08010564   0x08010564   0x0000007a   Code   RO         1934    i.__hardfp_sqrt     m_wm.l(sqrt.o)
    0x080105de   0x080105de   0x0000003a   Code   RO         1946    i.__hardfp_sqrtf    m_wm.l(sqrtf.o)
    0x08010618   0x08010618   0x000000f8   Code   RO         2303    i.__kernel_poly     m_wm.l(poly.o)
    0x08010710   0x08010710   0x00000014   Code   RO         2272    i.__mathlib_dbl_infnan  m_wm.l(dunder.o)
    0x08010724   0x08010724   0x00000014   Code   RO         2273    i.__mathlib_dbl_infnan2  m_wm.l(dunder.o)
    0x08010738   0x08010738   0x00000020   Code   RO         2274    i.__mathlib_dbl_invalid  m_wm.l(dunder.o)
    0x08010758   0x08010758   0x00000020   Code   RO         2277    i.__mathlib_dbl_underflow  m_wm.l(dunder.o)
    0x08010778   0x08010778   0x00000006   Code   RO         2290    i.__mathlib_flt_infnan  m_wm.l(funder.o)
    0x0801077e   0x0801077e   0x00000006   Code   RO         2291    i.__mathlib_flt_infnan2  m_wm.l(funder.o)
    0x08010784   0x08010784   0x00000010   Code   RO         2292    i.__mathlib_flt_invalid  m_wm.l(funder.o)
    0x08010794   0x08010794   0x00000010   Code   RO         2295    i.__mathlib_flt_underflow  m_wm.l(funder.o)
    0x080107a4   0x080107a4   0x00000154   Code   RO         2311    i.__mathlib_rredf2  m_wm.l(rredf.o)
    0x080108f8   0x080108f8   0x0000000e   Code   RO         2367    i.__scatterload_copy  mc_w.l(handlers.o)
    0x08010906   0x08010906   0x00000002   Code   RO         2368    i.__scatterload_null  mc_w.l(handlers.o)
    0x08010908   0x08010908   0x0000000e   Code   RO         2369    i.__scatterload_zeroinit  mc_w.l(handlers.o)
    0x08010916   0x08010916   0x00000002   PAD
    0x08010918   0x08010918   0x0000000c   Code   RO         2343    i.__set_errno       mc_w.l(errno.o)
    0x08010924   0x08010924   0x00000184   Code   RO         2223    i._fp_digits        mc_w.l(printfa.o)
    0x08010aa8   0x08010aa8   0x000006dc   Code   RO         2224    i._printf_core      mc_w.l(printfa.o)
    0x08011184   0x08011184   0x00000024   Code   RO         2225    i._printf_post_padding  mc_w.l(printfa.o)
    0x080111a8   0x080111a8   0x0000002e   Code   RO         2226    i._printf_pre_padding  mc_w.l(printfa.o)
    0x080111d6   0x080111d6   0x0000000a   Code   RO         2228    i._sputc            mc_w.l(printfa.o)
    0x080111e0   0x080111e0   0x00000010   Code   RO         1804    i.atan              m_wm.l(atan.o)
    0x080111f0   0x080111f0   0x00000018   Code   RO         1872    i.fabs              m_wm.l(fabs.o)
    0x08011208   0x08011208   0x0000006e   Code   RO         1936    i.sqrt              m_wm.l(sqrt.o)
    0x08011276   0x08011276   0x0000003e   Code   RO         1948    i.sqrtf             m_wm.l(sqrtf.o)
    0x080112b4   0x080112b4   0x0000002f   Data   RO          279    .constdata          mpl.o
    0x080112e3   0x080112e3   0x0000001e   Data   RO          354    .constdata          inv_mpu.o
    0x08011301   0x08011301   0x00000001   PAD
    0x08011302   0x08011302   0x0000000c   Data   RO          355    .constdata          inv_mpu.o
    0x0801130e   0x0801130e   0x00000002   PAD
    0x08011310   0x08011310   0x00000030   Data   RO          356    .constdata          inv_mpu.o
    0x08011340   0x08011340   0x00000200   Data   RO          357    .constdata          inv_mpu.o
    0x08011540   0x08011540   0x00000400   Data   RO          588    .constdata          ml_math_func.o
    0x08011940   0x08011940   0x00000bf6   Data   RO          653    .constdata          inv_mpu_dmp_motion_driver.o
    0x08012536   0x08012536   0x00000002   PAD
    0x08012538   0x08012538   0x00000050   Data   RO         1753    .constdata          m_wm.l(acos.o)
    0x08012588   0x08012588   0x00000050   Data   RO         1779    .constdata          m_wm.l(asin.o)
    0x080125d8   0x080125d8   0x00000098   Data   RO         1805    .constdata          m_wm.l(atan.o)
    0x08012670   0x08012670   0x00000008   Data   RO         2305    .constdata          m_wm.l(qnan.o)
    0x08012678   0x08012678   0x00000020   Data   RO         2312    .constdata          m_wm.l(rredf.o)
    0x08012698   0x08012698   0x00000009   Data   RO          358    .conststring        inv_mpu.o
    0x080126a1   0x080126a1   0x00000003   PAD
    0x080126a4   0x080126a4   0x00000044   Data   RO          542    .conststring        data_builder.o
    0x080126e8   0x080126e8   0x00000020   Data   RO         2365    Region$$Table       anon$$obj.o


    Execution Region RW_IRAM1 (Exec base: 0x20000000, Load base: 0x08012708, Size: 0x00006ad0, Max: 0x00030000, ABSOLUTE, COMPRESSED[0x00000034])

    Exec Addr    Load Addr    Size         Type   Attr      Idx    E Section Name        Object

    0x20000000   COMPRESSED   0x00000004   Data   RW          359    .data               inv_mpu.o
    0x20000004   COMPRESSED   0x00000035   Data   RW          360    .data               inv_mpu.o
    0x20000039   COMPRESSED   0x00000003   PAD
    0x2000003c   COMPRESSED   0x00000004   Data   RW          574    .data               message_layer.o
    0x20000040   COMPRESSED   0x00000006   Data   RW          805    .data               robotstatus.o
    0x20000046   COMPRESSED   0x00000002   PAD
    0x20000048   COMPRESSED   0x00000014   Data   RW          826    .data               system_stm32f4xx.o
    0x2000005c   COMPRESSED   0x0000001c   Data   RW          907    .data               task_config.o
    0x20000078   COMPRESSED   0x00000002   Data   RW          952    .data               task_control.o
    0x2000007a   COMPRESSED   0x00000010   Data   RW         1115    .data               stm32f4xx_rcc.o
    0x2000008a   COMPRESSED   0x00000006   Data   RW         1285    .data               drive_imu.o
    0x20000090   COMPRESSED   0x00000038   Data   RW         1333    .data               drive_control.o
    0x200000c8   COMPRESSED   0x0000000c   Data   RW         1424    .data               port.o
    0x200000d4   COMPRESSED   0x0000003c   Data   RW         1455    .data               tasks.o
    0x20000110   COMPRESSED   0x00000014   Data   RW         1490    .data               timers.o
    0x20000124   COMPRESSED   0x00000018   Data   RW         1536    .data               heap_4.o
    0x2000013c   COMPRESSED   0x00000004   Data   RW         2334    .data               mc_w.l(stdout.o)
    0x20000140   COMPRESSED   0x00000004   Data   RW         2344    .data               mc_w.l(errno.o)
    0x20000144        -       0x00000210   Zero   RW          209    .bss                bsp_dma.o
    0x20000354        -       0x000002d8   Zero   RW          541    .bss                data_builder.o
    0x2000062c        -       0x00000028   Zero   RW          560    .bss                empl_outputs.o
    0x20000654        -       0x00000088   Zero   RW          607    .bss                results_holder.o
    0x200006dc        -       0x00000054   Zero   RW          622    .bss                start_manager.o
    0x20000730        -       0x00000198   Zero   RW          636    .bss                storage_manager.o
    0x200008c8        -       0x00000010   Zero   RW          652    .bss                inv_mpu_dmp_motion_driver.o
    0x200008d8        -       0x00000014   Zero   RW          776    .bss                stm32f4xx_it.o
    0x200008ec        -       0x0000001c   Zero   RW         1258    .bss                drive_rc.o
    0x20000908        -       0x0000002c   Zero   RW         1284    .bss                drive_imu.o
    0x20000934        -       0x00000340   Zero   RW         1332    .bss                drive_control.o
    0x20000c74        -       0x00000010   Zero   RW         1360    .bss                motor_chassis.o
    0x20000c84        -       0x00000040   Zero   RW         1387    .bss                motor_cradle_head_1.o
    0x20000cc4        -       0x000002e4   Zero   RW         1454    .bss                tasks.o
    0x20000fa8        -       0x00000028   Zero   RW         1489    .bss                timers.o
    0x20000fd0        -       0x00000040   Zero   RW         1507    .bss                queue.o
    0x20001010        -       0x00005000   Zero   RW         1535    .bss                heap_4.o
    0x20006010        -       0x000002a0   Zero   RW         1574    .bss                libmpllib.lib(fast_no_motion.o)
    0x200062b0        -       0x00000138   Zero   RW         1665    .bss                libmpllib.lib(fusion_9axis.o)
    0x200063e8        -       0x000001c4   Zero   RW         1690    .bss                libmpllib.lib(gyro_tc.o)
    0x200065ac        -       0x000000b8   Zero   RW         1711    .bss                libmpllib.lib(mag_disturb.o)
    0x20006664        -       0x0000006c   Zero   RW         1733    .bss                libmpllib.lib(quaternion_supervisor.o)
    0x200066d0        -       0x00000400   Zero   RW          849    STACK               startup_stm32f427xx.o


==============================================================================

Image component sizes


      Code (inc. data)   RO Data    RW Data    ZI Data      Debug   Object Name

       272         10          0          0          0     311803   bsp_can.o
        36         10          0          0          0        435   bsp_delay.o
       288         20          0          0        528       1265   bsp_dma.o
       528         26          0          0          0        816   bsp_gpio.o
       256         20          0          0          0        656   bsp_nvic.o
       248         12          0          0          0        712   bsp_time.o
       168         12          0          0          0        585   bsp_usart.o
      2632         60         68          0        728      19212   data_builder.o
      2012        162          0         56        832       4675   drive_control.o
       108         14          0          0          0       1518   drive_delay.o
      1108         36          0          6         44       5646   drive_imu.o
       156         10          0          0         28       1251   drive_rc.o
       936         50          0          0         40       5277   empl_outputs.o
       532         66          0         24      20480       3460   heap_4.o
     10768       1252        611         57          0      45453   inv_mpu.o
      2692        134       3062          0         16      16629   inv_mpu_dmp_motion_driver.o
       136          0          0          0          0       1882   list.o
       716         18          0          0          0       1992   log_stm32.o
        56         22          0          0          0        903   main.o
       340         10          0          0          0       3979   math_pid.o
       148         12          0          0          0       6404   math_tool.o
        36          6          0          4          0       1406   message_layer.o
       176         12          0          0          0       1929   misc.o
      3368        108       1024          0          0      17087   ml_math_func.o
       164         10          0          0         16       1710   motor_chassis.o
       556         26          0          0         64       3036   motor_cradle_head_1.o
       212         50         47          0          0      11366   mpl.o
       790        104          0         12          0       8141   port.o
      2732         52          0          0         64      24992   queue.o
       936         16          0          0        136       9643   results_holder.o
         0          0          0          6          0        791   robotstatus.o
       148          4          0          0         84       2210   start_manager.o
        36          8        428          0       1024        800   startup_stm32f427xx.o
      1800         44          0          0          0       8764   stm32f4xx_can.o
       800         32          0          0          0       6949   stm32f4xx_dma.o
       224         10          0          0          0       2383   stm32f4xx_exti.o
       524         44          0          0          0       4457   stm32f4xx_gpio.o
       596         70          0          0         20       2982   stm32f4xx_it.o
      1160         52          0         16          0      13332   stm32f4xx_rcc.o
       124         16          0          0          0       1881   stm32f4xx_syscfg.o
      2524         52          0          0          0      23978   stm32f4xx_tim.o
       856         32          0          0          0       8272   stm32f4xx_usart.o
       416          4          0          0        408       3538   storage_manager.o
        72          4          0          0          0        728   sysconfig.o
       412         40          0         20          0       1883   system_stm32f4xx.o
        60          6          0          0          0        524   task_can_parse.o
       328        120          0         28          0       1271   task_config.o
       312         38          0          2          0       1359   task_control.o
        44          6          0          0          0        511   task_imudata.o
       116         12          0          0          0        635   task_rc_parse.o
        22          0          0          0          0        514   task_usart_parse.o
      4940        180          0         60        740      33314   tasks.o
      1304        128          0         20         40      11432   timers.o

    ----------------------------------------------------------------------
     49928       3242       5280        316      25292     646371   Object Totals
         0          0         32          0          0          0   (incl. Generated)
         4          0          8          5          0          0   (incl. Padding)

    ----------------------------------------------------------------------

      Code (inc. data)   RO Data    RW Data    ZI Data      Debug   Library Member Name

      2584         42          0          0        672      20088   fast_no_motion.o
      1712         72          0          0        312       5636   fusion_9axis.o
      1220         32          0          0        452       5735   gyro_tc.o
      1472         48          0          0        184       7614   mag_disturb.o
      2452        130          0          0        108       5637   quaternion_supervisor.o
       856        118         80          0          0        288   acos.o
       280         46          0          0          0        176   acosf.o
       864         94         80          0          0        280   asin.o
       744        106        152          0          0        352   atan.o
       496         64          0          0          0        192   atan2.o
       592         90          0          0          0        184   atan2f.o
       336         56          0          0          0        136   cosf.o
       104         16          0          0          0        496   dunder.o
        44          0          0          0          0        248   fabs.o
        48          0          0          0          0        124   fpclassify.o
        38          0          0          0          0        116   fpclassifyf.o
        44         12          0          0          0        464   funder.o
       248          0          0          0          0        152   poly.o
         0          0          8          0          0          0   qnan.o
       340         24         32          0          0        160   rredf.o
       400         56          0          0          0        212   sinf.o
       232          0          0          0          0        296   sqrt.o
       120          0          0          0          0        272   sqrtf.o
        86          0          0          0          0          0   __dczerorl2.o
         0          0          0          0          0          0   entry.o
         0          0          0          0          0          0   entry10a.o
         0          0          0          0          0          0   entry11a.o
         8          4          0          0          0          0   entry2.o
         4          0          0          0          0          0   entry5.o
         0          0          0          0          0          0   entry7b.o
         0          0          0          0          0          0   entry8b.o
         8          4          0          0          0          0   entry9a.o
        12          6          0          4          0         68   errno.o
        30          0          0          0          0          0   handlers.o
        36          8          0          0          0         68   init.o
         0          0          0          0          0          0   iusefp.o
        98          0          0          0          0         84   ldiv.o
        30          0          0          0          0         68   llshl.o
        36          0          0          0          0         68   llsshr.o
        32          0          0          0          0         68   llushr.o
        26          0          0          0          0         80   memcmp.o
        64          0          0          0          0         76   memmovea.o
        36          0          0          0          0        108   memseta.o
      2344        102          0          0          0        684   printfa.o
         0          0          0          4          0          0   stdout.o
        18          0          0          0          0         68   strcpy.o
        14          0          0          0          0         68   strlen.o
        44          0          0          0          0         80   uidiv.o
        98          0          0          0          0         92   uldiv.o
        48          0          0          0          0         68   cdcmple.o
        48          0          0          0          0         68   cdrcmple.o
        56          0          0          0          0         88   d2f.o
       334          0          0          0          0        148   dadd.o
       222          0          0          0          0        100   ddiv.o
       186          0          0          0          0        176   depilogue.o
        62          0          0          0          0         80   dfixi.o
        48          0          0          0          0         68   dfixul.o
        34          0          0          0          0         76   dflti.o
        24          0          0          0          0         76   dfltul.o
       228          0          0          0          0         96   dmul.o
       162          0          0          0          0        100   dsqrt.o
        38          0          0          0          0         68   f2d.o
       110          0          0          0          0        168   fepilogue.o
        66          0          0          0          0         76   ffixl.o
        44          0          0          0          0         92   ffltl.o

    ----------------------------------------------------------------------
     19968       1130        352          8       1728      52086   Library Totals
         8          0          0          0          0          0   (incl. Padding)

    ----------------------------------------------------------------------

      Code (inc. data)   RO Data    RW Data    ZI Data      Debug   Library Name

      9440        324          0          0       1728      44710   libmpllib.lib
      5786        682        352          0          0       4148   m_wm.l
      3024        124          0          8          0       1680   mc_w.l
      1710          0          0          0          0       1548   mf_w.l

    ----------------------------------------------------------------------
     19968       1130        352          8       1728      52086   Library Totals

    ----------------------------------------------------------------------

==============================================================================


      Code (inc. data)   RO Data    RW Data    ZI Data      Debug   

     69896       4372       5632        324      27020     680273   Grand Totals
     69896       4372       5632         52      27020     680273   ELF Image Totals (compressed)
     69896       4372       5632         52          0          0   ROM Totals

==============================================================================

    Total RO  Size (Code + RO Data)                75528 (  73.76kB)
    Total RW  Size (RW Data + ZI Data)             27344 (  26.70kB)
    Total ROM Size (Code + RO Data + RW Data)      75580 (  73.81kB)

==============================================================================

