Component: ARM Compiler 5.06 update 6 (build 750) Tool: armlink [4d35ed]

==============================================================================

Section Cross References

    bsp_can.o(.text) refers to stm32f4xx_rcc.o(.text) for RCC_APB1PeriphClockCmd
    bsp_can.o(.text) refers to stm32f4xx_can.o(.text) for CAN_DeInit
    bsp_time.o(.text) refers to stm32f4xx_rcc.o(.text) for RCC_APB1PeriphClockCmd
    bsp_time.o(.text) refers to stm32f4xx_tim.o(.text) for TIM_TimeBaseInit
    bsp_gpio.o(.text) refers to stm32f4xx_rcc.o(.text) for RCC_AHB1PeriphClockCmd
    bsp_gpio.o(.text) refers to stm32f4xx_gpio.o(.text) for GPIO_Init
    bsp_gpio.o(.text) refers to stm32f4xx_syscfg.o(.text) for SYSCFG_EXTILineConfig
    bsp_gpio.o(.text) refers to drive_delay.o(.text) for Delay_US
    bsp_usart.o(.text) refers to stm32f4xx_rcc.o(.text) for RCC_APB2PeriphClockCmd
    bsp_usart.o(.text) refers to stm32f4xx_usart.o(.text) for USART_DeInit
    bsp_dma.o(.text) refers to stm32f4xx_rcc.o(.text) for RCC_AHB1PeriphClockCmd
    bsp_dma.o(.text) refers to stm32f4xx_dma.o(.text) for DMA_DeInit
    bsp_dma.o(.text) refers to bsp_dma.o(.bss) for .bss
    bsp_nvic.o(.text) refers to misc.o(.text) for NVIC_PriorityGroupConfig
    bsp_nvic.o(.text) refers to stm32f4xx_dma.o(.text) for DMA_ITConfig
    bsp_nvic.o(.text) refers to stm32f4xx_usart.o(.text) for USART_ITConfig
    bsp_nvic.o(.text) refers to stm32f4xx_can.o(.text) for CAN_ITConfig
    bsp_nvic.o(.text) refers to stm32f4xx_exti.o(.text) for EXTI_Init
    mpl.o(.text) refers to storage_manager.o(.text) for inv_init_storage_manager
    mpl.o(.text) refers to start_manager.o(.text) for inv_init_start_manager
    mpl.o(.text) refers to data_builder.o(.text) for inv_init_data_builder
    mpl.o(.text) refers to results_holder.o(.text) for inv_enable_results_holder
    mpl.o(.text) refers to log_stm32.o(.text) for _MLPrintLog
    mpl.o(.text) refers to mpl.o(.constdata) for .constdata
    mlmath.o(.text) refers to asin.o(i.__hardfp_asin) for __hardfp_asin
    mlmath.o(.text) refers to atan.o(i.__hardfp_atan) for __hardfp_atan
    mlmath.o(.text) refers to atan2.o(i.__hardfp_atan2) for __hardfp_atan2
    mlmath.o(.text) refers to log.o(i.__hardfp_log) for __hardfp_log
    mlmath.o(.text) refers to sqrt.o(i.__hardfp_sqrt) for __hardfp_sqrt
    mlmath.o(.text) refers to ceil.o(i.__hardfp_ceil) for __hardfp_ceil
    mlmath.o(.text) refers to floor.o(i.__hardfp_floor) for __hardfp_floor
    mlmath.o(.text) refers to cos.o(i.__hardfp_cos) for __hardfp_cos
    mlmath.o(.text) refers to sin.o(i.__hardfp_sin) for __hardfp_sin
    mlmath.o(.text) refers to acos.o(i.__hardfp_acos) for __hardfp_acos
    mlmath.o(.text) refers to pow.o(i.__hardfp_pow) for __hardfp_pow
    log_stm32.o(.text) refers to printfa.o(i.__0vsprintf) for vsprintf
    log_stm32.o(.text) refers to memseta.o(.text) for __aeabi_memclr4
    log_stm32.o(.text) refers to memmovea.o(.text) for __aeabi_memcpy
    log_stm32.o(.text) refers to sysconfig.o(.text) for fputc
    hal_outputs.o(.text) refers to data_builder.o(.text) for inv_get_accel_set
    hal_outputs.o(.text) refers to results_holder.o(.text) for inv_get_gravity
    hal_outputs.o(.text) refers to ml_math_func.o(.text) for inv_calc_state_to_match_output
    hal_outputs.o(.text) refers to hal_outputs.o(.bss) for .bss
    hal_outputs.o(.text) refers to memseta.o(.text) for __aeabi_memclr4
    hal_outputs.o(.text) refers to start_manager.o(.text) for inv_register_mpl_start_notification
    hal_outputs.o(.text) refers to atan2f.o(i.__hardfp_atan2f) for __hardfp_atan2f
    hal_outputs.o(.text) refers to asinf.o(i.__hardfp_asinf) for __hardfp_asinf
    hal_outputs.o(.text) refers to hal_outputs.o(.data) for .data
    data_builder.o(.text) refers to memmovea.o(.text) for __aeabi_memcpy
    data_builder.o(.text) refers to results_holder.o(.text) for inv_set_compass_bias_found
    data_builder.o(.text) refers to memseta.o(.text) for __aeabi_memclr4
    data_builder.o(.text) refers to storage_manager.o(.text) for inv_register_load_store
    data_builder.o(.text) refers to ml_math_func.o(.text) for inv_q30_mult
    data_builder.o(.text) refers to memcmp.o(.text) for memcmp
    data_builder.o(.text) refers to message_layer.o(.text) for inv_set_message
    data_builder.o(.text) refers to data_builder.o(.bss) for .bss
    data_builder.o(.text) refers to log_stm32.o(.text) for _MLPrintLog
    data_builder.o(.text) refers to data_builder.o(.conststring) for .conststring
    empl_outputs.o(.text) refers to data_builder.o(.text) for inv_get_accel_set
    empl_outputs.o(.text) refers to ml_math_func.o(.text) for inv_q29_mult
    empl_outputs.o(.text) refers to atan2f.o(i.__hardfp_atan2f) for __hardfp_atan2f
    empl_outputs.o(.text) refers to sqrtf.o(i.__hardfp_sqrtf) for __hardfp_sqrtf
    empl_outputs.o(.text) refers to results_holder.o(.text) for inv_get_quaternion_set
    empl_outputs.o(.text) refers to memseta.o(.text) for __aeabi_memclr4
[...]
    CAN_Init                                 0x0800703f   Thumb Code   232  stm32f4xx_can.o(.text)
    CAN_FilterInit                           0x08007127   Thumb Code   194  stm32f4xx_can.o(.text)
    CAN_StructInit                           0x080071e9   Thumb Code    32  stm32f4xx_can.o(.text)
    CAN_SlaveStartBank                       0x08007209   Thumb Code    38  stm32f4xx_can.o(.text)
    CAN_DBGFreeze                            0x0800722f   Thumb Code    20  stm32f4xx_can.o(.text)
    CAN_TTComModeCmd                         0x08007243   Thumb Code    90  stm32f4xx_can.o(.text)
    CAN_Transmit                             0x0800729d   Thumb Code   164  stm32f4xx_can.o(.text)
    CAN_TransmitStatus                       0x08007341   Thumb Code    88  stm32f4xx_can.o(.text)
    CAN_CancelTransmit                       0x08007399   Thumb Code    36  stm32f4xx_can.o(.text)
    CAN_Receive                              0x080073bd   Thumb Code   178  stm32f4xx_can.o(.text)
    CAN_FIFORelease                          0x0800746f   Thumb Code    22  stm32f4xx_can.o(.text)
    CAN_MessagePending                       0x08007485   Thumb Code    22  stm32f4xx_can.o(.text)
    CAN_OperatingModeRequest                 0x0800749b   Thumb Code   140  stm32f4xx_can.o(.text)
    CAN_Sleep                                0x08007527   Thumb Code    30  stm32f4xx_can.o(.text)
    CAN_WakeUp                               0x08007545   Thumb Code    40  stm32f4xx_can.o(.text)
    CAN_GetLastErrorCode                     0x0800756d   Thumb Code    10  stm32f4xx_can.o(.text)
    CAN_GetReceiveErrorCounter               0x08007577   Thumb Code     6  stm32f4xx_can.o(.text)
    CAN_GetLSBTransmitErrorCounter           0x0800757d   Thumb Code     8  stm32f4xx_can.o(.text)
    CAN_ITConfig                             0x08007585   Thumb Code    16  stm32f4xx_can.o(.text)
    CAN_GetFlagStatus                        0x08007595   Thumb Code    52  stm32f4xx_can.o(.text)
    CAN_ClearFlag                            0x080075c9   Thumb Code    44  stm32f4xx_can.o(.text)
    CAN_GetITStatus                          0x080075f5   Thumb Code   162  stm32f4xx_can.o(.text)
    CAN_ClearITPendingBit                    0x08007697   Thumb Code   116  stm32f4xx_can.o(.text)
    RCC_DeInit                               0x08007721   Thumb Code    68  stm32f4xx_rcc.o(.text)
    RCC_HSEConfig                            0x08007765   Thumb Code    12  stm32f4xx_rcc.o(.text)
    RCC_GetFlagStatus                        0x08007771   Thumb Code    46  stm32f4xx_rcc.o(.text)
    RCC_WaitForHSEStartUp                    0x0800779f   Thumb Code    44  stm32f4xx_rcc.o(.text)
    RCC_AdjustHSICalibrationValue            0x080077cb   Thumb Code    16  stm32f4xx_rcc.o(.text)
    RCC_HSICmd                               0x080077db   Thumb Code     6  stm32f4xx_rcc.o(.text)
    RCC_LSEConfig                            0x080077e1   Thumb Code    24  stm32f4xx_rcc.o(.text)
    RCC_LSICmd                               0x080077f9   Thumb Code     6  stm32f4xx_rcc.o(.text)
    RCC_PLLConfig                            0x080077ff   Thumb Code    32  stm32f4xx_rcc.o(.text)
    RCC_PLLCmd                               0x0800781f   Thumb Code     6  stm32f4xx_rcc.o(.text)
    RCC_PLLI2SConfig                         0x08007825   Thumb Code    18  stm32f4xx_rcc.o(.text)
    RCC_PLLI2SCmd                            0x08007837   Thumb Code     6  stm32f4xx_rcc.o(.text)
    RCC_PLLSAIConfig                         0x0800783d   Thumb Code    18  stm32f4xx_rcc.o(.text)
    RCC_PLLSAICmd                            0x0800784f   Thumb Code     6  stm32f4xx_rcc.o(.text)
    RCC_ClockSecuritySystemCmd               0x08007855   Thumb Code     6  stm32f4xx_rcc.o(.text)
    RCC_MCO1Config                           0x0800785b   Thumb Code    18  stm32f4xx_rcc.o(.text)
    RCC_MCO2Config                           0x0800786d   Thumb Code    18  stm32f4xx_rcc.o(.text)
    RCC_SYSCLKConfig                         0x0800787f   Thumb Code    16  stm32f4xx_rcc.o(.text)
    RCC_GetSYSCLKSource                      0x0800788f   Thumb Code    12  stm32f4xx_rcc.o(.text)
    RCC_HCLKConfig                           0x0800789b   Thumb Code    16  stm32f4xx_rcc.o(.text)
    RCC_PCLK1Config                          0x080078ab   Thumb Code    16  stm32f4xx_rcc.o(.text)
    RCC_PCLK2Config                          0x080078bb   Thumb Code    18  stm32f4xx_rcc.o(.text)
    RCC_GetClocksFreq                        0x080078cd   Thumb Code   134  stm32f4xx_rcc.o(.text)
    RCC_RTCCLKConfig                         0x08007953   Thumb Code    42  stm32f4xx_rcc.o(.text)
    RCC_RTCCLKCmd                            0x0800797d   Thumb Code     8  stm32f4xx_rcc.o(.text)
    RCC_BackupResetCmd                       0x08007985   Thumb Code     8  stm32f4xx_rcc.o(.text)
    RCC_I2SCLKConfig                         0x0800798d   Thumb Code     8  stm32f4xx_rcc.o(.text)
    RCC_SAIPLLI2SClkDivConfig                0x08007995   Thumb Code    18  stm32f4xx_rcc.o(.text)
    RCC_SAIPLLSAIClkDivConfig                0x080079a7   Thumb Code    24  stm32f4xx_rcc.o(.text)
    RCC_SAIBlockACLKConfig                   0x080079bf   Thumb Code    16  stm32f4xx_rcc.o(.text)
    RCC_SAIBlockBCLKConfig                   0x080079cf   Thumb Code    16  stm32f4xx_rcc.o(.text)
    RCC_LTDCCLKDivConfig                     0x080079df   Thumb Code    16  stm32f4xx_rcc.o(.text)
    RCC_TIMCLKPresConfig                     0x080079ef   Thumb Code     8  stm32f4xx_rcc.o(.text)
    RCC_AHB1PeriphClockCmd                   0x080079f7   Thumb Code    20  stm32f4xx_rcc.o(.text)
    RCC_AHB2PeriphClockCmd                   0x08007a0b   Thumb Code    20  stm32f4xx_rcc.o(.text)
    RCC_AHB3PeriphClockCmd                   0x08007a1f   Thumb Code    20  stm32f4xx_rcc.o(.text)
    RCC_APB1PeriphClockCmd                   0x08007a33   Thumb Code    20  stm32f4xx_rcc.o(.text)
    RCC_APB2PeriphClockCmd                   0x08007a47   Thumb Code    20  stm32f4xx_rcc.o(.text)
    RCC_AHB1PeriphResetCmd                   0x08007a5b   Thumb Code    20  stm32f4xx_rcc.o(.text)
    RCC_AHB2PeriphResetCmd                   0x08007a6f   Thumb Code    20  stm32f4xx_rcc.o(.text)
    RCC_AHB3PeriphResetCmd                   0x08007a83   Thumb Code    20  stm32f4xx_rcc.o(.text)
    RCC_APB1PeriphResetCmd                   0x08007a97   Thumb Code    20  stm32f4xx_rcc.o(.text)
    RCC_APB2PeriphResetCmd                   0x08007aab   Thumb Code    20  stm32f4xx_rcc.o(.text)
    RCC_AHB1PeriphClockLPModeCmd             0x08007abf   Thumb Code    20  stm32f4xx_rcc.o(.text)
    RCC_AHB2PeriphClockLPModeCmd             0x08007ad3   Thumb Code    20  stm32f4xx_rcc.o(.text)
    RCC_AHB3PeriphClockLPModeCmd             0x08007ae7   Thumb Code    20  stm32f4xx_rcc.o(.text)
    RCC_APB1PeriphClockLPModeCmd             0x08007afb   Thumb Code    68  stm32f4xx_rcc.o(.text)
    RCC_APB2PeriphClockLPModeCmd             0x08007b3f   Thumb Code    18  stm32f4xx_rcc.o(.text)
    RCC_LSEModeConfig                        0x08007b51   Thumb Code    24  stm32f4xx_rcc.o(.text)
    RCC_ITConfig                             0x08007b69   Thumb Code    20  stm32f4xx_rcc.o(.text)
    RCC_ClearFlag                            0x08007b7d   Thumb Code    14  stm32f4xx_rcc.o(.text)
    RCC_GetITStatus                          0x08007b8b   Thumb Code    18  stm32f4xx_rcc.o(.text)
    RCC_ClearITPendingBit                    0x08007b9d   Thumb Code     8  stm32f4xx_rcc.o(.text)
    TIM_DeInit                               0x08007ba9   Thumb Code   284  stm32f4xx_tim.o(.text)
    TIM_TimeBaseInit                         0x08007cc5   Thumb Code    96  stm32f4xx_tim.o(.text)
    TIM_TimeBaseStructInit                   0x08007d25   Thumb Code    18  stm32f4xx_tim.o(.text)
    TIM_PrescalerConfig                      0x08007d37   Thumb Code     6  stm32f4xx_tim.o(.text)
    TIM_CounterModeConfig                    0x08007d3d   Thumb Code    12  stm32f4xx_tim.o(.text)
    TIM_SetCounter                           0x08007d49   Thumb Code     4  stm32f4xx_tim.o(.text)
    TIM_SetAutoreload                        0x08007d4d   Thumb Code     4  stm32f4xx_tim.o(.text)
    TIM_GetCounter                           0x08007d51   Thumb Code     4  stm32f4xx_tim.o(.text)
    TIM_GetPrescaler                         0x08007d55   Thumb Code     4  stm32f4xx_tim.o(.text)
    TIM_UpdateDisableConfig                  0x08007d59   Thumb Code    20  stm32f4xx_tim.o(.text)
    TIM_UpdateRequestConfig                  0x08007d6d   Thumb Code    20  stm32f4xx_tim.o(.text)
    TIM_ARRPreloadConfig                     0x08007d81   Thumb Code    20  stm32f4xx_tim.o(.text)
    TIM_SelectOnePulseMode                   0x08007d95   Thumb Code    16  stm32f4xx_tim.o(.text)
    TIM_SetClockDivision                     0x08007da5   Thumb Code    16  stm32f4xx_tim.o(.text)
    TIM_Cmd                                  0x08007db5   Thumb Code    20  stm32f4xx_tim.o(.text)
    TIM_OC1Init                              0x08007dc9   Thumb Code    88  stm32f4xx_tim.o(.text)
    TIM_OC2Init                              0x08007e21   Thumb Code   120  stm32f4xx_tim.o(.text)
    TIM_OC3Init                              0x08007e99   Thumb Code   116  stm32f4xx_tim.o(.text)
    TIM_OC4Init                              0x08007f0d   Thumb Code    88  stm32f4xx_tim.o(.text)
    TIM_OCStructInit                         0x08007f65   Thumb Code    20  stm32f4xx_tim.o(.text)
    TIM_SelectOCxM                           0x08007f79   Thumb Code   130  stm32f4xx_tim.o(.text)
    TIM_SetCompare1                          0x08007ffb   Thumb Code     4  stm32f4xx_tim.o(.text)
    TIM_SetCompare2                          0x08007fff   Thumb Code     4  stm32f4xx_tim.o(.text)
    TIM_SetCompare3                          0x08008003   Thumb Code     4  stm32f4xx_tim.o(.text)
    TIM_SetCompare4                          0x08008007   Thumb Code     4  stm32f4xx_tim.o(.text)
    TIM_ForcedOC1Config                      0x0800800b   Thumb Code    12  stm32f4xx_tim.o(.text)
    TIM_ForcedOC2Config                      0x08008017   Thumb Code    20  stm32f4xx_tim.o(.text)
    TIM_ForcedOC3Config                      0x0800802b   Thumb Code    12  stm32f4xx_tim.o(.text)
    TIM_ForcedOC4Config                      0x08008037   Thumb Code    20  stm32f4xx_tim.o(.text)
    TIM_OC1PreloadConfig                     0x0800804b   Thumb Code    12  stm32f4xx_tim.o(.text)
    TIM_OC2PreloadConfig                     0x08008057   Thumb Code    20  stm32f4xx_tim.o(.text)
    TIM_OC3PreloadConfig                     0x0800806b   Thumb Code    12  stm32f4xx_tim.o(.text)
    TIM_OC4PreloadConfig                     0x08008077   Thumb Code    20  stm32f4xx_tim.o(.text)
    TIM_OC1FastConfig                        0x0800808b   Thumb Code    12  stm32f4xx_tim.o(.text)
    TIM_OC2FastConfig                        0x08008097   Thumb Code    20  stm32f4xx_tim.o(.text)
    TIM_OC3FastConfig                        0x080080ab   Thumb Code    12  stm32f4xx_tim.o(.text)
    TIM_OC4FastConfig                        0x080080b7   Thumb Code    20  stm32f4xx_tim.o(.text)
    TIM_ClearOC1Ref                          0x080080cb   Thumb Code    12  stm32f4xx_tim.o(.text)
    TIM_ClearOC2Ref                          0x080080d7   Thumb Code    20  stm32f4xx_tim.o(.text)
    TIM_ClearOC3Ref                          0x080080eb   Thumb Code    12  stm32f4xx_tim.o(.text)
    TIM_ClearOC4Ref                          0x080080f7   Thumb Code    20  stm32f4xx_tim.o(.text)
    TIM_OC1PolarityConfig                    0x0800810b   Thumb Code    12  stm32f4xx_tim.o(.text)
    TIM_OC1NPolarityConfig                   0x08008117   Thumb Code    12  stm32f4xx_tim.o(.text)
    TIM_OC2PolarityConfig                    0x08008123   Thumb Code    20  stm32f4xx_tim.o(.text)
    TIM_OC2NPolarityConfig                   0x08008137   Thumb Code    20  stm32f4xx_tim.o(.text)
    TIM_OC3PolarityConfig                    0x0800814b   Thumb Code    20  stm32f4xx_tim.o(.text)
    TIM_OC3NPolarityConfig                   0x0800815f   Thumb Code    20  stm32f4xx_tim.o(.text)
    TIM_OC4PolarityConfig                    0x08008173   Thumb Code    20  stm32f4xx_tim.o(.text)
    TIM_CCxCmd                               0x08008187   Thumb Code    22  stm32f4xx_tim.o(.text)
    TIM_CCxNCmd                              0x0800819d   Thumb Code    22  stm32f4xx_tim.o(.text)
    TIM_SetIC4Prescaler                      0x080081b3   Thumb Code    24  stm32f4xx_tim.o(.text)
    TIM_SetIC3Prescaler                      0x080081cb   Thumb Code    16  stm32f4xx_tim.o(.text)
    TIM_SetIC2Prescaler                      0x080081db   Thumb Code    24  stm32f4xx_tim.o(.text)
    TIM_SetIC1Prescaler                      0x08008229   Thumb Code    16  stm32f4xx_tim.o(.text)
    TIM_ICInit                               0x08008239   Thumb Code   164  stm32f4xx_tim.o(.text)
    TIM_ICStructInit                         0x080082dd   Thumb Code    16  stm32f4xx_tim.o(.text)
    TIM_PWMIConfig                           0x080082ed   Thumb Code   104  stm32f4xx_tim.o(.text)
    TIM_GetCapture1                          0x08008355   Thumb Code     4  stm32f4xx_tim.o(.text)
    TIM_GetCapture2                          0x08008359   Thumb Code     4  stm32f4xx_tim.o(.text)
    TIM_GetCapture3                          0x0800835d   Thumb Code     4  stm32f4xx_tim.o(.text)
    TIM_GetCapture4                          0x08008361   Thumb Code     4  stm32f4xx_tim.o(.text)
    TIM_BDTRConfig                           0x08008365   Thumb Code    34  stm32f4xx_tim.o(.text)
    TIM_BDTRStructInit                       0x08008387   Thumb Code    18  stm32f4xx_tim.o(.text)
    TIM_CtrlPWMOutputs                       0x08008399   Thumb Code    22  stm32f4xx_tim.o(.text)
    TIM_SelectCOM                            0x080083af   Thumb Code    20  stm32f4xx_tim.o(.text)
    TIM_CCPreloadControl                     0x080083c3   Thumb Code    20  stm32f4xx_tim.o(.text)
    TIM_ITConfig                             0x080083d7   Thumb Code    16  stm32f4xx_tim.o(.text)
    TIM_GenerateEvent                        0x080083e7   Thumb Code     4  stm32f4xx_tim.o(.text)
    TIM_GetFlagStatus                        0x080083eb   Thumb Code    14  stm32f4xx_tim.o(.text)
    TIM_ClearFlag                            0x080083f9   Thumb Code     6  stm32f4xx_tim.o(.text)
    TIM_GetITStatus                          0x080083ff   Thumb Code    24  stm32f4xx_tim.o(.text)
    TIM_ClearITPendingBit                    0x08008417   Thumb Code     6  stm32f4xx_tim.o(.text)
    TIM_DMAConfig                            0x0800841d   Thumb Code     8  stm32f4xx_tim.o(.text)
    TIM_DMACmd                               0x08008425   Thumb Code    16  stm32f4xx_tim.o(.text)
    TIM_SelectCCDMA                          0x08008435   Thumb Code    20  stm32f4xx_tim.o(.text)
    TIM_InternalClockConfig                  0x08008449   Thumb Code    10  stm32f4xx_tim.o(.text)
    TIM_SelectInputTrigger                   0x08008453   Thumb Code    12  stm32f4xx_tim.o(.text)
    TIM_ITRxExternalClockConfig              0x0800845f   Thumb Code    18  stm32f4xx_tim.o(.text)
    TIM_TIxExternalClockConfig               0x08008471   Thumb Code    46  stm32f4xx_tim.o(.text)
    TIM_ETRConfig                            0x0800849f   Thumb Code    24  stm32f4xx_tim.o(.text)
    TIM_ETRClockMode1Config                  0x080084b7   Thumb Code    18  stm32f4xx_tim.o(.text)
    TIM_ETRClockMode2Config                  0x080084c9   Thumb Code    18  stm32f4xx_tim.o(.text)
    TIM_SelectOutputTrigger                  0x080084db   Thumb Code    16  stm32f4xx_tim.o(.text)
    TIM_SelectSlaveMode                      0x080084eb   Thumb Code    16  stm32f4xx_tim.o(.text)
    TIM_SelectMasterSlaveMode                0x080084fb   Thumb Code    16  stm32f4xx_tim.o(.text)
    TIM_EncoderInterfaceConfig               0x0800850b   Thumb Code    50  stm32f4xx_tim.o(.text)
    TIM_SelectHallSensor                     0x0800853d   Thumb Code    20  stm32f4xx_tim.o(.text)
    TIM_RemapConfig                          0x08008551   Thumb Code     6  stm32f4xx_tim.o(.text)
    DMA_DeInit                               0x08008585   Thumb Code   272  stm32f4xx_dma.o(.text)
    DMA_Init                                 0x08008695   Thumb Code    80  stm32f4xx_dma.o(.text)
    DMA_StructInit                           0x080086e5   Thumb Code    34  stm32f4xx_dma.o(.text)
    DMA_Cmd                                  0x08008707   Thumb Code    20  stm32f4xx_dma.o(.text)
    DMA_PeriphIncOffsetSizeConfig            0x0800871b   Thumb Code    20  stm32f4xx_dma.o(.text)
    DMA_FlowControllerConfig                 0x0800872f   Thumb Code    20  stm32f4xx_dma.o(.text)
    DMA_SetCurrDataCounter                   0x08008743   Thumb Code     4  stm32f4xx_dma.o(.text)
    DMA_GetCurrDataCounter                   0x08008747   Thumb Code     6  stm32f4xx_dma.o(.text)
    DMA_DoubleBufferModeConfig               0x0800874d   Thumb Code    22  stm32f4xx_dma.o(.text)
    DMA_DoubleBufferModeCmd                  0x08008763   Thumb Code    20  stm32f4xx_dma.o(.text)
    DMA_MemoryTargetConfig                   0x08008777   Thumb Code    10  stm32f4xx_dma.o(.text)
    DMA_GetCurrentMemoryTarget               0x08008781   Thumb Code    14  stm32f4xx_dma.o(.text)
    DMA_GetCmdStatus                         0x0800878f   Thumb Code    14  stm32f4xx_dma.o(.text)
    DMA_GetFIFOStatus                        0x0800879d   Thumb Code     8  stm32f4xx_dma.o(.text)
    DMA_GetFlagStatus                        0x080087a5   Thumb Code    42  stm32f4xx_dma.o(.text)
    DMA_ClearFlag                            0x080087cf   Thumb Code    34  stm32f4xx_dma.o(.text)
    DMA_ITConfig                             0x080087f1   Thumb Code    44  stm32f4xx_dma.o(.text)
    DMA_GetITStatus                          0x0800881d   Thumb Code    70  stm32f4xx_dma.o(.text)
    DMA_ClearITPendingBit                    0x08008863   Thumb Code    34  stm32f4xx_dma.o(.text)
    EXTI_DeInit                              0x080088a5   Thumb Code    28  stm32f4xx_exti.o(.text)
    EXTI_Init                                0x080088c1   Thumb Code   108  stm32f4xx_exti.o(.text)
    EXTI_StructInit                          0x0800892d   Thumb Code    14  stm32f4xx_exti.o(.text)
    EXTI_GenerateSWInterrupt                 0x0800893b   Thumb Code    12  stm32f4xx_exti.o(.text)
    EXTI_GetFlagStatus                       0x08008947   Thumb Code    18  stm32f4xx_exti.o(.text)
    EXTI_ClearFlag                           0x08008959   Thumb Code     8  stm32f4xx_exti.o(.text)
    EXTI_GetITStatus                         0x08008961   Thumb Code    18  stm32f4xx_exti.o(.text)
    EXTI_ClearITPendingBit                   0x08008973   Thumb Code     8  stm32f4xx_exti.o(.text)
    GPIO_DeInit                              0x08008985   Thumb Code   216  stm32f4xx_gpio.o(.text)
    GPIO_Init                                0x08008a5d   Thumb Code   120  stm32f4xx_gpio.o(.text)
    GPIO_StructInit                          0x08008ad5   Thumb Code    18  stm32f4xx_gpio.o(.text)
    GPIO_PinLockConfig                       0x08008ae7   Thumb Code    24  stm32f4xx_gpio.o(.text)
    GPIO_ReadInputDataBit                    0x08008aff   Thumb Code    14  stm32f4xx_gpio.o(.text)
    GPIO_ReadInputData                       0x08008b0d   Thumb Code     6  stm32f4xx_gpio.o(.text)
    GPIO_ReadOutputDataBit                   0x08008b13   Thumb Code    14  stm32f4xx_gpio.o(.text)
    GPIO_ReadOutputData                      0x08008b21   Thumb Code     6  stm32f4xx_gpio.o(.text)
    GPIO_SetBits                             0x08008b27   Thumb Code     4  stm32f4xx_gpio.o(.text)
    GPIO_ResetBits                           0x08008b2b   Thumb Code     4  stm32f4xx_gpio.o(.text)
    GPIO_WriteBit                            0x08008b2f   Thumb Code    10  stm32f4xx_gpio.o(.text)
    GPIO_Write                               0x08008b39   Thumb Code     4  stm32f4xx_gpio.o(.text)
    GPIO_ToggleBits                          0x08008b3d   Thumb Code     8  stm32f4xx_gpio.o(.text)
    GPIO_PinAFConfig                         0x08008b45   Thumb Code    32  stm32f4xx_gpio.o(.text)
    USART_DeInit                             0x08008b91   Thumb Code   138  stm32f4xx_usart.o(.text)
    USART_Init                               0x08008c1b   Thumb Code   164  stm32f4xx_usart.o(.text)
    USART_StructInit                         0x08008cbf   Thumb Code    22  stm32f4xx_usart.o(.text)
    USART_ClockInit                          0x08008cd5   Thumb Code    28  stm32f4xx_usart.o(.text)
    USART_ClockStructInit                    0x08008cf1   Thumb Code    12  stm32f4xx_usart.o(.text)
    USART_Cmd                                0x08008cfd   Thumb Code    20  stm32f4xx_usart.o(.text)
    USART_SetPrescaler                       0x08008d11   Thumb Code    16  stm32f4xx_usart.o(.text)
    USART_OverSampling8Cmd                   0x08008d21   Thumb Code    20  stm32f4xx_usart.o(.text)
    USART_OneBitMethodCmd                    0x08008d35   Thumb Code    20  stm32f4xx_usart.o(.text)
    USART_SendData                           0x08008d49   Thumb Code     8  stm32f4xx_usart.o(.text)
    USART_ReceiveData                        0x08008d51   Thumb Code     8  stm32f4xx_usart.o(.text)
    USART_SetAddress                         0x08008d59   Thumb Code    16  stm32f4xx_usart.o(.text)
    USART_ReceiverWakeUpCmd                  0x08008d69   Thumb Code    20  stm32f4xx_usart.o(.text)
    USART_WakeUpConfig                       0x08008d7d   Thumb Code    16  stm32f4xx_usart.o(.text)
    USART_LINBreakDetectLengthConfig         0x08008d8d   Thumb Code    16  stm32f4xx_usart.o(.text)
    USART_LINCmd                             0x08008d9d   Thumb Code    20  stm32f4xx_usart.o(.text)
    USART_SendBreak                          0x08008db1   Thumb Code    10  stm32f4xx_usart.o(.text)
    USART_HalfDuplexCmd                      0x08008dbb   Thumb Code    20  stm32f4xx_usart.o(.text)
    USART_SetGuardTime                       0x08008dcf   Thumb Code    16  stm32f4xx_usart.o(.text)
    USART_SmartCardCmd                       0x08008ddf   Thumb Code    20  stm32f4xx_usart.o(.text)
    USART_SmartCardNACKCmd                   0x08008df3   Thumb Code    20  stm32f4xx_usart.o(.text)
    USART_IrDAConfig                         0x08008e07   Thumb Code    16  stm32f4xx_usart.o(.text)
    USART_IrDACmd                            0x08008e17   Thumb Code    20  stm32f4xx_usart.o(.text)
    USART_DMACmd                             0x08008e2b   Thumb Code    16  stm32f4xx_usart.o(.text)
    USART_ITConfig                           0x08008e3b   Thumb Code    48  stm32f4xx_usart.o(.text)
    USART_GetFlagStatus                      0x08008e6b   Thumb Code    14  stm32f4xx_usart.o(.text)
    USART_ClearFlag                          0x08008e79   Thumb Code     6  stm32f4xx_usart.o(.text)
    USART_GetITStatus                        0x08008e7f   Thumb Code    62  stm32f4xx_usart.o(.text)
    USART_ClearITPendingBit                  0x08008ebd   Thumb Code    12  stm32f4xx_usart.o(.text)
    SYSCFG_DeInit                            0x08008ee9   Thumb Code    24  stm32f4xx_syscfg.o(.text)
    SYSCFG_MemoryRemapConfig                 0x08008f01   Thumb Code     6  stm32f4xx_syscfg.o(.text)
    SYSCFG_MemorySwappingBank                0x08008f07   Thumb Code     6  stm32f4xx_syscfg.o(.text)
    SYSCFG_EXTILineConfig                    0x08008f0d   Thumb Code    42  stm32f4xx_syscfg.o(.text)
    SYSCFG_ETH_MediaInterfaceConfig          0x08008f37   Thumb Code     8  stm32f4xx_syscfg.o(.text)
    SYSCFG_CompensationCellCmd               0x08008f3f   Thumb Code     6  stm32f4xx_syscfg.o(.text)
    SYSCFG_GetCompensationCellStatus         0x08008f45   Thumb Code    16  stm32f4xx_syscfg.o(.text)
    IIC_Start                                0x08008f65   Thumb Code    56  drive_imu.o(.text)
    IIC_Stop                                 0x08008f9d   Thumb Code    56  drive_imu.o(.text)
    IIC_Wait_Ack                             0x08008fd5   Thumb Code    74  drive_imu.o(.text)
    IIC_Ack                                  0x0800901f   Thumb Code    56  drive_imu.o(.text)
    IIC_NAck                                 0x08009057   Thumb Code    56  drive_imu.o(.text)
    IIC_Send_Byte                            0x0800908f   Thumb Code    86  drive_imu.o(.text)
    IIC_Read_Byte                            0x080090e5   Thumb Code    96  drive_imu.o(.text)
    MPU_Write_Len                            0x08009145   Thumb Code    80  drive_imu.o(.text)
    MPU_Read_Len                             0x08009195   Thumb Code   104  drive_imu.o(.text)
    MPU_Write_Byte                           0x080091fd   Thumb Code    64  drive_imu.o(.text)
    MPU_Read_Byte                            0x0800923d   Thumb Code    68  drive_imu.o(.text)
    MPU_offset_call                          0x08009281   Thumb Code    98  drive_imu.o(.text)
    MPU_Get_Temperature                      0x080092e3   Thumb Code    62  drive_imu.o(.text)
    MPU_Get_Gyroscope                        0x08009321   Thumb Code   148  drive_imu.o(.text)
    KEY_Press_Verify                         0x080093b9   Thumb Code    42  drive_rc.o(.text)
    RC_Data_Parse                            0x080093e3   Thumb Code   146  drive_rc.o(.text)
    CH_Speed_Control                         0x08009475   Thumb Code   168  drive_rc.o(.text)
    CH_Angle_Control                         0x0800951d   Thumb Code    66  drive_rc.o(.text)
    PC_Angle_Control                         0x0800955f   Thumb Code   118  drive_rc.o(.text)
    Delay_US                                 0x080095f9   Thumb Code    32  drive_delay.o(.text)
    Delay_MS                                 0x08009619   Thumb Code     8  drive_delay.o(.text)
    Get_SysTimeUs                            0x08009621   Thumb Code    50  drive_delay.o(.text)
    Get_SysTimeMs                            0x08009653   Thumb Code     4  drive_delay.o(.text)
    INC_SetParam                             0x08009665   Thumb Code    22  drive_control.o(.text)
    INC_fun                                  0x0800967b   Thumb Code    54  drive_control.o(.text)
    Infan_Control_Init                       0x08009817   Thumb Code    34  drive_control.o(.text)
    Angle_6623_Control                       0x08009839   Thumb Code   392  drive_control.o(.text)
    Speed_3510_Control                       0x080099c1   Thumb Code   654  drive_control.o(.text)
    Speed_2006_Control                       0x08009c4f   Thumb Code   160  drive_control.o(.text)
    Angle_2006_Control                       0x08009cef   Thumb Code   164  drive_control.o(.text)
    Speed_Chassis_Control                    0x08009d93   Thumb Code   236  drive_control.o(.text)
    Speed_Rotate_Control                     0x08009e7f   Thumb Code   152  drive_control.o(.text)
    Angle_Rotate_Control                     0x08009f17   Thumb Code   226  drive_control.o(.text)
    SHOOT_Init                               0x08009ff9   Thumb Code    16  drive_shoot.o(.text)
    SHOOT_Loop_Control                       0x0800a0ad   Thumb Code   124  drive_shoot.o(.text)
    GET_209_Data                             0x0800a129   Thumb Code    30  drive_shoot.o(.text)
    MiniPC_Rece_Resolver                     0x0800a1ad   Thumb Code    52  drive_usart.o(.text)
    MiniPC_Send_Data                         0x0800a1e1   Thumb Code   102  drive_usart.o(.text)
    Cmd_3510_ESC                             0x0800a265   Thumb Code    78  motor_chassis.o(.text)
    Get_3510_data                            0x0800a2b3   Thumb Code    76  motor_chassis.o(.text)
    Cmd_6623_ESC                             0x0800a309   Thumb Code    38  motor_cradle_head.o(.text)
    Cmd_2006_ESC                             0x0800a32f   Thumb Code    34  motor_cradle_head.o(.text)
    Cmd_GIMBAL_ESC                           0x0800a351   Thumb Code    46  motor_cradle_head.o(.text)
    Get_6623_data                            0x0800a37f   Thumb Code   122  motor_cradle_head.o(.text)
    Get_2006_data                            0x0800a3f9   Thumb Code   156  motor_cradle_head.o(.text)
    Get_2006_Offset_angle                    0x0800a495   Thumb Code    28  motor_cradle_head.o(.text)
    Get_GIMBLE_data                          0x0800a4b1   Thumb Code   110  motor_cradle_head.o(.text)
    vListInitialise                          0x0800a549   Thumb Code    22  list.o(.text)
    vListInitialiseItem                      0x0800a55f   Thumb Code     6  list.o(.text)
    vListInsertEnd                           0x0800a565   Thumb Code    24  list.o(.text)
    vListInsert                              0x0800a57d   Thumb Code    48  list.o(.text)
    uxListRemove                             0x0800a5ad   Thumb Code    36  list.o(.text)
    pxPortInitialiseStack                    0x0800a5f5   Thumb Code    40  port.o(.text)
    vPortSetupTimerInterrupt                 0x0800a61d   Thumb Code    26  port.o(.text)
    xPortStartScheduler                      0x0800a637   Thumb Code   196  port.o(.text)
    vPortEndScheduler                        0x0800a6fb   Thumb Code    24  port.o(.text)
    vPortEnterCritical                       0x0800a713   Thumb Code    52  port.o(.text)
    vPortExitCritical                        0x0800a747   Thumb Code    34  port.o(.text)
    SysTick_Handler                          0x0800a769   Thumb Code    40  port.o(.text)
    vPortValidateInterruptPriority           0x0800a791   Thumb Code    72  port.o(.text)
    xTaskCreate                              0x0800a8f1   Thumb Code    86  tasks.o(.text)
    vTaskDelete                              0x0800a947   Thumb Code   154  tasks.o(.text)
    xTaskIncrementTick                       0x0800a9e1   Thumb Code   186  tasks.o(.text)
    xTaskResumeAll                           0x0800aa9b   Thumb Code   182  tasks.o(.text)
    vTaskSuspendAll                          0x0800abb7   Thumb Code    10  tasks.o(.text)
    vTaskDelayUntil                          0x0800abc1   Thumb Code   180  tasks.o(.text)
    vTaskDelay                               0x0800ac75   Thumb Code    66  tasks.o(.text)
    eTaskGetState                            0x0800acb7   Thumb Code    94  tasks.o(.text)
    uxTaskPriorityGet                        0x0800ad15   Thumb Code    24  tasks.o(.text)
    uxTaskPriorityGetFromISR                 0x0800ad2d   Thumb Code    40  tasks.o(.text)
    vTaskPrioritySet                         0x0800ad55   Thumb Code   184  tasks.o(.text)
    vTaskSwitchContext                       0x0800ae0d   Thumb Code    84  tasks.o(.text)
    vTaskSuspend                             0x0800ae61   Thumb Code   156  tasks.o(.text)
    vTaskResume                              0x0800af2d   Thumb Code   116  tasks.o(.text)
    xTaskResumeFromISR                       0x0800afa1   Thumb Code   126  tasks.o(.text)
    vTaskStartScheduler                      0x0800b03d   Thumb Code   130  tasks.o(.text)
    vTaskEndScheduler                        0x0800b0bf   Thumb Code    24  tasks.o(.text)
    xTaskGetTickCount                        0x0800b0d7   Thumb Code     6  tasks.o(.text)
    xTaskGetTickCountFromISR                 0x0800b0dd   Thumb Code    12  tasks.o(.text)
    uxTaskGetNumberOfTasks                   0x0800b0e9   Thumb Code     6  tasks.o(.text)
    pcTaskGetName                            0x0800b0ef   Thumb Code    38  tasks.o(.text)
    vTaskGetInfo                             0x0800b115   Thumb Code   126  tasks.o(.text)
    uxTaskGetSystemState                     0x0800b1e7   Thumb Code   156  tasks.o(.text)
    vTaskPlaceOnEventList                    0x0800b283   Thumb Code    46  tasks.o(.text)
    vTaskPlaceOnUnorderedEventList           0x0800b2b1   Thumb Code    78  tasks.o(.text)
    vTaskPlaceOnEventListRestricted          0x0800b2ff   Thumb Code    54  tasks.o(.text)
    xTaskRemoveFromEventList                 0x0800b335   Thumb Code   106  tasks.o(.text)
    xTaskRemoveFromUnorderedEventList        0x0800b39f   Thumb Code   116  tasks.o(.text)
    vTaskSetTimeOutState                     0x0800b413   Thumb Code    34  tasks.o(.text)
    xTaskCheckForTimeOut                     0x0800b435   Thumb Code   114  tasks.o(.text)
    vTaskMissedYield                         0x0800b4a7   Thumb Code     8  tasks.o(.text)
    uxTaskGetTaskNumber                      0x0800b4af   Thumb Code     8  tasks.o(.text)
    vTaskSetTaskNumber                       0x0800b4b7   Thumb Code     8  tasks.o(.text)
    xTaskGetCurrentTaskHandle                0x0800b4bf   Thumb Code     6  tasks.o(.text)
    xTaskGetSchedulerState                   0x0800b4c5   Thumb Code    22  tasks.o(.text)
    vTaskPriorityInherit                     0x0800b4db   Thumb Code   124  tasks.o(.text)
    xTaskPriorityDisinherit                  0x0800b557   Thumb Code   144  tasks.o(.text)
    vTaskList                                0x0800b5e7   Thumb Code   188  tasks.o(.text)
    uxTaskResetEventItemValue                0x0800b6a3   Thumb Code    20  tasks.o(.text)
    pvTaskIncrementMutexHeldCount            0x0800b6b7   Thumb Code    18  tasks.o(.text)
    ulTaskNotifyTake                         0x0800b6c9   Thumb Code    96  tasks.o(.text)
    xTaskNotifyWait                          0x0800b729   Thumb Code   128  tasks.o(.text)
    xTaskGenericNotify                       0x0800b7a9   Thumb Code   190  tasks.o(.text)
    xTaskGenericNotifyFromISR                0x0800b867   Thumb Code   256  tasks.o(.text)
    vTaskNotifyGiveFromISR                   0x0800b967   Thumb Code   168  tasks.o(.text)
    xTaskNotifyStateClear                    0x0800ba0f   Thumb Code    44  tasks.o(.text)
    xTimerGenericCommand                     0x0800bbb1   Thumb Code    98  timers.o(.text)
    xTimerCreateTimerTask                    0x0800bd37   Thumb Code    58  timers.o(.text)
    xTimerCreate                             0x0800bd71   Thumb Code    72  timers.o(.text)
    xTimerGetTimerDaemonTaskHandle           0x0800bdb9   Thumb Code    24  timers.o(.text)
    xTimerGetPeriod                          0x0800bdd1   Thumb Code    22  timers.o(.text)
    xTimerGetExpiryTime                      0x0800bde7   Thumb Code    22  timers.o(.text)
    pcTimerGetName                           0x0800bdfd   Thumb Code    22  timers.o(.text)
    xTimerIsTimerActive                      0x0800be13   Thumb Code    40  timers.o(.text)
    pvTimerGetTimerID                        0x0800be3b   Thumb Code    32  timers.o(.text)
    vTimerSetTimerID                         0x0800be5b   Thumb Code    34  timers.o(.text)
    xTimerPendFunctionCallFromISR            0x0800be7d   Thumb Code    34  timers.o(.text)
    xTimerPendFunctionCall                   0x0800be9f   Thumb Code    60  timers.o(.text)
    xQueueGenericReset                       0x0800c095   Thumb Code   128  queue.o(.text)
    xQueueGenericCreate                      0x0800c115   Thumb Code    82  queue.o(.text)
    xQueueGenericSend                        0x0800c2b5   Thumb Code   350  queue.o(.text)
    xQueueCreateMutex                        0x0800c413   Thumb Code    36  queue.o(.text)
    xQueueGiveMutexRecursive                 0x0800c437   Thumb Code    98  queue.o(.text)
    xQueueGenericReceive                     0x0800c4bf   Thumb Code   356  queue.o(.text)
    xQueueTakeMutexRecursive                 0x0800c623   Thumb Code    68  queue.o(.text)
    xQueueCreateCountingSemaphore            0x0800c667   Thumb Code    62  queue.o(.text)
    xQueueGenericSendFromISR                 0x0800c6a5   Thumb Code   200  queue.o(.text)
    xQueueGiveFromISR                        0x0800c76d   Thumb Code   172  queue.o(.text)
    xQueueReceiveFromISR                     0x0800c819   Thumb Code   150  queue.o(.text)
    xQueuePeekFromISR                        0x0800c8af   Thumb Code   114  queue.o(.text)
    uxQueueMessagesWaiting                   0x0800c921   Thumb Code    36  queue.o(.text)
    uxQueueSpacesAvailable                   0x0800c945   Thumb Code    40  queue.o(.text)
    uxQueueMessagesWaitingFromISR            0x0800c96d   Thumb Code    26  queue.o(.text)
    vQueueUnregisterQueue                    0x0800c987   Thumb Code    36  queue.o(.text)
    vQueueDelete                             0x0800c9ab   Thumb Code    38  queue.o(.text)
    uxQueueGetQueueNumber                    0x0800c9d1   Thumb Code     4  queue.o(.text)
    vQueueSetQueueNumber                     0x0800c9d5   Thumb Code     4  queue.o(.text)
    ucQueueGetQueueType                      0x0800c9d9   Thumb Code     6  queue.o(.text)
    xQueueIsQueueEmptyFromISR                0x0800c9df   Thumb Code    34  queue.o(.text)
    xQueueIsQueueFullFromISR                 0x0800ca01   Thumb Code    38  queue.o(.text)
    vQueueAddToRegistry                      0x0800ca27   Thumb Code    32  queue.o(.text)
    pcQueueGetName                           0x0800ca47   Thumb Code    34  queue.o(.text)
    vQueueWaitForMessageRestricted           0x0800ca69   Thumb Code    68  queue.o(.text)
    xQueueCreateSet                          0x0800caad   Thumb Code     8  queue.o(.text)
    xQueueAddToSet                           0x0800cab5   Thumb Code    34  queue.o(.text)
    xQueueRemoveFromSet                      0x0800cad7   Thumb Code    34  queue.o(.text)
    xQueueSelectFromSet                      0x0800caf9   Thumb Code    18  queue.o(.text)
    xQueueSelectFromSetFromISR               0x0800cb0b   Thumb Code    18  queue.o(.text)
    pvPortMalloc                             0x0800cb89   Thumb Code   214  heap_4.o(.text)
    vPortFree                                0x0800cc5f   Thumb Code    96  heap_4.o(.text)
    xPortGetFreeHeapSize                     0x0800ccbf   Thumb Code     8  heap_4.o(.text)
    xPortGetMinimumEverFreeHeapSize          0x0800ccc7   Thumb Code     8  heap_4.o(.text)
    vPortInitialiseBlocks                    0x0800cccf   Thumb Code     2  heap_4.o(.text)
    inv_init_maxmin                          0x0800cd55   Thumb Code    78  fast_no_motion.o(.text)
    inv_fast_nomot_parameter                 0x0800cda3   Thumb Code   332  fast_no_motion.o(.text)
    inv_fast_nomot_parameter_3rd             0x0800ceef   Thumb Code   190  fast_no_motion.o(.text)
    inv_fast_nomot_set_gyro_bias             0x0800cfad   Thumb Code   232  fast_no_motion.o(.text)
    inv_set_fast_nomot_compass_threshold     0x0800d095   Thumb Code     8  fast_no_motion.o(.text)
    int_set_fast_nomot_gyro_threshold        0x0800d09d   Thumb Code     8  fast_no_motion.o(.text)
    inv_set_fast_nomot_accel_threshold       0x0800d0a5   Thumb Code     8  fast_no_motion.o(.text)
    inv_get_fast_nomot_compass_param         0x0800d0ad   Thumb Code    18  fast_no_motion.o(.text)
    inv_get_fast_nomot_accel_param           0x0800d0bf   Thumb Code    18  fast_no_motion.o(.text)
    inv_fast_nomot_store_data                0x0800d0d1   Thumb Code   140  fast_no_motion.o(.text)
    inv_fast_nomot_store_data_compass        0x0800d15d   Thumb Code    74  fast_no_motion.o(.text)
    inv_fast_nomot_reset_data_compass        0x0800d1a7   Thumb Code    36  fast_no_motion.o(.text)
    inv_fast_nomot_get_time_elaps            0x0800d1cb   Thumb Code     8  fast_no_motion.o(.text)
    inv_fast_nomot_parameter_compass         0x0800d1d3   Thumb Code    22  fast_no_motion.o(.text)
    inv_get_right_shift_by_rounding          0x0800d1e9   Thumb Code    76  fast_no_motion.o(.text)
    inv_reset_min_max_gyro_accel_statistics  0x0800d235   Thumb Code    38  fast_no_motion.o(.text)
    inv_record_max_moment_in_no_motion_gyro  0x0800d25b   Thumb Code    32  fast_no_motion.o(.text)
    inv_record_max_moment_in_no_motion_accel 0x0800d27b   Thumb Code    32  fast_no_motion.o(.text)
    inv_record_min_moment_in_motion_gyro     0x0800d29b   Thumb Code    34  fast_no_motion.o(.text)
    inv_record_min_moment_in_motion_accel    0x0800d2bd   Thumb Code    34  fast_no_motion.o(.text)
    inv_detect_motion_by_gyro_accel          0x0800d2df   Thumb Code   214  fast_no_motion.o(.text)
    inv_sensor_data_preprocess               0x0800d3b5   Thumb Code   132  fast_no_motion.o(.text)
    inv_generate_fast_nomot                  0x0800d439   Thumb Code   504  fast_no_motion.o(.text)
    inv_set_default_number_of_samples        0x0800d631   Thumb Code    62  fast_no_motion.o(.text)
    inv_init_fast_nomot                      0x0800d66f   Thumb Code    78  fast_no_motion.o(.text)
    inv_start_fast_nomot                     0x0800d6bd   Thumb Code    56  fast_no_motion.o(.text)
    inv_stop_fast_nomot                      0x0800d6f5   Thumb Code    20  fast_no_motion.o(.text)
    inv_enable_fast_nomot                    0x0800d709   Thumb Code    24  fast_no_motion.o(.text)
    inv_disable_fast_nomot                   0x0800d721   Thumb Code    18  fast_no_motion.o(.text)
    inv_get_fnm_gyro_no_motion_param         0x0800d733   Thumb Code     8  fast_no_motion.o(.text)
    inv_fnm_debug_print                      0x0800d73b   Thumb Code     2  fast_no_motion.o(.text)
    inv_filter_correction_angle              0x0800d819   Thumb Code   374  fusion_9axis.o(.text)
    inv_perform_9x_fusion                    0x0800d98f   Thumb Code   894  fusion_9axis.o(.text)
    inv_process_9x_sensor_fusion_cb          0x0800dd0d   Thumb Code   120  fusion_9axis.o(.text)
    inv_init_9x_fusion                       0x0800dd85   Thumb Code    52  fusion_9axis.o(.text)
    inv_9x_fusion_set_mag_fb                 0x0800ddb9   Thumb Code    10  fusion_9axis.o(.text)
    inv_9x_fusion_enable_jitter_reduction    0x0800ddc3   Thumb Code    10  fusion_9axis.o(.text)
    inv_9x_fusion_use_timestamps             0x0800ddcd   Thumb Code    10  fusion_9axis.o(.text)
    inv_start_9x_sensor_fusion               0x0800ddd7   Thumb Code    14  fusion_9axis.o(.text)
    inv_stop_9x_sensor_fusion                0x0800dde5   Thumb Code     8  fusion_9axis.o(.text)
    inv_enable_9x_sensor_fusion              0x0800dded   Thumb Code    30  fusion_9axis.o(.text)
    inv_disable_9x_sensor_fusion             0x0800de0b   Thumb Code     8  fusion_9axis.o(.text)
    inv_init_gyro_ts                         0x0800e19d   Thumb Code    46  gyro_tc.o(.text)
    inv_set_gtc_max_temp                     0x0800e1cb   Thumb Code    10  gyro_tc.o(.text)
    inv_set_gtc_min_temp                     0x0800e1d5   Thumb Code    10  gyro_tc.o(.text)
    inv_set_gtc_min_diff                     0x0800e1df   Thumb Code    10  gyro_tc.o(.text)
    inv_get_gyro_ts                          0x0800e1e9   Thumb Code    44  gyro_tc.o(.text)
    inv_set_gyro_ts                          0x0800e215   Thumb Code     4  gyro_tc.o(.text)
    inv_set_gtc_order                        0x0800e219   Thumb Code    16  gyro_tc.o(.text)
    inv_print_gtc_data                       0x0800e229   Thumb Code    62  gyro_tc.o(.text)
    inv_start_gyro_tc                        0x0800e267   Thumb Code    10  gyro_tc.o(.text)
    inv_stop_gyro_tc                         0x0800e271   Thumb Code     6  gyro_tc.o(.text)
    inv_enable_gyro_tc                       0x0800e277   Thumb Code    48  gyro_tc.o(.text)
    inv_disable_gyro_tc                      0x0800e2a7   Thumb Code    40  gyro_tc.o(.text)
    inv_set_magnetic_disturbance             0x0800e2e1   Thumb Code    16  mag_disturb.o(.text)
    inv_init_magnetic_disturbance            0x0800e2f1   Thumb Code    68  mag_disturb.o(.text)
    MagDisturbSetDisturbance                 0x0800e335   Thumb Code   108  mag_disturb.o(.text)
    MagDisturbCheckSettling                  0x0800e3a1   Thumb Code    68  mag_disturb.o(.text)
    ComputeAngleVelocity                     0x0800e3e5   Thumb Code    94  mag_disturb.o(.text)
    inv_disable_dip_tracking                 0x0800e443   Thumb Code    10  mag_disturb.o(.text)
    Mag3ofNormalizedLong                     0x0800e44d   Thumb Code    60  mag_disturb.o(.text)
    inv_track_dip_angle                      0x0800e489   Thumb Code   126  mag_disturb.o(.text)
    inv_check_magnetic_disturbance           0x0800e507   Thumb Code   758  mag_disturb.o(.text)
    inv_magnetic_disturbance_process         0x0800e7fd   Thumb Code    50  mag_disturb.o(.text)
    inv_start_magnetic_disturbance           0x0800e82f   Thumb Code    14  mag_disturb.o(.text)
    inv_stop_magnetic_disturbance            0x0800e83d   Thumb Code     8  mag_disturb.o(.text)
    inv_enable_magnetic_disturbance          0x0800e845   Thumb Code    40  mag_disturb.o(.text)
    inv_disable_magnetic_disturbance         0x0800e86d   Thumb Code    22  mag_disturb.o(.text)
    inv_enable_dip_tracking                  0x0800e883   Thumb Code    14  mag_disturb.o(.text)
    inv_get_magnetic_disturbance_state       0x0800e891   Thumb Code     8  mag_disturb.o(.text)
    inv_generate_gyro_quaternion             0x0800ec59   Thumb Code   348  quaternion_supervisor.o(.text)
    inv_set_quaternion                       0x0800ef6b   Thumb Code    36  quaternion_supervisor.o(.text)
    inv_generate_accel_gyro_quaternion       0x0800ef8f   Thumb Code   468  quaternion_supervisor.o(.text)
    inv_stop_quaternion                      0x0800f1a7   Thumb Code     6  quaternion_supervisor.o(.text)
    inv_init_quaternion                      0x0800f1ad   Thumb Code    34  quaternion_supervisor.o(.text)
    inv_start_quaternion                     0x0800f1cf   Thumb Code    34  quaternion_supervisor.o(.text)
    inv_enable_quaternion                    0x0800f1f1   Thumb Code    24  quaternion_supervisor.o(.text)
    inv_disable_quaternion                   0x0800f209   Thumb Code    20  quaternion_supervisor.o(.text)
    __aeabi_ldivmod                          0x0800f235   Thumb Code    98  ldiv.o(.text)
    __aeabi_llsl                             0x0800f297   Thumb Code    30  llshl.o(.text)
    _ll_shift_l                              0x0800f297   Thumb Code     0  llshl.o(.text)
    __aeabi_lasr                             0x0800f2b5   Thumb Code    36  llsshr.o(.text)
    _ll_sshift_r                             0x0800f2b5   Thumb Code     0  llsshr.o(.text)
    ___aeabi_memcpy4$move                    0x0800f2d9   Thumb Code     0  memmovea.o(.text)
    ___aeabi_memcpy8$move                    0x0800f2d9   Thumb Code     0  memmovea.o(.text)
    __aeabi_memcpy                           0x0800f2d9   Thumb Code    64  memmovea.o(.text)
    __aeabi_memmove                          0x0800f2d9   Thumb Code     0  memmovea.o(.text)
    __aeabi_memmove4                         0x0800f2d9   Thumb Code     0  memmovea.o(.text)
    __aeabi_memmove8                         0x0800f2d9   Thumb Code     0  memmovea.o(.text)
    __aeabi_memset                           0x0800f319   Thumb Code    14  memseta.o(.text)
    __aeabi_memset4                          0x0800f319   Thumb Code     0  memseta.o(.text)
    __aeabi_memset8                          0x0800f319   Thumb Code     0  memseta.o(.text)
    __aeabi_memclr                           0x0800f327   Thumb Code     4  memseta.o(.text)
    __aeabi_memclr4                          0x0800f327   Thumb Code     0  memseta.o(.text)
    __aeabi_memclr8                          0x0800f327   Thumb Code     0  memseta.o(.text)
    _memset$wrapper                          0x0800f32b   Thumb Code    18  memseta.o(.text)
    strlen                                   0x0800f33d   Thumb Code    14  strlen.o(.text)
    memcmp                                   0x0800f34b   Thumb Code    26  memcmp.o(.text)
    strcpy                                   0x0800f365   Thumb Code    18  strcpy.o(.text)
    __aeabi_dadd                             0x0800f377   Thumb Code   322  dadd.o(.text)
    __aeabi_dsub                             0x0800f4b9   Thumb Code     6  dadd.o(.text)
    __aeabi_drsub                            0x0800f4bf   Thumb Code     6  dadd.o(.text)
    __aeabi_dmul                             0x0800f4c5   Thumb Code   228  dmul.o(.text)
    __aeabi_ddiv                             0x0800f5a9   Thumb Code   222  ddiv.o(.text)
    __aeabi_l2f                              0x0800f687   Thumb Code    44  ffltl.o(.text)
    __aeabi_ul2f                             0x0800f6b3   Thumb Code    28  ffltul.o(.text)
    __aeabi_i2d                              0x0800f6cf   Thumb Code    34  dflti.o(.text)
    __aeabi_ul2d                             0x0800f6f1   Thumb Code    24  dfltul.o(.text)
    __aeabi_f2lz                             0x0800f709   Thumb Code    66  ffixl.o(.text)
    __aeabi_d2iz                             0x0800f74b   Thumb Code    62  dfixi.o(.text)
    __aeabi_f2d                              0x0800f789   Thumb Code    38  f2d.o(.text)
    __aeabi_cdcmpeq                          0x0800f7b1   Thumb Code     0  cdcmple.o(.text)
    __aeabi_cdcmple                          0x0800f7b1   Thumb Code    48  cdcmple.o(.text)
    __aeabi_cdrcmple                         0x0800f7e1   Thumb Code    48  cdrcmple.o(.text)
    __aeabi_d2f                              0x0800f811   Thumb Code    56  d2f.o(.text)
    __aeabi_uidiv                            0x0800f849   Thumb Code     0  uidiv.o(.text)
    __aeabi_uidivmod                         0x0800f849   Thumb Code    44  uidiv.o(.text)
    __aeabi_uldivmod                         0x0800f875   Thumb Code    98  uldiv.o(.text)
    __aeabi_llsr                             0x0800f8d7   Thumb Code    32  llushr.o(.text)
    _ll_ushift_r                             0x0800f8d7   Thumb Code     0  llushr.o(.text)
    __I$use$fp                               0x0800f8f7   Thumb Code     0  iusefp.o(.text)
    _float_round                             0x0800f8f7   Thumb Code    18  fepilogue.o(.text)
    _float_epilogue                          0x0800f909   Thumb Code    92  fepilogue.o(.text)
    _double_round                            0x0800f965   Thumb Code    30  depilogue.o(.text)
    _double_epilogue                         0x0800f983   Thumb Code   156  depilogue.o(.text)
    _dsqrt                                   0x0800fa1f   Thumb Code   162  dsqrt.o(.text)
    __aeabi_d2ulz                            0x0800fac1   Thumb Code    48  dfixul.o(.text)
    __scatterload                            0x0800faf1   Thumb Code    28  init.o(.text)
    __scatterload_rt2                        0x0800faf1   Thumb Code     0  init.o(.text)
    __decompress                             0x0800fb15   Thumb Code     0  __dczerorl2.o(.text)
    __decompress1                            0x0800fb15   Thumb Code    86  __dczerorl2.o(.text)
    __0printf                                0x0800fb6d   Thumb Code    22  printfa.o(i.__0printf)
    __1printf                                0x0800fb6d   Thumb Code     0  printfa.o(i.__0printf)
    __2printf                                0x0800fb6d   Thumb Code     0  printfa.o(i.__0printf)
    __c89printf                              0x0800fb6d   Thumb Code     0  printfa.o(i.__0printf)
    printf                                   0x0800fb6d   Thumb Code     0  printfa.o(i.__0printf)
    __0sprintf                               0x0800fb8d   Thumb Code    34  printfa.o(i.__0sprintf)
    __1sprintf                               0x0800fb8d   Thumb Code     0  printfa.o(i.__0sprintf)
    __2sprintf                               0x0800fb8d   Thumb Code     0  printfa.o(i.__0sprintf)
    __c89sprintf                             0x0800fb8d   Thumb Code     0  printfa.o(i.__0sprintf)
    sprintf                                  0x0800fb8d   Thumb Code     0  printfa.o(i.__0sprintf)
    __0vsprintf                              0x0800fbb5   Thumb Code    30  printfa.o(i.__0vsprintf)
    __1vsprintf                              0x0800fbb5   Thumb Code     0  printfa.o(i.__0vsprintf)
    __2vsprintf                              0x0800fbb5   Thumb Code     0  printfa.o(i.__0vsprintf)
    __c89vsprintf                            0x0800fbb5   Thumb Code     0  printfa.o(i.__0vsprintf)
    vsprintf                                 0x0800fbb5   Thumb Code     0  printfa.o(i.__0vsprintf)
    __ARM_fpclassify                         0x0800fbd9   Thumb Code    48  fpclassify.o(i.__ARM_fpclassify)
    __ARM_fpclassifyf                        0x0800fc09   Thumb Code    38  fpclassifyf.o(i.__ARM_fpclassifyf)
    __hardfp_acos                            0x0800fc31   Thumb Code   738  acos.o(i.__hardfp_acos)
    __hardfp_acosf                           0x0800ff89   Thumb Code   234  acosf.o(i.__hardfp_acosf)
    __hardfp_asin                            0x080100a1   Thumb Code   770  asin.o(i.__hardfp_asin)
    __hardfp_atan                            0x08010401   Thumb Code   622  atan.o(i.__hardfp_atan)
    __hardfp_atan2                           0x080106d9   Thumb Code   432  atan2.o(i.__hardfp_atan2)
    __hardfp_atan2f                          0x080108c9   Thumb Code   502  atan2f.o(i.__hardfp_atan2f)
    __hardfp_cosf                            0x08010b19   Thumb Code   280  cosf.o(i.__hardfp_cosf)
    __hardfp_fabs                            0x08010c69   Thumb Code    20  fabs.o(i.__hardfp_fabs)
    __hardfp_sinf                            0x08010c7d   Thumb Code   344  sinf.o(i.__hardfp_sinf)
    __hardfp_sqrt                            0x08010e0d   Thumb Code   122  sqrt.o(i.__hardfp_sqrt)
    __hardfp_sqrtf                           0x08010e87   Thumb Code    58  sqrtf.o(i.__hardfp_sqrtf)
    __kernel_poly                            0x08010ec1   Thumb Code   248  poly.o(i.__kernel_poly)
    __mathlib_dbl_infnan                     0x08010fb9   Thumb Code    20  dunder.o(i.__mathlib_dbl_infnan)
    __mathlib_dbl_infnan2                    0x08010fcd   Thumb Code    20  dunder.o(i.__mathlib_dbl_infnan2)
    __mathlib_dbl_invalid                    0x08010fe1   Thumb Code    24  dunder.o(i.__mathlib_dbl_invalid)
    __mathlib_dbl_underflow                  0x08011001   Thumb Code    24  dunder.o(i.__mathlib_dbl_underflow)
    __mathlib_flt_infnan                     0x08011021   Thumb Code     6  funder.o(i.__mathlib_flt_infnan)
    __mathlib_flt_infnan2                    0x08011027   Thumb Code     6  funder.o(i.__mathlib_flt_infnan2)
    __mathlib_flt_invalid                    0x0801102d   Thumb Code    10  funder.o(i.__mathlib_flt_invalid)
    __mathlib_flt_underflow                  0x0801103d   Thumb Code    10  funder.o(i.__mathlib_flt_underflow)
    __mathlib_rredf2                         0x0801104d   Thumb Code   316  rredf.o(i.__mathlib_rredf2)
    __scatterload_copy                       0x080111a1   Thumb Code    14  handlers.o(i.__scatterload_copy)
    __scatterload_null                       0x080111af   Thumb Code     2  handlers.o(i.__scatterload_null)
    __scatterload_zeroinit                   0x080111b1   Thumb Code    14  handlers.o(i.__scatterload_zeroinit)
    __set_errno                              0x080111c1   Thumb Code     6  errno.o(i.__set_errno)
    atan                                     0x08011a89   Thumb Code    16  atan.o(i.atan)
    fabs                                     0x08011a99   Thumb Code    24  fabs.o(i.fabs)
    sqrt                                     0x08011ab1   Thumb Code   110  sqrt.o(i.sqrt)
    sqrtf                                    0x08011b1f   Thumb Code    62  sqrtf.o(i.sqrtf)
    ml_ver                                   0x08011b5c   Data          20  mpl.o(.constdata)
    sin_lookup                               0x08011b8c   Data        1024  ml_math_func.o(.constdata)
    reg                                      0x08011f8c   Data          30  inv_mpu.o(.constdata)
    hw                                       0x08011faa   Data          12  inv_mpu.o(.constdata)
    test                                     0x08011fb8   Data          48  inv_mpu.o(.constdata)
    __mathlib_zero                           0x08012f18   Data           8  qnan.o(.constdata)
    Region$$Table$$Base                      0x08012f90   Number         0  anon$$obj.o(Region$$Table)
    Region$$Table$$Limit                     0x08012fb0   Number         0  anon$$obj.o(Region$$Table)
    mpl_key                                  0x20000004   Data           4  inv_mpu.o(.data)
    SystemCoreClock                          0x20000040   Data           4  system_stm32f4xx.o(.data)
    AHBPrescTable                            0x20000044   Data          16  system_stm32f4xx.o(.data)
    xHandleTaskLED                           0x20000054   Data           4  task_config.o(.data)
    xHandleTaskStart                         0x20000058   Data           4  task_config.o(.data)
    xHandleTaskCANParse                      0x2000005c   Data           4  task_config.o(.data)
    xHandleTaskControl                       0x20000060   Data           4  task_config.o(.data)
    xHandleTaskUSARTParse                    0x20000064   Data           4  task_config.o(.data)
    xHandleTaskRCParse                       0x20000068   Data           4  task_config.o(.data)
    xHandleTaskIMUData                       0x2000006c   Data           4  task_config.o(.data)
    xHandleTaskPCParse                       0x20000070   Data           4  task_config.o(.data)
    s_control_cycle                          0x20000074   Data           2  task_control.o(.data)
    g_pit_target                             0x20000090   Data           4  drive_rc.o(.data)
    g_yaw_target                             0x20000094   Data           4  drive_rc.o(.data)
    YAW_INIT_ANGLE                           0x200000dc   Data           4  drive_gimble.o(.data)
    PIT_INIT_ANGLE                           0x200000e0   Data           4  drive_gimble.o(.data)
    GIMBLE_DATA                              0x200000e8   Data           4  motor_cradle_head.o(.data)
    pxCurrentTCB                             0x200000f8   Data           4  tasks.o(.data)
    __stdout                                 0x20000160   Data           4  stdout.o(.data)
    g_DMA_Dbus_Buff                          0x20000168   Data          18  bsp_dma.o(.bss)
    g_DMA_Judge_Send_Buff                    0x2000017a   Data         255  bsp_dma.o(.bss)
    g_DMA_Judge_Reve_Buff                    0x20000279   Data         255  bsp_dma.o(.bss)
    g_DMA_MiniPC_Reve_Buff                   0x20000378   Data          20  bsp_dma.o(.bss)
    g_DMA_MiniPC_Send_Buff                   0x2000038c   Data          20  bsp_dma.o(.bss)
    s_rx_message                             0x20000924   Data          20  stm32f4xx_it.o(.bss)
    robot_status                             0x20000938   Data           9  robotstatus.o(.bss)
    g_imu_data                               0x20000954   Data          28  drive_imu.o(.bss)
    g_rc_control                             0x20000970   Data          28  drive_rc.o(.bss)
    g_infc                                   0x2000098c   Data         944  drive_control.o(.bss)
    g_speed_target                           0x20000d3c   Data          32  drive_control.o(.bss)
    g_angle_target                           0x20000d9c   Data          32  drive_control.o(.bss)
    g_data_3510                              0x20000dc6   Data          16  motor_chassis.o(.bss)
    g_data_6623                              0x20000dec   Data          24  motor_cradle_head.o(.bss)
    g_data_2006                              0x20000e04   Data          28  motor_cradle_head.o(.bss)
    xQueueRegistry                           0x2000112c   Data          64  queue.o(.bss)
    fnm                                      0x20006170   Data         608  fast_no_motion.o(.bss)
    s9axis                                   0x20006410   Data         312  fusion_9axis.o(.bss)
    mag_disturb                              0x2000670c   Data         184  mag_disturb.o(.bss)
    __initial_sp                             0x20006c30   Data           0  startup_stm32f427xx.o(STACK)



==============================================================================

Memory Map of the image

  Image Entry point : 0x080001ad

  Load Region LR_IROM1 (Base: 0x08000000, Size: 0x00013118, Max: 0x00200000, ABSOLUTE, COMPRESSED[0x00012ff0])

    Execution Region ER_IROM1 (Exec base: 0x08000000, Load base: 0x08000000, Size: 0x00012fb0, Max: 0x00200000, ABSOLUTE)

    Exec Addr    Load Addr    Size         Type   Attr      Idx    E Section Name        Object

    0x08000000   0x08000000   0x000001ac   Data   RO          860    RESET               startup_stm32f427xx.o
    0x080001ac   0x080001ac   0x00000000   Code   RO         2092  * .ARM.Collect$$$$00000000  mc_w.l(entry.o)
    0x080001ac   0x080001ac   0x00000004   Code   RO         2456    .ARM.Collect$$$$00000001  mc_w.l(entry2.o)
    0x080001b0   0x080001b0   0x00000004   Code   RO         2459    .ARM.Collect$$$$00000004  mc_w.l(entry5.o)
    0x080001b4   0x080001b4   0x00000000   Code   RO         2461    .ARM.Collect$$$$00000008  mc_w.l(entry7b.o)
    0x080001b4   0x080001b4   0x00000000   Code   RO         2463    .ARM.Collect$$$$0000000A  mc_w.l(entry8b.o)
    0x080001b4   0x080001b4   0x00000008   Code   RO         2464    .ARM.Collect$$$$0000000B  mc_w.l(entry9a.o)
    0x080001bc   0x080001bc   0x00000000   Code   RO         2466    .ARM.Collect$$$$0000000D  mc_w.l(entry10a.o)
    0x080001bc   0x080001bc   0x00000000   Code   RO         2468    .ARM.Collect$$$$0000000F  mc_w.l(entry11a.o)
    0x080001bc   0x080001bc   0x00000004   Code   RO         2457    .ARM.Collect$$$$00002712  mc_w.l(entry2.o)
    0x080001c0   0x080001c0   0x000000b6   Code   RO         1556    .emb_text           port.o
    0x08000276   0x08000276   0x00000002   PAD
    0x08000278   0x08000278   0x00000110   Code   RO            3    .text               bsp_can.o
    0x08000388   0x08000388   0x000000f8   Code   RO          139    .text               bsp_time.o
    0x08000480   0x08000480   0x00000308   Code   RO          162    .text               bsp_gpio.o
    0x08000788   0x08000788   0x000000fc   Code   RO          188    .text               bsp_usart.o
    0x08000884   0x08000884   0x000001d0   Code   RO          211    .text               bsp_dma.o
    0x08000a54   0x08000a54   0x00000158   Code   RO          237    .text               bsp_nvic.o
    0x08000bac   0x08000bac   0x00000024   Code   RO          260    .text               bsp_delay.o
    0x08000bd0   0x08000bd0   0x000000d4   Code   RO          281    .text               mpl.o
    0x08000ca4   0x08000ca4   0x000002cc   Code   RO          356    .text               log_stm32.o
    0x08000f70   0x08000f70   0x00000a48   Code   RO          416    .text               data_builder.o
    0x080019b8   0x080019b8   0x000003a8   Code   RO          438    .text               empl_outputs.o
    0x08001d60   0x08001d60   0x00000024   Code   RO          455    .text               message_layer.o
    0x08001d84   0x08001d84   0x00000d28   Code   RO          469    .text               ml_math_func.o
    0x08002aac   0x08002aac   0x000003a8   Code   RO          488    .text               results_holder.o
    0x08002e54   0x08002e54   0x00002a10   Code   RO          505    .text               inv_mpu.o
    0x08005864   0x08005864   0x00000094   Code   RO          621    .text               start_manager.o
    0x080058f8   0x080058f8   0x000001a0   Code   RO          635    .text               storage_manager.o
    0x08005a98   0x08005a98   0x00000a84   Code   RO          651    .text               inv_mpu_dmp_motion_driver.o
    0x0800651c   0x0800651c   0x00000038   Code   RO          685    .text               main.o
    0x08006554   0x08006554   0x0000004c   Code   RO          758    .text               sysconfig.o
    0x080065a0   0x080065a0   0x000002d8   Code   RO          778    .text               stm32f4xx_it.o
    0x08006878   0x08006878   0x0000001c   Code   RO          808    .text               robotstatus.o
    0x08006894   0x08006894   0x0000019c   Code   RO          834    .text               system_stm32f4xx.o
    0x08006a30   0x08006a30   0x00000024   Code   RO          861    .text               startup_stm32f427xx.o
    0x08006a54   0x08006a54   0x00000154   Code   RO          867    .text               math_pid.o
    0x08006ba8   0x08006ba8   0x00000124   Code   RO          891    .text               math_tool.o
    0x08006ccc   0x08006ccc   0x00000174   Code   RO          916    .text               task_config.o
    0x08006e40   0x08006e40   0x00000034   Code   RO          964    .text               task_control.o
    0x08006e74   0x08006e74   0x00000054   Code   RO         1011    .text               task_can_parse.o
    0x08006ec8   0x08006ec8   0x0000000c   Code   RO         1031    .text               task_usart_parse.o
    0x08006ed4   0x08006ed4   0x00000044   Code   RO         1051    .text               task_rc_parse.o
    0x08006f18   0x08006f18   0x0000002c   Code   RO         1071    .text               task_imudata.o
    0x08006f44   0x08006f44   0x00000024   Code   RO         1091    .text               task_pc_parse.o
    0x08006f68   0x08006f68   0x000000b0   Code   RO         1114    .text               misc.o
    0x08007018   0x08007018   0x00000708   Code   RO         1134    .text               stm32f4xx_can.o
    0x08007720   0x08007720   0x00000488   Code   RO         1154    .text               stm32f4xx_rcc.o
    0x08007ba8   0x08007ba8   0x000009dc   Code   RO         1176    .text               stm32f4xx_tim.o
    0x08008584   0x08008584   0x00000320   Code   RO         1197    .text               stm32f4xx_dma.o
    0x080088a4   0x080088a4   0x000000e0   Code   RO         1217    .text               stm32f4xx_exti.o
    0x08008984   0x08008984   0x0000020c   Code   RO         1237    .text               stm32f4xx_gpio.o
    0x08008b90   0x08008b90   0x00000358   Code   RO         1257    .text               stm32f4xx_usart.o
    0x08008ee8   0x08008ee8   0x0000007c   Code   RO         1277    .text               stm32f4xx_syscfg.o
    0x08008f64   0x08008f64   0x00000454   Code   RO         1297    .text               drive_imu.o
    0x080093b8   0x080093b8   0x00000240   Code   RO         1324    .text               drive_rc.o
    0x080095f8   0x080095f8   0x0000006c   Code   RO         1351    .text               drive_delay.o
    0x08009664   0x08009664   0x00000994   Code   RO         1372    .text               drive_control.o
    0x08009ff8   0x08009ff8   0x000001b4   Code   RO         1421    .text               drive_shoot.o
    0x0800a1ac   0x0800a1ac   0x000000b8   Code   RO         1471    .text               drive_usart.o
    0x0800a264   0x0800a264   0x000000a4   Code   RO         1491    .text               motor_chassis.o
    0x0800a308   0x0800a308   0x00000240   Code   RO         1518    .text               motor_cradle_head.o
    0x0800a548   0x0800a548   0x00000088   Code   RO         1544    .text               list.o
    0x0800a5d0   0x0800a5d0   0x00000260   Code   RO         1557    .text               port.o
    0x0800a830   0x0800a830   0x0000134c   Code   RO         1587    .text               tasks.o
    0x0800bb7c   0x0800bb7c   0x00000518   Code   RO         1622    .text               timers.o
    0x0800c094   0x0800c094   0x00000aac   Code   RO         1640    .text               queue.o
    0x0800cb40   0x0800cb40   0x00000214   Code   RO         1668    .text               heap_4.o
    0x0800cd54   0x0800cd54   0x00000a18   Code   RO         1707    .text               libmpllib.lib(fast_no_motion.o)
    0x0800d76c   0x0800d76c   0x000006b0   Code   RO         1798    .text               libmpllib.lib(fusion_9axis.o)
    0x0800de1c   0x0800de1c   0x000004c4   Code   RO         1823    .text               libmpllib.lib(gyro_tc.o)
    0x0800e2e0   0x0800e2e0   0x000005c0   Code   RO         1844    .text               libmpllib.lib(mag_disturb.o)
    0x0800e8a0   0x0800e8a0   0x00000994   Code   RO         1866    .text               libmpllib.lib(quaternion_supervisor.o)
    0x0800f234   0x0800f234   0x00000062   Code   RO         2095    .text               mc_w.l(ldiv.o)
    0x0800f296   0x0800f296   0x0000001e   Code   RO         2097    .text               mc_w.l(llshl.o)
    0x0800f2b4   0x0800f2b4   0x00000024   Code   RO         2099    .text               mc_w.l(llsshr.o)
    0x0800f2d8   0x0800f2d8   0x00000040   Code   RO         2103    .text               mc_w.l(memmovea.o)
    0x0800f318   0x0800f318   0x00000024   Code   RO         2105    .text               mc_w.l(memseta.o)
    0x0800f33c   0x0800f33c   0x0000000e   Code   RO         2107    .text               mc_w.l(strlen.o)
    0x0800f34a   0x0800f34a   0x0000001a   Code   RO         2109    .text               mc_w.l(memcmp.o)
    0x0800f364   0x0800f364   0x00000012   Code   RO         2111    .text               mc_w.l(strcpy.o)
    0x0800f376   0x0800f376   0x0000014e   Code   RO         2378    .text               mf_w.l(dadd.o)
    0x0800f4c4   0x0800f4c4   0x000000e4   Code   RO         2380    .text               mf_w.l(dmul.o)
    0x0800f5a8   0x0800f5a8   0x000000de   Code   RO         2382    .text               mf_w.l(ddiv.o)
    0x0800f686   0x0800f686   0x0000002c   Code   RO         2384    .text               mf_w.l(ffltl.o)
    0x0800f6b2   0x0800f6b2   0x0000001c   Code   RO         2386    .text               mf_w.l(ffltul.o)
    0x0800f6ce   0x0800f6ce   0x00000022   Code   RO         2388    .text               mf_w.l(dflti.o)
    0x0800f6f0   0x0800f6f0   0x00000018   Code   RO         2390    .text               mf_w.l(dfltul.o)
    0x0800f708   0x0800f708   0x00000042   Code   RO         2392    .text               mf_w.l(ffixl.o)
    0x0800f74a   0x0800f74a   0x0000003e   Code   RO         2394    .text               mf_w.l(dfixi.o)
    0x0800f788   0x0800f788   0x00000026   Code   RO         2396    .text               mf_w.l(f2d.o)
    0x0800f7ae   0x0800f7ae   0x00000002   PAD
    0x0800f7b0   0x0800f7b0   0x00000030   Code   RO         2398    .text               mf_w.l(cdcmple.o)
    0x0800f7e0   0x0800f7e0   0x00000030   Code   RO         2400    .text               mf_w.l(cdrcmple.o)
    0x0800f810   0x0800f810   0x00000038   Code   RO         2402    .text               mf_w.l(d2f.o)
    0x0800f848   0x0800f848   0x0000002c   Code   RO         2471    .text               mc_w.l(uidiv.o)
    0x0800f874   0x0800f874   0x00000062   Code   RO         2473    .text               mc_w.l(uldiv.o)
    0x0800f8d6   0x0800f8d6   0x00000020   Code   RO         2475    .text               mc_w.l(llushr.o)
    0x0800f8f6   0x0800f8f6   0x00000000   Code   RO         2484    .text               mc_w.l(iusefp.o)
    0x0800f8f6   0x0800f8f6   0x0000006e   Code   RO         2485    .text               mf_w.l(fepilogue.o)
    0x0800f964   0x0800f964   0x000000ba   Code   RO         2487    .text               mf_w.l(depilogue.o)
    0x0800fa1e   0x0800fa1e   0x000000a2   Code   RO         2493    .text               mf_w.l(dsqrt.o)
    0x0800fac0   0x0800fac0   0x00000030   Code   RO         2495    .text               mf_w.l(dfixul.o)
    0x0800faf0   0x0800faf0   0x00000024   Code   RO         2497    .text               mc_w.l(init.o)
    0x0800fb14   0x0800fb14   0x00000056   Code   RO         2509    .text               mc_w.l(__dczerorl2.o)
    0x0800fb6a   0x0800fb6a   0x00000002   PAD
    0x0800fb6c   0x0800fb6c   0x00000020   Code   RO         2350    i.__0printf         mc_w.l(printfa.o)
    0x0800fb8c   0x0800fb8c   0x00000028   Code   RO         2352    i.__0sprintf        mc_w.l(printfa.o)
    0x0800fbb4   0x0800fbb4   0x00000024   Code   RO         2356    i.__0vsprintf       mc_w.l(printfa.o)
    0x0800fbd8   0x0800fbd8   0x00000030   Code   RO         2421    i.__ARM_fpclassify  m_wm.l(fpclassify.o)
    0x0800fc08   0x0800fc08   0x00000026   Code   RO         2423    i.__ARM_fpclassifyf  m_wm.l(fpclassifyf.o)
    0x0800fc2e   0x0800fc2e   0x00000002   PAD
    0x0800fc30   0x0800fc30   0x00000358   Code   RO         1884    i.__hardfp_acos     m_wm.l(acos.o)
    0x0800ff88   0x0800ff88   0x00000118   Code   RO         1898    i.__hardfp_acosf    m_wm.l(acosf.o)
    0x080100a0   0x080100a0   0x00000360   Code   RO         1910    i.__hardfp_asin     m_wm.l(asin.o)
    0x08010400   0x08010400   0x000002d8   Code   RO         1936    i.__hardfp_atan     m_wm.l(atan.o)
    0x080106d8   0x080106d8   0x000001f0   Code   RO         1950    i.__hardfp_atan2    m_wm.l(atan2.o)
    0x080108c8   0x080108c8   0x00000250   Code   RO         1962    i.__hardfp_atan2f   m_wm.l(atan2f.o)
    0x08010b18   0x08010b18   0x00000150   Code   RO         1992    i.__hardfp_cosf     m_wm.l(cosf.o)
    0x08010c68   0x08010c68   0x00000014   Code   RO         2004    i.__hardfp_fabs     m_wm.l(fabs.o)
    0x08010c7c   0x08010c7c   0x00000190   Code   RO         2056    i.__hardfp_sinf     m_wm.l(sinf.o)
    0x08010e0c   0x08010e0c   0x0000007a   Code   RO         2068    i.__hardfp_sqrt     m_wm.l(sqrt.o)
    0x08010e86   0x08010e86   0x0000003a   Code   RO         2080    i.__hardfp_sqrtf    m_wm.l(sqrtf.o)
    0x08010ec0   0x08010ec0   0x000000f8   Code   RO         2439    i.__kernel_poly     m_wm.l(poly.o)
    0x08010fb8   0x08010fb8   0x00000014   Code   RO         2408    i.__mathlib_dbl_infnan  m_wm.l(dunder.o)
    0x08010fcc   0x08010fcc   0x00000014   Code   RO         2409    i.__mathlib_dbl_infnan2  m_wm.l(dunder.o)
    0x08010fe0   0x08010fe0   0x00000020   Code   RO         2410    i.__mathlib_dbl_invalid  m_wm.l(dunder.o)
    0x08011000   0x08011000   0x00000020   Code   RO         2413    i.__mathlib_dbl_underflow  m_wm.l(dunder.o)
    0x08011020   0x08011020   0x00000006   Code   RO         2426    i.__mathlib_flt_infnan  m_wm.l(funder.o)
    0x08011026   0x08011026   0x00000006   Code   RO         2427    i.__mathlib_flt_infnan2  m_wm.l(funder.o)
    0x0801102c   0x0801102c   0x00000010   Code   RO         2428    i.__mathlib_flt_invalid  m_wm.l(funder.o)
    0x0801103c   0x0801103c   0x00000010   Code   RO         2431    i.__mathlib_flt_underflow  m_wm.l(funder.o)
    0x0801104c   0x0801104c   0x00000154   Code   RO         2447    i.__mathlib_rredf2  m_wm.l(rredf.o)
    0x080111a0   0x080111a0   0x0000000e   Code   RO         2503    i.__scatterload_copy  mc_w.l(handlers.o)
    0x080111ae   0x080111ae   0x00000002   Code   RO         2504    i.__scatterload_null  mc_w.l(handlers.o)
    0x080111b0   0x080111b0   0x0000000e   Code   RO         2505    i.__scatterload_zeroinit  mc_w.l(handlers.o)
    0x080111be   0x080111be   0x00000002   PAD
    0x080111c0   0x080111c0   0x0000000c   Code   RO         2479    i.__set_errno       mc_w.l(errno.o)
    0x080111cc   0x080111cc   0x00000184   Code   RO         2357    i._fp_digits        mc_w.l(printfa.o)
    0x08011350   0x08011350   0x000006dc   Code   RO         2358    i._printf_core      mc_w.l(printfa.o)
    0x08011a2c   0x08011a2c   0x00000024   Code   RO         2359    i._printf_post_padding  mc_w.l(printfa.o)
    0x08011a50   0x08011a50   0x0000002e   Code   RO         2360    i._printf_pre_padding  mc_w.l(printfa.o)
    0x08011a7e   0x08011a7e   0x0000000a   Code   RO         2362    i._sputc            mc_w.l(printfa.o)
    0x08011a88   0x08011a88   0x00000010   Code   RO         1938    i.atan              m_wm.l(atan.o)
    0x08011a98   0x08011a98   0x00000018   Code   RO         2006    i.fabs              m_wm.l(fabs.o)
    0x08011ab0   0x08011ab0   0x0000006e   Code   RO         2070    i.sqrt              m_wm.l(sqrt.o)
    0x08011b1e   0x08011b1e   0x0000003e   Code   RO         2082    i.sqrtf             m_wm.l(sqrtf.o)
    0x08011b5c   0x08011b5c   0x0000002f   Data   RO          282    .constdata          mpl.o
    0x08011b8b   0x08011b8b   0x00000001   PAD
    0x08011b8c   0x08011b8c   0x00000400   Data   RO          470    .constdata          ml_math_func.o
    0x08011f8c   0x08011f8c   0x0000001e   Data   RO          506    .constdata          inv_mpu.o
    0x08011faa   0x08011faa   0x0000000c   Data   RO          507    .constdata          inv_mpu.o
    0x08011fb6   0x08011fb6   0x00000002   PAD
    0x08011fb8   0x08011fb8   0x00000030   Data   RO          508    .constdata          inv_mpu.o
    0x08011fe8   0x08011fe8   0x00000200   Data   RO          509    .constdata          inv_mpu.o
    0x080121e8   0x080121e8   0x00000bf6   Data   RO          653    .constdata          inv_mpu_dmp_motion_driver.o
    0x08012dde   0x08012dde   0x00000002   PAD
    0x08012de0   0x08012de0   0x00000050   Data   RO         1887    .constdata          m_wm.l(acos.o)
    0x08012e30   0x08012e30   0x00000050   Data   RO         1913    .constdata          m_wm.l(asin.o)
    0x08012e80   0x08012e80   0x00000098   Data   RO         1939    .constdata          m_wm.l(atan.o)
    0x08012f18   0x08012f18   0x00000008   Data   RO         2441    .constdata          m_wm.l(qnan.o)
    0x08012f20   0x08012f20   0x00000020   Data   RO         2448    .constdata          m_wm.l(rredf.o)
    0x08012f40   0x08012f40   0x00000044   Data   RO          418    .conststring        data_builder.o
    0x08012f84   0x08012f84   0x00000009   Data   RO          510    .conststring        inv_mpu.o
    0x08012f8d   0x08012f8d   0x00000003   PAD
    0x08012f90   0x08012f90   0x00000020   Data   RO         2501    Region$$Table       anon$$obj.o


    Execution Region RW_IRAM1 (Exec base: 0x20000000, Load base: 0x08012fb0, Size: 0x00006c30, Max: 0x00030000, ABSOLUTE, COMPRESSED[0x00000040])

    Exec Addr    Load Addr    Size         Type   Attr      Idx    E Section Name        Object

    0x20000000   COMPRESSED   0x00000004   Data   RW          456    .data               message_layer.o
    0x20000004   COMPRESSED   0x00000004   Data   RW          511    .data               inv_mpu.o
    0x20000008   COMPRESSED   0x00000035   Data   RW          512    .data               inv_mpu.o
    0x2000003d   COMPRESSED   0x00000003   PAD
    0x20000040   COMPRESSED   0x00000014   Data   RW          835    .data               system_stm32f4xx.o
    0x20000054   COMPRESSED   0x00000020   Data   RW          917    .data               task_config.o
    0x20000074   COMPRESSED   0x00000002   Data   RW          965    .data               task_control.o
    0x20000076   COMPRESSED   0x00000010   Data   RW         1155    .data               stm32f4xx_rcc.o
    0x20000086   COMPRESSED   0x00000006   Data   RW         1299    .data               drive_imu.o
    0x2000008c   COMPRESSED   0x00000004   PAD
    0x20000090   COMPRESSED   0x00000010   Data   RW         1326    .data               drive_rc.o
    0x200000a0   COMPRESSED   0x00000038   Data   RW         1375    .data               drive_control.o
    0x200000d8   COMPRESSED   0x00000001   Data   RW         1423    .data               drive_shoot.o
    0x200000d9   COMPRESSED   0x00000003   PAD
    0x200000dc   COMPRESSED   0x00000008   Data   RW         1445    .data               drive_gimble.o
    0x200000e4   COMPRESSED   0x00000008   Data   RW         1521    .data               motor_cradle_head.o
    0x200000ec   COMPRESSED   0x0000000c   Data   RW         1558    .data               port.o
    0x200000f8   COMPRESSED   0x0000003c   Data   RW         1589    .data               tasks.o
    0x20000134   COMPRESSED   0x00000014   Data   RW         1624    .data               timers.o
    0x20000148   COMPRESSED   0x00000018   Data   RW         1670    .data               heap_4.o
    0x20000160   COMPRESSED   0x00000004   Data   RW         2470    .data               mc_w.l(stdout.o)
    0x20000164   COMPRESSED   0x00000004   Data   RW         2480    .data               mc_w.l(errno.o)
    0x20000168        -       0x00000238   Zero   RW          212    .bss                bsp_dma.o
    0x200003a0        -       0x000002d8   Zero   RW          417    .bss                data_builder.o
    0x20000678        -       0x00000028   Zero   RW          439    .bss                empl_outputs.o
    0x200006a0        -       0x00000088   Zero   RW          489    .bss                results_holder.o
    0x20000728        -       0x00000054   Zero   RW          622    .bss                start_manager.o
    0x2000077c        -       0x00000198   Zero   RW          636    .bss                storage_manager.o
    0x20000914        -       0x00000010   Zero   RW          652    .bss                inv_mpu_dmp_motion_driver.o
    0x20000924        -       0x00000014   Zero   RW          779    .bss                stm32f4xx_it.o
    0x20000938        -       0x00000009   Zero   RW          809    .bss                robotstatus.o
    0x20000941   COMPRESSED   0x00000003   PAD
    0x20000944        -       0x0000002c   Zero   RW         1298    .bss                drive_imu.o
    0x20000970        -       0x0000001c   Zero   RW         1325    .bss                drive_rc.o
    0x2000098c        -       0x00000410   Zero   RW         1373    .bss                drive_control.o
    0x20000d9c        -       0x00000020   Zero   RW         1374    .bss                drive_control.o
    0x20000dbc        -       0x0000000a   Zero   RW         1422    .bss                drive_shoot.o
    0x20000dc6        -       0x00000010   Zero   RW         1492    .bss                motor_chassis.o
    0x20000dd6   COMPRESSED   0x00000002   PAD
    0x20000dd8        -       0x00000048   Zero   RW         1519    .bss                motor_cradle_head.o
    0x20000e20        -       0x000002e4   Zero   RW         1588    .bss                tasks.o
    0x20001104        -       0x00000028   Zero   RW         1623    .bss                timers.o
    0x2000112c        -       0x00000040   Zero   RW         1641    .bss                queue.o
    0x2000116c        -       0x00005000   Zero   RW         1669    .bss                heap_4.o
    0x2000616c   COMPRESSED   0x00000004   PAD
    0x20006170        -       0x000002a0   Zero   RW         1708    .bss                libmpllib.lib(fast_no_motion.o)
    0x20006410        -       0x00000138   Zero   RW         1799    .bss                libmpllib.lib(fusion_9axis.o)
    0x20006548        -       0x000001c4   Zero   RW         1824    .bss                libmpllib.lib(gyro_tc.o)
    0x2000670c        -       0x000000b8   Zero   RW         1845    .bss                libmpllib.lib(mag_disturb.o)
    0x200067c4        -       0x0000006c   Zero   RW         1867    .bss                libmpllib.lib(quaternion_supervisor.o)
    0x20006830        -       0x00000400   Zero   RW          858    STACK               startup_stm32f427xx.o


==============================================================================

Image component sizes


      Code (inc. data)   RO Data    RW Data    ZI Data      Debug   Object Name

       272         10          0          0          0     311803   bsp_can.o
        36         10          0          0          0        435   bsp_delay.o
       464         34          0          0        568       1519   bsp_dma.o
       776         30          0          0          0       1004   bsp_gpio.o
       344         28          0          0          0        724   bsp_nvic.o
       248         12          0          0          0        716   bsp_time.o
       252         18          0          0          0        645   bsp_usart.o
      2632         60         68          0        728      19212   data_builder.o
      2452        252          0         56       1072       5699   drive_control.o
       108         14          0          0          0       1518   drive_delay.o
         0          0          0          8          0        252   drive_gimble.o
      1108         36          0          6         44       5646   drive_imu.o
       576         36          0         16         28       3161   drive_rc.o
       436         36          0          1         10       2729   drive_shoot.o
       184         30          0          0          0        792   drive_usart.o
       936         50          0          0         40       5277   empl_outputs.o
       532         66          0         24      20480       3460   heap_4.o
     10768       1252        611         57          0      44233   inv_mpu.o
      2692        134       3062          0         16      16629   inv_mpu_dmp_motion_driver.o
       136          0          0          0          0       1882   list.o
       716         18          0          0          0       3212   log_stm32.o
        56         22          0          0          0       1283   main.o
       340         10          0          0          0       3979   math_pid.o
       292         14          0          0          0       8204   math_tool.o
        36          6          0          4          0       1406   message_layer.o
       176         12          0          0          0       1929   misc.o
      3368        108       1024          0          0      17087   ml_math_func.o
       164         10          0          0         16       1710   motor_chassis.o
       576         42          0          8         72       3786   motor_cradle_head.o
       212         50         47          0          0      11366   mpl.o
       790        104          0         12          0       8141   port.o
      2732         52          0          0         64      24992   queue.o
       936         16          0          0        136       9643   results_holder.o
        28          6          0          0          9       1524   robotstatus.o
       148          4          0          0         84       2210   start_manager.o
        36          8        428          0       1024        800   startup_stm32f427xx.o
      1800         44          0          0          0       8764   stm32f4xx_can.o
       800         32          0          0          0       6949   stm32f4xx_dma.o
       224         10          0          0          0       2383   stm32f4xx_exti.o
       524         44          0          0          0       4457   stm32f4xx_gpio.o
       728         82          0          0         20       3363   stm32f4xx_it.o
      1160         52          0         16          0      13332   stm32f4xx_rcc.o
       124         16          0          0          0       1881   stm32f4xx_syscfg.o
      2524         52          0          0          0      23978   stm32f4xx_tim.o
       856         32          0          0          0       8272   stm32f4xx_usart.o
       416          4          0          0        408       3538   storage_manager.o
        76          4          0          0          0        736   sysconfig.o
       412         40          0         20          0       1883   system_stm32f4xx.o
        84          6          0          0          0        536   task_can_parse.o
       372        140          0         32          0       1338   task_config.o
        52          4          0          2          0       1221   task_control.o
        44          6          0          0          0        511   task_imudata.o
        36          4          0          0          0        855   task_pc_parse.o
        68          8          0          0          0        555   task_rc_parse.o
        12          0          0          0          0        498   task_usart_parse.o
      4940        180          0         60        740      33314   tasks.o
      1304        128          0         20         40      11432   timers.o

    ----------------------------------------------------------------------
     52116       3478       5280        352      25608     658404   Object Totals
         0          0         32          0          0          0   (incl. Generated)
         2          0          8         10          9          0   (incl. Padding)

    ----------------------------------------------------------------------

      Code (inc. data)   RO Data    RW Data    ZI Data      Debug   Library Member Name

      2584         42          0          0        672      20088   fast_no_motion.o
      1712         72          0          0        312       5636   fusion_9axis.o
      1220         32          0          0        452       5735   gyro_tc.o
      1472         48          0          0        184       7614   mag_disturb.o
      2452        130          0          0        108       5637   quaternion_supervisor.o
       856        118         80          0          0        288   acos.o
       280         46          0          0          0        176   acosf.o
       864         94         80          0          0        280   asin.o
       744        106        152          0          0        352   atan.o
       496         64          0          0          0        192   atan2.o
       592         90          0          0          0        184   atan2f.o
       336         56          0          0          0        136   cosf.o
       104         16          0          0          0        496   dunder.o
        44          0          0          0          0        248   fabs.o
        48          0          0          0          0        124   fpclassify.o
        38          0          0          0          0        116   fpclassifyf.o
        44         12          0          0          0        464   funder.o
       248          0          0          0          0        152   poly.o
         0          0          8          0          0          0   qnan.o
       340         24         32          0          0        160   rredf.o
       400         56          0          0          0        212   sinf.o
       232          0          0          0          0        296   sqrt.o
       120          0          0          0          0        272   sqrtf.o
        86          0          0          0          0          0   __dczerorl2.o
         0          0          0          0          0          0   entry.o
         0          0          0          0          0          0   entry10a.o
         0          0          0          0          0          0   entry11a.o
         8          4          0          0          0          0   entry2.o
         4          0          0          0          0          0   entry5.o
         0          0          0          0          0          0   entry7b.o
         0          0          0          0          0          0   entry8b.o
         8          4          0          0          0          0   entry9a.o
        12          6          0          4          0         68   errno.o
        30          0          0          0          0          0   handlers.o
        36          8          0          0          0         68   init.o
         0          0          0          0          0          0   iusefp.o
        98          0          0          0          0         84   ldiv.o
        30          0          0          0          0         68   llshl.o
        36          0          0          0          0         68   llsshr.o
        32          0          0          0          0         68   llushr.o
        26          0          0          0          0         80   memcmp.o
        64          0          0          0          0         76   memmovea.o
        36          0          0          0          0        108   memseta.o
      2344        102          0          0          0        684   printfa.o
         0          0          0          4          0          0   stdout.o
        18          0          0          0          0         68   strcpy.o
        14          0          0          0          0         68   strlen.o
        44          0          0          0          0         80   uidiv.o
        98          0          0          0          0         92   uldiv.o
        48          0          0          0          0         68   cdcmple.o
        48          0          0          0          0         68   cdrcmple.o
        56          0          0          0          0         88   d2f.o
       334          0          0          0          0        148   dadd.o
       222          0          0          0          0        100   ddiv.o
       186          0          0          0          0        176   depilogue.o
        62          0          0          0          0         80   dfixi.o
        48          0          0          0          0         68   dfixul.o
        34          0          0          0          0         76   dflti.o
        24          0          0          0          0         76   dfltul.o
       228          0          0          0          0         96   dmul.o
       162          0          0          0          0        100   dsqrt.o
        38          0          0          0          0         68   f2d.o
       110          0          0          0          0        168   fepilogue.o
        66          0          0          0          0         76   ffixl.o
        44          0          0          0          0         92   ffltl.o
        28          0          0          0          0         84   ffltul.o

    ----------------------------------------------------------------------
     19996       1130        352          8       1728      52170   Library Totals
         8          0          0          0          0          0   (incl. Padding)

    ----------------------------------------------------------------------

      Code (inc. data)   RO Data    RW Data    ZI Data      Debug   Library Name

      9440        324          0          0       1728      44710   libmpllib.lib
      5786        682        352          0          0       4148   m_wm.l
      3024        124          0          8          0       1680   mc_w.l
      1738          0          0          0          0       1632   mf_w.l

    ----------------------------------------------------------------------
     19996       1130        352          8       1728      52170   Library Totals

    ----------------------------------------------------------------------

==============================================================================


      Code (inc. data)   RO Data    RW Data    ZI Data      Debug   

     72112       4608       5632        360      27336     691138   Grand Totals
     72112       4608       5632         64      27336     691138   ELF Image Totals (compressed)
     72112       4608       5632         64          0          0   ROM Totals

==============================================================================

    Total RO  Size (Code + RO Data)                77744 (  75.92kB)
    Total RW  Size (RW Data + ZI Data)             27696 (  27.05kB)
    Total ROM Size (Code + RO Data + RW Data)      77808 (  75.98kB)

==============================================================================

