Component: ARM Compiler 5.06 update 6 (build 750) Tool: armlink [4d35ed]

==============================================================================

Section Cross References

    bsp_can.o(.text) refers to stm32f4xx_rcc.o(.text) for RCC_APB1PeriphClockCmd
    bsp_can.o(.text) refers to stm32f4xx_can.o(.text) for CAN_DeInit
    bsp_time.o(.text) refers to stm32f4xx_rcc.o(.text) for RCC_APB1PeriphClockCmd
    bsp_time.o(.text) refers to stm32f4xx_tim.o(.text) for TIM_TimeBaseInit
    bsp_gpio.o(.text) refers to stm32f4xx_rcc.o(.text) for RCC_AHB1PeriphClockCmd
    bsp_gpio.o(.text) refers to stm32f4xx_gpio.o(.text) for GPIO_Init
    bsp_gpio.o(.text) refers to stm32f4xx_syscfg.o(.text) for SYSCFG_EXTILineConfig
    bsp_gpio.o(.text) refers to drive_delay.o(.text) for Delay_US
    bsp_usart.o(.text) refers to stm32f4xx_rcc.o(.text) for RCC_APB2PeriphClockCmd
    bsp_usart.o(.text) refers to stm32f4xx_usart.o(.text) for USART_DeInit
    bsp_dma.o(.text) refers to stm32f4xx_rcc.o(.text) for RCC_AHB1PeriphClockCmd
    bsp_dma.o(.text) refers to stm32f4xx_dma.o(.text) for DMA_DeInit
    bsp_dma.o(.text) refers to bsp_dma.o(.bss) for .bss
    bsp_nvic.o(.text) refers to misc.o(.text) for NVIC_PriorityGroupConfig
    bsp_nvic.o(.text) refers to stm32f4xx_dma.o(.text) for DMA_ITConfig
    bsp_nvic.o(.text) refers to stm32f4xx_usart.o(.text) for USART_ITConfig
    bsp_nvic.o(.text) refers to stm32f4xx_can.o(.text) for CAN_ITConfig
    bsp_nvic.o(.text) refers to stm32f4xx_exti.o(.text) for EXTI_Init
    mpl.o(.text) refers to storage_manager.o(.text) for inv_init_storage_manager
    mpl.o(.text) refers to start_manager.o(.text) for inv_init_start_manager
    mpl.o(.text) refers to data_builder.o(.text) for inv_init_data_builder
    mpl.o(.text) refers to results_holder.o(.text) for inv_enable_results_holder
    mpl.o(.text) refers to log_stm32.o(.text) for _MLPrintLog
    mpl.o(.text) refers to mpl.o(.constdata) for .constdata
    mlmath.o(.text) refers to asin.o(i.__hardfp_asin) for __hardfp_asin
    mlmath.o(.text) refers to atan.o(i.__hardfp_atan) for __hardfp_atan
    mlmath.o(.text) refers to atan2.o(i.__hardfp_atan2) for __hardfp_atan2
    mlmath.o(.text) refers to log.o(i.__hardfp_log) for __hardfp_log
    mlmath.o(.text) refers to sqrt.o(i.__hardfp_sqrt) for __hardfp_sqrt
    mlmath.o(.text) refers to ceil.o(i.__hardfp_ceil) for __hardfp_ceil
    mlmath.o(.text) refers to floor.o(i.__hardfp_floor) for __hardfp_floor
    mlmath.o(.text) refers to cos.o(i.__hardfp_cos) for __hardfp_cos
    mlmath.o(.text) refers to sin.o(i.__hardfp_sin) for __hardfp_sin
    mlmath.o(.text) refers to acos.o(i.__hardfp_acos) for __hardfp_acos
    mlmath.o(.text) refers to pow.o(i.__hardfp_pow) for __hardfp_pow
    log_stm32.o(.text) refers to printfa.o(i.__0vsprintf) for vsprintf
    log_stm32.o(.text) refers to memseta.o(.text) for __aeabi_memclr4
    log_stm32.o(.text) refers to memmovea.o(.text) for __aeabi_memcpy
    log_stm32.o(.text) refers to sysconfig.o(.text) for fputc
    hal_outputs.o(.text) refers to data_builder.o(.text) for inv_get_accel_set
    hal_outputs.o(.text) refers to results_holder.o(.text) for inv_get_gravity
    hal_outputs.o(.text) refers to ml_math_func.o(.text) for inv_calc_state_to_match_output
    hal_outputs.o(.text) refers to hal_outputs.o(.bss) for .bss
    hal_outputs.o(.text) refers to memseta.o(.text) for __aeabi_memclr4
    hal_outputs.o(.text) refers to start_manager.o(.text) for inv_register_mpl_start_notification
    hal_outputs.o(.text) refers to atan2f.o(i.__hardfp_atan2f) for __hardfp_atan2f
    hal_outputs.o(.text) refers to asinf.o(i.__hardfp_asinf) for __hardfp_asinf
    hal_outputs.o(.text) refers to hal_outputs.o(.data) for .data
    data_builder.o(.text) refers to memmovea.o(.text) for __aeabi_memcpy
    data_builder.o(.text) refers to results_holder.o(.text) for inv_set_compass_bias_found
    data_builder.o(.text) refers to memseta.o(.text) for __aeabi_memclr4
    data_builder.o(.text) refers to storage_manager.o(.text) for inv_register_load_store
    data_builder.o(.text) refers to ml_math_func.o(.text) for inv_q30_mult
    data_builder.o(.text) refers to memcmp.o(.text) for memcmp
    data_builder.o(.text) refers to message_layer.o(.text) for inv_set_message
    data_builder.o(.text) refers to data_builder.o(.bss) for .bss
    data_builder.o(.text) refers to log_stm32.o(.text) for _MLPrintLog
    data_builder.o(.text) refers to data_builder.o(.conststring) for .conststring
    empl_outputs.o(.text) refers to data_builder.o(.text) for inv_get_accel_set
    empl_outputs.o(.text) refers to ml_math_func.o(.text) for inv_q29_mult
    empl_outputs.o(.text) refers to atan2f.o(i.__hardfp_atan2f) for __hardfp_atan2f
    empl_outputs.o(.text) refers to sqrtf.o(i.__hardfp_sqrtf) for __hardfp_sqrtf
    empl_outputs.o(.text) refers to results_holder.o(.text) for inv_get_quaternion_set
    empl_outputs.o(.text) refers to memseta.o(.text) for __aeabi_memclr4
[...]
    PID_GetD                                 0x080068e7   Thumb Code    80  math_pid.o(.text)
    PID_GetPID                               0x08006937   Thumb Code   114  math_pid.o(.text)
    PID_SetParam                             0x080069a9   Thumb Code    54  math_pid.o(.text)
    ConstrainFloat                           0x080069e9   Thumb Code    62  math_tool.o(.text)
    ApplyDeadbandFloat                       0x08006a27   Thumb Code    36  math_tool.o(.text)
    ApplyDeadbandInt                         0x08006a4b   Thumb Code    18  math_tool.o(.text)
    Radians                                  0x08006a5d   Thumb Code    10  math_tool.o(.text)
    Degrees                                  0x08006a67   Thumb Code    10  math_tool.o(.text)
    vTaskLED                                 0x08006a7d   Thumb Code    46  task_config.o(.text)
    vTaskStart                               0x08006aab   Thumb Code   164  task_config.o(.text)
    Chassis_Move                             0x08006bc9   Thumb Code    94  task_control.o(.text)
    vTaskControl                             0x08006c27   Thumb Code   202  task_control.o(.text)
    vTaskCANParse                            0x08006d15   Thumb Code    66  task_can_parse.o(.text)
    vTaskUSARTParse                          0x08006d5d   Thumb Code    12  task_usart_parse.o(.text)
    vTaskRCParse                             0x08006d69   Thumb Code   152  task_rc_parse.o(.text)
    vTaskIMUData                             0x08006e0d   Thumb Code    38  task_imudata.o(.text)
    NVIC_PriorityGroupConfig                 0x08006e39   Thumb Code    10  misc.o(.text)
    NVIC_Init                                0x08006e43   Thumb Code    96  misc.o(.text)
    NVIC_SetVectorTable                      0x08006ea3   Thumb Code    14  misc.o(.text)
    NVIC_SystemLPConfig                      0x08006eb1   Thumb Code    20  misc.o(.text)
    SysTick_CLKSourceConfig                  0x08006ec5   Thumb Code    24  misc.o(.text)
    CAN_DeInit                               0x08006ee9   Thumb Code    38  stm32f4xx_can.o(.text)
    CAN_Init                                 0x08006f0f   Thumb Code   232  stm32f4xx_can.o(.text)
    CAN_FilterInit                           0x08006ff7   Thumb Code   194  stm32f4xx_can.o(.text)
    CAN_StructInit                           0x080070b9   Thumb Code    32  stm32f4xx_can.o(.text)
    CAN_SlaveStartBank                       0x080070d9   Thumb Code    38  stm32f4xx_can.o(.text)
    CAN_DBGFreeze                            0x080070ff   Thumb Code    20  stm32f4xx_can.o(.text)
    CAN_TTComModeCmd                         0x08007113   Thumb Code    90  stm32f4xx_can.o(.text)
    CAN_Transmit                             0x0800716d   Thumb Code   164  stm32f4xx_can.o(.text)
    CAN_TransmitStatus                       0x08007211   Thumb Code    88  stm32f4xx_can.o(.text)
    CAN_CancelTransmit                       0x08007269   Thumb Code    36  stm32f4xx_can.o(.text)
    CAN_Receive                              0x0800728d   Thumb Code   178  stm32f4xx_can.o(.text)
    CAN_FIFORelease                          0x0800733f   Thumb Code    22  stm32f4xx_can.o(.text)
    CAN_MessagePending                       0x08007355   Thumb Code    22  stm32f4xx_can.o(.text)
    CAN_OperatingModeRequest                 0x0800736b   Thumb Code   140  stm32f4xx_can.o(.text)
    CAN_Sleep                                0x080073f7   Thumb Code    30  stm32f4xx_can.o(.text)
    CAN_WakeUp                               0x08007415   Thumb Code    40  stm32f4xx_can.o(.text)
    CAN_GetLastErrorCode                     0x0800743d   Thumb Code    10  stm32f4xx_can.o(.text)
    CAN_GetReceiveErrorCounter               0x08007447   Thumb Code     6  stm32f4xx_can.o(.text)
    CAN_GetLSBTransmitErrorCounter           0x0800744d   Thumb Code     8  stm32f4xx_can.o(.text)
    CAN_ITConfig                             0x08007455   Thumb Code    16  stm32f4xx_can.o(.text)
    CAN_GetFlagStatus                        0x08007465   Thumb Code    52  stm32f4xx_can.o(.text)
    CAN_ClearFlag                            0x08007499   Thumb Code    44  stm32f4xx_can.o(.text)
    CAN_GetITStatus                          0x080074c5   Thumb Code   162  stm32f4xx_can.o(.text)
    CAN_ClearITPendingBit                    0x08007567   Thumb Code   116  stm32f4xx_can.o(.text)
    RCC_DeInit                               0x080075f1   Thumb Code    68  stm32f4xx_rcc.o(.text)
    RCC_HSEConfig                            0x08007635   Thumb Code    12  stm32f4xx_rcc.o(.text)
    RCC_GetFlagStatus                        0x08007641   Thumb Code    46  stm32f4xx_rcc.o(.text)
    RCC_WaitForHSEStartUp                    0x0800766f   Thumb Code    44  stm32f4xx_rcc.o(.text)
    RCC_AdjustHSICalibrationValue            0x0800769b   Thumb Code    16  stm32f4xx_rcc.o(.text)
    RCC_HSICmd                               0x080076ab   Thumb Code     6  stm32f4xx_rcc.o(.text)
    RCC_LSEConfig                            0x080076b1   Thumb Code    24  stm32f4xx_rcc.o(.text)
    RCC_LSICmd                               0x080076c9   Thumb Code     6  stm32f4xx_rcc.o(.text)
    RCC_PLLConfig                            0x080076cf   Thumb Code    32  stm32f4xx_rcc.o(.text)
    RCC_PLLCmd                               0x080076ef   Thumb Code     6  stm32f4xx_rcc.o(.text)
    RCC_PLLI2SConfig                         0x080076f5   Thumb Code    18  stm32f4xx_rcc.o(.text)
    RCC_PLLI2SCmd                            0x08007707   Thumb Code     6  stm32f4xx_rcc.o(.text)
    RCC_PLLSAIConfig                         0x0800770d   Thumb Code    18  stm32f4xx_rcc.o(.text)
    RCC_PLLSAICmd                            0x0800771f   Thumb Code     6  stm32f4xx_rcc.o(.text)
    RCC_ClockSecuritySystemCmd               0x08007725   Thumb Code     6  stm32f4xx_rcc.o(.text)
    RCC_MCO1Config                           0x0800772b   Thumb Code    18  stm32f4xx_rcc.o(.text)
    RCC_MCO2Config                           0x0800773d   Thumb Code    18  stm32f4xx_rcc.o(.text)
    RCC_SYSCLKConfig                         0x0800774f   Thumb Code    16  stm32f4xx_rcc.o(.text)
    RCC_GetSYSCLKSource                      0x0800775f   Thumb Code    12  stm32f4xx_rcc.o(.text)
    RCC_HCLKConfig                           0x0800776b   Thumb Code    16  stm32f4xx_rcc.o(.text)
    RCC_PCLK1Config                          0x0800777b   Thumb Code    16  stm32f4xx_rcc.o(.text)
    RCC_PCLK2Config                          0x0800778b   Thumb Code    18  stm32f4xx_rcc.o(.text)
    RCC_GetClocksFreq                        0x0800779d   Thumb Code   134  stm32f4xx_rcc.o(.text)
    RCC_RTCCLKConfig                         0x08007823   Thumb Code    42  stm32f4xx_rcc.o(.text)
    RCC_RTCCLKCmd                            0x0800784d   Thumb Code     8  stm32f4xx_rcc.o(.text)
    RCC_BackupResetCmd                       0x08007855   Thumb Code     8  stm32f4xx_rcc.o(.text)
    RCC_I2SCLKConfig                         0x0800785d   Thumb Code     8  stm32f4xx_rcc.o(.text)
    RCC_SAIPLLI2SClkDivConfig                0x08007865   Thumb Code    18  stm32f4xx_rcc.o(.text)
    RCC_SAIPLLSAIClkDivConfig                0x08007877   Thumb Code    24  stm32f4xx_rcc.o(.text)
    RCC_SAIBlockACLKConfig                   0x0800788f   Thumb Code    16  stm32f4xx_rcc.o(.text)
    RCC_SAIBlockBCLKConfig                   0x0800789f   Thumb Code    16  stm32f4xx_rcc.o(.text)
    RCC_LTDCCLKDivConfig                     0x080078af   Thumb Code    16  stm32f4xx_rcc.o(.text)
    RCC_TIMCLKPresConfig                     0x080078bf   Thumb Code     8  stm32f4xx_rcc.o(.text)
    RCC_AHB1PeriphClockCmd                   0x080078c7   Thumb Code    20  stm32f4xx_rcc.o(.text)
    RCC_AHB2PeriphClockCmd                   0x080078db   Thumb Code    20  stm32f4xx_rcc.o(.text)
    RCC_AHB3PeriphClockCmd                   0x080078ef   Thumb Code    20  stm32f4xx_rcc.o(.text)
    RCC_APB1PeriphClockCmd                   0x08007903   Thumb Code    20  stm32f4xx_rcc.o(.text)
    RCC_APB2PeriphClockCmd                   0x08007917   Thumb Code    20  stm32f4xx_rcc.o(.text)
    RCC_AHB1PeriphResetCmd                   0x0800792b   Thumb Code    20  stm32f4xx_rcc.o(.text)
    RCC_AHB2PeriphResetCmd                   0x0800793f   Thumb Code    20  stm32f4xx_rcc.o(.text)
    RCC_AHB3PeriphResetCmd                   0x08007953   Thumb Code    20  stm32f4xx_rcc.o(.text)
    RCC_APB1PeriphResetCmd                   0x08007967   Thumb Code    20  stm32f4xx_rcc.o(.text)
    RCC_APB2PeriphResetCmd                   0x0800797b   Thumb Code    20  stm32f4xx_rcc.o(.text)
    RCC_AHB1PeriphClockLPModeCmd             0x0800798f   Thumb Code    20  stm32f4xx_rcc.o(.text)
    RCC_AHB2PeriphClockLPModeCmd             0x080079a3   Thumb Code    20  stm32f4xx_rcc.o(.text)
    RCC_AHB3PeriphClockLPModeCmd             0x080079b7   Thumb Code    20  stm32f4xx_rcc.o(.text)
    RCC_APB1PeriphClockLPModeCmd             0x080079cb   Thumb Code    68  stm32f4xx_rcc.o(.text)
    RCC_APB2PeriphClockLPModeCmd             0x08007a0f   Thumb Code    18  stm32f4xx_rcc.o(.text)
    RCC_LSEModeConfig                        0x08007a21   Thumb Code    24  stm32f4xx_rcc.o(.text)
    RCC_ITConfig                             0x08007a39   Thumb Code    20  stm32f4xx_rcc.o(.text)
    RCC_ClearFlag                            0x08007a4d   Thumb Code    14  stm32f4xx_rcc.o(.text)
    RCC_GetITStatus                          0x08007a5b   Thumb Code    18  stm32f4xx_rcc.o(.text)
    RCC_ClearITPendingBit                    0x08007a6d   Thumb Code     8  stm32f4xx_rcc.o(.text)
    TIM_DeInit                               0x08007a79   Thumb Code   284  stm32f4xx_tim.o(.text)
    TIM_TimeBaseInit                         0x08007b95   Thumb Code    96  stm32f4xx_tim.o(.text)
    TIM_TimeBaseStructInit                   0x08007bf5   Thumb Code    18  stm32f4xx_tim.o(.text)
    TIM_PrescalerConfig                      0x08007c07   Thumb Code     6  stm32f4xx_tim.o(.text)
    TIM_CounterModeConfig                    0x08007c0d   Thumb Code    12  stm32f4xx_tim.o(.text)
    TIM_SetCounter                           0x08007c19   Thumb Code     4  stm32f4xx_tim.o(.text)
    TIM_SetAutoreload                        0x08007c1d   Thumb Code     4  stm32f4xx_tim.o(.text)
    TIM_GetCounter                           0x08007c21   Thumb Code     4  stm32f4xx_tim.o(.text)
    TIM_GetPrescaler                         0x08007c25   Thumb Code     4  stm32f4xx_tim.o(.text)
    TIM_UpdateDisableConfig                  0x08007c29   Thumb Code    20  stm32f4xx_tim.o(.text)
    TIM_UpdateRequestConfig                  0x08007c3d   Thumb Code    20  stm32f4xx_tim.o(.text)
    TIM_ARRPreloadConfig                     0x08007c51   Thumb Code    20  stm32f4xx_tim.o(.text)
    TIM_SelectOnePulseMode                   0x08007c65   Thumb Code    16  stm32f4xx_tim.o(.text)
    TIM_SetClockDivision                     0x08007c75   Thumb Code    16  stm32f4xx_tim.o(.text)
    TIM_Cmd                                  0x08007c85   Thumb Code    20  stm32f4xx_tim.o(.text)
    TIM_OC1Init                              0x08007c99   Thumb Code    88  stm32f4xx_tim.o(.text)
    TIM_OC2Init                              0x08007cf1   Thumb Code   120  stm32f4xx_tim.o(.text)
    TIM_OC3Init                              0x08007d69   Thumb Code   116  stm32f4xx_tim.o(.text)
    TIM_OC4Init                              0x08007ddd   Thumb Code    88  stm32f4xx_tim.o(.text)
    TIM_OCStructInit                         0x08007e35   Thumb Code    20  stm32f4xx_tim.o(.text)
    TIM_SelectOCxM                           0x08007e49   Thumb Code   130  stm32f4xx_tim.o(.text)
    TIM_SetCompare1                          0x08007ecb   Thumb Code     4  stm32f4xx_tim.o(.text)
    TIM_SetCompare2                          0x08007ecf   Thumb Code     4  stm32f4xx_tim.o(.text)
    TIM_SetCompare3                          0x08007ed3   Thumb Code     4  stm32f4xx_tim.o(.text)
    TIM_SetCompare4                          0x08007ed7   Thumb Code     4  stm32f4xx_tim.o(.text)
    TIM_ForcedOC1Config                      0x08007edb   Thumb Code    12  stm32f4xx_tim.o(.text)
    TIM_ForcedOC2Config                      0x08007ee7   Thumb Code    20  stm32f4xx_tim.o(.text)
    TIM_ForcedOC3Config                      0x08007efb   Thumb Code    12  stm32f4xx_tim.o(.text)
    TIM_ForcedOC4Config                      0x08007f07   Thumb Code    20  stm32f4xx_tim.o(.text)
    TIM_OC1PreloadConfig                     0x08007f1b   Thumb Code    12  stm32f4xx_tim.o(.text)
    TIM_OC2PreloadConfig                     0x08007f27   Thumb Code    20  stm32f4xx_tim.o(.text)
    TIM_OC3PreloadConfig                     0x08007f3b   Thumb Code    12  stm32f4xx_tim.o(.text)
    TIM_OC4PreloadConfig                     0x08007f47   Thumb Code    20  stm32f4xx_tim.o(.text)
    TIM_OC1FastConfig                        0x08007f5b   Thumb Code    12  stm32f4xx_tim.o(.text)
    TIM_OC2FastConfig                        0x08007f67   Thumb Code    20  stm32f4xx_tim.o(.text)
    TIM_OC3FastConfig                        0x08007f7b   Thumb Code    12  stm32f4xx_tim.o(.text)
    TIM_OC4FastConfig                        0x08007f87   Thumb Code    20  stm32f4xx_tim.o(.text)
    TIM_ClearOC1Ref                          0x08007f9b   Thumb Code    12  stm32f4xx_tim.o(.text)
    TIM_ClearOC2Ref                          0x08007fa7   Thumb Code    20  stm32f4xx_tim.o(.text)
    TIM_ClearOC3Ref                          0x08007fbb   Thumb Code    12  stm32f4xx_tim.o(.text)
    TIM_ClearOC4Ref                          0x08007fc7   Thumb Code    20  stm32f4xx_tim.o(.text)
    TIM_OC1PolarityConfig                    0x08007fdb   Thumb Code    12  stm32f4xx_tim.o(.text)
    TIM_OC1NPolarityConfig                   0x08007fe7   Thumb Code    12  stm32f4xx_tim.o(.text)
    TIM_OC2PolarityConfig                    0x08007ff3   Thumb Code    20  stm32f4xx_tim.o(.text)
    TIM_OC2NPolarityConfig                   0x08008007   Thumb Code    20  stm32f4xx_tim.o(.text)
    TIM_OC3PolarityConfig                    0x0800801b   Thumb Code    20  stm32f4xx_tim.o(.text)
    TIM_OC3NPolarityConfig                   0x0800802f   Thumb Code    20  stm32f4xx_tim.o(.text)
    TIM_OC4PolarityConfig                    0x08008043   Thumb Code    20  stm32f4xx_tim.o(.text)
    TIM_CCxCmd                               0x08008057   Thumb Code    22  stm32f4xx_tim.o(.text)
    TIM_CCxNCmd                              0x0800806d   Thumb Code    22  stm32f4xx_tim.o(.text)
    TIM_SetIC4Prescaler                      0x08008083   Thumb Code    24  stm32f4xx_tim.o(.text)
    TIM_SetIC3Prescaler                      0x0800809b   Thumb Code    16  stm32f4xx_tim.o(.text)
    TIM_SetIC2Prescaler                      0x080080ab   Thumb Code    24  stm32f4xx_tim.o(.text)
    TIM_SetIC1Prescaler                      0x080080f9   Thumb Code    16  stm32f4xx_tim.o(.text)
    TIM_ICInit                               0x08008109   Thumb Code   164  stm32f4xx_tim.o(.text)
    TIM_ICStructInit                         0x080081ad   Thumb Code    16  stm32f4xx_tim.o(.text)
    TIM_PWMIConfig                           0x080081bd   Thumb Code   104  stm32f4xx_tim.o(.text)
    TIM_GetCapture1                          0x08008225   Thumb Code     4  stm32f4xx_tim.o(.text)
    TIM_GetCapture2                          0x08008229   Thumb Code     4  stm32f4xx_tim.o(.text)
    TIM_GetCapture3                          0x0800822d   Thumb Code     4  stm32f4xx_tim.o(.text)
    TIM_GetCapture4                          0x08008231   Thumb Code     4  stm32f4xx_tim.o(.text)
    TIM_BDTRConfig                           0x08008235   Thumb Code    34  stm32f4xx_tim.o(.text)
    TIM_BDTRStructInit                       0x08008257   Thumb Code    18  stm32f4xx_tim.o(.text)
    TIM_CtrlPWMOutputs                       0x08008269   Thumb Code    22  stm32f4xx_tim.o(.text)
    TIM_SelectCOM                            0x0800827f   Thumb Code    20  stm32f4xx_tim.o(.text)
    TIM_CCPreloadControl                     0x08008293   Thumb Code    20  stm32f4xx_tim.o(.text)
    TIM_ITConfig                             0x080082a7   Thumb Code    16  stm32f4xx_tim.o(.text)
    TIM_GenerateEvent                        0x080082b7   Thumb Code     4  stm32f4xx_tim.o(.text)
    TIM_GetFlagStatus                        0x080082bb   Thumb Code    14  stm32f4xx_tim.o(.text)
    TIM_ClearFlag                            0x080082c9   Thumb Code     6  stm32f4xx_tim.o(.text)
    TIM_GetITStatus                          0x080082cf   Thumb Code    24  stm32f4xx_tim.o(.text)
    TIM_ClearITPendingBit                    0x080082e7   Thumb Code     6  stm32f4xx_tim.o(.text)
    TIM_DMAConfig                            0x080082ed   Thumb Code     8  stm32f4xx_tim.o(.text)
    TIM_DMACmd                               0x080082f5   Thumb Code    16  stm32f4xx_tim.o(.text)
    TIM_SelectCCDMA                          0x08008305   Thumb Code    20  stm32f4xx_tim.o(.text)
    TIM_InternalClockConfig                  0x08008319   Thumb Code    10  stm32f4xx_tim.o(.text)
    TIM_SelectInputTrigger                   0x08008323   Thumb Code    12  stm32f4xx_tim.o(.text)
    TIM_ITRxExternalClockConfig              0x0800832f   Thumb Code    18  stm32f4xx_tim.o(.text)
    TIM_TIxExternalClockConfig               0x08008341   Thumb Code    46  stm32f4xx_tim.o(.text)
    TIM_ETRConfig                            0x0800836f   Thumb Code    24  stm32f4xx_tim.o(.text)
    TIM_ETRClockMode1Config                  0x08008387   Thumb Code    18  stm32f4xx_tim.o(.text)
    TIM_ETRClockMode2Config                  0x08008399   Thumb Code    18  stm32f4xx_tim.o(.text)
    TIM_SelectOutputTrigger                  0x080083ab   Thumb Code    16  stm32f4xx_tim.o(.text)
    TIM_SelectSlaveMode                      0x080083bb   Thumb Code    16  stm32f4xx_tim.o(.text)
    TIM_SelectMasterSlaveMode                0x080083cb   Thumb Code    16  stm32f4xx_tim.o(.text)
    TIM_EncoderInterfaceConfig               0x080083db   Thumb Code    50  stm32f4xx_tim.o(.text)
    TIM_SelectHallSensor                     0x0800840d   Thumb Code    20  stm32f4xx_tim.o(.text)
    TIM_RemapConfig                          0x08008421   Thumb Code     6  stm32f4xx_tim.o(.text)
    DMA_DeInit                               0x08008455   Thumb Code   272  stm32f4xx_dma.o(.text)
    DMA_Init                                 0x08008565   Thumb Code    80  stm32f4xx_dma.o(.text)
    DMA_StructInit                           0x080085b5   Thumb Code    34  stm32f4xx_dma.o(.text)
    DMA_Cmd                                  0x080085d7   Thumb Code    20  stm32f4xx_dma.o(.text)
    DMA_PeriphIncOffsetSizeConfig            0x080085eb   Thumb Code    20  stm32f4xx_dma.o(.text)
    DMA_FlowControllerConfig                 0x080085ff   Thumb Code    20  stm32f4xx_dma.o(.text)
    DMA_SetCurrDataCounter                   0x08008613   Thumb Code     4  stm32f4xx_dma.o(.text)
    DMA_GetCurrDataCounter                   0x08008617   Thumb Code     6  stm32f4xx_dma.o(.text)
    DMA_DoubleBufferModeConfig               0x0800861d   Thumb Code    22  stm32f4xx_dma.o(.text)
    DMA_DoubleBufferModeCmd                  0x08008633   Thumb Code    20  stm32f4xx_dma.o(.text)
    DMA_MemoryTargetConfig                   0x08008647   Thumb Code    10  stm32f4xx_dma.o(.text)
    DMA_GetCurrentMemoryTarget               0x08008651   Thumb Code    14  stm32f4xx_dma.o(.text)
    DMA_GetCmdStatus                         0x0800865f   Thumb Code    14  stm32f4xx_dma.o(.text)
    DMA_GetFIFOStatus                        0x0800866d   Thumb Code     8  stm32f4xx_dma.o(.text)
    DMA_GetFlagStatus                        0x08008675   Thumb Code    42  stm32f4xx_dma.o(.text)
    DMA_ClearFlag                            0x0800869f   Thumb Code    34  stm32f4xx_dma.o(.text)
    DMA_ITConfig                             0x080086c1   Thumb Code    44  stm32f4xx_dma.o(.text)
    DMA_GetITStatus                          0x080086ed   Thumb Code    70  stm32f4xx_dma.o(.text)
    DMA_ClearITPendingBit                    0x08008733   Thumb Code    34  stm32f4xx_dma.o(.text)
    EXTI_DeInit                              0x08008775   Thumb Code    28  stm32f4xx_exti.o(.text)
    EXTI_Init                                0x08008791   Thumb Code   108  stm32f4xx_exti.o(.text)
    EXTI_StructInit                          0x080087fd   Thumb Code    14  stm32f4xx_exti.o(.text)
    EXTI_GenerateSWInterrupt                 0x0800880b   Thumb Code    12  stm32f4xx_exti.o(.text)
    EXTI_GetFlagStatus                       0x08008817   Thumb Code    18  stm32f4xx_exti.o(.text)
    EXTI_ClearFlag                           0x08008829   Thumb Code     8  stm32f4xx_exti.o(.text)
    EXTI_GetITStatus                         0x08008831   Thumb Code    18  stm32f4xx_exti.o(.text)
    EXTI_ClearITPendingBit                   0x08008843   Thumb Code     8  stm32f4xx_exti.o(.text)
    GPIO_DeInit                              0x08008855   Thumb Code   216  stm32f4xx_gpio.o(.text)
    GPIO_Init                                0x0800892d   Thumb Code   120  stm32f4xx_gpio.o(.text)
    GPIO_StructInit                          0x080089a5   Thumb Code    18  stm32f4xx_gpio.o(.text)
    GPIO_PinLockConfig                       0x080089b7   Thumb Code    24  stm32f4xx_gpio.o(.text)
    GPIO_ReadInputDataBit                    0x080089cf   Thumb Code    14  stm32f4xx_gpio.o(.text)
    GPIO_ReadInputData                       0x080089dd   Thumb Code     6  stm32f4xx_gpio.o(.text)
    GPIO_ReadOutputDataBit                   0x080089e3   Thumb Code    14  stm32f4xx_gpio.o(.text)
    GPIO_ReadOutputData                      0x080089f1   Thumb Code     6  stm32f4xx_gpio.o(.text)
    GPIO_SetBits                             0x080089f7   Thumb Code     4  stm32f4xx_gpio.o(.text)
    GPIO_ResetBits                           0x080089fb   Thumb Code     4  stm32f4xx_gpio.o(.text)
    GPIO_WriteBit                            0x080089ff   Thumb Code    10  stm32f4xx_gpio.o(.text)
    GPIO_Write                               0x08008a09   Thumb Code     4  stm32f4xx_gpio.o(.text)
    GPIO_ToggleBits                          0x08008a0d   Thumb Code     8  stm32f4xx_gpio.o(.text)
    GPIO_PinAFConfig                         0x08008a15   Thumb Code    32  stm32f4xx_gpio.o(.text)
    USART_DeInit                             0x08008a61   Thumb Code   138  stm32f4xx_usart.o(.text)
    USART_Init                               0x08008aeb   Thumb Code   164  stm32f4xx_usart.o(.text)
    USART_StructInit                         0x08008b8f   Thumb Code    22  stm32f4xx_usart.o(.text)
    USART_ClockInit                          0x08008ba5   Thumb Code    28  stm32f4xx_usart.o(.text)
    USART_ClockStructInit                    0x08008bc1   Thumb Code    12  stm32f4xx_usart.o(.text)
    USART_Cmd                                0x08008bcd   Thumb Code    20  stm32f4xx_usart.o(.text)
    USART_SetPrescaler                       0x08008be1   Thumb Code    16  stm32f4xx_usart.o(.text)
    USART_OverSampling8Cmd                   0x08008bf1   Thumb Code    20  stm32f4xx_usart.o(.text)
    USART_OneBitMethodCmd                    0x08008c05   Thumb Code    20  stm32f4xx_usart.o(.text)
    USART_SendData                           0x08008c19   Thumb Code     8  stm32f4xx_usart.o(.text)
    USART_ReceiveData                        0x08008c21   Thumb Code     8  stm32f4xx_usart.o(.text)
    USART_SetAddress                         0x08008c29   Thumb Code    16  stm32f4xx_usart.o(.text)
    USART_ReceiverWakeUpCmd                  0x08008c39   Thumb Code    20  stm32f4xx_usart.o(.text)
    USART_WakeUpConfig                       0x08008c4d   Thumb Code    16  stm32f4xx_usart.o(.text)
    USART_LINBreakDetectLengthConfig         0x08008c5d   Thumb Code    16  stm32f4xx_usart.o(.text)
    USART_LINCmd                             0x08008c6d   Thumb Code    20  stm32f4xx_usart.o(.text)
    USART_SendBreak                          0x08008c81   Thumb Code    10  stm32f4xx_usart.o(.text)
    USART_HalfDuplexCmd                      0x08008c8b   Thumb Code    20  stm32f4xx_usart.o(.text)
    USART_SetGuardTime                       0x08008c9f   Thumb Code    16  stm32f4xx_usart.o(.text)
    USART_SmartCardCmd                       0x08008caf   Thumb Code    20  stm32f4xx_usart.o(.text)
    USART_SmartCardNACKCmd                   0x08008cc3   Thumb Code    20  stm32f4xx_usart.o(.text)
    USART_IrDAConfig                         0x08008cd7   Thumb Code    16  stm32f4xx_usart.o(.text)
    USART_IrDACmd                            0x08008ce7   Thumb Code    20  stm32f4xx_usart.o(.text)
    USART_DMACmd                             0x08008cfb   Thumb Code    16  stm32f4xx_usart.o(.text)
    USART_ITConfig                           0x08008d0b   Thumb Code    48  stm32f4xx_usart.o(.text)
    USART_GetFlagStatus                      0x08008d3b   Thumb Code    14  stm32f4xx_usart.o(.text)
    USART_ClearFlag                          0x08008d49   Thumb Code     6  stm32f4xx_usart.o(.text)
    USART_GetITStatus                        0x08008d4f   Thumb Code    62  stm32f4xx_usart.o(.text)
    USART_ClearITPendingBit                  0x08008d8d   Thumb Code    12  stm32f4xx_usart.o(.text)
    SYSCFG_DeInit                            0x08008db9   Thumb Code    24  stm32f4xx_syscfg.o(.text)
    SYSCFG_MemoryRemapConfig                 0x08008dd1   Thumb Code     6  stm32f4xx_syscfg.o(.text)
    SYSCFG_MemorySwappingBank                0x08008dd7   Thumb Code     6  stm32f4xx_syscfg.o(.text)
    SYSCFG_EXTILineConfig                    0x08008ddd   Thumb Code    42  stm32f4xx_syscfg.o(.text)
    SYSCFG_ETH_MediaInterfaceConfig          0x08008e07   Thumb Code     8  stm32f4xx_syscfg.o(.text)
    SYSCFG_CompensationCellCmd               0x08008e0f   Thumb Code     6  stm32f4xx_syscfg.o(.text)
    SYSCFG_GetCompensationCellStatus         0x08008e15   Thumb Code    16  stm32f4xx_syscfg.o(.text)
    KEY_Press_Verify                         0x08008e35   Thumb Code    42  drive_rc.o(.text)
    RC_Data_Parse                            0x08008e5f   Thumb Code   310  drive_rc.o(.text)
    IIC_Start                                0x08008fb1   Thumb Code    56  drive_imu.o(.text)
    IIC_Stop                                 0x08008fe9   Thumb Code    56  drive_imu.o(.text)
    IIC_Wait_Ack                             0x08009021   Thumb Code    74  drive_imu.o(.text)
    IIC_Ack                                  0x0800906b   Thumb Code    56  drive_imu.o(.text)
    IIC_NAck                                 0x080090a3   Thumb Code    56  drive_imu.o(.text)
    IIC_Send_Byte                            0x080090db   Thumb Code    86  drive_imu.o(.text)
    IIC_Read_Byte                            0x08009131   Thumb Code    96  drive_imu.o(.text)
    MPU_Write_Len                            0x08009191   Thumb Code    80  drive_imu.o(.text)
    MPU_Read_Len                             0x080091e1   Thumb Code   104  drive_imu.o(.text)
    MPU_Write_Byte                           0x08009249   Thumb Code    64  drive_imu.o(.text)
    MPU_Read_Byte                            0x08009289   Thumb Code    68  drive_imu.o(.text)
    MPU_offset_call                          0x080092cd   Thumb Code    98  drive_imu.o(.text)
    MPU_Get_Temperature                      0x0800932f   Thumb Code    62  drive_imu.o(.text)
    MPU_Get_Gyroscope                        0x0800936d   Thumb Code   148  drive_imu.o(.text)
    Delay_US                                 0x08009405   Thumb Code    32  drive_delay.o(.text)
    Delay_MS                                 0x08009425   Thumb Code     8  drive_delay.o(.text)
    Get_SysTimeUs                            0x0800942d   Thumb Code    50  drive_delay.o(.text)
    Get_SysTimeMs                            0x0800945f   Thumb Code     4  drive_delay.o(.text)
    Infan_Control_Init                       0x080095f7   Thumb Code    32  drive_control.o(.text)
    Speed_6623_Control                       0x08009617   Thumb Code   142  drive_control.o(.text)
    Angle_6623_Control                       0x080096a5   Thumb Code   338  drive_control.o(.text)
    Speed_3510_Control                       0x080097f7   Thumb Code   636  drive_control.o(.text)
    Speed_2006_Control                       0x08009a73   Thumb Code   160  drive_control.o(.text)
    Angle_2006_Control                       0x08009b13   Thumb Code   166  drive_control.o(.text)
    Speed_Chassis_Control                    0x08009bb9   Thumb Code   236  drive_control.o(.text)
    Speed_Rotate_Control                     0x08009ca5   Thumb Code   152  drive_control.o(.text)
    Angle_Rotate_Control                     0x08009d3d   Thumb Code   236  drive_control.o(.text)
    Cmd_3510_ESC                             0x08009e29   Thumb Code    78  motor_chassis.o(.text)
    Get_3510_data                            0x08009e77   Thumb Code    76  motor_chassis.o(.text)
    Cmd_6623_ESC                             0x08009ecd   Thumb Code    38  motor_cradle_head_1.o(.text)
    Cmd_2006_ESC                             0x08009ef3   Thumb Code    34  motor_cradle_head_1.o(.text)
    Cmd_YUNTAI_ESC                           0x08009f15   Thumb Code    40  motor_cradle_head_1.o(.text)
    Get_6623_data                            0x08009f3d   Thumb Code   122  motor_cradle_head_1.o(.text)
    Get_2006_data                            0x08009fb7   Thumb Code   156  motor_cradle_head_1.o(.text)
    Get_2006_Offset_angle                    0x0800a053   Thumb Code    28  motor_cradle_head_1.o(.text)
    Get_YUNTAI_Data                          0x0800a06f   Thumb Code   110  motor_cradle_head_1.o(.text)
    vListInitialise                          0x0800a105   Thumb Code    22  list.o(.text)
    vListInitialiseItem                      0x0800a11b   Thumb Code     6  list.o(.text)
    vListInsertEnd                           0x0800a121   Thumb Code    24  list.o(.text)
    vListInsert                              0x0800a139   Thumb Code    48  list.o(.text)
    uxListRemove                             0x0800a169   Thumb Code    36  list.o(.text)
    pxPortInitialiseStack                    0x0800a1b1   Thumb Code    40  port.o(.text)
    vPortSetupTimerInterrupt                 0x0800a1d9   Thumb Code    26  port.o(.text)
    xPortStartScheduler                      0x0800a1f3   Thumb Code   196  port.o(.text)
    vPortEndScheduler                        0x0800a2b7   Thumb Code    24  port.o(.text)
    vPortEnterCritical                       0x0800a2cf   Thumb Code    52  port.o(.text)
    vPortExitCritical                        0x0800a303   Thumb Code    34  port.o(.text)
    SysTick_Handler                          0x0800a325   Thumb Code    40  port.o(.text)
    vPortValidateInterruptPriority           0x0800a34d   Thumb Code    72  port.o(.text)
    xTaskCreate                              0x0800a4ad   Thumb Code    86  tasks.o(.text)
    vTaskDelete                              0x0800a503   Thumb Code   154  tasks.o(.text)
    xTaskIncrementTick                       0x0800a59d   Thumb Code   186  tasks.o(.text)
    xTaskResumeAll                           0x0800a657   Thumb Code   182  tasks.o(.text)
    vTaskSuspendAll                          0x0800a773   Thumb Code    10  tasks.o(.text)
    vTaskDelayUntil                          0x0800a77d   Thumb Code   180  tasks.o(.text)
    vTaskDelay                               0x0800a831   Thumb Code    66  tasks.o(.text)
    eTaskGetState                            0x0800a873   Thumb Code    94  tasks.o(.text)
    uxTaskPriorityGet                        0x0800a8d1   Thumb Code    24  tasks.o(.text)
    uxTaskPriorityGetFromISR                 0x0800a8e9   Thumb Code    40  tasks.o(.text)
    vTaskPrioritySet                         0x0800a911   Thumb Code   184  tasks.o(.text)
    vTaskSwitchContext                       0x0800a9c9   Thumb Code    84  tasks.o(.text)
    vTaskSuspend                             0x0800aa1d   Thumb Code   156  tasks.o(.text)
    vTaskResume                              0x0800aae9   Thumb Code   116  tasks.o(.text)
    xTaskResumeFromISR                       0x0800ab5d   Thumb Code   126  tasks.o(.text)
    vTaskStartScheduler                      0x0800abf9   Thumb Code   130  tasks.o(.text)
    vTaskEndScheduler                        0x0800ac7b   Thumb Code    24  tasks.o(.text)
    xTaskGetTickCount                        0x0800ac93   Thumb Code     6  tasks.o(.text)
    xTaskGetTickCountFromISR                 0x0800ac99   Thumb Code    12  tasks.o(.text)
    uxTaskGetNumberOfTasks                   0x0800aca5   Thumb Code     6  tasks.o(.text)
    pcTaskGetName                            0x0800acab   Thumb Code    38  tasks.o(.text)
    vTaskGetInfo                             0x0800acd1   Thumb Code   126  tasks.o(.text)
    uxTaskGetSystemState                     0x0800ada3   Thumb Code   156  tasks.o(.text)
    vTaskPlaceOnEventList                    0x0800ae3f   Thumb Code    46  tasks.o(.text)
    vTaskPlaceOnUnorderedEventList           0x0800ae6d   Thumb Code    78  tasks.o(.text)
    vTaskPlaceOnEventListRestricted          0x0800aebb   Thumb Code    54  tasks.o(.text)
    xTaskRemoveFromEventList                 0x0800aef1   Thumb Code   106  tasks.o(.text)
    xTaskRemoveFromUnorderedEventList        0x0800af5b   Thumb Code   116  tasks.o(.text)
    vTaskSetTimeOutState                     0x0800afcf   Thumb Code    34  tasks.o(.text)
    xTaskCheckForTimeOut                     0x0800aff1   Thumb Code   114  tasks.o(.text)
    vTaskMissedYield                         0x0800b063   Thumb Code     8  tasks.o(.text)
    uxTaskGetTaskNumber                      0x0800b06b   Thumb Code     8  tasks.o(.text)
    vTaskSetTaskNumber                       0x0800b073   Thumb Code     8  tasks.o(.text)
    xTaskGetCurrentTaskHandle                0x0800b07b   Thumb Code     6  tasks.o(.text)
    xTaskGetSchedulerState                   0x0800b081   Thumb Code    22  tasks.o(.text)
    vTaskPriorityInherit                     0x0800b097   Thumb Code   124  tasks.o(.text)
    xTaskPriorityDisinherit                  0x0800b113   Thumb Code   144  tasks.o(.text)
    vTaskList                                0x0800b1a3   Thumb Code   188  tasks.o(.text)
    uxTaskResetEventItemValue                0x0800b25f   Thumb Code    20  tasks.o(.text)
    pvTaskIncrementMutexHeldCount            0x0800b273   Thumb Code    18  tasks.o(.text)
    ulTaskNotifyTake                         0x0800b285   Thumb Code    96  tasks.o(.text)
    xTaskNotifyWait                          0x0800b2e5   Thumb Code   128  tasks.o(.text)
    xTaskGenericNotify                       0x0800b365   Thumb Code   190  tasks.o(.text)
    xTaskGenericNotifyFromISR                0x0800b423   Thumb Code   256  tasks.o(.text)
    vTaskNotifyGiveFromISR                   0x0800b523   Thumb Code   168  tasks.o(.text)
    xTaskNotifyStateClear                    0x0800b5cb   Thumb Code    44  tasks.o(.text)
    xTimerGenericCommand                     0x0800b76d   Thumb Code    98  timers.o(.text)
    xTimerCreateTimerTask                    0x0800b8f3   Thumb Code    58  timers.o(.text)
    xTimerCreate                             0x0800b92d   Thumb Code    72  timers.o(.text)
    xTimerGetTimerDaemonTaskHandle           0x0800b975   Thumb Code    24  timers.o(.text)
    xTimerGetPeriod                          0x0800b98d   Thumb Code    22  timers.o(.text)
    xTimerGetExpiryTime                      0x0800b9a3   Thumb Code    22  timers.o(.text)
    pcTimerGetName                           0x0800b9b9   Thumb Code    22  timers.o(.text)
    xTimerIsTimerActive                      0x0800b9cf   Thumb Code    40  timers.o(.text)
    pvTimerGetTimerID                        0x0800b9f7   Thumb Code    32  timers.o(.text)
    vTimerSetTimerID                         0x0800ba17   Thumb Code    34  timers.o(.text)
    xTimerPendFunctionCallFromISR            0x0800ba39   Thumb Code    34  timers.o(.text)
    xTimerPendFunctionCall                   0x0800ba5b   Thumb Code    60  timers.o(.text)
    xQueueGenericReset                       0x0800bc51   Thumb Code   128  queue.o(.text)
    xQueueGenericCreate                      0x0800bcd1   Thumb Code    82  queue.o(.text)
    xQueueGenericSend                        0x0800be71   Thumb Code   350  queue.o(.text)
    xQueueCreateMutex                        0x0800bfcf   Thumb Code    36  queue.o(.text)
    xQueueGiveMutexRecursive                 0x0800bff3   Thumb Code    98  queue.o(.text)
    xQueueGenericReceive                     0x0800c07b   Thumb Code   356  queue.o(.text)
    xQueueTakeMutexRecursive                 0x0800c1df   Thumb Code    68  queue.o(.text)
    xQueueCreateCountingSemaphore            0x0800c223   Thumb Code    62  queue.o(.text)
    xQueueGenericSendFromISR                 0x0800c261   Thumb Code   200  queue.o(.text)
    xQueueGiveFromISR                        0x0800c329   Thumb Code   172  queue.o(.text)
    xQueueReceiveFromISR                     0x0800c3d5   Thumb Code   150  queue.o(.text)
    xQueuePeekFromISR                        0x0800c46b   Thumb Code   114  queue.o(.text)
    uxQueueMessagesWaiting                   0x0800c4dd   Thumb Code    36  queue.o(.text)
    uxQueueSpacesAvailable                   0x0800c501   Thumb Code    40  queue.o(.text)
    uxQueueMessagesWaitingFromISR            0x0800c529   Thumb Code    26  queue.o(.text)
    vQueueUnregisterQueue                    0x0800c543   Thumb Code    36  queue.o(.text)
    vQueueDelete                             0x0800c567   Thumb Code    38  queue.o(.text)
    uxQueueGetQueueNumber                    0x0800c58d   Thumb Code     4  queue.o(.text)
    vQueueSetQueueNumber                     0x0800c591   Thumb Code     4  queue.o(.text)
    ucQueueGetQueueType                      0x0800c595   Thumb Code     6  queue.o(.text)
    xQueueIsQueueEmptyFromISR                0x0800c59b   Thumb Code    34  queue.o(.text)
    xQueueIsQueueFullFromISR                 0x0800c5bd   Thumb Code    38  queue.o(.text)
    vQueueAddToRegistry                      0x0800c5e3   Thumb Code    32  queue.o(.text)
    pcQueueGetName                           0x0800c603   Thumb Code    34  queue.o(.text)
    vQueueWaitForMessageRestricted           0x0800c625   Thumb Code    68  queue.o(.text)
    xQueueCreateSet                          0x0800c669   Thumb Code     8  queue.o(.text)
    xQueueAddToSet                           0x0800c671   Thumb Code    34  queue.o(.text)
    xQueueRemoveFromSet                      0x0800c693   Thumb Code    34  queue.o(.text)
    xQueueSelectFromSet                      0x0800c6b5   Thumb Code    18  queue.o(.text)
    xQueueSelectFromSetFromISR               0x0800c6c7   Thumb Code    18  queue.o(.text)
    pvPortMalloc                             0x0800c745   Thumb Code   214  heap_4.o(.text)
    vPortFree                                0x0800c81b   Thumb Code    96  heap_4.o(.text)
    xPortGetFreeHeapSize                     0x0800c87b   Thumb Code     8  heap_4.o(.text)
    xPortGetMinimumEverFreeHeapSize          0x0800c883   Thumb Code     8  heap_4.o(.text)
    vPortInitialiseBlocks                    0x0800c88b   Thumb Code     2  heap_4.o(.text)
    inv_init_maxmin                          0x0800c911   Thumb Code    78  fast_no_motion.o(.text)
    inv_fast_nomot_parameter                 0x0800c95f   Thumb Code   332  fast_no_motion.o(.text)
    inv_fast_nomot_parameter_3rd             0x0800caab   Thumb Code   190  fast_no_motion.o(.text)
    inv_fast_nomot_set_gyro_bias             0x0800cb69   Thumb Code   232  fast_no_motion.o(.text)
    inv_set_fast_nomot_compass_threshold     0x0800cc51   Thumb Code     8  fast_no_motion.o(.text)
    int_set_fast_nomot_gyro_threshold        0x0800cc59   Thumb Code     8  fast_no_motion.o(.text)
    inv_set_fast_nomot_accel_threshold       0x0800cc61   Thumb Code     8  fast_no_motion.o(.text)
    inv_get_fast_nomot_compass_param         0x0800cc69   Thumb Code    18  fast_no_motion.o(.text)
    inv_get_fast_nomot_accel_param           0x0800cc7b   Thumb Code    18  fast_no_motion.o(.text)
    inv_fast_nomot_store_data                0x0800cc8d   Thumb Code   140  fast_no_motion.o(.text)
    inv_fast_nomot_store_data_compass        0x0800cd19   Thumb Code    74  fast_no_motion.o(.text)
    inv_fast_nomot_reset_data_compass        0x0800cd63   Thumb Code    36  fast_no_motion.o(.text)
    inv_fast_nomot_get_time_elaps            0x0800cd87   Thumb Code     8  fast_no_motion.o(.text)
    inv_fast_nomot_parameter_compass         0x0800cd8f   Thumb Code    22  fast_no_motion.o(.text)
    inv_get_right_shift_by_rounding          0x0800cda5   Thumb Code    76  fast_no_motion.o(.text)
    inv_reset_min_max_gyro_accel_statistics  0x0800cdf1   Thumb Code    38  fast_no_motion.o(.text)
    inv_record_max_moment_in_no_motion_gyro  0x0800ce17   Thumb Code    32  fast_no_motion.o(.text)
    inv_record_max_moment_in_no_motion_accel 0x0800ce37   Thumb Code    32  fast_no_motion.o(.text)
    inv_record_min_moment_in_motion_gyro     0x0800ce57   Thumb Code    34  fast_no_motion.o(.text)
    inv_record_min_moment_in_motion_accel    0x0800ce79   Thumb Code    34  fast_no_motion.o(.text)
    inv_detect_motion_by_gyro_accel          0x0800ce9b   Thumb Code   214  fast_no_motion.o(.text)
    inv_sensor_data_preprocess               0x0800cf71   Thumb Code   132  fast_no_motion.o(.text)
    inv_generate_fast_nomot                  0x0800cff5   Thumb Code   504  fast_no_motion.o(.text)
    inv_set_default_number_of_samples        0x0800d1ed   Thumb Code    62  fast_no_motion.o(.text)
    inv_init_fast_nomot                      0x0800d22b   Thumb Code    78  fast_no_motion.o(.text)
    inv_start_fast_nomot                     0x0800d279   Thumb Code    56  fast_no_motion.o(.text)
    inv_stop_fast_nomot                      0x0800d2b1   Thumb Code    20  fast_no_motion.o(.text)
    inv_enable_fast_nomot                    0x0800d2c5   Thumb Code    24  fast_no_motion.o(.text)
    inv_disable_fast_nomot                   0x0800d2dd   Thumb Code    18  fast_no_motion.o(.text)
    inv_get_fnm_gyro_no_motion_param         0x0800d2ef   Thumb Code     8  fast_no_motion.o(.text)
    inv_fnm_debug_print                      0x0800d2f7   Thumb Code     2  fast_no_motion.o(.text)
    inv_filter_correction_angle              0x0800d3d5   Thumb Code   374  fusion_9axis.o(.text)
    inv_perform_9x_fusion                    0x0800d54b   Thumb Code   894  fusion_9axis.o(.text)
    inv_process_9x_sensor_fusion_cb          0x0800d8c9   Thumb Code   120  fusion_9axis.o(.text)
    inv_init_9x_fusion                       0x0800d941   Thumb Code    52  fusion_9axis.o(.text)
    inv_9x_fusion_set_mag_fb                 0x0800d975   Thumb Code    10  fusion_9axis.o(.text)
    inv_9x_fusion_enable_jitter_reduction    0x0800d97f   Thumb Code    10  fusion_9axis.o(.text)
    inv_9x_fusion_use_timestamps             0x0800d989   Thumb Code    10  fusion_9axis.o(.text)
    inv_start_9x_sensor_fusion               0x0800d993   Thumb Code    14  fusion_9axis.o(.text)
    inv_stop_9x_sensor_fusion                0x0800d9a1   Thumb Code     8  fusion_9axis.o(.text)
    inv_enable_9x_sensor_fusion              0x0800d9a9   Thumb Code    30  fusion_9axis.o(.text)
    inv_disable_9x_sensor_fusion             0x0800d9c7   Thumb Code     8  fusion_9axis.o(.text)
    inv_init_gyro_ts                         0x0800dd59   Thumb Code    46  gyro_tc.o(.text)
    inv_set_gtc_max_temp                     0x0800dd87   Thumb Code    10  gyro_tc.o(.text)
    inv_set_gtc_min_temp                     0x0800dd91   Thumb Code    10  gyro_tc.o(.text)
    inv_set_gtc_min_diff                     0x0800dd9b   Thumb Code    10  gyro_tc.o(.text)
    inv_get_gyro_ts                          0x0800dda5   Thumb Code    44  gyro_tc.o(.text)
    inv_set_gyro_ts                          0x0800ddd1   Thumb Code     4  gyro_tc.o(.text)
    inv_set_gtc_order                        0x0800ddd5   Thumb Code    16  gyro_tc.o(.text)
    inv_print_gtc_data                       0x0800dde5   Thumb Code    62  gyro_tc.o(.text)
    inv_start_gyro_tc                        0x0800de23   Thumb Code    10  gyro_tc.o(.text)
    inv_stop_gyro_tc                         0x0800de2d   Thumb Code     6  gyro_tc.o(.text)
    inv_enable_gyro_tc                       0x0800de33   Thumb Code    48  gyro_tc.o(.text)
    inv_disable_gyro_tc                      0x0800de63   Thumb Code    40  gyro_tc.o(.text)
    inv_set_magnetic_disturbance             0x0800de9d   Thumb Code    16  mag_disturb.o(.text)
    inv_init_magnetic_disturbance            0x0800dead   Thumb Code    68  mag_disturb.o(.text)
    MagDisturbSetDisturbance                 0x0800def1   Thumb Code   108  mag_disturb.o(.text)
    MagDisturbCheckSettling                  0x0800df5d   Thumb Code    68  mag_disturb.o(.text)
    ComputeAngleVelocity                     0x0800dfa1   Thumb Code    94  mag_disturb.o(.text)
    inv_disable_dip_tracking                 0x0800dfff   Thumb Code    10  mag_disturb.o(.text)
    Mag3ofNormalizedLong                     0x0800e009   Thumb Code    60  mag_disturb.o(.text)
    inv_track_dip_angle                      0x0800e045   Thumb Code   126  mag_disturb.o(.text)
    inv_check_magnetic_disturbance           0x0800e0c3   Thumb Code   758  mag_disturb.o(.text)
    inv_magnetic_disturbance_process         0x0800e3b9   Thumb Code    50  mag_disturb.o(.text)
    inv_start_magnetic_disturbance           0x0800e3eb   Thumb Code    14  mag_disturb.o(.text)
    inv_stop_magnetic_disturbance            0x0800e3f9   Thumb Code     8  mag_disturb.o(.text)
    inv_enable_magnetic_disturbance          0x0800e401   Thumb Code    40  mag_disturb.o(.text)
    inv_disable_magnetic_disturbance         0x0800e429   Thumb Code    22  mag_disturb.o(.text)
    inv_enable_dip_tracking                  0x0800e43f   Thumb Code    14  mag_disturb.o(.text)
    inv_get_magnetic_disturbance_state       0x0800e44d   Thumb Code     8  mag_disturb.o(.text)
    inv_generate_gyro_quaternion             0x0800e815   Thumb Code   348  quaternion_supervisor.o(.text)
    inv_set_quaternion                       0x0800eb27   Thumb Code    36  quaternion_supervisor.o(.text)
    inv_generate_accel_gyro_quaternion       0x0800eb4b   Thumb Code   468  quaternion_supervisor.o(.text)
    inv_stop_quaternion                      0x0800ed63   Thumb Code     6  quaternion_supervisor.o(.text)
    inv_init_quaternion                      0x0800ed69   Thumb Code    34  quaternion_supervisor.o(.text)
    inv_start_quaternion                     0x0800ed8b   Thumb Code    34  quaternion_supervisor.o(.text)
    inv_enable_quaternion                    0x0800edad   Thumb Code    24  quaternion_supervisor.o(.text)
    inv_disable_quaternion                   0x0800edc5   Thumb Code    20  quaternion_supervisor.o(.text)
    __aeabi_ldivmod                          0x0800edf1   Thumb Code    98  ldiv.o(.text)
    __aeabi_llsl                             0x0800ee53   Thumb Code    30  llshl.o(.text)
    _ll_shift_l                              0x0800ee53   Thumb Code     0  llshl.o(.text)
    __aeabi_lasr                             0x0800ee71   Thumb Code    36  llsshr.o(.text)
    _ll_sshift_r                             0x0800ee71   Thumb Code     0  llsshr.o(.text)
    ___aeabi_memcpy4$move                    0x0800ee95   Thumb Code     0  memmovea.o(.text)
    ___aeabi_memcpy8$move                    0x0800ee95   Thumb Code     0  memmovea.o(.text)
    __aeabi_memcpy                           0x0800ee95   Thumb Code    64  memmovea.o(.text)
    __aeabi_memmove                          0x0800ee95   Thumb Code     0  memmovea.o(.text)
    __aeabi_memmove4                         0x0800ee95   Thumb Code     0  memmovea.o(.text)
    __aeabi_memmove8                         0x0800ee95   Thumb Code     0  memmovea.o(.text)
    __aeabi_memset                           0x0800eed5   Thumb Code    14  memseta.o(.text)
    __aeabi_memset4                          0x0800eed5   Thumb Code     0  memseta.o(.text)
    __aeabi_memset8                          0x0800eed5   Thumb Code     0  memseta.o(.text)
    __aeabi_memclr                           0x0800eee3   Thumb Code     4  memseta.o(.text)
    __aeabi_memclr4                          0x0800eee3   Thumb Code     0  memseta.o(.text)
    __aeabi_memclr8                          0x0800eee3   Thumb Code     0  memseta.o(.text)
    _memset$wrapper                          0x0800eee7   Thumb Code    18  memseta.o(.text)
    strlen                                   0x0800eef9   Thumb Code    14  strlen.o(.text)
    memcmp                                   0x0800ef07   Thumb Code    26  memcmp.o(.text)
    strcpy                                   0x0800ef21   Thumb Code    18  strcpy.o(.text)
    __aeabi_dadd                             0x0800ef33   Thumb Code   322  dadd.o(.text)
    __aeabi_dsub                             0x0800f075   Thumb Code     6  dadd.o(.text)
    __aeabi_drsub                            0x0800f07b   Thumb Code     6  dadd.o(.text)
    __aeabi_dmul                             0x0800f081   Thumb Code   228  dmul.o(.text)
    __aeabi_ddiv                             0x0800f165   Thumb Code   222  ddiv.o(.text)
    __aeabi_l2f                              0x0800f243   Thumb Code    44  ffltl.o(.text)
    __aeabi_ul2f                             0x0800f26f   Thumb Code    28  ffltul.o(.text)
    __aeabi_i2d                              0x0800f28b   Thumb Code    34  dflti.o(.text)
    __aeabi_ul2d                             0x0800f2ad   Thumb Code    24  dfltul.o(.text)
    __aeabi_f2lz                             0x0800f2c5   Thumb Code    66  ffixl.o(.text)
    __aeabi_d2iz                             0x0800f307   Thumb Code    62  dfixi.o(.text)
    __aeabi_f2d                              0x0800f345   Thumb Code    38  f2d.o(.text)
    __aeabi_cdcmpeq                          0x0800f36d   Thumb Code     0  cdcmple.o(.text)
    __aeabi_cdcmple                          0x0800f36d   Thumb Code    48  cdcmple.o(.text)
    __aeabi_cdrcmple                         0x0800f39d   Thumb Code    48  cdrcmple.o(.text)
    __aeabi_d2f                              0x0800f3cd   Thumb Code    56  d2f.o(.text)
    __aeabi_uidiv                            0x0800f405   Thumb Code     0  uidiv.o(.text)
    __aeabi_uidivmod                         0x0800f405   Thumb Code    44  uidiv.o(.text)
    __aeabi_uldivmod                         0x0800f431   Thumb Code    98  uldiv.o(.text)
    __aeabi_llsr                             0x0800f493   Thumb Code    32  llushr.o(.text)
    _ll_ushift_r                             0x0800f493   Thumb Code     0  llushr.o(.text)
    __I$use$fp                               0x0800f4b3   Thumb Code     0  iusefp.o(.text)
    _float_round                             0x0800f4b3   Thumb Code    18  fepilogue.o(.text)
    _float_epilogue                          0x0800f4c5   Thumb Code    92  fepilogue.o(.text)
    _double_round                            0x0800f521   Thumb Code    30  depilogue.o(.text)
    _double_epilogue                         0x0800f53f   Thumb Code   156  depilogue.o(.text)
    _dsqrt                                   0x0800f5db   Thumb Code   162  dsqrt.o(.text)
    __aeabi_d2ulz                            0x0800f67d   Thumb Code    48  dfixul.o(.text)
    __scatterload                            0x0800f6ad   Thumb Code    28  init.o(.text)
    __scatterload_rt2                        0x0800f6ad   Thumb Code     0  init.o(.text)
    __decompress                             0x0800f6d1   Thumb Code     0  __dczerorl2.o(.text)
    __decompress1                            0x0800f6d1   Thumb Code    86  __dczerorl2.o(.text)
    __0printf                                0x0800f729   Thumb Code    22  printfa.o(i.__0printf)
    __1printf                                0x0800f729   Thumb Code     0  printfa.o(i.__0printf)
    __2printf                                0x0800f729   Thumb Code     0  printfa.o(i.__0printf)
    __c89printf                              0x0800f729   Thumb Code     0  printfa.o(i.__0printf)
    printf                                   0x0800f729   Thumb Code     0  printfa.o(i.__0printf)
    __0sprintf                               0x0800f749   Thumb Code    34  printfa.o(i.__0sprintf)
    __1sprintf                               0x0800f749   Thumb Code     0  printfa.o(i.__0sprintf)
    __2sprintf                               0x0800f749   Thumb Code     0  printfa.o(i.__0sprintf)
    __c89sprintf                             0x0800f749   Thumb Code     0  printfa.o(i.__0sprintf)
    sprintf                                  0x0800f749   Thumb Code     0  printfa.o(i.__0sprintf)
    __0vsprintf                              0x0800f771   Thumb Code    30  printfa.o(i.__0vsprintf)
    __1vsprintf                              0x0800f771   Thumb Code     0  printfa.o(i.__0vsprintf)
    __2vsprintf                              0x0800f771   Thumb Code     0  printfa.o(i.__0vsprintf)
    __c89vsprintf                            0x0800f771   Thumb Code     0  printfa.o(i.__0vsprintf)
    vsprintf                                 0x0800f771   Thumb Code     0  printfa.o(i.__0vsprintf)
    __ARM_fpclassify                         0x0800f795   Thumb Code    48  fpclassify.o(i.__ARM_fpclassify)
    __ARM_fpclassifyf                        0x0800f7c5   Thumb Code    38  fpclassifyf.o(i.__ARM_fpclassifyf)
    __hardfp_acos                            0x0800f7f1   Thumb Code   738  acos.o(i.__hardfp_acos)
    __hardfp_acosf                           0x0800fb49   Thumb Code   234  acosf.o(i.__hardfp_acosf)
    __hardfp_asin                            0x0800fc61   Thumb Code   770  asin.o(i.__hardfp_asin)
    __hardfp_atan                            0x0800ffc1   Thumb Code   622  atan.o(i.__hardfp_atan)
    __hardfp_atan2                           0x08010299   Thumb Code   432  atan2.o(i.__hardfp_atan2)
    __hardfp_atan2f                          0x08010489   Thumb Code   502  atan2f.o(i.__hardfp_atan2f)
    __hardfp_cosf                            0x080106d9   Thumb Code   280  cosf.o(i.__hardfp_cosf)
    __hardfp_fabs                            0x08010829   Thumb Code    20  fabs.o(i.__hardfp_fabs)
    __hardfp_sinf                            0x0801083d   Thumb Code   344  sinf.o(i.__hardfp_sinf)
    __hardfp_sqrt                            0x080109cd   Thumb Code   122  sqrt.o(i.__hardfp_sqrt)
    __hardfp_sqrtf                           0x08010a47   Thumb Code    58  sqrtf.o(i.__hardfp_sqrtf)
    __kernel_poly                            0x08010a81   Thumb Code   248  poly.o(i.__kernel_poly)
    __mathlib_dbl_infnan                     0x08010b79   Thumb Code    20  dunder.o(i.__mathlib_dbl_infnan)
    __mathlib_dbl_infnan2                    0x08010b8d   Thumb Code    20  dunder.o(i.__mathlib_dbl_infnan2)
    __mathlib_dbl_invalid                    0x08010ba1   Thumb Code    24  dunder.o(i.__mathlib_dbl_invalid)
    __mathlib_dbl_underflow                  0x08010bc1   Thumb Code    24  dunder.o(i.__mathlib_dbl_underflow)
    __mathlib_flt_infnan                     0x08010be1   Thumb Code     6  funder.o(i.__mathlib_flt_infnan)
    __mathlib_flt_infnan2                    0x08010be7   Thumb Code     6  funder.o(i.__mathlib_flt_infnan2)
    __mathlib_flt_invalid                    0x08010bed   Thumb Code    10  funder.o(i.__mathlib_flt_invalid)
    __mathlib_flt_underflow                  0x08010bfd   Thumb Code    10  funder.o(i.__mathlib_flt_underflow)
    __mathlib_rredf2                         0x08010c0d   Thumb Code   316  rredf.o(i.__mathlib_rredf2)
    __scatterload_copy                       0x08010d61   Thumb Code    14  handlers.o(i.__scatterload_copy)
    __scatterload_null                       0x08010d6f   Thumb Code     2  handlers.o(i.__scatterload_null)
    __scatterload_zeroinit                   0x08010d71   Thumb Code    14  handlers.o(i.__scatterload_zeroinit)
    __set_errno                              0x08010d81   Thumb Code     6  errno.o(i.__set_errno)
    atan                                     0x08011649   Thumb Code    16  atan.o(i.atan)
    fabs                                     0x08011659   Thumb Code    24  fabs.o(i.fabs)
    sqrt                                     0x08011671   Thumb Code   110  sqrt.o(i.sqrt)
    sqrtf                                    0x080116df   Thumb Code    62  sqrtf.o(i.sqrtf)
    ml_ver                                   0x0801171c   Data          20  mpl.o(.constdata)
    sin_lookup                               0x0801174c   Data        1024  ml_math_func.o(.constdata)
    reg                                      0x08011b4c   Data          30  inv_mpu.o(.constdata)
    hw                                       0x08011b6a   Data          12  inv_mpu.o(.constdata)
    test                                     0x08011b78   Data          48  inv_mpu.o(.constdata)
    __mathlib_zero                           0x08012ad8   Data           8  qnan.o(.constdata)
    Region$$Table$$Base                      0x08012b50   Number         0  anon$$obj.o(Region$$Table)
    Region$$Table$$Limit                     0x08012b70   Number         0  anon$$obj.o(Region$$Table)
    mpl_key                                  0x20000004   Data           4  inv_mpu.o(.data)
    YUNTAI_DATA1                             0x20000040   Data           4  stm32f4xx_it.o(.data)
    robot_status                             0x20000044   Data           7  robotstatus.o(.data)
    SystemCoreClock                          0x2000004c   Data           4  system_stm32f4xx.o(.data)
    AHBPrescTable                            0x20000050   Data          16  system_stm32f4xx.o(.data)
    xHandleTaskLED                           0x20000060   Data           4  task_config.o(.data)
    xHandleTaskStart                         0x20000064   Data           4  task_config.o(.data)
    xHandleTaskCANParse                      0x20000068   Data           4  task_config.o(.data)
    xHandleTaskControl                       0x2000006c   Data           4  task_config.o(.data)
    xHandleTaskUSARTParse                    0x20000070   Data           4  task_config.o(.data)
    xHandleTaskRCParse                       0x20000074   Data           4  task_config.o(.data)
    xHandleTaskIMUData                       0x20000078   Data           4  task_config.o(.data)
    g_2006_angle_reset                       0x2000007c   Data           1  task_control.o(.data)
    g_2006_angle_flag                        0x2000007d   Data           1  task_control.o(.data)
    g_pit_target                             0x20000090   Data           4  drive_rc.o(.data)
    g_yaw_target                             0x20000094   Data           4  drive_rc.o(.data)
    YUNTAI_DATA                              0x200000f4   Data           4  motor_cradle_head_1.o(.data)
    pxCurrentTCB                             0x20000104   Data           4  tasks.o(.data)
    __stdout                                 0x2000016c   Data           4  stdout.o(.data)
    g_DMA_Dbus_Buff                          0x20000174   Data          18  bsp_dma.o(.bss)
    g_DMA_Judge_Send_Buff                    0x20000186   Data         255  bsp_dma.o(.bss)
    g_DMA_Judge_Reve_Buff                    0x20000285   Data         255  bsp_dma.o(.bss)
    s_rx_message                             0x20000908   Data          20  stm32f4xx_it.o(.bss)
    g_rc_control                             0x2000091c   Data          28  drive_rc.o(.bss)
    g_imu_data                               0x20000948   Data          28  drive_imu.o(.bss)
    g_infc                                   0x20000964   Data         704  drive_control.o(.bss)
    g_speed_target                           0x20000c24   Data          32  drive_control.o(.bss)
    g_angle_target                           0x20000c44   Data          32  drive_control.o(.bss)
    g_data_3510                              0x20000ca4   Data          16  motor_chassis.o(.bss)
    g_data_6623                              0x20000cc8   Data          24  motor_cradle_head_1.o(.bss)
    g_data_2006                              0x20000ce0   Data          24  motor_cradle_head_1.o(.bss)
    xQueueRegistry                           0x20001004   Data          64  queue.o(.bss)
    fnm                                      0x20006048   Data         608  fast_no_motion.o(.bss)
    s9axis                                   0x200062e8   Data         312  fusion_9axis.o(.bss)
    mag_disturb                              0x200065e4   Data         184  mag_disturb.o(.bss)
    __initial_sp                             0x20006b08   Data           0  startup_stm32f427xx.o(STACK)



==============================================================================

Memory Map of the image

  Image Entry point : 0x080001ad

  Load Region LR_IROM1 (Base: 0x08000000, Size: 0x00012ce4, Max: 0x00200000, ABSOLUTE, COMPRESSED[0x00012ba8])

    Execution Region ER_IROM1 (Exec base: 0x08000000, Load base: 0x08000000, Size: 0x00012b70, Max: 0x00200000, ABSOLUTE)

    Exec Addr    Load Addr    Size         Type   Attr      Idx    E Section Name        Object

    0x08000000   0x08000000   0x000001ac   Data   RO          858    RESET               startup_stm32f427xx.o
    0x080001ac   0x080001ac   0x00000000   Code   RO         2037  * .ARM.Collect$$$$00000000  mc_w.l(entry.o)
    0x080001ac   0x080001ac   0x00000004   Code   RO         2401    .ARM.Collect$$$$00000001  mc_w.l(entry2.o)
    0x080001b0   0x080001b0   0x00000004   Code   RO         2404    .ARM.Collect$$$$00000004  mc_w.l(entry5.o)
    0x080001b4   0x080001b4   0x00000000   Code   RO         2406    .ARM.Collect$$$$00000008  mc_w.l(entry7b.o)
    0x080001b4   0x080001b4   0x00000000   Code   RO         2408    .ARM.Collect$$$$0000000A  mc_w.l(entry8b.o)
    0x080001b4   0x080001b4   0x00000008   Code   RO         2409    .ARM.Collect$$$$0000000B  mc_w.l(entry9a.o)
    0x080001bc   0x080001bc   0x00000000   Code   RO         2411    .ARM.Collect$$$$0000000D  mc_w.l(entry10a.o)
    0x080001bc   0x080001bc   0x00000000   Code   RO         2413    .ARM.Collect$$$$0000000F  mc_w.l(entry11a.o)
    0x080001bc   0x080001bc   0x00000004   Code   RO         2402    .ARM.Collect$$$$00002712  mc_w.l(entry2.o)
    0x080001c0   0x080001c0   0x000000b6   Code   RO         1501    .emb_text           port.o
    0x08000276   0x08000276   0x00000002   PAD
    0x08000278   0x08000278   0x00000110   Code   RO            3    .text               bsp_can.o
    0x08000388   0x08000388   0x000000f8   Code   RO          139    .text               bsp_time.o
    0x08000480   0x08000480   0x00000288   Code   RO          162    .text               bsp_gpio.o
    0x08000708   0x08000708   0x000000a8   Code   RO          188    .text               bsp_usart.o
    0x080007b0   0x080007b0   0x00000120   Code   RO          211    .text               bsp_dma.o
    0x080008d0   0x080008d0   0x00000100   Code   RO          237    .text               bsp_nvic.o
    0x080009d0   0x080009d0   0x00000024   Code   RO          260    .text               bsp_delay.o
    0x080009f4   0x080009f4   0x000000d4   Code   RO          281    .text               mpl.o
    0x08000ac8   0x08000ac8   0x000002cc   Code   RO          356    .text               log_stm32.o
    0x08000d94   0x08000d94   0x00000a48   Code   RO          416    .text               data_builder.o
    0x080017dc   0x080017dc   0x000003a8   Code   RO          438    .text               empl_outputs.o
    0x08001b84   0x08001b84   0x00000024   Code   RO          455    .text               message_layer.o
    0x08001ba8   0x08001ba8   0x00000d28   Code   RO          469    .text               ml_math_func.o
    0x080028d0   0x080028d0   0x000003a8   Code   RO          488    .text               results_holder.o
    0x08002c78   0x08002c78   0x00002a10   Code   RO          505    .text               inv_mpu.o
    0x08005688   0x08005688   0x00000094   Code   RO          621    .text               start_manager.o
    0x0800571c   0x0800571c   0x000001a0   Code   RO          635    .text               storage_manager.o
    0x080058bc   0x080058bc   0x00000a84   Code   RO          651    .text               inv_mpu_dmp_motion_driver.o
    0x08006340   0x08006340   0x00000038   Code   RO          685    .text               main.o
    0x08006378   0x08006378   0x0000004c   Code   RO          755    .text               sysconfig.o
    0x080063c4   0x080063c4   0x000002f8   Code   RO          775    .text               stm32f4xx_it.o
    0x080066bc   0x080066bc   0x00000018   Code   RO          806    .text               robotstatus.o
    0x080066d4   0x080066d4   0x0000019c   Code   RO          832    .text               system_stm32f4xx.o
    0x08006870   0x08006870   0x00000024   Code   RO          859    .text               startup_stm32f427xx.o
    0x08006894   0x08006894   0x00000154   Code   RO          865    .text               math_pid.o
    0x080069e8   0x080069e8   0x00000094   Code   RO          889    .text               math_tool.o
    0x08006a7c   0x08006a7c   0x0000014c   Code   RO          913    .text               task_config.o
    0x08006bc8   0x08006bc8   0x0000014c   Code   RO          958    .text               task_control.o
    0x08006d14   0x08006d14   0x00000048   Code   RO         1001    .text               task_can_parse.o
    0x08006d5c   0x08006d5c   0x0000000c   Code   RO         1021    .text               task_usart_parse.o
    0x08006d68   0x08006d68   0x000000a4   Code   RO         1041    .text               task_rc_parse.o
    0x08006e0c   0x08006e0c   0x0000002c   Code   RO         1061    .text               task_imudata.o
    0x08006e38   0x08006e38   0x000000b0   Code   RO         1081    .text               misc.o
    0x08006ee8   0x08006ee8   0x00000708   Code   RO         1101    .text               stm32f4xx_can.o
    0x080075f0   0x080075f0   0x00000488   Code   RO         1121    .text               stm32f4xx_rcc.o
    0x08007a78   0x08007a78   0x000009dc   Code   RO         1143    .text               stm32f4xx_tim.o
    0x08008454   0x08008454   0x00000320   Code   RO         1164    .text               stm32f4xx_dma.o
    0x08008774   0x08008774   0x000000e0   Code   RO         1184    .text               stm32f4xx_exti.o
    0x08008854   0x08008854   0x0000020c   Code   RO         1204    .text               stm32f4xx_gpio.o
    0x08008a60   0x08008a60   0x00000358   Code   RO         1224    .text               stm32f4xx_usart.o
    0x08008db8   0x08008db8   0x0000007c   Code   RO         1244    .text               stm32f4xx_syscfg.o
    0x08008e34   0x08008e34   0x0000017c   Code   RO         1264    .text               drive_rc.o
    0x08008fb0   0x08008fb0   0x00000454   Code   RO         1291    .text               drive_imu.o
    0x08009404   0x08009404   0x0000006c   Code   RO         1318    .text               drive_delay.o
    0x08009470   0x08009470   0x000009b8   Code   RO         1339    .text               drive_control.o
    0x08009e28   0x08009e28   0x000000a4   Code   RO         1436    .text               motor_chassis.o
    0x08009ecc   0x08009ecc   0x00000238   Code   RO         1463    .text               motor_cradle_head_1.o
    0x0800a104   0x0800a104   0x00000088   Code   RO         1489    .text               list.o
    0x0800a18c   0x0800a18c   0x00000260   Code   RO         1502    .text               port.o
    0x0800a3ec   0x0800a3ec   0x0000134c   Code   RO         1532    .text               tasks.o
    0x0800b738   0x0800b738   0x00000518   Code   RO         1567    .text               timers.o
    0x0800bc50   0x0800bc50   0x00000aac   Code   RO         1585    .text               queue.o
    0x0800c6fc   0x0800c6fc   0x00000214   Code   RO         1613    .text               heap_4.o
    0x0800c910   0x0800c910   0x00000a18   Code   RO         1652    .text               libmpllib.lib(fast_no_motion.o)
    0x0800d328   0x0800d328   0x000006b0   Code   RO         1743    .text               libmpllib.lib(fusion_9axis.o)
    0x0800d9d8   0x0800d9d8   0x000004c4   Code   RO         1768    .text               libmpllib.lib(gyro_tc.o)
    0x0800de9c   0x0800de9c   0x000005c0   Code   RO         1789    .text               libmpllib.lib(mag_disturb.o)
    0x0800e45c   0x0800e45c   0x00000994   Code   RO         1811    .text               libmpllib.lib(quaternion_supervisor.o)
    0x0800edf0   0x0800edf0   0x00000062   Code   RO         2040    .text               mc_w.l(ldiv.o)
    0x0800ee52   0x0800ee52   0x0000001e   Code   RO         2042    .text               mc_w.l(llshl.o)
    0x0800ee70   0x0800ee70   0x00000024   Code   RO         2044    .text               mc_w.l(llsshr.o)
    0x0800ee94   0x0800ee94   0x00000040   Code   RO         2048    .text               mc_w.l(memmovea.o)
    0x0800eed4   0x0800eed4   0x00000024   Code   RO         2050    .text               mc_w.l(memseta.o)
    0x0800eef8   0x0800eef8   0x0000000e   Code   RO         2052    .text               mc_w.l(strlen.o)
    0x0800ef06   0x0800ef06   0x0000001a   Code   RO         2054    .text               mc_w.l(memcmp.o)
    0x0800ef20   0x0800ef20   0x00000012   Code   RO         2056    .text               mc_w.l(strcpy.o)
    0x0800ef32   0x0800ef32   0x0000014e   Code   RO         2323    .text               mf_w.l(dadd.o)
    0x0800f080   0x0800f080   0x000000e4   Code   RO         2325    .text               mf_w.l(dmul.o)
    0x0800f164   0x0800f164   0x000000de   Code   RO         2327    .text               mf_w.l(ddiv.o)
    0x0800f242   0x0800f242   0x0000002c   Code   RO         2329    .text               mf_w.l(ffltl.o)
    0x0800f26e   0x0800f26e   0x0000001c   Code   RO         2331    .text               mf_w.l(ffltul.o)
    0x0800f28a   0x0800f28a   0x00000022   Code   RO         2333    .text               mf_w.l(dflti.o)
    0x0800f2ac   0x0800f2ac   0x00000018   Code   RO         2335    .text               mf_w.l(dfltul.o)
    0x0800f2c4   0x0800f2c4   0x00000042   Code   RO         2337    .text               mf_w.l(ffixl.o)
    0x0800f306   0x0800f306   0x0000003e   Code   RO         2339    .text               mf_w.l(dfixi.o)
    0x0800f344   0x0800f344   0x00000026   Code   RO         2341    .text               mf_w.l(f2d.o)
    0x0800f36a   0x0800f36a   0x00000002   PAD
    0x0800f36c   0x0800f36c   0x00000030   Code   RO         2343    .text               mf_w.l(cdcmple.o)
    0x0800f39c   0x0800f39c   0x00000030   Code   RO         2345    .text               mf_w.l(cdrcmple.o)
    0x0800f3cc   0x0800f3cc   0x00000038   Code   RO         2347    .text               mf_w.l(d2f.o)
    0x0800f404   0x0800f404   0x0000002c   Code   RO         2416    .text               mc_w.l(uidiv.o)
    0x0800f430   0x0800f430   0x00000062   Code   RO         2418    .text               mc_w.l(uldiv.o)
    0x0800f492   0x0800f492   0x00000020   Code   RO         2420    .text               mc_w.l(llushr.o)
    0x0800f4b2   0x0800f4b2   0x00000000   Code   RO         2429    .text               mc_w.l(iusefp.o)
    0x0800f4b2   0x0800f4b2   0x0000006e   Code   RO         2430    .text               mf_w.l(fepilogue.o)
    0x0800f520   0x0800f520   0x000000ba   Code   RO         2432    .text               mf_w.l(depilogue.o)
    0x0800f5da   0x0800f5da   0x000000a2   Code   RO         2438    .text               mf_w.l(dsqrt.o)
    0x0800f67c   0x0800f67c   0x00000030   Code   RO         2440    .text               mf_w.l(dfixul.o)
    0x0800f6ac   0x0800f6ac   0x00000024   Code   RO         2442    .text               mc_w.l(init.o)
    0x0800f6d0   0x0800f6d0   0x00000056   Code   RO         2454    .text               mc_w.l(__dczerorl2.o)
    0x0800f726   0x0800f726   0x00000002   PAD
    0x0800f728   0x0800f728   0x00000020   Code   RO         2295    i.__0printf         mc_w.l(printfa.o)
    0x0800f748   0x0800f748   0x00000028   Code   RO         2297    i.__0sprintf        mc_w.l(printfa.o)
    0x0800f770   0x0800f770   0x00000024   Code   RO         2301    i.__0vsprintf       mc_w.l(printfa.o)
    0x0800f794   0x0800f794   0x00000030   Code   RO         2366    i.__ARM_fpclassify  m_wm.l(fpclassify.o)
    0x0800f7c4   0x0800f7c4   0x00000026   Code   RO         2368    i.__ARM_fpclassifyf  m_wm.l(fpclassifyf.o)
    0x0800f7ea   0x0800f7ea   0x00000006   PAD
    0x0800f7f0   0x0800f7f0   0x00000358   Code   RO         1829    i.__hardfp_acos     m_wm.l(acos.o)
    0x0800fb48   0x0800fb48   0x00000118   Code   RO         1843    i.__hardfp_acosf    m_wm.l(acosf.o)
    0x0800fc60   0x0800fc60   0x00000360   Code   RO         1855    i.__hardfp_asin     m_wm.l(asin.o)
    0x0800ffc0   0x0800ffc0   0x000002d8   Code   RO         1881    i.__hardfp_atan     m_wm.l(atan.o)
    0x08010298   0x08010298   0x000001f0   Code   RO         1895    i.__hardfp_atan2    m_wm.l(atan2.o)
    0x08010488   0x08010488   0x00000250   Code   RO         1907    i.__hardfp_atan2f   m_wm.l(atan2f.o)
    0x080106d8   0x080106d8   0x00000150   Code   RO         1937    i.__hardfp_cosf     m_wm.l(cosf.o)
    0x08010828   0x08010828   0x00000014   Code   RO         1949    i.__hardfp_fabs     m_wm.l(fabs.o)
    0x0801083c   0x0801083c   0x00000190   Code   RO         2001    i.__hardfp_sinf     m_wm.l(sinf.o)
    0x080109cc   0x080109cc   0x0000007a   Code   RO         2013    i.__hardfp_sqrt     m_wm.l(sqrt.o)
    0x08010a46   0x08010a46   0x0000003a   Code   RO         2025    i.__hardfp_sqrtf    m_wm.l(sqrtf.o)
    0x08010a80   0x08010a80   0x000000f8   Code   RO         2384    i.__kernel_poly     m_wm.l(poly.o)
    0x08010b78   0x08010b78   0x00000014   Code   RO         2353    i.__mathlib_dbl_infnan  m_wm.l(dunder.o)
    0x08010b8c   0x08010b8c   0x00000014   Code   RO         2354    i.__mathlib_dbl_infnan2  m_wm.l(dunder.o)
    0x08010ba0   0x08010ba0   0x00000020   Code   RO         2355    i.__mathlib_dbl_invalid  m_wm.l(dunder.o)
    0x08010bc0   0x08010bc0   0x00000020   Code   RO         2358    i.__mathlib_dbl_underflow  m_wm.l(dunder.o)
    0x08010be0   0x08010be0   0x00000006   Code   RO         2371    i.__mathlib_flt_infnan  m_wm.l(funder.o)
    0x08010be6   0x08010be6   0x00000006   Code   RO         2372    i.__mathlib_flt_infnan2  m_wm.l(funder.o)
    0x08010bec   0x08010bec   0x00000010   Code   RO         2373    i.__mathlib_flt_invalid  m_wm.l(funder.o)
    0x08010bfc   0x08010bfc   0x00000010   Code   RO         2376    i.__mathlib_flt_underflow  m_wm.l(funder.o)
    0x08010c0c   0x08010c0c   0x00000154   Code   RO         2392    i.__mathlib_rredf2  m_wm.l(rredf.o)
    0x08010d60   0x08010d60   0x0000000e   Code   RO         2448    i.__scatterload_copy  mc_w.l(handlers.o)
    0x08010d6e   0x08010d6e   0x00000002   Code   RO         2449    i.__scatterload_null  mc_w.l(handlers.o)
    0x08010d70   0x08010d70   0x0000000e   Code   RO         2450    i.__scatterload_zeroinit  mc_w.l(handlers.o)
    0x08010d7e   0x08010d7e   0x00000002   PAD
    0x08010d80   0x08010d80   0x0000000c   Code   RO         2424    i.__set_errno       mc_w.l(errno.o)
    0x08010d8c   0x08010d8c   0x00000184   Code   RO         2302    i._fp_digits        mc_w.l(printfa.o)
    0x08010f10   0x08010f10   0x000006dc   Code   RO         2303    i._printf_core      mc_w.l(printfa.o)
    0x080115ec   0x080115ec   0x00000024   Code   RO         2304    i._printf_post_padding  mc_w.l(printfa.o)
    0x08011610   0x08011610   0x0000002e   Code   RO         2305    i._printf_pre_padding  mc_w.l(printfa.o)
    0x0801163e   0x0801163e   0x0000000a   Code   RO         2307    i._sputc            mc_w.l(printfa.o)
    0x08011648   0x08011648   0x00000010   Code   RO         1883    i.atan              m_wm.l(atan.o)
    0x08011658   0x08011658   0x00000018   Code   RO         1951    i.fabs              m_wm.l(fabs.o)
    0x08011670   0x08011670   0x0000006e   Code   RO         2015    i.sqrt              m_wm.l(sqrt.o)
    0x080116de   0x080116de   0x0000003e   Code   RO         2027    i.sqrtf             m_wm.l(sqrtf.o)
    0x0801171c   0x0801171c   0x0000002f   Data   RO          282    .constdata          mpl.o
    0x0801174b   0x0801174b   0x00000001   PAD
    0x0801174c   0x0801174c   0x00000400   Data   RO          470    .constdata          ml_math_func.o
    0x08011b4c   0x08011b4c   0x0000001e   Data   RO          506    .constdata          inv_mpu.o
    0x08011b6a   0x08011b6a   0x0000000c   Data   RO          507    .constdata          inv_mpu.o
    0x08011b76   0x08011b76   0x00000002   PAD
    0x08011b78   0x08011b78   0x00000030   Data   RO          508    .constdata          inv_mpu.o
    0x08011ba8   0x08011ba8   0x00000200   Data   RO          509    .constdata          inv_mpu.o
    0x08011da8   0x08011da8   0x00000bf6   Data   RO          653    .constdata          inv_mpu_dmp_motion_driver.o
    0x0801299e   0x0801299e   0x00000002   PAD
    0x080129a0   0x080129a0   0x00000050   Data   RO         1832    .constdata          m_wm.l(acos.o)
    0x080129f0   0x080129f0   0x00000050   Data   RO         1858    .constdata          m_wm.l(asin.o)
    0x08012a40   0x08012a40   0x00000098   Data   RO         1884    .constdata          m_wm.l(atan.o)
    0x08012ad8   0x08012ad8   0x00000008   Data   RO         2386    .constdata          m_wm.l(qnan.o)
    0x08012ae0   0x08012ae0   0x00000020   Data   RO         2393    .constdata          m_wm.l(rredf.o)
    0x08012b00   0x08012b00   0x00000044   Data   RO          418    .conststring        data_builder.o
    0x08012b44   0x08012b44   0x00000009   Data   RO          510    .conststring        inv_mpu.o
    0x08012b4d   0x08012b4d   0x00000003   PAD
    0x08012b50   0x08012b50   0x00000020   Data   RO         2446    Region$$Table       anon$$obj.o


    Execution Region RW_IRAM1 (Exec base: 0x20000000, Load base: 0x08012b70, Size: 0x00006b08, Max: 0x00030000, ABSOLUTE, COMPRESSED[0x00000038])

    Exec Addr    Load Addr    Size         Type   Attr      Idx    E Section Name        Object

    0x20000000   COMPRESSED   0x00000004   Data   RW          456    .data               message_layer.o
    0x20000004   COMPRESSED   0x00000004   Data   RW          511    .data               inv_mpu.o
    0x20000008   COMPRESSED   0x00000035   Data   RW          512    .data               inv_mpu.o
    0x2000003d   COMPRESSED   0x00000003   PAD
    0x20000040   COMPRESSED   0x00000004   Data   RW          777    .data               stm32f4xx_it.o
    0x20000044   COMPRESSED   0x00000007   Data   RW          807    .data               robotstatus.o
    0x2000004b   COMPRESSED   0x00000001   PAD
    0x2000004c   COMPRESSED   0x00000014   Data   RW          833    .data               system_stm32f4xx.o
    0x20000060   COMPRESSED   0x0000001c   Data   RW          914    .data               task_config.o
    0x2000007c   COMPRESSED   0x00000002   Data   RW          959    .data               task_control.o
    0x2000007e   COMPRESSED   0x00000010   Data   RW         1122    .data               stm32f4xx_rcc.o
    0x2000008e   COMPRESSED   0x00000002   PAD
    0x20000090   COMPRESSED   0x00000018   Data   RW         1266    .data               drive_rc.o
    0x200000a8   COMPRESSED   0x00000006   Data   RW         1293    .data               drive_imu.o
    0x200000ae   COMPRESSED   0x00000002   PAD
    0x200000b0   COMPRESSED   0x00000040   Data   RW         1341    .data               drive_control.o
    0x200000f0   COMPRESSED   0x00000008   Data   RW         1466    .data               motor_cradle_head_1.o
    0x200000f8   COMPRESSED   0x0000000c   Data   RW         1503    .data               port.o
    0x20000104   COMPRESSED   0x0000003c   Data   RW         1534    .data               tasks.o
    0x20000140   COMPRESSED   0x00000014   Data   RW         1569    .data               timers.o
    0x20000154   COMPRESSED   0x00000018   Data   RW         1615    .data               heap_4.o
    0x2000016c   COMPRESSED   0x00000004   Data   RW         2415    .data               mc_w.l(stdout.o)
    0x20000170   COMPRESSED   0x00000004   Data   RW         2425    .data               mc_w.l(errno.o)
    0x20000174        -       0x00000210   Zero   RW          212    .bss                bsp_dma.o
    0x20000384        -       0x000002d8   Zero   RW          417    .bss                data_builder.o
    0x2000065c        -       0x00000028   Zero   RW          439    .bss                empl_outputs.o
    0x20000684        -       0x00000088   Zero   RW          489    .bss                results_holder.o
    0x2000070c        -       0x00000054   Zero   RW          622    .bss                start_manager.o
    0x20000760        -       0x00000198   Zero   RW          636    .bss                storage_manager.o
    0x200008f8        -       0x00000010   Zero   RW          652    .bss                inv_mpu_dmp_motion_driver.o
    0x20000908        -       0x00000014   Zero   RW          776    .bss                stm32f4xx_it.o
    0x2000091c        -       0x0000001c   Zero   RW         1265    .bss                drive_rc.o
    0x20000938        -       0x0000002c   Zero   RW         1292    .bss                drive_imu.o
    0x20000964        -       0x00000340   Zero   RW         1340    .bss                drive_control.o
    0x20000ca4        -       0x00000010   Zero   RW         1437    .bss                motor_chassis.o
    0x20000cb4        -       0x00000044   Zero   RW         1464    .bss                motor_cradle_head_1.o
    0x20000cf8        -       0x000002e4   Zero   RW         1533    .bss                tasks.o
    0x20000fdc        -       0x00000028   Zero   RW         1568    .bss                timers.o
    0x20001004        -       0x00000040   Zero   RW         1586    .bss                queue.o
    0x20001044        -       0x00005000   Zero   RW         1614    .bss                heap_4.o
    0x20006044   COMPRESSED   0x00000004   PAD
    0x20006048        -       0x000002a0   Zero   RW         1653    .bss                libmpllib.lib(fast_no_motion.o)
    0x200062e8        -       0x00000138   Zero   RW         1744    .bss                libmpllib.lib(fusion_9axis.o)
    0x20006420        -       0x000001c4   Zero   RW         1769    .bss                libmpllib.lib(gyro_tc.o)
    0x200065e4        -       0x000000b8   Zero   RW         1790    .bss                libmpllib.lib(mag_disturb.o)
    0x2000669c        -       0x0000006c   Zero   RW         1812    .bss                libmpllib.lib(quaternion_supervisor.o)
    0x20006708        -       0x00000400   Zero   RW          856    STACK               startup_stm32f427xx.o


==============================================================================

Image component sizes


      Code (inc. data)   RO Data    RW Data    ZI Data      Debug   Object Name

       272         10          0          0          0     311803   bsp_can.o
        36         10          0          0          0        435   bsp_delay.o
       288         20          0          0        528       1265   bsp_dma.o
       648         24          0          0          0        904   bsp_gpio.o
       256         20          0          0          0        656   bsp_nvic.o
       248         12          0          0          0        716   bsp_time.o
       168         12          0          0          0        585   bsp_usart.o
      2632         60         68          0        728      19212   data_builder.o
      2488        244          0         64        832       4583   drive_control.o
       108         14          0          0          0       1518   drive_delay.o
      1108         36          0          6         44       5646   drive_imu.o
       380         28          0         24         28       2330   drive_rc.o
       936         50          0          0         40       5277   empl_outputs.o
       532         66          0         24      20480       3460   heap_4.o
     10768       1252        611         57          0      44233   inv_mpu.o
      2692        134       3062          0         16      16629   inv_mpu_dmp_motion_driver.o
       136          0          0          0          0       1882   list.o
       716         18          0          0          0       3212   log_stm32.o
        56         22          0          0          0        903   main.o
       340         10          0          0          0       3979   math_pid.o
       148         12          0          0          0       6404   math_tool.o
        36          6          0          4          0       1406   message_layer.o
       176         12          0          0          0       1929   misc.o
      3368        108       1024          0          0      17087   ml_math_func.o
       164         10          0          0         16       1710   motor_chassis.o
       568         40          0          8         68       3596   motor_cradle_head_1.o
       212         50         47          0          0      11366   mpl.o
       790        104          0         12          0       8141   port.o
      2732         52          0          0         64      24992   queue.o
       936         16          0          0        136       9643   results_holder.o
        24          4          0          7          0       1356   robotstatus.o
       148          4          0          0         84       2210   start_manager.o
        36          8        428          0       1024        800   startup_stm32f427xx.o
      1800         44          0          0          0       8764   stm32f4xx_can.o
       800         32          0          0          0       6949   stm32f4xx_dma.o
       224         10          0          0          0       2383   stm32f4xx_exti.o
       524         44          0          0          0       4457   stm32f4xx_gpio.o
       760         94          0          4         20       3861   stm32f4xx_it.o
      1160         52          0         16          0      13332   stm32f4xx_rcc.o
       124         16          0          0          0       1881   stm32f4xx_syscfg.o
      2524         52          0          0          0      23978   stm32f4xx_tim.o
       856         32          0          0          0       8272   stm32f4xx_usart.o
       416          4          0          0        408       3538   storage_manager.o
        76          4          0          0          0        736   sysconfig.o
       412         40          0         20          0       1883   system_stm32f4xx.o
        72          6          0          0          0        532   task_can_parse.o
       332        122          0         28          0       1275   task_config.o
       332         36          0          2          0       1371   task_control.o
        44          6          0          0          0        511   task_imudata.o
       164         12          0          0          0        727   task_rc_parse.o
        12          0          0          0          0        498   task_usart_parse.o
      4940        180          0         60        740      33314   tasks.o
      1304        128          0         20         40      11432   timers.o

    ----------------------------------------------------------------------
     51024       3382       5280        364      25300     649562   Object Totals
         0          0         32          0          0          0   (incl. Generated)
         2          0          8          8          4          0   (incl. Padding)

    ----------------------------------------------------------------------

      Code (inc. data)   RO Data    RW Data    ZI Data      Debug   Library Member Name

      2584         42          0          0        672      20088   fast_no_motion.o
      1712         72          0          0        312       5636   fusion_9axis.o
      1220         32          0          0        452       5735   gyro_tc.o
      1472         48          0          0        184       7614   mag_disturb.o
      2452        130          0          0        108       5637   quaternion_supervisor.o
       856        118         80          0          0        288   acos.o
       280         46          0          0          0        176   acosf.o
       864         94         80          0          0        280   asin.o
       744        106        152          0          0        352   atan.o
       496         64          0          0          0        192   atan2.o
       592         90          0          0          0        184   atan2f.o
       336         56          0          0          0        136   cosf.o
       104         16          0          0          0        496   dunder.o
        44          0          0          0          0        248   fabs.o
        48          0          0          0          0        124   fpclassify.o
        38          0          0          0          0        116   fpclassifyf.o
        44         12          0          0          0        464   funder.o
       248          0          0          0          0        152   poly.o
         0          0          8          0          0          0   qnan.o
       340         24         32          0          0        160   rredf.o
       400         56          0          0          0        212   sinf.o
       232          0          0          0          0        296   sqrt.o
       120          0          0          0          0        272   sqrtf.o
        86          0          0          0          0          0   __dczerorl2.o
         0          0          0          0          0          0   entry.o
         0          0          0          0          0          0   entry10a.o
         0          0          0          0          0          0   entry11a.o
         8          4          0          0          0          0   entry2.o
         4          0          0          0          0          0   entry5.o
         0          0          0          0          0          0   entry7b.o
         0          0          0          0          0          0   entry8b.o
         8          4          0          0          0          0   entry9a.o
        12          6          0          4          0         68   errno.o
        30          0          0          0          0          0   handlers.o
        36          8          0          0          0         68   init.o
         0          0          0          0          0          0   iusefp.o
        98          0          0          0          0         84   ldiv.o
        30          0          0          0          0         68   llshl.o
        36          0          0          0          0         68   llsshr.o
        32          0          0          0          0         68   llushr.o
        26          0          0          0          0         80   memcmp.o
        64          0          0          0          0         76   memmovea.o
        36          0          0          0          0        108   memseta.o
      2344        102          0          0          0        684   printfa.o
         0          0          0          4          0          0   stdout.o
        18          0          0          0          0         68   strcpy.o
        14          0          0          0          0         68   strlen.o
        44          0          0          0          0         80   uidiv.o
        98          0          0          0          0         92   uldiv.o
        48          0          0          0          0         68   cdcmple.o
        48          0          0          0          0         68   cdrcmple.o
        56          0          0          0          0         88   d2f.o
       334          0          0          0          0        148   dadd.o
       222          0          0          0          0        100   ddiv.o
       186          0          0          0          0        176   depilogue.o
        62          0          0          0          0         80   dfixi.o
        48          0          0          0          0         68   dfixul.o
        34          0          0          0          0         76   dflti.o
        24          0          0          0          0         76   dfltul.o
       228          0          0          0          0         96   dmul.o
       162          0          0          0          0        100   dsqrt.o
        38          0          0          0          0         68   f2d.o
       110          0          0          0          0        168   fepilogue.o
        66          0          0          0          0         76   ffixl.o
        44          0          0          0          0         92   ffltl.o
        28          0          0          0          0         84   ffltul.o

    ----------------------------------------------------------------------
     20000       1130        352          8       1728      52170   Library Totals
        12          0          0          0          0          0   (incl. Padding)

    ----------------------------------------------------------------------

      Code (inc. data)   RO Data    RW Data    ZI Data      Debug   Library Name

      9440        324          0          0       1728      44710   libmpllib.lib
      5786        682        352          0          0       4148   m_wm.l
      3024        124          0          8          0       1680   mc_w.l
      1738          0          0          0          0       1632   mf_w.l

    ----------------------------------------------------------------------
     20000       1130        352          8       1728      52170   Library Totals

    ----------------------------------------------------------------------

==============================================================================


      Code (inc. data)   RO Data    RW Data    ZI Data      Debug   

     71024       4512       5632        372      27028     683196   Grand Totals
     71024       4512       5632         56      27028     683196   ELF Image Totals (compressed)
     71024       4512       5632         56          0          0   ROM Totals

==============================================================================

    Total RO  Size (Code + RO Data)                76656 (  74.86kB)
    Total RW  Size (RW Data + ZI Data)             27400 (  26.76kB)
    Total ROM Size (Code + RO Data + RW Data)      76712 (  74.91kB)

==============================================================================

