Component: ARM Compiler 5.06 update 6 (build 750) Tool: armlink [4d35ed]

==============================================================================

Section Cross References

    bsp_can.o(.text) refers to stm32f4xx_rcc.o(.text) for RCC_APB1PeriphClockCmd
    bsp_can.o(.text) refers to stm32f4xx_can.o(.text) for CAN_DeInit
    bsp_time.o(.text) refers to stm32f4xx_rcc.o(.text) for RCC_APB1PeriphClockCmd
    bsp_time.o(.text) refers to stm32f4xx_tim.o(.text) for TIM_TimeBaseInit
    bsp_gpio.o(.text) refers to stm32f4xx_rcc.o(.text) for RCC_AHB1PeriphClockCmd
    bsp_gpio.o(.text) refers to stm32f4xx_gpio.o(.text) for GPIO_Init
    bsp_gpio.o(.text) refers to stm32f4xx_syscfg.o(.text) for SYSCFG_EXTILineConfig
    bsp_gpio.o(.text) refers to drive_delay.o(.text) for Delay_US
    bsp_usart.o(.text) refers to stm32f4xx_rcc.o(.text) for RCC_APB2PeriphClockCmd
    bsp_usart.o(.text) refers to stm32f4xx_usart.o(.text) for USART_DeInit
    bsp_dma.o(.text) refers to stm32f4xx_rcc.o(.text) for RCC_AHB1PeriphClockCmd
    bsp_dma.o(.text) refers to stm32f4xx_dma.o(.text) for DMA_DeInit
    bsp_dma.o(.text) refers to bsp_dma.o(.bss) for .bss
    bsp_nvic.o(.text) refers to misc.o(.text) for NVIC_PriorityGroupConfig
    bsp_nvic.o(.text) refers to stm32f4xx_dma.o(.text) for DMA_ITConfig
    bsp_nvic.o(.text) refers to stm32f4xx_usart.o(.text) for USART_ITConfig
    bsp_nvic.o(.text) refers to stm32f4xx_can.o(.text) for CAN_ITConfig
    bsp_nvic.o(.text) refers to stm32f4xx_exti.o(.text) for EXTI_Init
    mpl.o(.text) refers to storage_manager.o(.text) for inv_init_storage_manager
    mpl.o(.text) refers to start_manager.o(.text) for inv_init_start_manager
    mpl.o(.text) refers to data_builder.o(.text) for inv_init_data_builder
    mpl.o(.text) refers to results_holder.o(.text) for inv_enable_results_holder
    mpl.o(.text) refers to log_stm32.o(.text) for _MLPrintLog
    mpl.o(.text) refers to mpl.o(.constdata) for .constdata
    mlmath.o(.text) refers to asin.o(i.__hardfp_asin) for __hardfp_asin
    mlmath.o(.text) refers to atan.o(i.__hardfp_atan) for __hardfp_atan
    mlmath.o(.text) refers to atan2.o(i.__hardfp_atan2) for __hardfp_atan2
    mlmath.o(.text) refers to log.o(i.__hardfp_log) for __hardfp_log
    mlmath.o(.text) refers to sqrt_full.o(i.__hardfp_sqrt) for __hardfp_sqrt
    mlmath.o(.text) refers to ceil.o(i.__hardfp_ceil) for __hardfp_ceil
    mlmath.o(.text) refers to floor.o(i.__hardfp_floor) for __hardfp_floor
    mlmath.o(.text) refers to cos.o(i.__hardfp_cos) for __hardfp_cos
    mlmath.o(.text) refers to sin.o(i.__hardfp_sin) for __hardfp_sin
    mlmath.o(.text) refers to acos.o(i.__hardfp_acos) for __hardfp_acos
    mlmath.o(.text) refers to pow.o(i.__hardfp_pow) for __hardfp_pow
    log_stm32.o(.text) refers to printfa.o(i.__0vsprintf) for vsprintf
    log_stm32.o(.text) refers to memseta.o(.text) for __aeabi_memclr4
    log_stm32.o(.text) refers to memmovea.o(.text) for __aeabi_memcpy
    log_stm32.o(.text) refers to sysconfig.o(.text) for fputc
    hal_outputs.o(.text) refers to data_builder.o(.text) for inv_get_accel_set
    hal_outputs.o(.text) refers to results_holder.o(.text) for inv_get_gravity
    hal_outputs.o(.text) refers to ml_math_func.o(.text) for inv_calc_state_to_match_output
    hal_outputs.o(.text) refers to hal_outputs.o(.bss) for .bss
    hal_outputs.o(.text) refers to memseta.o(.text) for __aeabi_memclr4
    hal_outputs.o(.text) refers to start_manager.o(.text) for inv_register_mpl_start_notification
    hal_outputs.o(.text) refers to atan2f.o(i.__hardfp_atan2f) for __hardfp_atan2f
    hal_outputs.o(.text) refers to asinf.o(i.__hardfp_asinf) for __hardfp_asinf
    hal_outputs.o(.text) refers to hal_outputs.o(.data) for .data
    data_builder.o(.text) refers to memmovea.o(.text) for __aeabi_memcpy
    data_builder.o(.text) refers to results_holder.o(.text) for inv_set_compass_bias_found
    data_builder.o(.text) refers to memseta.o(.text) for __aeabi_memclr4
    data_builder.o(.text) refers to storage_manager.o(.text) for inv_register_load_store
    data_builder.o(.text) refers to ml_math_func.o(.text) for inv_q30_mult
    data_builder.o(.text) refers to memcmp.o(.text) for memcmp
    data_builder.o(.text) refers to message_layer.o(.text) for inv_set_message
    data_builder.o(.text) refers to data_builder.o(.bss) for .bss
    data_builder.o(.text) refers to log_stm32.o(.text) for _MLPrintLog
    data_builder.o(.text) refers to data_builder.o(.conststring) for .conststring
    empl_outputs.o(.text) refers to data_builder.o(.text) for inv_get_accel_set
    empl_outputs.o(.text) refers to ml_math_func.o(.text) for inv_q29_mult
    empl_outputs.o(.text) refers to atan2f.o(i.__hardfp_atan2f) for __hardfp_atan2f
    empl_outputs.o(.text) refers to sqrtf_full.o(i.__hardfp_sqrtf) for __hardfp_sqrtf
    empl_outputs.o(.text) refers to results_holder.o(.text) for inv_get_quaternion_set
    empl_outputs.o(.text) refers to memseta.o(.text) for __aeabi_memclr4
[...]
    RCC_AdjustHSICalibrationValue            0x08007953   Thumb Code    16  stm32f4xx_rcc.o(.text)
    RCC_HSICmd                               0x08007963   Thumb Code     6  stm32f4xx_rcc.o(.text)
    RCC_LSEConfig                            0x08007969   Thumb Code    24  stm32f4xx_rcc.o(.text)
    RCC_LSICmd                               0x08007981   Thumb Code     6  stm32f4xx_rcc.o(.text)
    RCC_PLLConfig                            0x08007987   Thumb Code    32  stm32f4xx_rcc.o(.text)
    RCC_PLLCmd                               0x080079a7   Thumb Code     6  stm32f4xx_rcc.o(.text)
    RCC_PLLI2SConfig                         0x080079ad   Thumb Code    18  stm32f4xx_rcc.o(.text)
    RCC_PLLI2SCmd                            0x080079bf   Thumb Code     6  stm32f4xx_rcc.o(.text)
    RCC_PLLSAIConfig                         0x080079c5   Thumb Code    18  stm32f4xx_rcc.o(.text)
    RCC_PLLSAICmd                            0x080079d7   Thumb Code     6  stm32f4xx_rcc.o(.text)
    RCC_ClockSecuritySystemCmd               0x080079dd   Thumb Code     6  stm32f4xx_rcc.o(.text)
    RCC_MCO1Config                           0x080079e3   Thumb Code    18  stm32f4xx_rcc.o(.text)
    RCC_MCO2Config                           0x080079f5   Thumb Code    18  stm32f4xx_rcc.o(.text)
    RCC_SYSCLKConfig                         0x08007a07   Thumb Code    16  stm32f4xx_rcc.o(.text)
    RCC_GetSYSCLKSource                      0x08007a17   Thumb Code    12  stm32f4xx_rcc.o(.text)
    RCC_HCLKConfig                           0x08007a23   Thumb Code    16  stm32f4xx_rcc.o(.text)
    RCC_PCLK1Config                          0x08007a33   Thumb Code    16  stm32f4xx_rcc.o(.text)
    RCC_PCLK2Config                          0x08007a43   Thumb Code    18  stm32f4xx_rcc.o(.text)
    RCC_GetClocksFreq                        0x08007a55   Thumb Code   134  stm32f4xx_rcc.o(.text)
    RCC_RTCCLKConfig                         0x08007adb   Thumb Code    42  stm32f4xx_rcc.o(.text)
    RCC_RTCCLKCmd                            0x08007b05   Thumb Code     8  stm32f4xx_rcc.o(.text)
    RCC_BackupResetCmd                       0x08007b0d   Thumb Code     8  stm32f4xx_rcc.o(.text)
    RCC_I2SCLKConfig                         0x08007b15   Thumb Code     8  stm32f4xx_rcc.o(.text)
    RCC_SAIPLLI2SClkDivConfig                0x08007b1d   Thumb Code    18  stm32f4xx_rcc.o(.text)
    RCC_SAIPLLSAIClkDivConfig                0x08007b2f   Thumb Code    24  stm32f4xx_rcc.o(.text)
    RCC_SAIBlockACLKConfig                   0x08007b47   Thumb Code    16  stm32f4xx_rcc.o(.text)
    RCC_SAIBlockBCLKConfig                   0x08007b57   Thumb Code    16  stm32f4xx_rcc.o(.text)
    RCC_LTDCCLKDivConfig                     0x08007b67   Thumb Code    16  stm32f4xx_rcc.o(.text)
    RCC_TIMCLKPresConfig                     0x08007b77   Thumb Code     8  stm32f4xx_rcc.o(.text)
    RCC_AHB1PeriphClockCmd                   0x08007b7f   Thumb Code    20  stm32f4xx_rcc.o(.text)
    RCC_AHB2PeriphClockCmd                   0x08007b93   Thumb Code    20  stm32f4xx_rcc.o(.text)
    RCC_AHB3PeriphClockCmd                   0x08007ba7   Thumb Code    20  stm32f4xx_rcc.o(.text)
    RCC_APB1PeriphClockCmd                   0x08007bbb   Thumb Code    20  stm32f4xx_rcc.o(.text)
    RCC_APB2PeriphClockCmd                   0x08007bcf   Thumb Code    20  stm32f4xx_rcc.o(.text)
    RCC_AHB1PeriphResetCmd                   0x08007be3   Thumb Code    20  stm32f4xx_rcc.o(.text)
    RCC_AHB2PeriphResetCmd                   0x08007bf7   Thumb Code    20  stm32f4xx_rcc.o(.text)
    RCC_AHB3PeriphResetCmd                   0x08007c0b   Thumb Code    20  stm32f4xx_rcc.o(.text)
    RCC_APB1PeriphResetCmd                   0x08007c1f   Thumb Code    20  stm32f4xx_rcc.o(.text)
    RCC_APB2PeriphResetCmd                   0x08007c33   Thumb Code    20  stm32f4xx_rcc.o(.text)
    RCC_AHB1PeriphClockLPModeCmd             0x08007c47   Thumb Code    20  stm32f4xx_rcc.o(.text)
    RCC_AHB2PeriphClockLPModeCmd             0x08007c5b   Thumb Code    20  stm32f4xx_rcc.o(.text)
    RCC_AHB3PeriphClockLPModeCmd             0x08007c6f   Thumb Code    20  stm32f4xx_rcc.o(.text)
    RCC_APB1PeriphClockLPModeCmd             0x08007c83   Thumb Code    68  stm32f4xx_rcc.o(.text)
    RCC_APB2PeriphClockLPModeCmd             0x08007cc7   Thumb Code    18  stm32f4xx_rcc.o(.text)
    RCC_LSEModeConfig                        0x08007cd9   Thumb Code    24  stm32f4xx_rcc.o(.text)
    RCC_ITConfig                             0x08007cf1   Thumb Code    20  stm32f4xx_rcc.o(.text)
    RCC_ClearFlag                            0x08007d05   Thumb Code    14  stm32f4xx_rcc.o(.text)
    RCC_GetITStatus                          0x08007d13   Thumb Code    18  stm32f4xx_rcc.o(.text)
    RCC_ClearITPendingBit                    0x08007d25   Thumb Code     8  stm32f4xx_rcc.o(.text)
    TIM_DeInit                               0x08007d31   Thumb Code   284  stm32f4xx_tim.o(.text)
    TIM_TimeBaseInit                         0x08007e4d   Thumb Code    96  stm32f4xx_tim.o(.text)
    TIM_TimeBaseStructInit                   0x08007ead   Thumb Code    18  stm32f4xx_tim.o(.text)
    TIM_PrescalerConfig                      0x08007ebf   Thumb Code     6  stm32f4xx_tim.o(.text)
    TIM_CounterModeConfig                    0x08007ec5   Thumb Code    12  stm32f4xx_tim.o(.text)
    TIM_SetCounter                           0x08007ed1   Thumb Code     4  stm32f4xx_tim.o(.text)
    TIM_SetAutoreload                        0x08007ed5   Thumb Code     4  stm32f4xx_tim.o(.text)
    TIM_GetCounter                           0x08007ed9   Thumb Code     4  stm32f4xx_tim.o(.text)
    TIM_GetPrescaler                         0x08007edd   Thumb Code     4  stm32f4xx_tim.o(.text)
    TIM_UpdateDisableConfig                  0x08007ee1   Thumb Code    20  stm32f4xx_tim.o(.text)
    TIM_UpdateRequestConfig                  0x08007ef5   Thumb Code    20  stm32f4xx_tim.o(.text)
    TIM_ARRPreloadConfig                     0x08007f09   Thumb Code    20  stm32f4xx_tim.o(.text)
    TIM_SelectOnePulseMode                   0x08007f1d   Thumb Code    16  stm32f4xx_tim.o(.text)
    TIM_SetClockDivision                     0x08007f2d   Thumb Code    16  stm32f4xx_tim.o(.text)
    TIM_Cmd                                  0x08007f3d   Thumb Code    20  stm32f4xx_tim.o(.text)
    TIM_OC1Init                              0x08007f51   Thumb Code    88  stm32f4xx_tim.o(.text)
    TIM_OC2Init                              0x08007fa9   Thumb Code   120  stm32f4xx_tim.o(.text)
    TIM_OC3Init                              0x08008021   Thumb Code   116  stm32f4xx_tim.o(.text)
    TIM_OC4Init                              0x08008095   Thumb Code    88  stm32f4xx_tim.o(.text)
    TIM_OCStructInit                         0x080080ed   Thumb Code    20  stm32f4xx_tim.o(.text)
    TIM_SelectOCxM                           0x08008101   Thumb Code   130  stm32f4xx_tim.o(.text)
    TIM_SetCompare1                          0x08008183   Thumb Code     4  stm32f4xx_tim.o(.text)
    TIM_SetCompare2                          0x08008187   Thumb Code     4  stm32f4xx_tim.o(.text)
    TIM_SetCompare3                          0x0800818b   Thumb Code     4  stm32f4xx_tim.o(.text)
    TIM_SetCompare4                          0x0800818f   Thumb Code     4  stm32f4xx_tim.o(.text)
    TIM_ForcedOC1Config                      0x08008193   Thumb Code    12  stm32f4xx_tim.o(.text)
    TIM_ForcedOC2Config                      0x0800819f   Thumb Code    20  stm32f4xx_tim.o(.text)
    TIM_ForcedOC3Config                      0x080081b3   Thumb Code    12  stm32f4xx_tim.o(.text)
    TIM_ForcedOC4Config                      0x080081bf   Thumb Code    20  stm32f4xx_tim.o(.text)
    TIM_OC1PreloadConfig                     0x080081d3   Thumb Code    12  stm32f4xx_tim.o(.text)
    TIM_OC2PreloadConfig                     0x080081df   Thumb Code    20  stm32f4xx_tim.o(.text)
    TIM_OC3PreloadConfig                     0x080081f3   Thumb Code    12  stm32f4xx_tim.o(.text)
    TIM_OC4PreloadConfig                     0x080081ff   Thumb Code    20  stm32f4xx_tim.o(.text)
    TIM_OC1FastConfig                        0x08008213   Thumb Code    12  stm32f4xx_tim.o(.text)
    TIM_OC2FastConfig                        0x0800821f   Thumb Code    20  stm32f4xx_tim.o(.text)
    TIM_OC3FastConfig                        0x08008233   Thumb Code    12  stm32f4xx_tim.o(.text)
    TIM_OC4FastConfig                        0x0800823f   Thumb Code    20  stm32f4xx_tim.o(.text)
    TIM_ClearOC1Ref                          0x08008253   Thumb Code    12  stm32f4xx_tim.o(.text)
    TIM_ClearOC2Ref                          0x0800825f   Thumb Code    20  stm32f4xx_tim.o(.text)
    TIM_ClearOC3Ref                          0x08008273   Thumb Code    12  stm32f4xx_tim.o(.text)
    TIM_ClearOC4Ref                          0x0800827f   Thumb Code    20  stm32f4xx_tim.o(.text)
    TIM_OC1PolarityConfig                    0x08008293   Thumb Code    12  stm32f4xx_tim.o(.text)
    TIM_OC1NPolarityConfig                   0x0800829f   Thumb Code    12  stm32f4xx_tim.o(.text)
    TIM_OC2PolarityConfig                    0x080082ab   Thumb Code    20  stm32f4xx_tim.o(.text)
    TIM_OC2NPolarityConfig                   0x080082bf   Thumb Code    20  stm32f4xx_tim.o(.text)
    TIM_OC3PolarityConfig                    0x080082d3   Thumb Code    20  stm32f4xx_tim.o(.text)
    TIM_OC3NPolarityConfig                   0x080082e7   Thumb Code    20  stm32f4xx_tim.o(.text)
    TIM_OC4PolarityConfig                    0x080082fb   Thumb Code    20  stm32f4xx_tim.o(.text)
    TIM_CCxCmd                               0x0800830f   Thumb Code    22  stm32f4xx_tim.o(.text)
    TIM_CCxNCmd                              0x08008325   Thumb Code    22  stm32f4xx_tim.o(.text)
    TIM_SetIC4Prescaler                      0x0800833b   Thumb Code    24  stm32f4xx_tim.o(.text)
    TIM_SetIC3Prescaler                      0x08008353   Thumb Code    16  stm32f4xx_tim.o(.text)
    TIM_SetIC2Prescaler                      0x08008363   Thumb Code    24  stm32f4xx_tim.o(.text)
    TIM_SetIC1Prescaler                      0x080083b1   Thumb Code    16  stm32f4xx_tim.o(.text)
    TIM_ICInit                               0x080083c1   Thumb Code   164  stm32f4xx_tim.o(.text)
    TIM_ICStructInit                         0x08008465   Thumb Code    16  stm32f4xx_tim.o(.text)
    TIM_PWMIConfig                           0x08008475   Thumb Code   104  stm32f4xx_tim.o(.text)
    TIM_GetCapture1                          0x080084dd   Thumb Code     4  stm32f4xx_tim.o(.text)
    TIM_GetCapture2                          0x080084e1   Thumb Code     4  stm32f4xx_tim.o(.text)
    TIM_GetCapture3                          0x080084e5   Thumb Code     4  stm32f4xx_tim.o(.text)
    TIM_GetCapture4                          0x080084e9   Thumb Code     4  stm32f4xx_tim.o(.text)
    TIM_BDTRConfig                           0x080084ed   Thumb Code    34  stm32f4xx_tim.o(.text)
    TIM_BDTRStructInit                       0x0800850f   Thumb Code    18  stm32f4xx_tim.o(.text)
    TIM_CtrlPWMOutputs                       0x08008521   Thumb Code    22  stm32f4xx_tim.o(.text)
    TIM_SelectCOM                            0x08008537   Thumb Code    20  stm32f4xx_tim.o(.text)
    TIM_CCPreloadControl                     0x0800854b   Thumb Code    20  stm32f4xx_tim.o(.text)
    TIM_ITConfig                             0x0800855f   Thumb Code    16  stm32f4xx_tim.o(.text)
    TIM_GenerateEvent                        0x0800856f   Thumb Code     4  stm32f4xx_tim.o(.text)
    TIM_GetFlagStatus                        0x08008573   Thumb Code    14  stm32f4xx_tim.o(.text)
    TIM_ClearFlag                            0x08008581   Thumb Code     6  stm32f4xx_tim.o(.text)
    TIM_GetITStatus                          0x08008587   Thumb Code    24  stm32f4xx_tim.o(.text)
    TIM_ClearITPendingBit                    0x0800859f   Thumb Code     6  stm32f4xx_tim.o(.text)
    TIM_DMAConfig                            0x080085a5   Thumb Code     8  stm32f4xx_tim.o(.text)
    TIM_DMACmd                               0x080085ad   Thumb Code    16  stm32f4xx_tim.o(.text)
    TIM_SelectCCDMA                          0x080085bd   Thumb Code    20  stm32f4xx_tim.o(.text)
    TIM_InternalClockConfig                  0x080085d1   Thumb Code    10  stm32f4xx_tim.o(.text)
    TIM_SelectInputTrigger                   0x080085db   Thumb Code    12  stm32f4xx_tim.o(.text)
    TIM_ITRxExternalClockConfig              0x080085e7   Thumb Code    18  stm32f4xx_tim.o(.text)
    TIM_TIxExternalClockConfig               0x080085f9   Thumb Code    46  stm32f4xx_tim.o(.text)
    TIM_ETRConfig                            0x08008627   Thumb Code    24  stm32f4xx_tim.o(.text)
    TIM_ETRClockMode1Config                  0x0800863f   Thumb Code    18  stm32f4xx_tim.o(.text)
    TIM_ETRClockMode2Config                  0x08008651   Thumb Code    18  stm32f4xx_tim.o(.text)
    TIM_SelectOutputTrigger                  0x08008663   Thumb Code    16  stm32f4xx_tim.o(.text)
    TIM_SelectSlaveMode                      0x08008673   Thumb Code    16  stm32f4xx_tim.o(.text)
    TIM_SelectMasterSlaveMode                0x08008683   Thumb Code    16  stm32f4xx_tim.o(.text)
    TIM_EncoderInterfaceConfig               0x08008693   Thumb Code    50  stm32f4xx_tim.o(.text)
    TIM_SelectHallSensor                     0x080086c5   Thumb Code    20  stm32f4xx_tim.o(.text)
    TIM_RemapConfig                          0x080086d9   Thumb Code     6  stm32f4xx_tim.o(.text)
    DMA_DeInit                               0x0800870d   Thumb Code   272  stm32f4xx_dma.o(.text)
    DMA_Init                                 0x0800881d   Thumb Code    80  stm32f4xx_dma.o(.text)
    DMA_StructInit                           0x0800886d   Thumb Code    34  stm32f4xx_dma.o(.text)
    DMA_Cmd                                  0x0800888f   Thumb Code    20  stm32f4xx_dma.o(.text)
    DMA_PeriphIncOffsetSizeConfig            0x080088a3   Thumb Code    20  stm32f4xx_dma.o(.text)
    DMA_FlowControllerConfig                 0x080088b7   Thumb Code    20  stm32f4xx_dma.o(.text)
    DMA_SetCurrDataCounter                   0x080088cb   Thumb Code     4  stm32f4xx_dma.o(.text)
    DMA_GetCurrDataCounter                   0x080088cf   Thumb Code     6  stm32f4xx_dma.o(.text)
    DMA_DoubleBufferModeConfig               0x080088d5   Thumb Code    22  stm32f4xx_dma.o(.text)
    DMA_DoubleBufferModeCmd                  0x080088eb   Thumb Code    20  stm32f4xx_dma.o(.text)
    DMA_MemoryTargetConfig                   0x080088ff   Thumb Code    10  stm32f4xx_dma.o(.text)
    DMA_GetCurrentMemoryTarget               0x08008909   Thumb Code    14  stm32f4xx_dma.o(.text)
    DMA_GetCmdStatus                         0x08008917   Thumb Code    14  stm32f4xx_dma.o(.text)
    DMA_GetFIFOStatus                        0x08008925   Thumb Code     8  stm32f4xx_dma.o(.text)
    DMA_GetFlagStatus                        0x0800892d   Thumb Code    42  stm32f4xx_dma.o(.text)
    DMA_ClearFlag                            0x08008957   Thumb Code    34  stm32f4xx_dma.o(.text)
    DMA_ITConfig                             0x08008979   Thumb Code    44  stm32f4xx_dma.o(.text)
    DMA_GetITStatus                          0x080089a5   Thumb Code    70  stm32f4xx_dma.o(.text)
    DMA_ClearITPendingBit                    0x080089eb   Thumb Code    34  stm32f4xx_dma.o(.text)
    EXTI_DeInit                              0x08008a2d   Thumb Code    28  stm32f4xx_exti.o(.text)
    EXTI_Init                                0x08008a49   Thumb Code   108  stm32f4xx_exti.o(.text)
    EXTI_StructInit                          0x08008ab5   Thumb Code    14  stm32f4xx_exti.o(.text)
    EXTI_GenerateSWInterrupt                 0x08008ac3   Thumb Code    12  stm32f4xx_exti.o(.text)
    EXTI_GetFlagStatus                       0x08008acf   Thumb Code    18  stm32f4xx_exti.o(.text)
    EXTI_ClearFlag                           0x08008ae1   Thumb Code     8  stm32f4xx_exti.o(.text)
    EXTI_GetITStatus                         0x08008ae9   Thumb Code    18  stm32f4xx_exti.o(.text)
    EXTI_ClearITPendingBit                   0x08008afb   Thumb Code     8  stm32f4xx_exti.o(.text)
    GPIO_DeInit                              0x08008b0d   Thumb Code   216  stm32f4xx_gpio.o(.text)
    GPIO_Init                                0x08008be5   Thumb Code   120  stm32f4xx_gpio.o(.text)
    GPIO_StructInit                          0x08008c5d   Thumb Code    18  stm32f4xx_gpio.o(.text)
    GPIO_PinLockConfig                       0x08008c6f   Thumb Code    24  stm32f4xx_gpio.o(.text)
    GPIO_ReadInputDataBit                    0x08008c87   Thumb Code    14  stm32f4xx_gpio.o(.text)
    GPIO_ReadInputData                       0x08008c95   Thumb Code     6  stm32f4xx_gpio.o(.text)
    GPIO_ReadOutputDataBit                   0x08008c9b   Thumb Code    14  stm32f4xx_gpio.o(.text)
    GPIO_ReadOutputData                      0x08008ca9   Thumb Code     6  stm32f4xx_gpio.o(.text)
    GPIO_SetBits                             0x08008caf   Thumb Code     4  stm32f4xx_gpio.o(.text)
    GPIO_ResetBits                           0x08008cb3   Thumb Code     4  stm32f4xx_gpio.o(.text)
    GPIO_WriteBit                            0x08008cb7   Thumb Code    10  stm32f4xx_gpio.o(.text)
    GPIO_Write                               0x08008cc1   Thumb Code     4  stm32f4xx_gpio.o(.text)
    GPIO_ToggleBits                          0x08008cc5   Thumb Code     8  stm32f4xx_gpio.o(.text)
    GPIO_PinAFConfig                         0x08008ccd   Thumb Code    32  stm32f4xx_gpio.o(.text)
    USART_DeInit                             0x08008d19   Thumb Code   138  stm32f4xx_usart.o(.text)
    USART_Init                               0x08008da3   Thumb Code   164  stm32f4xx_usart.o(.text)
    USART_StructInit                         0x08008e47   Thumb Code    22  stm32f4xx_usart.o(.text)
    USART_ClockInit                          0x08008e5d   Thumb Code    28  stm32f4xx_usart.o(.text)
    USART_ClockStructInit                    0x08008e79   Thumb Code    12  stm32f4xx_usart.o(.text)
    USART_Cmd                                0x08008e85   Thumb Code    20  stm32f4xx_usart.o(.text)
    USART_SetPrescaler                       0x08008e99   Thumb Code    16  stm32f4xx_usart.o(.text)
    USART_OverSampling8Cmd                   0x08008ea9   Thumb Code    20  stm32f4xx_usart.o(.text)
    USART_OneBitMethodCmd                    0x08008ebd   Thumb Code    20  stm32f4xx_usart.o(.text)
    USART_SendData                           0x08008ed1   Thumb Code     8  stm32f4xx_usart.o(.text)
    USART_ReceiveData                        0x08008ed9   Thumb Code     8  stm32f4xx_usart.o(.text)
    USART_SetAddress                         0x08008ee1   Thumb Code    16  stm32f4xx_usart.o(.text)
    USART_ReceiverWakeUpCmd                  0x08008ef1   Thumb Code    20  stm32f4xx_usart.o(.text)
    USART_WakeUpConfig                       0x08008f05   Thumb Code    16  stm32f4xx_usart.o(.text)
    USART_LINBreakDetectLengthConfig         0x08008f15   Thumb Code    16  stm32f4xx_usart.o(.text)
    USART_LINCmd                             0x08008f25   Thumb Code    20  stm32f4xx_usart.o(.text)
    USART_SendBreak                          0x08008f39   Thumb Code    10  stm32f4xx_usart.o(.text)
    USART_HalfDuplexCmd                      0x08008f43   Thumb Code    20  stm32f4xx_usart.o(.text)
    USART_SetGuardTime                       0x08008f57   Thumb Code    16  stm32f4xx_usart.o(.text)
    USART_SmartCardCmd                       0x08008f67   Thumb Code    20  stm32f4xx_usart.o(.text)
    USART_SmartCardNACKCmd                   0x08008f7b   Thumb Code    20  stm32f4xx_usart.o(.text)
    USART_IrDAConfig                         0x08008f8f   Thumb Code    16  stm32f4xx_usart.o(.text)
    USART_IrDACmd                            0x08008f9f   Thumb Code    20  stm32f4xx_usart.o(.text)
    USART_DMACmd                             0x08008fb3   Thumb Code    16  stm32f4xx_usart.o(.text)
    USART_ITConfig                           0x08008fc3   Thumb Code    48  stm32f4xx_usart.o(.text)
    USART_GetFlagStatus                      0x08008ff3   Thumb Code    14  stm32f4xx_usart.o(.text)
    USART_ClearFlag                          0x08009001   Thumb Code     6  stm32f4xx_usart.o(.text)
    USART_GetITStatus                        0x08009007   Thumb Code    62  stm32f4xx_usart.o(.text)
    USART_ClearITPendingBit                  0x08009045   Thumb Code    12  stm32f4xx_usart.o(.text)
    SYSCFG_DeInit                            0x08009071   Thumb Code    24  stm32f4xx_syscfg.o(.text)
    SYSCFG_MemoryRemapConfig                 0x08009089   Thumb Code     6  stm32f4xx_syscfg.o(.text)
    SYSCFG_MemorySwappingBank                0x0800908f   Thumb Code     6  stm32f4xx_syscfg.o(.text)
    SYSCFG_EXTILineConfig                    0x08009095   Thumb Code    42  stm32f4xx_syscfg.o(.text)
    SYSCFG_ETH_MediaInterfaceConfig          0x080090bf   Thumb Code     8  stm32f4xx_syscfg.o(.text)
    SYSCFG_CompensationCellCmd               0x080090c7   Thumb Code     6  stm32f4xx_syscfg.o(.text)
    SYSCFG_GetCompensationCellStatus         0x080090cd   Thumb Code    16  stm32f4xx_syscfg.o(.text)
    IIC_Start                                0x080090ed   Thumb Code    56  drive_imu.o(.text)
    IIC_Stop                                 0x08009125   Thumb Code    56  drive_imu.o(.text)
    IIC_Wait_Ack                             0x0800915d   Thumb Code    74  drive_imu.o(.text)
    IIC_Ack                                  0x080091a7   Thumb Code    56  drive_imu.o(.text)
    IIC_NAck                                 0x080091df   Thumb Code    56  drive_imu.o(.text)
    IIC_Send_Byte                            0x08009217   Thumb Code    86  drive_imu.o(.text)
    IIC_Read_Byte                            0x0800926d   Thumb Code    96  drive_imu.o(.text)
    MPU_Write_Len                            0x080092cd   Thumb Code    80  drive_imu.o(.text)
    MPU_Read_Len                             0x0800931d   Thumb Code   104  drive_imu.o(.text)
    MPU_Write_Byte                           0x08009385   Thumb Code    64  drive_imu.o(.text)
    MPU_Read_Byte                            0x080093c5   Thumb Code    68  drive_imu.o(.text)
    MPU_offset_call                          0x08009409   Thumb Code    98  drive_imu.o(.text)
    MPU_Get_Temperature                      0x0800946b   Thumb Code    62  drive_imu.o(.text)
    MPU_Get_Gyroscope                        0x080094a9   Thumb Code   164  drive_imu.o(.text)
    GIMBLE_Init                              0x08009555   Thumb Code    14  drive_gimble.o(.text)
    GIMBLE_Loop_Control                      0x0800979b   Thumb Code   110  drive_gimble.o(.text)
    RC_Data_Parse                            0x080098b1   Thumb Code   358  drive_rc.o(.text)
    Delay_US                                 0x08009a31   Thumb Code    32  drive_delay.o(.text)
    Delay_MS                                 0x08009a51   Thumb Code     8  drive_delay.o(.text)
    Get_SysTimeUs                            0x08009a59   Thumb Code    50  drive_delay.o(.text)
    Get_SysTimeMs                            0x08009a8b   Thumb Code     4  drive_delay.o(.text)
    Infan_Control_Init                       0x08009ca9   Thumb Code     2  drive_control.o(.text)
    GIMBLE_ENCONDE_Control                   0x08009cab   Thumb Code   404  drive_control.o(.text)
    GIMBLE_GYRO_Control                      0x08009e3f   Thumb Code   574  drive_control.o(.text)
    Speed_3510_Control                       0x0800a07d   Thumb Code   652  drive_control.o(.text)
    Speed_2006_Control                       0x0800a309   Thumb Code   210  drive_control.o(.text)
    Angle_2006_Control                       0x0800a3db   Thumb Code   106  drive_control.o(.text)
    Speed_Chassis_Control                    0x0800a445   Thumb Code   234  drive_control.o(.text)
    Angle_Rotate_Control                     0x0800a52f   Thumb Code   134  drive_control.o(.text)
    Chassis_Power_Control                    0x0800a5b5   Thumb Code   132  drive_control.o(.text)
    CHASSIS_Init                             0x0800a67d   Thumb Code    92  drive_chassis.o(.text)
    CHASSIS_Set_Mode                         0x0800a6d9   Thumb Code    92  drive_chassis.o(.text)
    CHASSIS_RC_Control_Value                 0x0800a735   Thumb Code   350  drive_chassis.o(.text)
    CHASSIS_Rotate_Control                   0x0800a893   Thumb Code    20  drive_chassis.o(.text)
    CHASSIS_Stop_Control                     0x0800a8a7   Thumb Code    18  drive_chassis.o(.text)
    CHASSIS_Follow_Gimble_Control            0x0800a8b9   Thumb Code    18  drive_chassis.o(.text)
    CHASSIS_NO_Follow_Gimble_Control         0x0800a8cb   Thumb Code     2  drive_chassis.o(.text)
    CHASSIS_Rotate_Run_Control               0x0800a8cd   Thumb Code    20  drive_chassis.o(.text)
    CHASSIS_Mode_Control_Set                 0x0800a8e1   Thumb Code    50  drive_chassis.o(.text)
    CHASSIS_Loop_Control                     0x0800aaf7   Thumb Code    24  drive_chassis.o(.text)
    Get_Judge_data                           0x0800ab15   Thumb Code    74  drive_judge.o(.text)
    Cmd_Judge_ESC                            0x0800ab5f   Thumb Code    58  drive_judge.o(.text)
    SHOOT_Init                               0x0800aba5   Thumb Code    16  drive_shoot.o(.text)
    Fric_Motor_Speed_Control                 0x0800ae7d   Thumb Code   172  drive_shoot.o(.text)
    SHOOT_Loop_Control                       0x0800af29   Thumb Code   196  drive_shoot.o(.text)
    Fric_Motor_Speed_Init                    0x0800afed   Thumb Code    42  drive_shoot.o(.text)
    MiniPC_Rece_Resolver                     0x0800b055   Thumb Code    52  drive_usart.o(.text)
    MiniPC_Send_Data                         0x0800b089   Thumb Code   180  drive_usart.o(.text)
    Cmd_3510_ESC                             0x0800b165   Thumb Code    78  motor_chassis.o(.text)
    Get_3510_data                            0x0800b1b3   Thumb Code    76  motor_chassis.o(.text)
    Cmd_6623_ESC                             0x0800b209   Thumb Code    38  motor_cradle_head.o(.text)
    Cmd_2006_ESC                             0x0800b22f   Thumb Code    34  motor_cradle_head.o(.text)
    Cmd_GIMBAL_ESC                           0x0800b251   Thumb Code    46  motor_cradle_head.o(.text)
    Get_6623_data                            0x0800b27f   Thumb Code   232  motor_cradle_head.o(.text)
    Get_2006_data                            0x0800b367   Thumb Code   156  motor_cradle_head.o(.text)
    Get_2006_Offset_angle                    0x0800b403   Thumb Code    28  motor_cradle_head.o(.text)
    vListInitialise                          0x0800b449   Thumb Code    22  list.o(.text)
    vListInitialiseItem                      0x0800b45f   Thumb Code     6  list.o(.text)
    vListInsertEnd                           0x0800b465   Thumb Code    24  list.o(.text)
    vListInsert                              0x0800b47d   Thumb Code    48  list.o(.text)
    uxListRemove                             0x0800b4ad   Thumb Code    36  list.o(.text)
    pxPortInitialiseStack                    0x0800b4f5   Thumb Code    40  port.o(.text)
    vPortSetupTimerInterrupt                 0x0800b51d   Thumb Code    26  port.o(.text)
    xPortStartScheduler                      0x0800b537   Thumb Code   196  port.o(.text)
    vPortEndScheduler                        0x0800b5fb   Thumb Code    24  port.o(.text)
    vPortEnterCritical                       0x0800b613   Thumb Code    52  port.o(.text)
    vPortExitCritical                        0x0800b647   Thumb Code    34  port.o(.text)
    SysTick_Handler                          0x0800b669   Thumb Code    40  port.o(.text)
    vPortValidateInterruptPriority           0x0800b691   Thumb Code    72  port.o(.text)
    xTaskCreate                              0x0800b7f1   Thumb Code    86  tasks.o(.text)
    vTaskDelete                              0x0800b847   Thumb Code   154  tasks.o(.text)
    xTaskIncrementTick                       0x0800b8e1   Thumb Code   186  tasks.o(.text)
    xTaskResumeAll                           0x0800b99b   Thumb Code   182  tasks.o(.text)
    vTaskSuspendAll                          0x0800bab7   Thumb Code    10  tasks.o(.text)
    vTaskDelayUntil                          0x0800bac1   Thumb Code   180  tasks.o(.text)
    vTaskDelay                               0x0800bb75   Thumb Code    66  tasks.o(.text)
    eTaskGetState                            0x0800bbb7   Thumb Code    94  tasks.o(.text)
    uxTaskPriorityGet                        0x0800bc15   Thumb Code    24  tasks.o(.text)
    uxTaskPriorityGetFromISR                 0x0800bc2d   Thumb Code    40  tasks.o(.text)
    vTaskPrioritySet                         0x0800bc55   Thumb Code   184  tasks.o(.text)
    vTaskSwitchContext                       0x0800bd0d   Thumb Code    84  tasks.o(.text)
    vTaskSuspend                             0x0800bd61   Thumb Code   156  tasks.o(.text)
    vTaskResume                              0x0800be2d   Thumb Code   116  tasks.o(.text)
    xTaskResumeFromISR                       0x0800bea1   Thumb Code   126  tasks.o(.text)
    vTaskStartScheduler                      0x0800bf3d   Thumb Code   130  tasks.o(.text)
    vTaskEndScheduler                        0x0800bfbf   Thumb Code    24  tasks.o(.text)
    xTaskGetTickCount                        0x0800bfd7   Thumb Code     6  tasks.o(.text)
    xTaskGetTickCountFromISR                 0x0800bfdd   Thumb Code    12  tasks.o(.text)
    uxTaskGetNumberOfTasks                   0x0800bfe9   Thumb Code     6  tasks.o(.text)
    pcTaskGetName                            0x0800bfef   Thumb Code    38  tasks.o(.text)
    vTaskGetInfo                             0x0800c015   Thumb Code   126  tasks.o(.text)
    uxTaskGetSystemState                     0x0800c0e7   Thumb Code   156  tasks.o(.text)
    vTaskPlaceOnEventList                    0x0800c183   Thumb Code    46  tasks.o(.text)
    vTaskPlaceOnUnorderedEventList           0x0800c1b1   Thumb Code    78  tasks.o(.text)
    vTaskPlaceOnEventListRestricted          0x0800c1ff   Thumb Code    54  tasks.o(.text)
    xTaskRemoveFromEventList                 0x0800c235   Thumb Code   106  tasks.o(.text)
    xTaskRemoveFromUnorderedEventList        0x0800c29f   Thumb Code   116  tasks.o(.text)
    vTaskSetTimeOutState                     0x0800c313   Thumb Code    34  tasks.o(.text)
    xTaskCheckForTimeOut                     0x0800c335   Thumb Code   114  tasks.o(.text)
    vTaskMissedYield                         0x0800c3a7   Thumb Code     8  tasks.o(.text)
    uxTaskGetTaskNumber                      0x0800c3af   Thumb Code     8  tasks.o(.text)
    vTaskSetTaskNumber                       0x0800c3b7   Thumb Code     8  tasks.o(.text)
    xTaskGetCurrentTaskHandle                0x0800c3bf   Thumb Code     6  tasks.o(.text)
    xTaskGetSchedulerState                   0x0800c3c5   Thumb Code    22  tasks.o(.text)
    vTaskPriorityInherit                     0x0800c3db   Thumb Code   124  tasks.o(.text)
    xTaskPriorityDisinherit                  0x0800c457   Thumb Code   144  tasks.o(.text)
    vTaskList                                0x0800c4e7   Thumb Code   188  tasks.o(.text)
    uxTaskResetEventItemValue                0x0800c5a3   Thumb Code    20  tasks.o(.text)
    pvTaskIncrementMutexHeldCount            0x0800c5b7   Thumb Code    18  tasks.o(.text)
    ulTaskNotifyTake                         0x0800c5c9   Thumb Code    96  tasks.o(.text)
    xTaskNotifyWait                          0x0800c629   Thumb Code   128  tasks.o(.text)
    xTaskGenericNotify                       0x0800c6a9   Thumb Code   190  tasks.o(.text)
    xTaskGenericNotifyFromISR                0x0800c767   Thumb Code   256  tasks.o(.text)
    vTaskNotifyGiveFromISR                   0x0800c867   Thumb Code   168  tasks.o(.text)
    xTaskNotifyStateClear                    0x0800c90f   Thumb Code    44  tasks.o(.text)
    xTimerGenericCommand                     0x0800cab1   Thumb Code    98  timers.o(.text)
    xTimerCreateTimerTask                    0x0800cc37   Thumb Code    58  timers.o(.text)
    xTimerCreate                             0x0800cc71   Thumb Code    72  timers.o(.text)
    xTimerGetTimerDaemonTaskHandle           0x0800ccb9   Thumb Code    24  timers.o(.text)
    xTimerGetPeriod                          0x0800ccd1   Thumb Code    22  timers.o(.text)
    xTimerGetExpiryTime                      0x0800cce7   Thumb Code    22  timers.o(.text)
    pcTimerGetName                           0x0800ccfd   Thumb Code    22  timers.o(.text)
    xTimerIsTimerActive                      0x0800cd13   Thumb Code    40  timers.o(.text)
    pvTimerGetTimerID                        0x0800cd3b   Thumb Code    32  timers.o(.text)
    vTimerSetTimerID                         0x0800cd5b   Thumb Code    34  timers.o(.text)
    xTimerPendFunctionCallFromISR            0x0800cd7d   Thumb Code    34  timers.o(.text)
    xTimerPendFunctionCall                   0x0800cd9f   Thumb Code    60  timers.o(.text)
    xQueueGenericReset                       0x0800cf95   Thumb Code   128  queue.o(.text)
    xQueueGenericCreate                      0x0800d015   Thumb Code    82  queue.o(.text)
    xQueueGenericSend                        0x0800d1b5   Thumb Code   350  queue.o(.text)
    xQueueCreateMutex                        0x0800d313   Thumb Code    36  queue.o(.text)
    xQueueGiveMutexRecursive                 0x0800d337   Thumb Code    98  queue.o(.text)
    xQueueGenericReceive                     0x0800d3bf   Thumb Code   356  queue.o(.text)
    xQueueTakeMutexRecursive                 0x0800d523   Thumb Code    68  queue.o(.text)
    xQueueCreateCountingSemaphore            0x0800d567   Thumb Code    62  queue.o(.text)
    xQueueGenericSendFromISR                 0x0800d5a5   Thumb Code   200  queue.o(.text)
    xQueueGiveFromISR                        0x0800d66d   Thumb Code   172  queue.o(.text)
    xQueueReceiveFromISR                     0x0800d719   Thumb Code   150  queue.o(.text)
    xQueuePeekFromISR                        0x0800d7af   Thumb Code   114  queue.o(.text)
    uxQueueMessagesWaiting                   0x0800d821   Thumb Code    36  queue.o(.text)
    uxQueueSpacesAvailable                   0x0800d845   Thumb Code    40  queue.o(.text)
    uxQueueMessagesWaitingFromISR            0x0800d86d   Thumb Code    26  queue.o(.text)
    vQueueUnregisterQueue                    0x0800d887   Thumb Code    36  queue.o(.text)
    vQueueDelete                             0x0800d8ab   Thumb Code    38  queue.o(.text)
    uxQueueGetQueueNumber                    0x0800d8d1   Thumb Code     4  queue.o(.text)
    vQueueSetQueueNumber                     0x0800d8d5   Thumb Code     4  queue.o(.text)
    ucQueueGetQueueType                      0x0800d8d9   Thumb Code     6  queue.o(.text)
    xQueueIsQueueEmptyFromISR                0x0800d8df   Thumb Code    34  queue.o(.text)
    xQueueIsQueueFullFromISR                 0x0800d901   Thumb Code    38  queue.o(.text)
    vQueueAddToRegistry                      0x0800d927   Thumb Code    32  queue.o(.text)
    pcQueueGetName                           0x0800d947   Thumb Code    34  queue.o(.text)
    vQueueWaitForMessageRestricted           0x0800d969   Thumb Code    68  queue.o(.text)
    xQueueCreateSet                          0x0800d9ad   Thumb Code     8  queue.o(.text)
    xQueueAddToSet                           0x0800d9b5   Thumb Code    34  queue.o(.text)
    xQueueRemoveFromSet                      0x0800d9d7   Thumb Code    34  queue.o(.text)
    xQueueSelectFromSet                      0x0800d9f9   Thumb Code    18  queue.o(.text)
    xQueueSelectFromSetFromISR               0x0800da0b   Thumb Code    18  queue.o(.text)
    pvPortMalloc                             0x0800da89   Thumb Code   214  heap_4.o(.text)
    vPortFree                                0x0800db5f   Thumb Code    96  heap_4.o(.text)
    xPortGetFreeHeapSize                     0x0800dbbf   Thumb Code     8  heap_4.o(.text)
    xPortGetMinimumEverFreeHeapSize          0x0800dbc7   Thumb Code     8  heap_4.o(.text)
    vPortInitialiseBlocks                    0x0800dbcf   Thumb Code     2  heap_4.o(.text)
    inv_init_maxmin                          0x0800dc55   Thumb Code    78  fast_no_motion.o(.text)
    inv_fast_nomot_parameter                 0x0800dca3   Thumb Code   332  fast_no_motion.o(.text)
    inv_fast_nomot_parameter_3rd             0x0800ddef   Thumb Code   190  fast_no_motion.o(.text)
    inv_fast_nomot_set_gyro_bias             0x0800dead   Thumb Code   232  fast_no_motion.o(.text)
    inv_set_fast_nomot_compass_threshold     0x0800df95   Thumb Code     8  fast_no_motion.o(.text)
    int_set_fast_nomot_gyro_threshold        0x0800df9d   Thumb Code     8  fast_no_motion.o(.text)
    inv_set_fast_nomot_accel_threshold       0x0800dfa5   Thumb Code     8  fast_no_motion.o(.text)
    inv_get_fast_nomot_compass_param         0x0800dfad   Thumb Code    18  fast_no_motion.o(.text)
    inv_get_fast_nomot_accel_param           0x0800dfbf   Thumb Code    18  fast_no_motion.o(.text)
    inv_fast_nomot_store_data                0x0800dfd1   Thumb Code   140  fast_no_motion.o(.text)
    inv_fast_nomot_store_data_compass        0x0800e05d   Thumb Code    74  fast_no_motion.o(.text)
    inv_fast_nomot_reset_data_compass        0x0800e0a7   Thumb Code    36  fast_no_motion.o(.text)
    inv_fast_nomot_get_time_elaps            0x0800e0cb   Thumb Code     8  fast_no_motion.o(.text)
    inv_fast_nomot_parameter_compass         0x0800e0d3   Thumb Code    22  fast_no_motion.o(.text)
    inv_get_right_shift_by_rounding          0x0800e0e9   Thumb Code    76  fast_no_motion.o(.text)
    inv_reset_min_max_gyro_accel_statistics  0x0800e135   Thumb Code    38  fast_no_motion.o(.text)
    inv_record_max_moment_in_no_motion_gyro  0x0800e15b   Thumb Code    32  fast_no_motion.o(.text)
    inv_record_max_moment_in_no_motion_accel 0x0800e17b   Thumb Code    32  fast_no_motion.o(.text)
    inv_record_min_moment_in_motion_gyro     0x0800e19b   Thumb Code    34  fast_no_motion.o(.text)
    inv_record_min_moment_in_motion_accel    0x0800e1bd   Thumb Code    34  fast_no_motion.o(.text)
    inv_detect_motion_by_gyro_accel          0x0800e1df   Thumb Code   214  fast_no_motion.o(.text)
    inv_sensor_data_preprocess               0x0800e2b5   Thumb Code   132  fast_no_motion.o(.text)
    inv_generate_fast_nomot                  0x0800e339   Thumb Code   504  fast_no_motion.o(.text)
    inv_set_default_number_of_samples        0x0800e531   Thumb Code    62  fast_no_motion.o(.text)
    inv_init_fast_nomot                      0x0800e56f   Thumb Code    78  fast_no_motion.o(.text)
    inv_start_fast_nomot                     0x0800e5bd   Thumb Code    56  fast_no_motion.o(.text)
    inv_stop_fast_nomot                      0x0800e5f5   Thumb Code    20  fast_no_motion.o(.text)
    inv_enable_fast_nomot                    0x0800e609   Thumb Code    24  fast_no_motion.o(.text)
    inv_disable_fast_nomot                   0x0800e621   Thumb Code    18  fast_no_motion.o(.text)
    inv_get_fnm_gyro_no_motion_param         0x0800e633   Thumb Code     8  fast_no_motion.o(.text)
    inv_fnm_debug_print                      0x0800e63b   Thumb Code     2  fast_no_motion.o(.text)
    inv_filter_correction_angle              0x0800e719   Thumb Code   374  fusion_9axis.o(.text)
    inv_perform_9x_fusion                    0x0800e88f   Thumb Code   894  fusion_9axis.o(.text)
    inv_process_9x_sensor_fusion_cb          0x0800ec0d   Thumb Code   120  fusion_9axis.o(.text)
    inv_init_9x_fusion                       0x0800ec85   Thumb Code    52  fusion_9axis.o(.text)
    inv_9x_fusion_set_mag_fb                 0x0800ecb9   Thumb Code    10  fusion_9axis.o(.text)
    inv_9x_fusion_enable_jitter_reduction    0x0800ecc3   Thumb Code    10  fusion_9axis.o(.text)
    inv_9x_fusion_use_timestamps             0x0800eccd   Thumb Code    10  fusion_9axis.o(.text)
    inv_start_9x_sensor_fusion               0x0800ecd7   Thumb Code    14  fusion_9axis.o(.text)
    inv_stop_9x_sensor_fusion                0x0800ece5   Thumb Code     8  fusion_9axis.o(.text)
    inv_enable_9x_sensor_fusion              0x0800eced   Thumb Code    30  fusion_9axis.o(.text)
    inv_disable_9x_sensor_fusion             0x0800ed0b   Thumb Code     8  fusion_9axis.o(.text)
    inv_init_gyro_ts                         0x0800f09d   Thumb Code    46  gyro_tc.o(.text)
    inv_set_gtc_max_temp                     0x0800f0cb   Thumb Code    10  gyro_tc.o(.text)
    inv_set_gtc_min_temp                     0x0800f0d5   Thumb Code    10  gyro_tc.o(.text)
    inv_set_gtc_min_diff                     0x0800f0df   Thumb Code    10  gyro_tc.o(.text)
    inv_get_gyro_ts                          0x0800f0e9   Thumb Code    44  gyro_tc.o(.text)
    inv_set_gyro_ts                          0x0800f115   Thumb Code     4  gyro_tc.o(.text)
    inv_set_gtc_order                        0x0800f119   Thumb Code    16  gyro_tc.o(.text)
    inv_print_gtc_data                       0x0800f129   Thumb Code    62  gyro_tc.o(.text)
    inv_start_gyro_tc                        0x0800f167   Thumb Code    10  gyro_tc.o(.text)
    inv_stop_gyro_tc                         0x0800f171   Thumb Code     6  gyro_tc.o(.text)
    inv_enable_gyro_tc                       0x0800f177   Thumb Code    48  gyro_tc.o(.text)
    inv_disable_gyro_tc                      0x0800f1a7   Thumb Code    40  gyro_tc.o(.text)
    inv_set_magnetic_disturbance             0x0800f1e1   Thumb Code    16  mag_disturb.o(.text)
    inv_init_magnetic_disturbance            0x0800f1f1   Thumb Code    68  mag_disturb.o(.text)
    MagDisturbSetDisturbance                 0x0800f235   Thumb Code   108  mag_disturb.o(.text)
    MagDisturbCheckSettling                  0x0800f2a1   Thumb Code    68  mag_disturb.o(.text)
    ComputeAngleVelocity                     0x0800f2e5   Thumb Code    94  mag_disturb.o(.text)
    inv_disable_dip_tracking                 0x0800f343   Thumb Code    10  mag_disturb.o(.text)
    Mag3ofNormalizedLong                     0x0800f34d   Thumb Code    60  mag_disturb.o(.text)
    inv_track_dip_angle                      0x0800f389   Thumb Code   126  mag_disturb.o(.text)
    inv_check_magnetic_disturbance           0x0800f407   Thumb Code   758  mag_disturb.o(.text)
    inv_magnetic_disturbance_process         0x0800f6fd   Thumb Code    50  mag_disturb.o(.text)
    inv_start_magnetic_disturbance           0x0800f72f   Thumb Code    14  mag_disturb.o(.text)
    inv_stop_magnetic_disturbance            0x0800f73d   Thumb Code     8  mag_disturb.o(.text)
    inv_enable_magnetic_disturbance          0x0800f745   Thumb Code    40  mag_disturb.o(.text)
    inv_disable_magnetic_disturbance         0x0800f76d   Thumb Code    22  mag_disturb.o(.text)
    inv_enable_dip_tracking                  0x0800f783   Thumb Code    14  mag_disturb.o(.text)
    inv_get_magnetic_disturbance_state       0x0800f791   Thumb Code     8  mag_disturb.o(.text)
    inv_generate_gyro_quaternion             0x0800fb59   Thumb Code   348  quaternion_supervisor.o(.text)
    inv_set_quaternion                       0x0800fe6b   Thumb Code    36  quaternion_supervisor.o(.text)
    inv_generate_accel_gyro_quaternion       0x0800fe8f   Thumb Code   468  quaternion_supervisor.o(.text)
    inv_stop_quaternion                      0x080100a7   Thumb Code     6  quaternion_supervisor.o(.text)
    inv_init_quaternion                      0x080100ad   Thumb Code    34  quaternion_supervisor.o(.text)
    inv_start_quaternion                     0x080100cf   Thumb Code    34  quaternion_supervisor.o(.text)
    inv_enable_quaternion                    0x080100f1   Thumb Code    24  quaternion_supervisor.o(.text)
    inv_disable_quaternion                   0x08010109   Thumb Code    20  quaternion_supervisor.o(.text)
    arm_cos_f32                              0x08010135   Thumb Code   108  arm_cos_f32.o(.text)
    arm_sin_f32                              0x080101ad   Thumb Code   104  arm_sin_f32.o(.text)
    __aeabi_ldivmod                          0x08010221   Thumb Code    98  ldiv.o(.text)
    __aeabi_llsl                             0x08010283   Thumb Code    30  llshl.o(.text)
    _ll_shift_l                              0x08010283   Thumb Code     0  llshl.o(.text)
    __aeabi_lasr                             0x080102a1   Thumb Code    36  llsshr.o(.text)
    _ll_sshift_r                             0x080102a1   Thumb Code     0  llsshr.o(.text)
    ___aeabi_memcpy8$move                    0x080102c5   Thumb Code     0  memmovea.o(.text)
    __aeabi_memcpy                           0x080102c5   Thumb Code    64  memmovea.o(.text)
    __aeabi_memcpy4                          0x080102c5   Thumb Code     0  memmovea.o(.text)
    __aeabi_memmove                          0x080102c5   Thumb Code     0  memmovea.o(.text)
    __aeabi_memmove4                         0x080102c5   Thumb Code     0  memmovea.o(.text)
    __aeabi_memmove8                         0x080102c5   Thumb Code     0  memmovea.o(.text)
    __aeabi_memset                           0x08010305   Thumb Code    14  memseta.o(.text)
    __aeabi_memset4                          0x08010305   Thumb Code     0  memseta.o(.text)
    __aeabi_memset8                          0x08010305   Thumb Code     0  memseta.o(.text)
    __aeabi_memclr                           0x08010313   Thumb Code     4  memseta.o(.text)
    __aeabi_memclr4                          0x08010313   Thumb Code     0  memseta.o(.text)
    __aeabi_memclr8                          0x08010313   Thumb Code     0  memseta.o(.text)
    _memset$wrapper                          0x08010317   Thumb Code    18  memseta.o(.text)
    strlen                                   0x08010329   Thumb Code    14  strlen.o(.text)
    memcmp                                   0x08010337   Thumb Code    26  memcmp.o(.text)
    strcpy                                   0x08010351   Thumb Code    18  strcpy.o(.text)
    __aeabi_dadd                             0x08010363   Thumb Code   322  dadd.o(.text)
    __aeabi_dsub                             0x080104a5   Thumb Code     6  dadd.o(.text)
    __aeabi_drsub                            0x080104ab   Thumb Code     6  dadd.o(.text)
    __aeabi_dmul                             0x080104b1   Thumb Code   228  dmul.o(.text)
    __aeabi_ddiv                             0x08010595   Thumb Code   222  ddiv.o(.text)
    __aeabi_l2f                              0x08010673   Thumb Code    44  ffltl.o(.text)
    __aeabi_ul2f                             0x0801069f   Thumb Code    28  ffltul.o(.text)
    __aeabi_i2d                              0x080106bb   Thumb Code    34  dflti.o(.text)
    __aeabi_ul2d                             0x080106dd   Thumb Code    24  dfltul.o(.text)
    __aeabi_f2lz                             0x080106f5   Thumb Code    66  ffixl.o(.text)
    __aeabi_d2iz                             0x08010737   Thumb Code    62  dfixi.o(.text)
    __aeabi_f2d                              0x08010775   Thumb Code    38  f2d.o(.text)
    __aeabi_cdcmpeq                          0x0801079d   Thumb Code     0  cdcmple.o(.text)
    __aeabi_cdcmple                          0x0801079d   Thumb Code    48  cdcmple.o(.text)
    __aeabi_cdrcmple                         0x080107cd   Thumb Code    48  cdrcmple.o(.text)
    __aeabi_d2f                              0x080107fd   Thumb Code    56  d2f.o(.text)
    __aeabi_uidiv                            0x08010835   Thumb Code     0  uidiv.o(.text)
    __aeabi_uidivmod                         0x08010835   Thumb Code    44  uidiv.o(.text)
    __aeabi_uldivmod                         0x08010861   Thumb Code    98  uldiv.o(.text)
    __aeabi_llsr                             0x080108c3   Thumb Code    32  llushr.o(.text)
    _ll_ushift_r                             0x080108c3   Thumb Code     0  llushr.o(.text)
    __I$use$fp                               0x080108e3   Thumb Code     0  iusefp.o(.text)
    _float_round                             0x080108e3   Thumb Code    18  fepilogue.o(.text)
    _float_epilogue                          0x080108f5   Thumb Code    92  fepilogue.o(.text)
    _double_round                            0x08010951   Thumb Code    30  depilogue.o(.text)
    _double_epilogue                         0x0801096f   Thumb Code   156  depilogue.o(.text)
    _dsqrt                                   0x08010a0b   Thumb Code   162  dsqrt.o(.text)
    __aeabi_d2ulz                            0x08010aad   Thumb Code    48  dfixul.o(.text)
    __scatterload                            0x08010add   Thumb Code    28  init.o(.text)
    __scatterload_rt2                        0x08010add   Thumb Code     0  init.o(.text)
    __decompress                             0x08010b01   Thumb Code     0  __dczerorl2.o(.text)
    __decompress1                            0x08010b01   Thumb Code    86  __dczerorl2.o(.text)
    __0printf                                0x08010b59   Thumb Code    22  printfa.o(i.__0printf)
    __1printf                                0x08010b59   Thumb Code     0  printfa.o(i.__0printf)
    __2printf                                0x08010b59   Thumb Code     0  printfa.o(i.__0printf)
    __c89printf                              0x08010b59   Thumb Code     0  printfa.o(i.__0printf)
    printf                                   0x08010b59   Thumb Code     0  printfa.o(i.__0printf)
    __0sprintf                               0x08010b79   Thumb Code    34  printfa.o(i.__0sprintf)
    __1sprintf                               0x08010b79   Thumb Code     0  printfa.o(i.__0sprintf)
    __2sprintf                               0x08010b79   Thumb Code     0  printfa.o(i.__0sprintf)
    __c89sprintf                             0x08010b79   Thumb Code     0  printfa.o(i.__0sprintf)
    sprintf                                  0x08010b79   Thumb Code     0  printfa.o(i.__0sprintf)
    __0vsprintf                              0x08010ba1   Thumb Code    30  printfa.o(i.__0vsprintf)
    __1vsprintf                              0x08010ba1   Thumb Code     0  printfa.o(i.__0vsprintf)
    __2vsprintf                              0x08010ba1   Thumb Code     0  printfa.o(i.__0vsprintf)
    __c89vsprintf                            0x08010ba1   Thumb Code     0  printfa.o(i.__0vsprintf)
    vsprintf                                 0x08010ba1   Thumb Code     0  printfa.o(i.__0vsprintf)
    __ARM_fpclassify                         0x08010bc5   Thumb Code    48  fpclassify.o(i.__ARM_fpclassify)
    __ARM_fpclassifyf                        0x08010bf5   Thumb Code    38  fpclassifyf.o(i.__ARM_fpclassifyf)
    __hardfp_acos                            0x08010c21   Thumb Code   738  acos.o(i.__hardfp_acos)
    __hardfp_acosf                           0x08010f79   Thumb Code   234  acosf.o(i.__hardfp_acosf)
    __hardfp_asin                            0x08011091   Thumb Code   770  asin.o(i.__hardfp_asin)
    __hardfp_atan                            0x080113f1   Thumb Code   622  atan.o(i.__hardfp_atan)
    __hardfp_atan2                           0x080116c9   Thumb Code   432  atan2.o(i.__hardfp_atan2)
    __hardfp_atan2f                          0x080118b9   Thumb Code   502  atan2f.o(i.__hardfp_atan2f)
    __hardfp_cosf                            0x08011b09   Thumb Code   280  cosf.o(i.__hardfp_cosf)
    __hardfp_fabs                            0x08011c59   Thumb Code    20  fabs.o(i.__hardfp_fabs)
    __hardfp_sinf                            0x08011c6d   Thumb Code   344  sinf.o(i.__hardfp_sinf)
    __hardfp_sqrt                            0x08011dfd   Thumb Code   122  sqrt_full.o(i.__hardfp_sqrt)
    __hardfp_sqrtf                           0x08011e77   Thumb Code    58  sqrtf_full.o(i.__hardfp_sqrtf)
    __kernel_poly                            0x08011eb1   Thumb Code   248  poly.o(i.__kernel_poly)
    __mathlib_dbl_infnan                     0x08011fa9   Thumb Code    20  dunder.o(i.__mathlib_dbl_infnan)
    __mathlib_dbl_infnan2                    0x08011fbd   Thumb Code    20  dunder.o(i.__mathlib_dbl_infnan2)
    __mathlib_dbl_invalid                    0x08011fd1   Thumb Code    24  dunder.o(i.__mathlib_dbl_invalid)
    __mathlib_dbl_underflow                  0x08011ff1   Thumb Code    24  dunder.o(i.__mathlib_dbl_underflow)
    __mathlib_flt_infnan                     0x08012011   Thumb Code     6  funder.o(i.__mathlib_flt_infnan)
    __mathlib_flt_infnan2                    0x08012017   Thumb Code     6  funder.o(i.__mathlib_flt_infnan2)
    __mathlib_flt_invalid                    0x0801201d   Thumb Code    10  funder.o(i.__mathlib_flt_invalid)
    __mathlib_flt_underflow                  0x0801202d   Thumb Code    10  funder.o(i.__mathlib_flt_underflow)
    __mathlib_rredf2                         0x0801203d   Thumb Code   316  rredf.o(i.__mathlib_rredf2)
    __scatterload_copy                       0x08012191   Thumb Code    14  handlers.o(i.__scatterload_copy)
    __scatterload_null                       0x0801219f   Thumb Code     2  handlers.o(i.__scatterload_null)
    __scatterload_zeroinit                   0x080121a1   Thumb Code    14  handlers.o(i.__scatterload_zeroinit)
    __set_errno                              0x080121b1   Thumb Code     6  errno.o(i.__set_errno)
    atan                                     0x08012a79   Thumb Code    16  atan.o(i.atan)
    fabs                                     0x08012a89   Thumb Code    24  fabs.o(i.fabs)
    sqrt                                     0x08012aa1   Thumb Code   110  sqrt_full.o(i.sqrt)
    sqrtf                                    0x08012b0f   Thumb Code    62  sqrtf_full.o(i.sqrtf)
    ml_ver                                   0x08012b4c   Data          20  mpl.o(.constdata)
    sin_lookup                               0x08012b7c   Data        1024  ml_math_func.o(.constdata)
    reg                                      0x08012f7c   Data          30  inv_mpu.o(.constdata)
    hw                                       0x08012f9a   Data          12  inv_mpu.o(.constdata)
    test                                     0x08012fa8   Data          48  inv_mpu.o(.constdata)
    sinTable_f32                             0x08013dd0   Data        2052  arm_common_tables.o(.constdata)
    __mathlib_zero                           0x08014710   Data           8  qnan.o(.constdata)
    Region$$Table$$Base                      0x08014788   Number         0  anon$$obj.o(Region$$Table)
    Region$$Table$$Limit                     0x080147a8   Number         0  anon$$obj.o(Region$$Table)
    mpl_key                                  0x20000004   Data           4  inv_mpu.o(.data)
    SystemCoreClock                          0x20000040   Data           4  system_stm32f4xx.o(.data)
    AHBPrescTable                            0x20000044   Data          16  system_stm32f4xx.o(.data)
    xHandleTaskLED                           0x20000054   Data           4  task_config.o(.data)
    xHandleTaskStart                         0x20000058   Data           4  task_config.o(.data)
    xHandleTaskCANParse                      0x2000005c   Data           4  task_config.o(.data)
    xHandleTaskControl                       0x20000060   Data           4  task_config.o(.data)
    xHandleTaskUSARTParse                    0x20000064   Data           4  task_config.o(.data)
    xHandleTaskRCParse                       0x20000068   Data           4  task_config.o(.data)
    xHandleTaskIMUData                       0x2000006c   Data           4  task_config.o(.data)
    xHandleTaskPCParse                       0x20000070   Data           4  task_config.o(.data)
    s_control_cycle                          0x20000074   Data           3  task_control.o(.data)
    pxCurrentTCB                             0x200000ec   Data           4  tasks.o(.data)
    __stdout                                 0x20000154   Data           4  stdout.o(.data)
    g_DMA_Dbus_Buff                          0x2000015c   Data          18  bsp_dma.o(.bss)
    g_DMA_Judge_Send_Buff                    0x2000016e   Data         255  bsp_dma.o(.bss)
    g_DMA_Judge_Reve_Buff                    0x2000026d   Data         255  bsp_dma.o(.bss)
    g_DMA_MiniPC_Reve_Buff                   0x2000036c   Data          30  bsp_dma.o(.bss)
    g_DMA_MiniPC_Send_Buff                   0x2000038a   Data          30  bsp_dma.o(.bss)
    s_rx_message                             0x2000092c   Data          20  stm32f4xx_it.o(.bss)
    robot_status                             0x20000940   Data          13  robotstatus.o(.bss)
    g_imu_data                               0x20000960   Data          40  drive_imu.o(.bss)
    g_rc_control                             0x200009d0   Data          48  drive_rc.o(.bss)
    g_infc                                   0x20000a00   Data        1296  drive_control.o(.bss)
    g_speed_target                           0x20000f10   Data          36  drive_control.o(.bss)
    g_angle_target                           0x20000f7c   Data          36  drive_control.o(.bss)
    chassis_move                             0x20000fa0   Data         120  drive_chassis.o(.bss)
    judge_data                               0x20001018   Data          16  drive_judge.o(.bss)
    minipc_data                              0x20001068   Data          16  drive_usart.o(.bss)
    g_data_3510                              0x20001078   Data          16  motor_chassis.o(.bss)
    g_data_6623                              0x2000109c   Data          32  motor_cradle_head.o(.bss)
    g_data_2006                              0x200010bc   Data          28  motor_cradle_head.o(.bss)
    xQueueRegistry                           0x200013e4   Data          64  queue.o(.bss)
    fnm                                      0x20006428   Data         608  fast_no_motion.o(.bss)
    s9axis                                   0x200066c8   Data         312  fusion_9axis.o(.bss)
    mag_disturb                              0x200069c4   Data         184  mag_disturb.o(.bss)
    __initial_sp                             0x20006ee8   Data           0  startup_stm32f427xx.o(STACK)



==============================================================================

Memory Map of the image

  Image Entry point : 0x080001ad

  Load Region LR_IROM1 (Base: 0x08000000, Size: 0x00014904, Max: 0x00200000, ABSOLUTE, COMPRESSED[0x000147e4])

    Execution Region ER_IROM1 (Exec base: 0x08000000, Load base: 0x08000000, Size: 0x000147a8, Max: 0x00200000, ABSOLUTE)

    Exec Addr    Load Addr    Size         Type   Attr      Idx    E Section Name        Object

    0x08000000   0x08000000   0x000001ac   Data   RO          879    RESET               startup_stm32f427xx.o
    0x080001ac   0x080001ac   0x00000000   Code   RO         2307  * .ARM.Collect$$$$00000000  mc_w.l(entry.o)
    0x080001ac   0x080001ac   0x00000004   Code   RO         2671    .ARM.Collect$$$$00000001  mc_w.l(entry2.o)
    0x080001b0   0x080001b0   0x00000004   Code   RO         2674    .ARM.Collect$$$$00000004  mc_w.l(entry5.o)
    0x080001b4   0x080001b4   0x00000000   Code   RO         2676    .ARM.Collect$$$$00000008  mc_w.l(entry7b.o)
    0x080001b4   0x080001b4   0x00000000   Code   RO         2678    .ARM.Collect$$$$0000000A  mc_w.l(entry8b.o)
    0x080001b4   0x080001b4   0x00000008   Code   RO         2679    .ARM.Collect$$$$0000000B  mc_w.l(entry9a.o)
    0x080001bc   0x080001bc   0x00000000   Code   RO         2681    .ARM.Collect$$$$0000000D  mc_w.l(entry10a.o)
    0x080001bc   0x080001bc   0x00000000   Code   RO         2683    .ARM.Collect$$$$0000000F  mc_w.l(entry11a.o)
    0x080001bc   0x080001bc   0x00000004   Code   RO         2672    .ARM.Collect$$$$00002712  mc_w.l(entry2.o)
    0x080001c0   0x080001c0   0x000000b6   Code   RO         1612    .emb_text           port.o
    0x08000276   0x08000276   0x00000002   PAD
    0x08000278   0x08000278   0x00000110   Code   RO            3    .text               bsp_can.o
    0x08000388   0x08000388   0x000000fc   Code   RO          149    .text               bsp_time.o
    0x08000484   0x08000484   0x00000308   Code   RO          172    .text               bsp_gpio.o
    0x0800078c   0x0800078c   0x000000fc   Code   RO          198    .text               bsp_usart.o
    0x08000888   0x08000888   0x000001d0   Code   RO          221    .text               bsp_dma.o
    0x08000a58   0x08000a58   0x00000158   Code   RO          247    .text               bsp_nvic.o
    0x08000bb0   0x08000bb0   0x00000024   Code   RO          270    .text               bsp_delay.o
    0x08000bd4   0x08000bd4   0x000000d4   Code   RO          291    .text               mpl.o
    0x08000ca8   0x08000ca8   0x000002cc   Code   RO          359    .text               log_stm32.o
    0x08000f74   0x08000f74   0x00000a48   Code   RO          419    .text               data_builder.o
    0x080019bc   0x080019bc   0x000003a8   Code   RO          441    .text               empl_outputs.o
    0x08001d64   0x08001d64   0x00000024   Code   RO          458    .text               message_layer.o
    0x08001d88   0x08001d88   0x00000d28   Code   RO          472    .text               ml_math_func.o
    0x08002ab0   0x08002ab0   0x000003a8   Code   RO          491    .text               results_holder.o
    0x08002e58   0x08002e58   0x00002a20   Code   RO          508    .text               inv_mpu.o
    0x08005878   0x08005878   0x00000094   Code   RO          624    .text               start_manager.o
    0x0800590c   0x0800590c   0x000001a0   Code   RO          638    .text               storage_manager.o
    0x08005aac   0x08005aac   0x00000a84   Code   RO          654    .text               inv_mpu_dmp_motion_driver.o
    0x08006530   0x08006530   0x00000038   Code   RO          688    .text               main.o
    0x08006568   0x08006568   0x00000050   Code   RO          767    .text               sysconfig.o
    0x080065b8   0x080065b8   0x000002d8   Code   RO          787    .text               stm32f4xx_it.o
    0x08006890   0x08006890   0x0000001c   Code   RO          827    .text               robotstatus.o
    0x080068ac   0x080068ac   0x0000019c   Code   RO          853    .text               system_stm32f4xx.o
    0x08006a48   0x08006a48   0x00000024   Code   RO          880    .text               startup_stm32f427xx.o
    0x08006a6c   0x08006a6c   0x00000204   Code   RO          886    .text               math_pid.o
    0x08006c70   0x08006c70   0x00000184   Code   RO          907    .text               math_tool.o
    0x08006df4   0x08006df4   0x00000170   Code   RO          932    .text               task_config.o
    0x08006f64   0x08006f64   0x0000005c   Code   RO          970    .text               task_control.o
    0x08006fc0   0x08006fc0   0x00000048   Code   RO         1017    .text               task_can_parse.o
    0x08007008   0x08007008   0x0000000c   Code   RO         1037    .text               task_usart_parse.o
    0x08007014   0x08007014   0x00000012   Code   RO         1057    .text               task_rc_parse.o
    0x08007026   0x08007026   0x00000002   PAD
    0x08007028   0x08007028   0x0000009c   Code   RO         1077    .text               task_imudata.o
    0x080070c4   0x080070c4   0x0000002c   Code   RO         1101    .text               task_pc_parse.o
    0x080070f0   0x080070f0   0x000000b0   Code   RO         1121    .text               misc.o
    0x080071a0   0x080071a0   0x00000708   Code   RO         1141    .text               stm32f4xx_can.o
    0x080078a8   0x080078a8   0x00000488   Code   RO         1161    .text               stm32f4xx_rcc.o
    0x08007d30   0x08007d30   0x000009dc   Code   RO         1183    .text               stm32f4xx_tim.o
    0x0800870c   0x0800870c   0x00000320   Code   RO         1204    .text               stm32f4xx_dma.o
    0x08008a2c   0x08008a2c   0x000000e0   Code   RO         1224    .text               stm32f4xx_exti.o
    0x08008b0c   0x08008b0c   0x0000020c   Code   RO         1244    .text               stm32f4xx_gpio.o
    0x08008d18   0x08008d18   0x00000358   Code   RO         1264    .text               stm32f4xx_usart.o
    0x08009070   0x08009070   0x0000007c   Code   RO         1284    .text               stm32f4xx_syscfg.o
    0x080090ec   0x080090ec   0x00000468   Code   RO         1304    .text               drive_imu.o
    0x08009554   0x08009554   0x0000035c   Code   RO         1331    .text               drive_gimble.o
    0x080098b0   0x080098b0   0x00000180   Code   RO         1353    .text               drive_rc.o
    0x08009a30   0x08009a30   0x0000006c   Code   RO         1381    .text               drive_delay.o
    0x08009a9c   0x08009a9c   0x00000be0   Code   RO         1405    .text               drive_control.o
    0x0800a67c   0x0800a67c   0x00000498   Code   RO         1433    .text               drive_chassis.o
    0x0800ab14   0x0800ab14   0x00000090   Code   RO         1461    .text               drive_judge.o
    0x0800aba4   0x0800aba4   0x000004b0   Code   RO         1487    .text               drive_shoot.o
    0x0800b054   0x0800b054   0x00000110   Code   RO         1510    .text               drive_usart.o
    0x0800b164   0x0800b164   0x000000a4   Code   RO         1536    .text               motor_chassis.o
    0x0800b208   0x0800b208   0x00000240   Code   RO         1563    .text               motor_cradle_head.o
    0x0800b448   0x0800b448   0x00000088   Code   RO         1587    .text               list.o
    0x0800b4d0   0x0800b4d0   0x00000260   Code   RO         1613    .text               port.o
    0x0800b730   0x0800b730   0x0000134c   Code   RO         1643    .text               tasks.o
    0x0800ca7c   0x0800ca7c   0x00000518   Code   RO         1678    .text               timers.o
    0x0800cf94   0x0800cf94   0x00000aac   Code   RO         1696    .text               queue.o
    0x0800da40   0x0800da40   0x00000214   Code   RO         1724    .text               heap_4.o
    0x0800dc54   0x0800dc54   0x00000a18   Code   RO         1763    .text               libmpllib.lib(fast_no_motion.o)
    0x0800e66c   0x0800e66c   0x000006b0   Code   RO         1854    .text               libmpllib.lib(fusion_9axis.o)
    0x0800ed1c   0x0800ed1c   0x000004c4   Code   RO         1879    .text               libmpllib.lib(gyro_tc.o)
    0x0800f1e0   0x0800f1e0   0x000005c0   Code   RO         1900    .text               libmpllib.lib(mag_disturb.o)
    0x0800f7a0   0x0800f7a0   0x00000994   Code   RO         1922    .text               libmpllib.lib(quaternion_supervisor.o)
    0x08010134   0x08010134   0x00000078   Code   RO         1943    .text               arm_cortexM4lf_math.lib(arm_cos_f32.o)
    0x080101ac   0x080101ac   0x00000074   Code   RO         1996    .text               arm_cortexM4lf_math.lib(arm_sin_f32.o)
    0x08010220   0x08010220   0x00000062   Code   RO         2310    .text               mc_w.l(ldiv.o)
    0x08010282   0x08010282   0x0000001e   Code   RO         2312    .text               mc_w.l(llshl.o)
    0x080102a0   0x080102a0   0x00000024   Code   RO         2314    .text               mc_w.l(llsshr.o)
    0x080102c4   0x080102c4   0x00000040   Code   RO         2318    .text               mc_w.l(memmovea.o)
    0x08010304   0x08010304   0x00000024   Code   RO         2320    .text               mc_w.l(memseta.o)
    0x08010328   0x08010328   0x0000000e   Code   RO         2322    .text               mc_w.l(strlen.o)
    0x08010336   0x08010336   0x0000001a   Code   RO         2324    .text               mc_w.l(memcmp.o)
    0x08010350   0x08010350   0x00000012   Code   RO         2326    .text               mc_w.l(strcpy.o)
    0x08010362   0x08010362   0x0000014e   Code   RO         2593    .text               mf_w.l(dadd.o)
    0x080104b0   0x080104b0   0x000000e4   Code   RO         2595    .text               mf_w.l(dmul.o)
    0x08010594   0x08010594   0x000000de   Code   RO         2597    .text               mf_w.l(ddiv.o)
    0x08010672   0x08010672   0x0000002c   Code   RO         2599    .text               mf_w.l(ffltl.o)
    0x0801069e   0x0801069e   0x0000001c   Code   RO         2601    .text               mf_w.l(ffltul.o)
    0x080106ba   0x080106ba   0x00000022   Code   RO         2603    .text               mf_w.l(dflti.o)
    0x080106dc   0x080106dc   0x00000018   Code   RO         2605    .text               mf_w.l(dfltul.o)
    0x080106f4   0x080106f4   0x00000042   Code   RO         2607    .text               mf_w.l(ffixl.o)
    0x08010736   0x08010736   0x0000003e   Code   RO         2609    .text               mf_w.l(dfixi.o)
    0x08010774   0x08010774   0x00000026   Code   RO         2611    .text               mf_w.l(f2d.o)
    0x0801079a   0x0801079a   0x00000002   PAD
    0x0801079c   0x0801079c   0x00000030   Code   RO         2613    .text               mf_w.l(cdcmple.o)
    0x080107cc   0x080107cc   0x00000030   Code   RO         2615    .text               mf_w.l(cdrcmple.o)
    0x080107fc   0x080107fc   0x00000038   Code   RO         2617    .text               mf_w.l(d2f.o)
    0x08010834   0x08010834   0x0000002c   Code   RO         2686    .text               mc_w.l(uidiv.o)
    0x08010860   0x08010860   0x00000062   Code   RO         2688    .text               mc_w.l(uldiv.o)
    0x080108c2   0x080108c2   0x00000020   Code   RO         2690    .text               mc_w.l(llushr.o)
    0x080108e2   0x080108e2   0x00000000   Code   RO         2699    .text               mc_w.l(iusefp.o)
    0x080108e2   0x080108e2   0x0000006e   Code   RO         2700    .text               mf_w.l(fepilogue.o)
    0x08010950   0x08010950   0x000000ba   Code   RO         2702    .text               mf_w.l(depilogue.o)
    0x08010a0a   0x08010a0a   0x000000a2   Code   RO         2708    .text               mf_w.l(dsqrt.o)
    0x08010aac   0x08010aac   0x00000030   Code   RO         2710    .text               mf_w.l(dfixul.o)
    0x08010adc   0x08010adc   0x00000024   Code   RO         2712    .text               mc_w.l(init.o)
    0x08010b00   0x08010b00   0x00000056   Code   RO         2724    .text               mc_w.l(__dczerorl2.o)
    0x08010b56   0x08010b56   0x00000002   PAD
    0x08010b58   0x08010b58   0x00000020   Code   RO         2565    i.__0printf         mc_w.l(printfa.o)
    0x08010b78   0x08010b78   0x00000028   Code   RO         2567    i.__0sprintf        mc_w.l(printfa.o)
    0x08010ba0   0x08010ba0   0x00000024   Code   RO         2571    i.__0vsprintf       mc_w.l(printfa.o)
    0x08010bc4   0x08010bc4   0x00000030   Code   RO         2636    i.__ARM_fpclassify  m_wm.l(fpclassify.o)
    0x08010bf4   0x08010bf4   0x00000026   Code   RO         2638    i.__ARM_fpclassifyf  m_wm.l(fpclassifyf.o)
    0x08010c1a   0x08010c1a   0x00000006   PAD
    0x08010c20   0x08010c20   0x00000358   Code   RO         2099    i.__hardfp_acos     m_wm.l(acos.o)
    0x08010f78   0x08010f78   0x00000118   Code   RO         2113    i.__hardfp_acosf    m_wm.l(acosf.o)
    0x08011090   0x08011090   0x00000360   Code   RO         2125    i.__hardfp_asin     m_wm.l(asin.o)
    0x080113f0   0x080113f0   0x000002d8   Code   RO         2151    i.__hardfp_atan     m_wm.l(atan.o)
    0x080116c8   0x080116c8   0x000001f0   Code   RO         2165    i.__hardfp_atan2    m_wm.l(atan2.o)
    0x080118b8   0x080118b8   0x00000250   Code   RO         2177    i.__hardfp_atan2f   m_wm.l(atan2f.o)
    0x08011b08   0x08011b08   0x00000150   Code   RO         2207    i.__hardfp_cosf     m_wm.l(cosf.o)
    0x08011c58   0x08011c58   0x00000014   Code   RO         2219    i.__hardfp_fabs     m_wm.l(fabs.o)
    0x08011c6c   0x08011c6c   0x00000190   Code   RO         2271    i.__hardfp_sinf     m_wm.l(sinf.o)
    0x08011dfc   0x08011dfc   0x0000007a   Code   RO         2283    i.__hardfp_sqrt     m_wm.l(sqrt_full.o)
    0x08011e76   0x08011e76   0x0000003a   Code   RO         2289    i.__hardfp_sqrtf    m_wm.l(sqrtf_full.o)
    0x08011eb0   0x08011eb0   0x000000f8   Code   RO         2654    i.__kernel_poly     m_wm.l(poly.o)
    0x08011fa8   0x08011fa8   0x00000014   Code   RO         2623    i.__mathlib_dbl_infnan  m_wm.l(dunder.o)
    0x08011fbc   0x08011fbc   0x00000014   Code   RO         2624    i.__mathlib_dbl_infnan2  m_wm.l(dunder.o)
    0x08011fd0   0x08011fd0   0x00000020   Code   RO         2625    i.__mathlib_dbl_invalid  m_wm.l(dunder.o)
    0x08011ff0   0x08011ff0   0x00000020   Code   RO         2628    i.__mathlib_dbl_underflow  m_wm.l(dunder.o)
    0x08012010   0x08012010   0x00000006   Code   RO         2641    i.__mathlib_flt_infnan  m_wm.l(funder.o)
    0x08012016   0x08012016   0x00000006   Code   RO         2642    i.__mathlib_flt_infnan2  m_wm.l(funder.o)
    0x0801201c   0x0801201c   0x00000010   Code   RO         2643    i.__mathlib_flt_invalid  m_wm.l(funder.o)
    0x0801202c   0x0801202c   0x00000010   Code   RO         2646    i.__mathlib_flt_underflow  m_wm.l(funder.o)
    0x0801203c   0x0801203c   0x00000154   Code   RO         2662    i.__mathlib_rredf2  m_wm.l(rredf.o)
    0x08012190   0x08012190   0x0000000e   Code   RO         2718    i.__scatterload_copy  mc_w.l(handlers.o)
    0x0801219e   0x0801219e   0x00000002   Code   RO         2719    i.__scatterload_null  mc_w.l(handlers.o)
    0x080121a0   0x080121a0   0x0000000e   Code   RO         2720    i.__scatterload_zeroinit  mc_w.l(handlers.o)
    0x080121ae   0x080121ae   0x00000002   PAD
    0x080121b0   0x080121b0   0x0000000c   Code   RO         2694    i.__set_errno       mc_w.l(errno.o)
    0x080121bc   0x080121bc   0x00000184   Code   RO         2572    i._fp_digits        mc_w.l(printfa.o)
    0x08012340   0x08012340   0x000006dc   Code   RO         2573    i._printf_core      mc_w.l(printfa.o)
    0x08012a1c   0x08012a1c   0x00000024   Code   RO         2574    i._printf_post_padding  mc_w.l(printfa.o)
    0x08012a40   0x08012a40   0x0000002e   Code   RO         2575    i._printf_pre_padding  mc_w.l(printfa.o)
    0x08012a6e   0x08012a6e   0x0000000a   Code   RO         2577    i._sputc            mc_w.l(printfa.o)
    0x08012a78   0x08012a78   0x00000010   Code   RO         2153    i.atan              m_wm.l(atan.o)
    0x08012a88   0x08012a88   0x00000018   Code   RO         2221    i.fabs              m_wm.l(fabs.o)
    0x08012aa0   0x08012aa0   0x0000006e   Code   RO         2285    i.sqrt              m_wm.l(sqrt_full.o)
    0x08012b0e   0x08012b0e   0x0000003e   Code   RO         2291    i.sqrtf             m_wm.l(sqrtf_full.o)
    0x08012b4c   0x08012b4c   0x0000002f   Data   RO          292    .constdata          mpl.o
    0x08012b7b   0x08012b7b   0x00000001   PAD
    0x08012b7c   0x08012b7c   0x00000400   Data   RO          473    .constdata          ml_math_func.o
    0x08012f7c   0x08012f7c   0x0000001e   Data   RO          509    .constdata          inv_mpu.o
    0x08012f9a   0x08012f9a   0x0000000c   Data   RO          510    .constdata          inv_mpu.o
    0x08012fa6   0x08012fa6   0x00000002   PAD
    0x08012fa8   0x08012fa8   0x00000030   Data   RO          511    .constdata          inv_mpu.o
    0x08012fd8   0x08012fd8   0x00000200   Data   RO          512    .constdata          inv_mpu.o
    0x080131d8   0x080131d8   0x00000bf6   Data   RO          656    .constdata          inv_mpu_dmp_motion_driver.o
    0x08013dce   0x08013dce   0x00000002   PAD
    0x08013dd0   0x08013dd0   0x00000804   Data   RO         2076    .constdata          arm_cortexM4lf_math.lib(arm_common_tables.o)
    0x080145d4   0x080145d4   0x00000004   PAD
    0x080145d8   0x080145d8   0x00000050   Data   RO         2102    .constdata          m_wm.l(acos.o)
    0x08014628   0x08014628   0x00000050   Data   RO         2128    .constdata          m_wm.l(asin.o)
    0x08014678   0x08014678   0x00000098   Data   RO         2154    .constdata          m_wm.l(atan.o)
    0x08014710   0x08014710   0x00000008   Data   RO         2656    .constdata          m_wm.l(qnan.o)
    0x08014718   0x08014718   0x00000020   Data   RO         2663    .constdata          m_wm.l(rredf.o)
    0x08014738   0x08014738   0x00000044   Data   RO          421    .conststring        data_builder.o
    0x0801477c   0x0801477c   0x00000009   Data   RO          513    .conststring        inv_mpu.o
    0x08014785   0x08014785   0x00000003   PAD
    0x08014788   0x08014788   0x00000020   Data   RO         2716    Region$$Table       anon$$obj.o


    Execution Region RW_IRAM1 (Exec base: 0x20000000, Load base: 0x080147a8, Size: 0x00006ee8, Max: 0x00030000, ABSOLUTE, COMPRESSED[0x0000003c])

    Exec Addr    Load Addr    Size         Type   Attr      Idx    E Section Name        Object

    0x20000000   COMPRESSED   0x00000004   Data   RW          459    .data               message_layer.o
    0x20000004   COMPRESSED   0x00000004   Data   RW          514    .data               inv_mpu.o
    0x20000008   COMPRESSED   0x00000035   Data   RW          515    .data               inv_mpu.o
    0x2000003d   COMPRESSED   0x00000003   PAD
    0x20000040   COMPRESSED   0x00000014   Data   RW          854    .data               system_stm32f4xx.o
    0x20000054   COMPRESSED   0x00000020   Data   RW          933    .data               task_config.o
    0x20000074   COMPRESSED   0x00000003   Data   RW          971    .data               task_control.o
    0x20000077   COMPRESSED   0x00000010   Data   RW         1162    .data               stm32f4xx_rcc.o
    0x20000087   COMPRESSED   0x00000006   Data   RW         1306    .data               drive_imu.o
    0x2000008d   COMPRESSED   0x00000003   PAD
    0x20000090   COMPRESSED   0x00000008   Data   RW         1355    .data               drive_rc.o
    0x20000098   COMPRESSED   0x00000038   Data   RW         1408    .data               drive_control.o
    0x200000d0   COMPRESSED   0x0000000c   Data   RW         1435    .data               drive_chassis.o
    0x200000dc   COMPRESSED   0x00000001   Data   RW         1489    .data               drive_shoot.o
    0x200000dd   COMPRESSED   0x00000003   PAD
    0x200000e0   COMPRESSED   0x0000000c   Data   RW         1614    .data               port.o
    0x200000ec   COMPRESSED   0x0000003c   Data   RW         1645    .data               tasks.o
    0x20000128   COMPRESSED   0x00000014   Data   RW         1680    .data               timers.o
    0x2000013c   COMPRESSED   0x00000018   Data   RW         1726    .data               heap_4.o
    0x20000154   COMPRESSED   0x00000004   Data   RW         2685    .data               mc_w.l(stdout.o)
    0x20000158   COMPRESSED   0x00000004   Data   RW         2695    .data               mc_w.l(errno.o)
    0x2000015c        -       0x0000024c   Zero   RW          222    .bss                bsp_dma.o
    0x200003a8        -       0x000002d8   Zero   RW          420    .bss                data_builder.o
    0x20000680        -       0x00000028   Zero   RW          442    .bss                empl_outputs.o
    0x200006a8        -       0x00000088   Zero   RW          492    .bss                results_holder.o
    0x20000730        -       0x00000054   Zero   RW          625    .bss                start_manager.o
    0x20000784        -       0x00000198   Zero   RW          639    .bss                storage_manager.o
    0x2000091c        -       0x00000010   Zero   RW          655    .bss                inv_mpu_dmp_motion_driver.o
    0x2000092c        -       0x00000014   Zero   RW          788    .bss                stm32f4xx_it.o
    0x20000940        -       0x0000000d   Zero   RW          828    .bss                robotstatus.o
    0x2000094d   COMPRESSED   0x00000003   PAD
    0x20000950        -       0x00000038   Zero   RW         1305    .bss                drive_imu.o
    0x20000988        -       0x00000048   Zero   RW         1332    .bss                drive_gimble.o
    0x200009d0        -       0x00000030   Zero   RW         1354    .bss                drive_rc.o
    0x20000a00        -       0x0000057c   Zero   RW         1406    .bss                drive_control.o
    0x20000f7c        -       0x00000024   Zero   RW         1407    .bss                drive_control.o
    0x20000fa0        -       0x00000078   Zero   RW         1434    .bss                drive_chassis.o
    0x20001018        -       0x00000010   Zero   RW         1462    .bss                drive_judge.o
    0x20001028        -       0x00000040   Zero   RW         1488    .bss                drive_shoot.o
    0x20001068        -       0x00000010   Zero   RW         1511    .bss                drive_usart.o
    0x20001078        -       0x00000010   Zero   RW         1537    .bss                motor_chassis.o
    0x20001088        -       0x00000050   Zero   RW         1564    .bss                motor_cradle_head.o
    0x200010d8        -       0x000002e4   Zero   RW         1644    .bss                tasks.o
    0x200013bc        -       0x00000028   Zero   RW         1679    .bss                timers.o
    0x200013e4        -       0x00000040   Zero   RW         1697    .bss                queue.o
    0x20001424        -       0x00005000   Zero   RW         1725    .bss                heap_4.o
    0x20006424   COMPRESSED   0x00000004   PAD
    0x20006428        -       0x000002a0   Zero   RW         1764    .bss                libmpllib.lib(fast_no_motion.o)
    0x200066c8        -       0x00000138   Zero   RW         1855    .bss                libmpllib.lib(fusion_9axis.o)
    0x20006800        -       0x000001c4   Zero   RW         1880    .bss                libmpllib.lib(gyro_tc.o)
    0x200069c4        -       0x000000b8   Zero   RW         1901    .bss                libmpllib.lib(mag_disturb.o)
    0x20006a7c        -       0x0000006c   Zero   RW         1923    .bss                libmpllib.lib(quaternion_supervisor.o)
    0x20006ae8        -       0x00000400   Zero   RW          877    STACK               startup_stm32f427xx.o


==============================================================================

Image component sizes


      Code (inc. data)   RO Data    RW Data    ZI Data      Debug   Object Name

       272         10          0          0          0     312227   bsp_can.o
        36         10          0          0          0        435   bsp_delay.o
       464         34          0          0        588       1519   bsp_dma.o
       776         30          0          0          0       1004   bsp_gpio.o
       344         28          0          0          0        724   bsp_nvic.o
       252         12          0          0          0        720   bsp_time.o
       252         18          0          0          0        645   bsp_usart.o
      2632         60         68          0        728      19212   data_builder.o
      1176        108          0         12        120       7086   drive_chassis.o
      3040        284          0         56       1440       5001   drive_control.o
       108         14          0          0          0       1518   drive_delay.o
       860         94          0          0         72       3062   drive_gimble.o
      1128         40          0          6         56       5694   drive_imu.o
       144         12          0          0         16       1404   drive_judge.o
       384         26          0          8         48       1775   drive_rc.o
      1200        100          0          1         64       4387   drive_shoot.o
       272         40          0          0         16       1502   drive_usart.o
       936         50          0          0         40       5277   empl_outputs.o
       532         66          0         24      20480       3460   heap_4.o
     10784       1256        611         57          0      44241   inv_mpu.o
      2692        134       3062          0         16      16629   inv_mpu_dmp_motion_driver.o
       136          0          0          0          0       3354   list.o
       716         18          0          0          0       3212   log_stm32.o
        56         22          0          0          0       3311   main.o
       516          8          0          0          0       3440   math_pid.o
       388         14          0          0          0       8836   math_tool.o
        36          6          0          4          0       1406   message_layer.o
       176         12          0          0          0       1929   misc.o
      3368        108       1024          0          0      17087   ml_math_func.o
       164         10          0          0         16       1710   motor_chassis.o
       576         42          0          0         80       3007   motor_cradle_head.o
       212         50         47          0          0      10974   mpl.o
       790        104          0         12          0       8141   port.o
      2732         52          0          0         64      24992   queue.o
       936         16          0          0        136       9643   results_holder.o
        28          6          0          0         13       1944   robotstatus.o
       148          4          0          0         84       2210   start_manager.o
        36          8        428          0       1024        800   startup_stm32f427xx.o
      1800         44          0          0          0       8764   stm32f4xx_can.o
       800         32          0          0          0       6949   stm32f4xx_dma.o
       224         10          0          0          0       2383   stm32f4xx_exti.o
       524         44          0          0          0       4457   stm32f4xx_gpio.o
       728         82          0          0         20       3363   stm32f4xx_it.o
      1160         52          0         16          0      13332   stm32f4xx_rcc.o
       124         16          0          0          0       1881   stm32f4xx_syscfg.o
      2524         52          0          0          0      23978   stm32f4xx_tim.o
       856         32          0          0          0       8272   stm32f4xx_usart.o
       416          4          0          0        408       3538   storage_manager.o
        80          4          0          0          0        740   sysconfig.o
       412         40          0         20          0       1883   system_stm32f4xx.o
        72          6          0          0          0        532   task_can_parse.o
       368        142          0         32          0       1334   task_config.o
        92          6          0          3          0        773   task_control.o
       156         26          0          0          0        753   task_imudata.o
        44         24          0          0          0        871   task_pc_parse.o
        18          0          0          0          0        495   task_rc_parse.o
        12          0          0          0          0        474   task_usart_parse.o
      4940        180          0         60        740      33314   tasks.o
      1304        128          0         20         40      11432   timers.o

    ----------------------------------------------------------------------
     55956       3830       5280        340      26316     673036   Object Totals
         0          0         32          0          0          0   (incl. Generated)
         4          0          8          9          7          0   (incl. Padding)

    ----------------------------------------------------------------------

      Code (inc. data)   RO Data    RW Data    ZI Data      Debug   Library Member Name

         0          0       2052          0          0       4636   arm_common_tables.o
       120         12          0          0          0      16970   arm_cos_f32.o
       116         12          0          0          0        658   arm_sin_f32.o
      2584         42          0          0        672      20088   fast_no_motion.o
      1712         72          0          0        312       5636   fusion_9axis.o
      1220         32          0          0        452       5735   gyro_tc.o
      1472         48          0          0        184       7614   mag_disturb.o
      2452        130          0          0        108       5637   quaternion_supervisor.o
       856        118         80          0          0        288   acos.o
       280         46          0          0          0        176   acosf.o
       864         94         80          0          0        280   asin.o
       744        106        152          0          0        352   atan.o
       496         64          0          0          0        192   atan2.o
       592         90          0          0          0        184   atan2f.o
       336         56          0          0          0        136   cosf.o
       104         16          0          0          0        496   dunder.o
        44          0          0          0          0        248   fabs.o
        48          0          0          0          0        124   fpclassify.o
        38          0          0          0          0        116   fpclassifyf.o
        44         12          0          0          0        464   funder.o
       248          0          0          0          0        152   poly.o
         0          0          8          0          0          0   qnan.o
       340         24         32          0          0        160   rredf.o
       400         56          0          0          0        212   sinf.o
       232          0          0          0          0        296   sqrt_full.o
       120          0          0          0          0        272   sqrtf_full.o
        86          0          0          0          0          0   __dczerorl2.o
         0          0          0          0          0          0   entry.o
         0          0          0          0          0          0   entry10a.o
         0          0          0          0          0          0   entry11a.o
         8          4          0          0          0          0   entry2.o
         4          0          0          0          0          0   entry5.o
         0          0          0          0          0          0   entry7b.o
         0          0          0          0          0          0   entry8b.o
         8          4          0          0          0          0   entry9a.o
        12          6          0          4          0         68   errno.o
        30          0          0          0          0          0   handlers.o
        36          8          0          0          0         68   init.o
         0          0          0          0          0          0   iusefp.o
        98          0          0          0          0         84   ldiv.o
        30          0          0          0          0         68   llshl.o
        36          0          0          0          0         68   llsshr.o
        32          0          0          0          0         68   llushr.o
        26          0          0          0          0         80   memcmp.o
        64          0          0          0          0         76   memmovea.o
        36          0          0          0          0        108   memseta.o
      2344        102          0          0          0        684   printfa.o
         0          0          0          4          0          0   stdout.o
        18          0          0          0          0         68   strcpy.o
        14          0          0          0          0         68   strlen.o
        44          0          0          0          0         80   uidiv.o
        98          0          0          0          0         92   uldiv.o
        48          0          0          0          0         68   cdcmple.o
        48          0          0          0          0         68   cdrcmple.o
        56          0          0          0          0         88   d2f.o
       334          0          0          0          0        148   dadd.o
       222          0          0          0          0        100   ddiv.o
       186          0          0          0          0        176   depilogue.o
        62          0          0          0          0         80   dfixi.o
        48          0          0          0          0         68   dfixul.o
        34          0          0          0          0         76   dflti.o
        24          0          0          0          0         76   dfltul.o
       228          0          0          0          0         96   dmul.o
       162          0          0          0          0        100   dsqrt.o
        38          0          0          0          0         68   f2d.o
       110          0          0          0          0        168   fepilogue.o
        66          0          0          0          0         76   ffixl.o
        44          0          0          0          0         92   ffltl.o
        28          0          0          0          0         84   ffltul.o

    ----------------------------------------------------------------------
     20236       1154       2408          8       1728      74434   Library Totals
        12          0          4          0          0          0   (incl. Padding)

    ----------------------------------------------------------------------

      Code (inc. data)   RO Data    RW Data    ZI Data      Debug   Library Name

       236         24       2052          0          0      22264   arm_cortexM4lf_math.lib
      9440        324          0          0       1728      44710   libmpllib.lib
      5786        682        352          0          0       4148   m_wm.l
      3024        124          0          8          0       1680   mc_w.l
      1738          0          0          0          0       1632   mf_w.l

    ----------------------------------------------------------------------
     20236       1154       2408          8       1728      74434   Library Totals

    ----------------------------------------------------------------------

==============================================================================


      Code (inc. data)   RO Data    RW Data    ZI Data      Debug   

     76192       4984       7688        348      28044     727534   Grand Totals
     76192       4984       7688         60      28044     727534   ELF Image Totals (compressed)
     76192       4984       7688         60          0          0   ROM Totals

==============================================================================

    Total RO  Size (Code + RO Data)                83880 (  81.91kB)
    Total RW  Size (RW Data + ZI Data)             28392 (  27.73kB)
    Total ROM Size (Code + RO Data + RW Data)      83940 (  81.97kB)

==============================================================================

