Component: ARM Compiler 5.06 update 6 (build 750) Tool: armlink [4d35ed]

==============================================================================

Section Cross References

    bsp_can.o(.text) refers to stm32f4xx_rcc.o(.text) for RCC_APB1PeriphClockCmd
    bsp_can.o(.text) refers to stm32f4xx_can.o(.text) for CAN_DeInit
    bsp_time.o(.text) refers to stm32f4xx_rcc.o(.text) for RCC_APB1PeriphClockCmd
    bsp_time.o(.text) refers to stm32f4xx_tim.o(.text) for TIM_TimeBaseInit
    bsp_gpio.o(.text) refers to stm32f4xx_rcc.o(.text) for RCC_AHB1PeriphClockCmd
    bsp_gpio.o(.text) refers to stm32f4xx_gpio.o(.text) for GPIO_Init
    bsp_usart.o(.text) refers to stm32f4xx_rcc.o(.text) for RCC_APB2PeriphClockCmd
    bsp_usart.o(.text) refers to stm32f4xx_usart.o(.text) for USART_DeInit
    bsp_dma.o(.text) refers to stm32f4xx_rcc.o(.text) for RCC_AHB1PeriphClockCmd
    bsp_dma.o(.text) refers to stm32f4xx_dma.o(.text) for DMA_DeInit
    bsp_dma.o(.text) refers to bsp_dma.o(.bss) for .bss
    bsp_nvic.o(.text) refers to misc.o(.text) for NVIC_PriorityGroupConfig
    bsp_nvic.o(.text) refers to stm32f4xx_dma.o(.text) for DMA_ITConfig
    bsp_nvic.o(.text) refers to stm32f4xx_usart.o(.text) for USART_ITConfig
    bsp_nvic.o(.text) refers to stm32f4xx_can.o(.text) for CAN_ITConfig
    bsp_nvic.o(.text) refers to stm32f4xx_tim.o(.text) for TIM_ClearFlag
    main.o(.text) refers to sysconfig.o(.text) for SYS_Config_Init
    main.o(.text) refers to stm32f4xx_gpio.o(.text) for GPIO_ResetBits
    main.o(.text) refers to delay.o(.text) for delay_ms
    delay.o(.text) refers to misc.o(.text) for SysTick_CLKSourceConfig
    delay.o(.text) refers to delay.o(.data) for .data
    sysconfig.o(.text) refers to delay.o(.text) for delay_init
    sysconfig.o(.text) refers to bsp_gpio.o(.text) for BSP_GPIO_Init
    sysconfig.o(.text) refers to bsp_usart.o(.text) for BSP_USART_Init
    sysconfig.o(.text) refers to bsp_can.o(.text) for BSP_CAN_Init
    sysconfig.o(.text) refers to bsp_dma.o(.text) for BSP_DMA_Init
    sysconfig.o(.text) refers to bsp_time.o(.text) for BSP_TIME_Init
    sysconfig.o(.text) refers to bsp_nvic.o(.text) for BSP_NVIC_Init
    sysconfig.o(.text) refers to drive_control.o(.text) for Infan_Control_Init
    sysconfig.o(.text) refers to stm32f4xx_usart.o(.text) for USART_SendData
    stm32f4xx_it.o(.text) refers to stm32f4xx_dma.o(.text) for DMA_Cmd
    stm32f4xx_it.o(.text) refers to stm32f4xx_usart.o(.text) for USART_GetITStatus
    stm32f4xx_it.o(.text) refers to stm32f4xx_tim.o(.text) for TIM_GetITStatus
    stm32f4xx_it.o(.text) refers to drive_control.o(.text) for Speed_2006_Control
    stm32f4xx_it.o(.text) refers to stm32f4xx_can.o(.text) for CAN_GetITStatus
    stm32f4xx_it.o(.text) refers to motor_cradle_head_1.o(.text) for Get_2006_Offset_angle
    stm32f4xx_it.o(.text) refers to motor_chassis.o(.text) for Get_3510_data
    stm32f4xx_it.o(.text) refers to drive_rc.o(.text) for RC_Data_Parse
    stm32f4xx_it.o(.text) refers to bsp_dma.o(.bss) for g_DMA_Judge_Reve_Buff
    stm32f4xx_it.o(.text) refers to drive_control.o(.bss) for g_speed_target
    stm32f4xx_it.o(.text) refers to stm32f4xx_it.o(.data) for .data
    system_stm32f4xx.o(.text) refers to system_stm32f4xx.o(.data) for .data
    startup_stm32f427xx.o(RESET) refers to startup_stm32f427xx.o(STACK) for __initial_sp
    startup_stm32f427xx.o(RESET) refers to startup_stm32f427xx.o(.text) for Reset_Handler
    startup_stm32f427xx.o(RESET) refers to stm32f4xx_it.o(.text) for NMI_Handler
    startup_stm32f427xx.o(RESET) refers to port.o(.emb_text) for SVC_Handler
    startup_stm32f427xx.o(RESET) refers to port.o(.text) for SysTick_Handler
    startup_stm32f427xx.o(.text) refers to system_stm32f4xx.o(.text) for SystemInit
    startup_stm32f427xx.o(.text) refers to entry.o(.ARM.Collect$$$$00000000) for __main
    math_pid.o(.text) refers to math_tool.o(.text) for ConstrainFloat
    stm32f4xx_can.o(.text) refers to stm32f4xx_rcc.o(.text) for RCC_APB1PeriphResetCmd
    stm32f4xx_rcc.o(.text) refers to stm32f4xx_rcc.o(.data) for .data
    stm32f4xx_tim.o(.text) refers to stm32f4xx_rcc.o(.text) for RCC_APB2PeriphResetCmd
    stm32f4xx_gpio.o(.text) refers to stm32f4xx_rcc.o(.text) for RCC_AHB1PeriphResetCmd
    stm32f4xx_usart.o(.text) refers to stm32f4xx_rcc.o(.text) for RCC_APB2PeriphResetCmd
    drive_rc.o(.text) refers to bsp_dma.o(.bss) for g_DMA_Dbus_Buff
    drive_rc.o(.text) refers to drive_rc.o(.bss) for .bss
    drive_control.o(.text) refers to math_pid.o(.text) for PID_SetParam
    drive_control.o(.text) refers to math_tool.o(.text) for ApplyDeadbandFloat
    drive_control.o(.text) refers to motor_chassis.o(.text) for Cmd_3510_ESC
    drive_control.o(.text) refers to motor_cradle_head_1.o(.text) for Cmd_2006_ESC
    drive_control.o(.text) refers to drive_control.o(.bss) for .bss
    drive_control.o(.text) refers to motor_chassis.o(.bss) for g_data_3510
    drive_control.o(.text) refers to motor_cradle_head_1.o(.bss) for g_data_2006
[...]
    ../clib/microlib/printf/printf.c         0x00000000   Number         0  printf3.o ABSOLUTE
    ../clib/microlib/printf/printf.c         0x00000000   Number         0  printf2.o ABSOLUTE
    ../clib/microlib/printf/printf.c         0x00000000   Number         0  printf1.o ABSOLUTE
    ../clib/microlib/printf/printf.c         0x00000000   Number         0  printf0.o ABSOLUTE
    ../clib/microlib/printf/printf.c         0x00000000   Number         0  printfb.o ABSOLUTE
    ../clib/microlib/printf/stubs.s          0x00000000   Number         0  stubs.o ABSOLUTE
    ../clib/microlib/stdio/streams.c         0x00000000   Number         0  stdout.o ABSOLUTE
    ../clib/microlib/string/memcpy.c         0x00000000   Number         0  memcpyb.o ABSOLUTE
    ../clib/microlib/string/memcpy.c         0x00000000   Number         0  memcpya.o ABSOLUTE
    ../clib/microlib/string/memset.c         0x00000000   Number         0  memseta.o ABSOLUTE
    ../clib/microlib/string/strcpy.c         0x00000000   Number         0  strcpy.o ABSOLUTE
    ../clib/microlib/string/strlen.c         0x00000000   Number         0  strlen.o ABSOLUTE
    ../clib/microlib/stubs.s                 0x00000000   Number         0  iusefp.o ABSOLUTE
    ../fplib/microlib/fpadd.c                0x00000000   Number         0  dadd.o ABSOLUTE
    ../fplib/microlib/fpdiv.c                0x00000000   Number         0  ddiv.o ABSOLUTE
    ../fplib/microlib/fpepilogue.c           0x00000000   Number         0  depilogue.o ABSOLUTE
    ../fplib/microlib/fpfix.c                0x00000000   Number         0  dfixul.o ABSOLUTE
    ../fplib/microlib/fpmul.c                0x00000000   Number         0  dmul.o ABSOLUTE
    ..\BSP\bsp_can.c                         0x00000000   Number         0  bsp_can.o ABSOLUTE
    ..\BSP\bsp_dma.c                         0x00000000   Number         0  bsp_dma.o ABSOLUTE
    ..\BSP\bsp_gpio.c                        0x00000000   Number         0  bsp_gpio.o ABSOLUTE
    ..\BSP\bsp_nvic.c                        0x00000000   Number         0  bsp_nvic.o ABSOLUTE
    ..\BSP\bsp_time.c                        0x00000000   Number         0  bsp_time.o ABSOLUTE
    ..\BSP\bsp_usart.c                       0x00000000   Number         0  bsp_usart.o ABSOLUTE
    ..\CORE\startup_stm32f427xx.s            0x00000000   Number         0  startup_stm32f427xx.o ABSOLUTE
    ..\CORE\system_stm32f4xx.c               0x00000000   Number         0  system_stm32f4xx.o ABSOLUTE
    ..\DRIVE\drive_control.c                 0x00000000   Number         0  drive_control.o ABSOLUTE
    ..\DRIVE\drive_rc.c                      0x00000000   Number         0  drive_rc.o ABSOLUTE
    ..\FWLIB\src\misc.c                      0x00000000   Number         0  misc.o ABSOLUTE
    ..\FWLIB\src\stm32f4xx_can.c             0x00000000   Number         0  stm32f4xx_can.o ABSOLUTE
    ..\FWLIB\src\stm32f4xx_dma.c             0x00000000   Number         0  stm32f4xx_dma.o ABSOLUTE
    ..\FWLIB\src\stm32f4xx_exti.c            0x00000000   Number         0  stm32f4xx_exti.o ABSOLUTE
    ..\FWLIB\src\stm32f4xx_gpio.c            0x00000000   Number         0  stm32f4xx_gpio.o ABSOLUTE
    ..\FWLIB\src\stm32f4xx_rcc.c             0x00000000   Number         0  stm32f4xx_rcc.o ABSOLUTE
    ..\FWLIB\src\stm32f4xx_tim.c             0x00000000   Number         0  stm32f4xx_tim.o ABSOLUTE
    ..\FWLIB\src\stm32f4xx_usart.c           0x00000000   Number         0  stm32f4xx_usart.o ABSOLUTE
    ..\FreeRTOS\croutine.c                   0x00000000   Number         0  croutine.o ABSOLUTE
    ..\FreeRTOS\event_groups.c               0x00000000   Number         0  event_groups.o ABSOLUTE
    ..\FreeRTOS\list.c                       0x00000000   Number         0  list.o ABSOLUTE
    ..\FreeRTOS\portable\MemMang\heap_4.c    0x00000000   Number         0  heap_4.o ABSOLUTE
    ..\FreeRTOS\portable\RVDS\ARM_CM4F\port.c 0x00000000   Number         0  port.o ABSOLUTE
    ..\FreeRTOS\queue.c                      0x00000000   Number         0  queue.o ABSOLUTE
    ..\FreeRTOS\tasks.c                      0x00000000   Number         0  tasks.o ABSOLUTE
    ..\FreeRTOS\timers.c                     0x00000000   Number         0  timers.o ABSOLUTE
    ..\MATH\math_pid.c                       0x00000000   Number         0  math_pid.o ABSOLUTE
    ..\MATH\math_tool.c                      0x00000000   Number         0  math_tool.o ABSOLUTE
    ..\MOTOR\motor_chassis.c                 0x00000000   Number         0  motor_chassis.o ABSOLUTE
    ..\MOTOR\motor_cradle_head.c             0x00000000   Number         0  motor_cradle_head_1.o ABSOLUTE
    ..\USER\delay.c                          0x00000000   Number         0  delay.o ABSOLUTE
    ..\USER\main.c                           0x00000000   Number         0  main.o ABSOLUTE
    ..\USER\stm32f4xx_it.c                   0x00000000   Number         0  stm32f4xx_it.o ABSOLUTE
    ..\USER\sysconfig.c                      0x00000000   Number         0  sysconfig.o ABSOLUTE
    ..\\BSP\\bsp_can.c                       0x00000000   Number         0  bsp_can.o ABSOLUTE
    ..\\BSP\\bsp_dma.c                       0x00000000   Number         0  bsp_dma.o ABSOLUTE
    ..\\BSP\\bsp_gpio.c                      0x00000000   Number         0  bsp_gpio.o ABSOLUTE
    ..\\BSP\\bsp_nvic.c                      0x00000000   Number         0  bsp_nvic.o ABSOLUTE
    ..\\BSP\\bsp_time.c                      0x00000000   Number         0  bsp_time.o ABSOLUTE
    ..\\BSP\\bsp_usart.c                     0x00000000   Number         0  bsp_usart.o ABSOLUTE
    ..\\CORE\\system_stm32f4xx.c             0x00000000   Number         0  system_stm32f4xx.o ABSOLUTE
    ..\\DRIVE\\drive_control.c               0x00000000   Number         0  drive_control.o ABSOLUTE
    ..\\DRIVE\\drive_rc.c                    0x00000000   Number         0  drive_rc.o ABSOLUTE
    ..\\FWLIB\\src\\misc.c                   0x00000000   Number         0  misc.o ABSOLUTE
    ..\\FWLIB\\src\\stm32f4xx_can.c          0x00000000   Number         0  stm32f4xx_can.o ABSOLUTE
    ..\\FWLIB\\src\\stm32f4xx_dma.c          0x00000000   Number         0  stm32f4xx_dma.o ABSOLUTE
    ..\\FWLIB\\src\\stm32f4xx_exti.c         0x00000000   Number         0  stm32f4xx_exti.o ABSOLUTE
    ..\\FWLIB\\src\\stm32f4xx_gpio.c         0x00000000   Number         0  stm32f4xx_gpio.o ABSOLUTE
    ..\\FWLIB\\src\\stm32f4xx_rcc.c          0x00000000   Number         0  stm32f4xx_rcc.o ABSOLUTE
    ..\\FWLIB\\src\\stm32f4xx_tim.c          0x00000000   Number         0  stm32f4xx_tim.o ABSOLUTE
    ..\\FWLIB\\src\\stm32f4xx_usart.c        0x00000000   Number         0  stm32f4xx_usart.o ABSOLUTE
    ..\\FreeRTOS\\portable\\RVDS\\ARM_CM4F\\port.c 0x00000000   Number         0  port.o ABSOLUTE
    ..\\MATH\\math_pid.c                     0x00000000   Number         0  math_pid.o ABSOLUTE
    ..\\MATH\\math_tool.c                    0x00000000   Number         0  math_tool.o ABSOLUTE
    ..\\MOTOR\\motor_chassis.c               0x00000000   Number         0  motor_chassis.o ABSOLUTE
    ..\\MOTOR\\motor_cradle_head.c           0x00000000   Number         0  motor_cradle_head_1.o ABSOLUTE
    ..\\USER\\delay.c                        0x00000000   Number         0  delay.o ABSOLUTE
    ..\\USER\\main.c                         0x00000000   Number         0  main.o ABSOLUTE
    ..\\USER\\stm32f4xx_it.c                 0x00000000   Number         0  stm32f4xx_it.o ABSOLUTE
    ..\\USER\\sysconfig.c                    0x00000000   Number         0  sysconfig.o ABSOLUTE
    cdrcmple.s                               0x00000000   Number         0  cdrcmple.o ABSOLUTE
    dc.s                                     0x00000000   Number         0  dc.o ABSOLUTE
    handlers.s                               0x00000000   Number         0  handlers.o ABSOLUTE
    init.s                                   0x00000000   Number         0  init.o ABSOLUTE
    RESET                                    0x08000000   Section      428  startup_stm32f427xx.o(RESET)
    .ARM.Collect$$$$00000000                 0x080001ac   Section        0  entry.o(.ARM.Collect$$$$00000000)
    .ARM.Collect$$$$00000001                 0x080001ac   Section        4  entry2.o(.ARM.Collect$$$$00000001)
    .ARM.Collect$$$$00000004                 0x080001b0   Section        4  entry5.o(.ARM.Collect$$$$00000004)
    .ARM.Collect$$$$00000008                 0x080001b4   Section        0  entry7b.o(.ARM.Collect$$$$00000008)
    .ARM.Collect$$$$0000000A                 0x080001b4   Section        0  entry8b.o(.ARM.Collect$$$$0000000A)
    .ARM.Collect$$$$0000000B                 0x080001b4   Section        8  entry9a.o(.ARM.Collect$$$$0000000B)
    .ARM.Collect$$$$0000000D                 0x080001bc   Section        0  entry10a.o(.ARM.Collect$$$$0000000D)
    .ARM.Collect$$$$0000000F                 0x080001bc   Section        0  entry11a.o(.ARM.Collect$$$$0000000F)
    .ARM.Collect$$$$00002712                 0x080001bc   Section        4  entry2.o(.ARM.Collect$$$$00002712)
    __lit__00000000                          0x080001bc   Data           4  entry2.o(.ARM.Collect$$$$00002712)
    .emb_text                                0x080001c0   Section      182  port.o(.emb_text)
    $v0                                      0x080001c0   Number         0  port.o(.emb_text)
    .text                                    0x08000278   Section        0  bsp_can.o(.text)
    .text                                    0x08000388   Section        0  bsp_time.o(.text)
    .text                                    0x08000430   Section        0  bsp_gpio.o(.text)
    .text                                    0x080005d0   Section        0  bsp_usart.o(.text)
    .text                                    0x08000678   Section        0  bsp_dma.o(.text)
    .text                                    0x08000798   Section        0  bsp_nvic.o(.text)
    .text                                    0x080008a4   Section        0  main.o(.text)
    .text                                    0x080008d0   Section        0  delay.o(.text)
    .text                                    0x08000988   Section        0  sysconfig.o(.text)
    .text                                    0x080009d4   Section        0  stm32f4xx_it.o(.text)
    .text                                    0x08000c0c   Section        0  system_stm32f4xx.o(.text)
    SetSysClock                              0x08000c0d   Thumb Code   190  system_stm32f4xx.o(.text)
    .text                                    0x08000da8   Section       36  startup_stm32f427xx.o(.text)
    $v0                                      0x08000da8   Number         0  startup_stm32f427xx.o(.text)
    .text                                    0x08000dcc   Section        0  math_pid.o(.text)
    .text                                    0x08000f20   Section        0  math_tool.o(.text)
    .text                                    0x08000fb4   Section        0  misc.o(.text)
    .text                                    0x08001064   Section        0  stm32f4xx_can.o(.text)
    CheckITStatus                            0x08001757   Thumb Code    12  stm32f4xx_can.o(.text)
    .text                                    0x0800176c   Section        0  stm32f4xx_rcc.o(.text)
    .text                                    0x08001bf4   Section        0  stm32f4xx_tim.o(.text)
    TI2_Config                               0x0800223f   Thumb Code    54  stm32f4xx_tim.o(.text)
    TI1_Config                               0x080025a3   Thumb Code    46  stm32f4xx_tim.o(.text)
    .text                                    0x080025d0   Section        0  stm32f4xx_dma.o(.text)
    .text                                    0x080028f0   Section        0  stm32f4xx_gpio.o(.text)
    .text                                    0x08002afc   Section        0  stm32f4xx_usart.o(.text)
    .text                                    0x08002e54   Section        0  drive_rc.o(.text)
    .text                                    0x08002ef0   Section        0  drive_control.o(.text)
    .text                                    0x08003604   Section        0  motor_chassis.o(.text)
    .text                                    0x080036d0   Section        0  motor_cradle_head_1.o(.text)
    .text                                    0x08003950   Section        0  list.o(.text)
    .text                                    0x080039d8   Section        0  port.o(.text)
    prvTaskExitError                         0x080039d9   Thumb Code    36  port.o(.text)
    .text                                    0x08003c38   Section        0  tasks.o(.text)
    prvAddNewTaskToReadyList                 0x08003c39   Thumb Code   192  tasks.o(.text)
    prvAddCurrentTaskToDelayedList           0x08003f59   Thumb Code   102  tasks.o(.text)
    prvTaskIsTaskSuspended                   0x08004305   Thumb Code    48  tasks.o(.text)
    prvIdleTask                              0x08004427   Thumb Code    30  tasks.o(.text)
    prvListTasksWithinSingleList             0x0800459b   Thumb Code    84  tasks.o(.text)
    prvInitialiseNewTask                     0x08004e43   Thumb Code   152  tasks.o(.text)
    prvResetNextTaskUnblockTime              0x08004edb   Thumb Code    26  tasks.o(.text)
    prvDeleteTCB                             0x08004ef5   Thumb Code    20  tasks.o(.text)
    prvCheckTasksWaitingTermination          0x08004f09   Thumb Code    76  tasks.o(.text)
    .text                                    0x08004f84   Section        0  timers.o(.text)
    prvInsertTimerInActiveList               0x08004f85   Thumb Code    52  timers.o(.text)
    prvProcessReceivedCommands               0x0800501b   Thumb Code   196  timers.o(.text)
    prvTimerTask                             0x080050df   Thumb Code    34  timers.o(.text)
    prvCheckForValidListAndQueue             0x08005101   Thumb Code    62  timers.o(.text)
    prvSampleTimeNow                         0x080052e3   Thumb Code    36  timers.o(.text)
    prvProcessTimerOrBlockTask               0x08005307   Thumb Code   210  timers.o(.text)
    prvSwitchTimerLists                      0x080053d9   Thumb Code   102  timers.o(.text)
    prvProcessExpiredTimer                   0x0800543f   Thumb Code    88  timers.o(.text)
    .text                                    0x0800549c   Section        0  queue.o(.text)
    prvCopyDataToQueue                       0x0800556f   Thumb Code   106  queue.o(.text)
    prvNotifyQueueSetContainer               0x080055d9   Thumb Code   108  queue.o(.text)
    prvUnlockQueue                           0x08005645   Thumb Code   120  queue.o(.text)
    prvCopyDataFromQueue                     0x080058a1   Thumb Code    38  queue.o(.text)
    prvIsQueueEmpty                          0x08005f25   Thumb Code    26  queue.o(.text)
    .text                                    0x08005f48   Section        0  heap_4.o(.text)
    prvInsertBlockIntoFreeList               0x08005f49   Thumb Code    72  heap_4.o(.text)
    prvHeapInit                              0x080060d9   Thumb Code    66  heap_4.o(.text)
    .text                                    0x0800615c   Section        0  memcpya.o(.text)
    .text                                    0x08006180   Section        0  memseta.o(.text)
    .text                                    0x080061a4   Section        0  strlen.o(.text)
    .text                                    0x080061b2   Section        0  strcpy.o(.text)
    .text                                    0x080061c4   Section        0  uidiv.o(.text)
    .text                                    0x080061f0   Section       36  init.o(.text)
    i.__0printf$3                            0x08006214   Section        0  printf3.o(i.__0printf$3)
    i.__0sprintf$3                           0x08006234   Section        0  printf3.o(i.__0sprintf$3)
    i.__scatterload_copy                     0x0800625c   Section       14  handlers.o(i.__scatterload_copy)
    i.__scatterload_null                     0x0800626a   Section        2  handlers.o(i.__scatterload_null)
    i.__scatterload_zeroinit                 0x0800626c   Section       14  handlers.o(i.__scatterload_zeroinit)
    i._printf_core                           0x0800627c   Section        0  printf3.o(i._printf_core)
    _printf_core                             0x0800627d   Thumb Code   436  printf3.o(i._printf_core)
    i._sputc                                 0x08006434   Section        0  printf3.o(i._sputc)
    _sputc                                   0x08006435   Thumb Code    10  printf3.o(i._sputc)
    .data                                    0x20000000   Section        4  delay.o(.data)
    fac_us                                   0x20000000   Data           1  delay.o(.data)
    fac_ms                                   0x20000002   Data           2  delay.o(.data)
    .data                                    0x20000004   Section        1  stm32f4xx_it.o(.data)
    flag                                     0x20000004   Data           1  stm32f4xx_it.o(.data)
    .data                                    0x20000008   Section       20  system_stm32f4xx.o(.data)
    .data                                    0x2000001c   Section       16  stm32f4xx_rcc.o(.data)
    APBAHBPrescTable                         0x2000001c   Data          16  stm32f4xx_rcc.o(.data)
    .data                                    0x2000002c   Section       12  port.o(.data)
    ucMaxSysCallPriority                     0x2000002c   Data           1  port.o(.data)
    uxCriticalNesting                        0x20000030   Data           4  port.o(.data)
    ulMaxPRIGROUPValue                       0x20000034   Data           4  port.o(.data)
    .data                                    0x20000038   Section       60  tasks.o(.data)
    uxDeletedTasksWaitingCleanUp             0x2000003c   Data           4  tasks.o(.data)
    uxCurrentNumberOfTasks                   0x20000040   Data           4  tasks.o(.data)
    xTickCount                               0x20000044   Data           4  tasks.o(.data)
    uxTopReadyPriority                       0x20000048   Data           4  tasks.o(.data)
    xSchedulerRunning                        0x2000004c   Data           4  tasks.o(.data)
    uxPendedTicks                            0x20000050   Data           4  tasks.o(.data)
    xYieldPending                            0x20000054   Data           4  tasks.o(.data)
    xNumOfOverflows                          0x20000058   Data           4  tasks.o(.data)
    uxTaskNumber                             0x2000005c   Data           4  tasks.o(.data)
    xNextTaskUnblockTime                     0x20000060   Data           4  tasks.o(.data)
    xIdleTaskHandle                          0x20000064   Data           4  tasks.o(.data)
    uxSchedulerSuspended                     0x20000068   Data           4  tasks.o(.data)
    pxDelayedTaskList                        0x2000006c   Data           4  tasks.o(.data)
    pxOverflowDelayedTaskList                0x20000070   Data           4  tasks.o(.data)
    .data                                    0x20000074   Section       20  timers.o(.data)
    xTimerQueue                              0x20000074   Data           4  timers.o(.data)
    xTimerTaskHandle                         0x20000078   Data           4  timers.o(.data)
    xLastTime                                0x2000007c   Data           4  timers.o(.data)
    pxCurrentTimerList                       0x20000080   Data           4  timers.o(.data)
    pxOverflowTimerList                      0x20000084   Data           4  timers.o(.data)
    .data                                    0x20000088   Section       24  heap_4.o(.data)
    pxEnd                                    0x20000088   Data           4  heap_4.o(.data)
    xFreeBytesRemaining                      0x2000008c   Data           4  heap_4.o(.data)
    xMinimumEverFreeBytesRemaining           0x20000090   Data           4  heap_4.o(.data)
    xBlockAllocatedBit                       0x20000094   Data           4  heap_4.o(.data)
    xStart                                   0x20000098   Data           8  heap_4.o(.data)
    .data                                    0x200000a0   Section        4  stdout.o(.data)
    .bss                                     0x200000a4   Section      528  bsp_dma.o(.bss)
    .bss                                     0x200002b4   Section       28  drive_rc.o(.bss)
    .bss                                     0x200002d0   Section      636  drive_control.o(.bss)
    s_angle_contorl_out                      0x20000514   Data          28  drive_control.o(.bss)
    s_speed_contorl_out                      0x20000530   Data          28  drive_control.o(.bss)
    .bss                                     0x2000054c   Section       24  motor_chassis.o(.bss)
    .bss                                     0x20000564   Section       76  motor_cradle_head_1.o(.bss)
    s_tx_message                             0x20000564   Data          20  motor_cradle_head_1.o(.bss)
    .bss                                     0x200005b0   Section      740  tasks.o(.bss)
    pxReadyTasksLists                        0x200005b0   Data         640  tasks.o(.bss)
    xDelayedTaskList1                        0x20000830   Data          20  tasks.o(.bss)
    xDelayedTaskList2                        0x20000844   Data          20  tasks.o(.bss)
    xPendingReadyList                        0x20000858   Data          20  tasks.o(.bss)
    xTasksWaitingTermination                 0x2000086c   Data          20  tasks.o(.bss)
    xSuspendedTaskList                       0x20000880   Data          20  tasks.o(.bss)
    .bss                                     0x20000894   Section       40  timers.o(.bss)
    xActiveTimerList1                        0x20000894   Data          20  timers.o(.bss)
    xActiveTimerList2                        0x200008a8   Data          20  timers.o(.bss)
    .bss                                     0x200008bc   Section       64  queue.o(.bss)
    .bss                                     0x200008fc   Section    20480  heap_4.o(.bss)
    ucHeap                                   0x200008fc   Data       20480  heap_4.o(.bss)
    STACK                                    0x20005900   Section     1024  startup_stm32f427xx.o(STACK)

    Global Symbols

    Symbol Name                              Value     Ov Type        Size  Object(Section)

    BuildAttributes$$THM_ISAv4$E$P$D$K$B$S$7EM$VFPi3$EXTD16$VFPS$VFMA$PE$A:L22UL41UL21$X:L11$S22US41US21$IEEE1$IW$USESV6$~STKCKD$USESV7$~SHL$OSPACE$ROPI$EBA8$MICROLIB$REQ8$PRES8$EABIv2 0x00000000   Number         0  anon$$obj.o ABSOLUTE
    __ARM_use_no_argv                        0x00000000   Number         0  main.o ABSOLUTE
    _printf_a                                0x00000000   Number         0  stubs.o ABSOLUTE
    _printf_c                                0x00000000   Number         0  stubs.o ABSOLUTE
    _printf_charcount                        0x00000000   Number         0  stubs.o ABSOLUTE
    _printf_d                                0x00000000   Number         0  stubs.o ABSOLUTE
    _printf_e                                0x00000000   Number         0  stubs.o ABSOLUTE
    _printf_f                                0x00000000   Number         0  stubs.o ABSOLUTE
    _printf_flags                            0x00000000   Number         0  stubs.o ABSOLUTE
    _printf_fp_dec                           0x00000000   Number         0  stubs.o ABSOLUTE
    _printf_fp_hex                           0x00000000   Number         0  stubs.o ABSOLUTE
    _printf_g                                0x00000000   Number         0  stubs.o ABSOLUTE
    _printf_i                                0x00000000   Number         0  stubs.o ABSOLUTE
    _printf_int_dec                          0x00000000   Number         0  stubs.o ABSOLUTE
    _printf_l                                0x00000000   Number         0  stubs.o ABSOLUTE
    _printf_lc                               0x00000000   Number         0  stubs.o ABSOLUTE
    _printf_ll                               0x00000000   Number         0  stubs.o ABSOLUTE
    _printf_lld                              0x00000000   Number         0  stubs.o ABSOLUTE
    _printf_lli                              0x00000000   Number         0  stubs.o ABSOLUTE
    _printf_llo                              0x00000000   Number         0  stubs.o ABSOLUTE
    _printf_llu                              0x00000000   Number         0  stubs.o ABSOLUTE
    _printf_llx                              0x00000000   Number         0  stubs.o ABSOLUTE
    _printf_longlong_dec                     0x00000000   Number         0  stubs.o ABSOLUTE
    _printf_longlong_hex                     0x00000000   Number         0  stubs.o ABSOLUTE
    _printf_longlong_oct                     0x00000000   Number         0  stubs.o ABSOLUTE
    _printf_ls                               0x00000000   Number         0  stubs.o ABSOLUTE
    _printf_mbtowc                           0x00000000   Number         0  stubs.o ABSOLUTE
    _printf_n                                0x00000000   Number         0  stubs.o ABSOLUTE
    _printf_o                                0x00000000   Number         0  stubs.o ABSOLUTE
    _printf_p                                0x00000000   Number         0  stubs.o ABSOLUTE
    _printf_percent                          0x00000000   Number         0  stubs.o ABSOLUTE
    _printf_pre_padding                      0x00000000   Number         0  stubs.o ABSOLUTE
    _printf_return_value                     0x00000000   Number         0  stubs.o ABSOLUTE
    _printf_s                                0x00000000   Number         0  stubs.o ABSOLUTE
    _printf_sizespec                         0x00000000   Number         0  stubs.o ABSOLUTE
    _printf_str                              0x00000000   Number         0  stubs.o ABSOLUTE
    _printf_truncate_signed                  0x00000000   Number         0  stubs.o ABSOLUTE
    _printf_truncate_unsigned                0x00000000   Number         0  stubs.o ABSOLUTE
    _printf_u                                0x00000000   Number         0  stubs.o ABSOLUTE
    _printf_wc                               0x00000000   Number         0  stubs.o ABSOLUTE
    _printf_wctomb                           0x00000000   Number         0  stubs.o ABSOLUTE
    _printf_widthprec                        0x00000000   Number         0  stubs.o ABSOLUTE
    _printf_x                                0x00000000   Number         0  stubs.o ABSOLUTE
    __cpp_initialize__aeabi_                  - Undefined Weak Reference
    __cxa_finalize                            - Undefined Weak Reference
    __decompress                              - Undefined Weak Reference
    _clock_init                               - Undefined Weak Reference
    _microlib_exit                            - Undefined Weak Reference
    __Vectors_Size                           0x000001ac   Number         0  startup_stm32f427xx.o ABSOLUTE
    __Vectors                                0x08000000   Data           4  startup_stm32f427xx.o(RESET)
    __Vectors_End                            0x080001ac   Data           0  startup_stm32f427xx.o(RESET)
    __main                                   0x080001ad   Thumb Code     0  entry.o(.ARM.Collect$$$$00000000)
    _main_stk                                0x080001ad   Thumb Code     0  entry2.o(.ARM.Collect$$$$00000001)
    _main_scatterload                        0x080001b1   Thumb Code     0  entry5.o(.ARM.Collect$$$$00000004)
    __main_after_scatterload                 0x080001b5   Thumb Code     0  entry5.o(.ARM.Collect$$$$00000004)
    _main_clock                              0x080001b5   Thumb Code     0  entry7b.o(.ARM.Collect$$$$00000008)
    _main_cpp_init                           0x080001b5   Thumb Code     0  entry8b.o(.ARM.Collect$$$$0000000A)
    _main_init                               0x080001b5   Thumb Code     0  entry9a.o(.ARM.Collect$$$$0000000B)
    __rt_final_cpp                           0x080001bd   Thumb Code     0  entry10a.o(.ARM.Collect$$$$0000000D)
    __rt_final_exit                          0x080001bd   Thumb Code     0  entry11a.o(.ARM.Collect$$$$0000000F)
    SVC_Handler                              0x080001c1   Thumb Code    28  port.o(.emb_text)
    __asm___6_port_c_39a90d8d__prvStartFirstTask 0x080001e1   Thumb Code    28  port.o(.emb_text)
    __asm___6_port_c_39a90d8d__prvEnableVFP  0x08000201   Thumb Code    16  port.o(.emb_text)
    PendSV_Handler                           0x08000215   Thumb Code    88  port.o(.emb_text)
    vPortGetIPSR                             0x08000271   Thumb Code     6  port.o(.emb_text)
    BSP_CAN_Init                             0x08000279   Thumb Code   262  bsp_can.o(.text)
    BSP_TIME_Init                            0x08000389   Thumb Code   158  bsp_time.o(.text)
    BSP_GPIO_Init                            0x08000431   Thumb Code   392  bsp_gpio.o(.text)
    BSP_USART_Init                           0x080005d1   Thumb Code   156  bsp_usart.o(.text)
    BSP_DMA_Init                             0x08000679   Thumb Code   268  bsp_dma.o(.text)
    BSP_NVIC_Init                            0x08000799   Thumb Code   244  bsp_nvic.o(.text)
    main                                     0x080008a5   Thumb Code    40  main.o(.text)
    delay_init                               0x080008d1   Thumb Code    38  delay.o(.text)
    delay_us                                 0x080008f7   Thumb Code    46  delay.o(.text)
    delay_xms                                0x08000925   Thumb Code    46  delay.o(.text)
    delay_ms                                 0x08000953   Thumb Code    50  delay.o(.text)
    SYS_Config_Init                          0x08000989   Thumb Code    40  sysconfig.o(.text)
    fputc                                    0x080009b1   Thumb Code    30  sysconfig.o(.text)
    NMI_Handler                              0x080009d5   Thumb Code     2  stm32f4xx_it.o(.text)
    HardFault_Handler                        0x080009d7   Thumb Code     2  stm32f4xx_it.o(.text)
    MemManage_Handler                        0x080009d9   Thumb Code     2  stm32f4xx_it.o(.text)
    BusFault_Handler                         0x080009db   Thumb Code     2  stm32f4xx_it.o(.text)
    UsageFault_Handler                       0x080009dd   Thumb Code     2  stm32f4xx_it.o(.text)
    DebugMon_Handler                         0x080009df   Thumb Code     2  stm32f4xx_it.o(.text)
    ENABLE_DMA2_Stream7_Tx                   0x080009e1   Thumb Code    62  stm32f4xx_it.o(.text)
    DMA2_Stream7_IRQHandler                  0x08000a1f   Thumb Code    40  stm32f4xx_it.o(.text)
    USART6_IRQHandler                        0x08000a47   Thumb Code   116  stm32f4xx_it.o(.text)
    TIM6_DAC_IRQHandler                      0x08000abb   Thumb Code   100  stm32f4xx_it.o(.text)
    TIM5_IRQHandler                          0x08000b1f   Thumb Code    30  stm32f4xx_it.o(.text)
    CAN1_RX0_IRQHandler                      0x08000b3d   Thumb Code   104  stm32f4xx_it.o(.text)
    DMA2_Stream2_IRQHandler                  0x08000ba5   Thumb Code    48  stm32f4xx_it.o(.text)
    SystemInit                               0x08000ccb   Thumb Code    74  system_stm32f4xx.o(.text)
    SystemCoreClockUpdate                    0x08000d15   Thumb Code   108  system_stm32f4xx.o(.text)
    Reset_Handler                            0x08000da9   Thumb Code     8  startup_stm32f427xx.o(.text)
    ADC_IRQHandler                           0x08000dc3   Thumb Code     0  startup_stm32f427xx.o(.text)
    CAN1_RX1_IRQHandler                      0x08000dc3   Thumb Code     0  startup_stm32f427xx.o(.text)
    CAN1_SCE_IRQHandler                      0x08000dc3   Thumb Code     0  startup_stm32f427xx.o(.text)
    CAN1_TX_IRQHandler                       0x08000dc3   Thumb Code     0  startup_stm32f427xx.o(.text)
    CAN2_RX0_IRQHandler                      0x08000dc3   Thumb Code     0  startup_stm32f427xx.o(.text)
    CAN2_RX1_IRQHandler                      0x08000dc3   Thumb Code     0  startup_stm32f427xx.o(.text)
    CAN2_SCE_IRQHandler                      0x08000dc3   Thumb Code     0  startup_stm32f427xx.o(.text)
    CAN2_TX_IRQHandler                       0x08000dc3   Thumb Code     0  startup_stm32f427xx.o(.text)
    DCMI_IRQHandler                          0x08000dc3   Thumb Code     0  startup_stm32f427xx.o(.text)
    DMA1_Stream0_IRQHandler                  0x08000dc3   Thumb Code     0  startup_stm32f427xx.o(.text)
    DMA1_Stream1_IRQHandler                  0x08000dc3   Thumb Code     0  startup_stm32f427xx.o(.text)
    DMA1_Stream2_IRQHandler                  0x08000dc3   Thumb Code     0  startup_stm32f427xx.o(.text)
    DMA1_Stream3_IRQHandler                  0x08000dc3   Thumb Code     0  startup_stm32f427xx.o(.text)
    DMA1_Stream4_IRQHandler                  0x08000dc3   Thumb Code     0  startup_stm32f427xx.o(.text)
    DMA1_Stream5_IRQHandler                  0x08000dc3   Thumb Code     0  startup_stm32f427xx.o(.text)
    DMA1_Stream6_IRQHandler                  0x08000dc3   Thumb Code     0  startup_stm32f427xx.o(.text)
    DMA1_Stream7_IRQHandler                  0x08000dc3   Thumb Code     0  startup_stm32f427xx.o(.text)
    DMA2D_IRQHandler                         0x08000dc3   Thumb Code     0  startup_stm32f427xx.o(.text)
    DMA2_Stream0_IRQHandler                  0x08000dc3   Thumb Code     0  startup_stm32f427xx.o(.text)
    DMA2_Stream1_IRQHandler                  0x08000dc3   Thumb Code     0  startup_stm32f427xx.o(.text)
    DMA2_Stream3_IRQHandler                  0x08000dc3   Thumb Code     0  startup_stm32f427xx.o(.text)
    DMA2_Stream4_IRQHandler                  0x08000dc3   Thumb Code     0  startup_stm32f427xx.o(.text)
    DMA2_Stream5_IRQHandler                  0x08000dc3   Thumb Code     0  startup_stm32f427xx.o(.text)
    DMA2_Stream6_IRQHandler                  0x08000dc3   Thumb Code     0  startup_stm32f427xx.o(.text)
    ETH_IRQHandler                           0x08000dc3   Thumb Code     0  startup_stm32f427xx.o(.text)
    ETH_WKUP_IRQHandler                      0x08000dc3   Thumb Code     0  startup_stm32f427xx.o(.text)
    EXTI0_IRQHandler                         0x08000dc3   Thumb Code     0  startup_stm32f427xx.o(.text)
    EXTI15_10_IRQHandler                     0x08000dc3   Thumb Code     0  startup_stm32f427xx.o(.text)
    EXTI1_IRQHandler                         0x08000dc3   Thumb Code     0  startup_stm32f427xx.o(.text)
    EXTI2_IRQHandler                         0x08000dc3   Thumb Code     0  startup_stm32f427xx.o(.text)
    EXTI3_IRQHandler                         0x08000dc3   Thumb Code     0  startup_stm32f427xx.o(.text)
    EXTI4_IRQHandler                         0x08000dc3   Thumb Code     0  startup_stm32f427xx.o(.text)
    EXTI9_5_IRQHandler                       0x08000dc3   Thumb Code     0  startup_stm32f427xx.o(.text)
    FLASH_IRQHandler                         0x08000dc3   Thumb Code     0  startup_stm32f427xx.o(.text)
    FMC_IRQHandler                           0x08000dc3   Thumb Code     0  startup_stm32f427xx.o(.text)
    FPU_IRQHandler                           0x08000dc3   Thumb Code     0  startup_stm32f427xx.o(.text)
    HASH_RNG_IRQHandler                      0x08000dc3   Thumb Code     0  startup_stm32f427xx.o(.text)
    I2C1_ER_IRQHandler                       0x08000dc3   Thumb Code     0  startup_stm32f427xx.o(.text)
    I2C1_EV_IRQHandler                       0x08000dc3   Thumb Code     0  startup_stm32f427xx.o(.text)
    I2C2_ER_IRQHandler                       0x08000dc3   Thumb Code     0  startup_stm32f427xx.o(.text)
    I2C2_EV_IRQHandler                       0x08000dc3   Thumb Code     0  startup_stm32f427xx.o(.text)
    I2C3_ER_IRQHandler                       0x08000dc3   Thumb Code     0  startup_stm32f427xx.o(.text)
    I2C3_EV_IRQHandler                       0x08000dc3   Thumb Code     0  startup_stm32f427xx.o(.text)
    OTG_FS_IRQHandler                        0x08000dc3   Thumb Code     0  startup_stm32f427xx.o(.text)
    OTG_FS_WKUP_IRQHandler                   0x08000dc3   Thumb Code     0  startup_stm32f427xx.o(.text)
    OTG_HS_EP1_IN_IRQHandler                 0x08000dc3   Thumb Code     0  startup_stm32f427xx.o(.text)
    OTG_HS_EP1_OUT_IRQHandler                0x08000dc3   Thumb Code     0  startup_stm32f427xx.o(.text)
    OTG_HS_IRQHandler                        0x08000dc3   Thumb Code     0  startup_stm32f427xx.o(.text)
    OTG_HS_WKUP_IRQHandler                   0x08000dc3   Thumb Code     0  startup_stm32f427xx.o(.text)
    PVD_IRQHandler                           0x08000dc3   Thumb Code     0  startup_stm32f427xx.o(.text)
    RCC_IRQHandler                           0x08000dc3   Thumb Code     0  startup_stm32f427xx.o(.text)
    RTC_Alarm_IRQHandler                     0x08000dc3   Thumb Code     0  startup_stm32f427xx.o(.text)
    RTC_WKUP_IRQHandler                      0x08000dc3   Thumb Code     0  startup_stm32f427xx.o(.text)
    SAI1_IRQHandler                          0x08000dc3   Thumb Code     0  startup_stm32f427xx.o(.text)
    SDIO_IRQHandler                          0x08000dc3   Thumb Code     0  startup_stm32f427xx.o(.text)
    SPI1_IRQHandler                          0x08000dc3   Thumb Code     0  startup_stm32f427xx.o(.text)
    SPI2_IRQHandler                          0x08000dc3   Thumb Code     0  startup_stm32f427xx.o(.text)
    SPI3_IRQHandler                          0x08000dc3   Thumb Code     0  startup_stm32f427xx.o(.text)
    SPI4_IRQHandler                          0x08000dc3   Thumb Code     0  startup_stm32f427xx.o(.text)
    SPI5_IRQHandler                          0x08000dc3   Thumb Code     0  startup_stm32f427xx.o(.text)
    SPI6_IRQHandler                          0x08000dc3   Thumb Code     0  startup_stm32f427xx.o(.text)
    TAMP_STAMP_IRQHandler                    0x08000dc3   Thumb Code     0  startup_stm32f427xx.o(.text)
    TIM1_BRK_TIM9_IRQHandler                 0x08000dc3   Thumb Code     0  startup_stm32f427xx.o(.text)
    TIM1_CC_IRQHandler                       0x08000dc3   Thumb Code     0  startup_stm32f427xx.o(.text)
    TIM1_TRG_COM_TIM11_IRQHandler            0x08000dc3   Thumb Code     0  startup_stm32f427xx.o(.text)
    TIM1_UP_TIM10_IRQHandler                 0x08000dc3   Thumb Code     0  startup_stm32f427xx.o(.text)
    TIM2_IRQHandler                          0x08000dc3   Thumb Code     0  startup_stm32f427xx.o(.text)
    TIM3_IRQHandler                          0x08000dc3   Thumb Code     0  startup_stm32f427xx.o(.text)
    TIM4_IRQHandler                          0x08000dc3   Thumb Code     0  startup_stm32f427xx.o(.text)
    TIM7_IRQHandler                          0x08000dc3   Thumb Code     0  startup_stm32f427xx.o(.text)
    TIM8_BRK_TIM12_IRQHandler                0x08000dc3   Thumb Code     0  startup_stm32f427xx.o(.text)
    TIM8_CC_IRQHandler                       0x08000dc3   Thumb Code     0  startup_stm32f427xx.o(.text)
    TIM8_TRG_COM_TIM14_IRQHandler            0x08000dc3   Thumb Code     0  startup_stm32f427xx.o(.text)
    TIM8_UP_TIM13_IRQHandler                 0x08000dc3   Thumb Code     0  startup_stm32f427xx.o(.text)
    UART4_IRQHandler                         0x08000dc3   Thumb Code     0  startup_stm32f427xx.o(.text)
    UART5_IRQHandler                         0x08000dc3   Thumb Code     0  startup_stm32f427xx.o(.text)
    UART7_IRQHandler                         0x08000dc3   Thumb Code     0  startup_stm32f427xx.o(.text)
    UART8_IRQHandler                         0x08000dc3   Thumb Code     0  startup_stm32f427xx.o(.text)
    USART1_IRQHandler                        0x08000dc3   Thumb Code     0  startup_stm32f427xx.o(.text)
    USART2_IRQHandler                        0x08000dc3   Thumb Code     0  startup_stm32f427xx.o(.text)
    USART3_IRQHandler                        0x08000dc3   Thumb Code     0  startup_stm32f427xx.o(.text)
    WWDG_IRQHandler                          0x08000dc3   Thumb Code     0  startup_stm32f427xx.o(.text)
    PID_GetP                                 0x08000dcd   Thumb Code    10  math_pid.o(.text)
    PID_GetI                                 0x08000dd7   Thumb Code    72  math_pid.o(.text)
    PID_ResetI                               0x08000e1f   Thumb Code    10  math_pid.o(.text)
    PID_GetD                                 0x08000e29   Thumb Code    80  math_pid.o(.text)
    PID_GetPI                                0x08000e79   Thumb Code    48  math_pid.o(.text)
    PID_GetPID                               0x08000ea9   Thumb Code    66  math_pid.o(.text)
    PID_SetParam                             0x08000eeb   Thumb Code    46  math_pid.o(.text)
    ConstrainFloat                           0x08000f21   Thumb Code    62  math_tool.o(.text)
    ApplyDeadbandFloat                       0x08000f5f   Thumb Code    36  math_tool.o(.text)
    ApplyDeadbandInt                         0x08000f83   Thumb Code    18  math_tool.o(.text)
    Radians                                  0x08000f95   Thumb Code    10  math_tool.o(.text)
    Degrees                                  0x08000f9f   Thumb Code    10  math_tool.o(.text)
    NVIC_PriorityGroupConfig                 0x08000fb5   Thumb Code    10  misc.o(.text)
    NVIC_Init                                0x08000fbf   Thumb Code    96  misc.o(.text)
    NVIC_SetVectorTable                      0x0800101f   Thumb Code    14  misc.o(.text)
    NVIC_SystemLPConfig                      0x0800102d   Thumb Code    20  misc.o(.text)
    SysTick_CLKSourceConfig                  0x08001041   Thumb Code    24  misc.o(.text)
    CAN_DeInit                               0x08001065   Thumb Code    38  stm32f4xx_can.o(.text)
    CAN_Init                                 0x0800108b   Thumb Code   232  stm32f4xx_can.o(.text)
    CAN_FilterInit                           0x08001173   Thumb Code   194  stm32f4xx_can.o(.text)
    CAN_StructInit                           0x08001235   Thumb Code    32  stm32f4xx_can.o(.text)
    CAN_SlaveStartBank                       0x08001255   Thumb Code    38  stm32f4xx_can.o(.text)
    CAN_DBGFreeze                            0x0800127b   Thumb Code    20  stm32f4xx_can.o(.text)
    CAN_TTComModeCmd                         0x0800128f   Thumb Code    90  stm32f4xx_can.o(.text)
    CAN_Transmit                             0x080012e9   Thumb Code   164  stm32f4xx_can.o(.text)
    CAN_TransmitStatus                       0x0800138d   Thumb Code    88  stm32f4xx_can.o(.text)
    CAN_CancelTransmit                       0x080013e5   Thumb Code    36  stm32f4xx_can.o(.text)
    CAN_Receive                              0x08001409   Thumb Code   178  stm32f4xx_can.o(.text)
    CAN_FIFORelease                          0x080014bb   Thumb Code    22  stm32f4xx_can.o(.text)
    CAN_MessagePending                       0x080014d1   Thumb Code    22  stm32f4xx_can.o(.text)
    CAN_OperatingModeRequest                 0x080014e7   Thumb Code   140  stm32f4xx_can.o(.text)
    CAN_Sleep                                0x08001573   Thumb Code    30  stm32f4xx_can.o(.text)
    CAN_WakeUp                               0x08001591   Thumb Code    40  stm32f4xx_can.o(.text)
    CAN_GetLastErrorCode                     0x080015b9   Thumb Code    10  stm32f4xx_can.o(.text)
    CAN_GetReceiveErrorCounter               0x080015c3   Thumb Code     6  stm32f4xx_can.o(.text)
    CAN_GetLSBTransmitErrorCounter           0x080015c9   Thumb Code     8  stm32f4xx_can.o(.text)
    CAN_ITConfig                             0x080015d1   Thumb Code    16  stm32f4xx_can.o(.text)
    CAN_GetFlagStatus                        0x080015e1   Thumb Code    52  stm32f4xx_can.o(.text)
    CAN_ClearFlag                            0x08001615   Thumb Code    44  stm32f4xx_can.o(.text)
    CAN_GetITStatus                          0x08001641   Thumb Code   162  stm32f4xx_can.o(.text)
    CAN_ClearITPendingBit                    0x080016e3   Thumb Code   116  stm32f4xx_can.o(.text)
    RCC_DeInit                               0x0800176d   Thumb Code    68  stm32f4xx_rcc.o(.text)
    RCC_HSEConfig                            0x080017b1   Thumb Code    12  stm32f4xx_rcc.o(.text)
    RCC_GetFlagStatus                        0x080017bd   Thumb Code    46  stm32f4xx_rcc.o(.text)
    RCC_WaitForHSEStartUp                    0x080017eb   Thumb Code    44  stm32f4xx_rcc.o(.text)
    RCC_AdjustHSICalibrationValue            0x08001817   Thumb Code    16  stm32f4xx_rcc.o(.text)
    RCC_HSICmd                               0x08001827   Thumb Code     6  stm32f4xx_rcc.o(.text)
    RCC_LSEConfig                            0x0800182d   Thumb Code    24  stm32f4xx_rcc.o(.text)
    RCC_LSICmd                               0x08001845   Thumb Code     6  stm32f4xx_rcc.o(.text)
    RCC_PLLConfig                            0x0800184b   Thumb Code    32  stm32f4xx_rcc.o(.text)
    RCC_PLLCmd                               0x0800186b   Thumb Code     6  stm32f4xx_rcc.o(.text)
    RCC_PLLI2SConfig                         0x08001871   Thumb Code    18  stm32f4xx_rcc.o(.text)
    RCC_PLLI2SCmd                            0x08001883   Thumb Code     6  stm32f4xx_rcc.o(.text)
    RCC_PLLSAIConfig                         0x08001889   Thumb Code    18  stm32f4xx_rcc.o(.text)
    RCC_PLLSAICmd                            0x0800189b   Thumb Code     6  stm32f4xx_rcc.o(.text)
    RCC_ClockSecuritySystemCmd               0x080018a1   Thumb Code     6  stm32f4xx_rcc.o(.text)
    RCC_MCO1Config                           0x080018a7   Thumb Code    18  stm32f4xx_rcc.o(.text)
    RCC_MCO2Config                           0x080018b9   Thumb Code    18  stm32f4xx_rcc.o(.text)
    RCC_SYSCLKConfig                         0x080018cb   Thumb Code    16  stm32f4xx_rcc.o(.text)
    RCC_GetSYSCLKSource                      0x080018db   Thumb Code    12  stm32f4xx_rcc.o(.text)
    RCC_HCLKConfig                           0x080018e7   Thumb Code    16  stm32f4xx_rcc.o(.text)
    RCC_PCLK1Config                          0x080018f7   Thumb Code    16  stm32f4xx_rcc.o(.text)
    RCC_PCLK2Config                          0x08001907   Thumb Code    18  stm32f4xx_rcc.o(.text)
    RCC_GetClocksFreq                        0x08001919   Thumb Code   134  stm32f4xx_rcc.o(.text)
    RCC_RTCCLKConfig                         0x0800199f   Thumb Code    42  stm32f4xx_rcc.o(.text)
    RCC_RTCCLKCmd                            0x080019c9   Thumb Code     8  stm32f4xx_rcc.o(.text)
    RCC_BackupResetCmd                       0x080019d1   Thumb Code     8  stm32f4xx_rcc.o(.text)
    RCC_I2SCLKConfig                         0x080019d9   Thumb Code     8  stm32f4xx_rcc.o(.text)
    RCC_SAIPLLI2SClkDivConfig                0x080019e1   Thumb Code    18  stm32f4xx_rcc.o(.text)
    RCC_SAIPLLSAIClkDivConfig                0x080019f3   Thumb Code    24  stm32f4xx_rcc.o(.text)
    RCC_SAIBlockACLKConfig                   0x08001a0b   Thumb Code    16  stm32f4xx_rcc.o(.text)
    RCC_SAIBlockBCLKConfig                   0x08001a1b   Thumb Code    16  stm32f4xx_rcc.o(.text)
    RCC_LTDCCLKDivConfig                     0x08001a2b   Thumb Code    16  stm32f4xx_rcc.o(.text)
    RCC_TIMCLKPresConfig                     0x08001a3b   Thumb Code     8  stm32f4xx_rcc.o(.text)
    RCC_AHB1PeriphClockCmd                   0x08001a43   Thumb Code    20  stm32f4xx_rcc.o(.text)
    RCC_AHB2PeriphClockCmd                   0x08001a57   Thumb Code    20  stm32f4xx_rcc.o(.text)
    RCC_AHB3PeriphClockCmd                   0x08001a6b   Thumb Code    20  stm32f4xx_rcc.o(.text)
    RCC_APB1PeriphClockCmd                   0x08001a7f   Thumb Code    20  stm32f4xx_rcc.o(.text)
    RCC_APB2PeriphClockCmd                   0x08001a93   Thumb Code    20  stm32f4xx_rcc.o(.text)
    RCC_AHB1PeriphResetCmd                   0x08001aa7   Thumb Code    20  stm32f4xx_rcc.o(.text)
    RCC_AHB2PeriphResetCmd                   0x08001abb   Thumb Code    20  stm32f4xx_rcc.o(.text)
    RCC_AHB3PeriphResetCmd                   0x08001acf   Thumb Code    20  stm32f4xx_rcc.o(.text)
    RCC_APB1PeriphResetCmd                   0x08001ae3   Thumb Code    20  stm32f4xx_rcc.o(.text)
    RCC_APB2PeriphResetCmd                   0x08001af7   Thumb Code    20  stm32f4xx_rcc.o(.text)
    RCC_AHB1PeriphClockLPModeCmd             0x08001b0b   Thumb Code    20  stm32f4xx_rcc.o(.text)
    RCC_AHB2PeriphClockLPModeCmd             0x08001b1f   Thumb Code    20  stm32f4xx_rcc.o(.text)
    RCC_AHB3PeriphClockLPModeCmd             0x08001b33   Thumb Code    20  stm32f4xx_rcc.o(.text)
    RCC_APB1PeriphClockLPModeCmd             0x08001b47   Thumb Code    68  stm32f4xx_rcc.o(.text)
    RCC_APB2PeriphClockLPModeCmd             0x08001b8b   Thumb Code    18  stm32f4xx_rcc.o(.text)
    RCC_LSEModeConfig                        0x08001b9d   Thumb Code    24  stm32f4xx_rcc.o(.text)
    RCC_ITConfig                             0x08001bb5   Thumb Code    20  stm32f4xx_rcc.o(.text)
    RCC_ClearFlag                            0x08001bc9   Thumb Code    14  stm32f4xx_rcc.o(.text)
    RCC_GetITStatus                          0x08001bd7   Thumb Code    18  stm32f4xx_rcc.o(.text)
    RCC_ClearITPendingBit                    0x08001be9   Thumb Code     8  stm32f4xx_rcc.o(.text)
    TIM_DeInit                               0x08001bf5   Thumb Code   284  stm32f4xx_tim.o(.text)
    TIM_TimeBaseInit                         0x08001d11   Thumb Code    96  stm32f4xx_tim.o(.text)
    TIM_TimeBaseStructInit                   0x08001d71   Thumb Code    18  stm32f4xx_tim.o(.text)
    TIM_PrescalerConfig                      0x08001d83   Thumb Code     6  stm32f4xx_tim.o(.text)
    TIM_CounterModeConfig                    0x08001d89   Thumb Code    12  stm32f4xx_tim.o(.text)
    TIM_SetCounter                           0x08001d95   Thumb Code     4  stm32f4xx_tim.o(.text)
    TIM_SetAutoreload                        0x08001d99   Thumb Code     4  stm32f4xx_tim.o(.text)
    TIM_GetCounter                           0x08001d9d   Thumb Code     4  stm32f4xx_tim.o(.text)
    TIM_GetPrescaler                         0x08001da1   Thumb Code     4  stm32f4xx_tim.o(.text)
    TIM_UpdateDisableConfig                  0x08001da5   Thumb Code    20  stm32f4xx_tim.o(.text)
    TIM_UpdateRequestConfig                  0x08001db9   Thumb Code    20  stm32f4xx_tim.o(.text)
    TIM_ARRPreloadConfig                     0x08001dcd   Thumb Code    20  stm32f4xx_tim.o(.text)
    TIM_SelectOnePulseMode                   0x08001de1   Thumb Code    16  stm32f4xx_tim.o(.text)
    TIM_SetClockDivision                     0x08001df1   Thumb Code    16  stm32f4xx_tim.o(.text)
    TIM_Cmd                                  0x08001e01   Thumb Code    20  stm32f4xx_tim.o(.text)
    TIM_OC1Init                              0x08001e15   Thumb Code    88  stm32f4xx_tim.o(.text)
    TIM_OC2Init                              0x08001e6d   Thumb Code   120  stm32f4xx_tim.o(.text)
    TIM_OC3Init                              0x08001ee5   Thumb Code   116  stm32f4xx_tim.o(.text)
    TIM_OC4Init                              0x08001f59   Thumb Code    88  stm32f4xx_tim.o(.text)
    TIM_OCStructInit                         0x08001fb1   Thumb Code    20  stm32f4xx_tim.o(.text)
    TIM_SelectOCxM                           0x08001fc5   Thumb Code   130  stm32f4xx_tim.o(.text)
    TIM_SetCompare1                          0x08002047   Thumb Code     4  stm32f4xx_tim.o(.text)
    TIM_SetCompare2                          0x0800204b   Thumb Code     4  stm32f4xx_tim.o(.text)
    TIM_SetCompare3                          0x0800204f   Thumb Code     4  stm32f4xx_tim.o(.text)
    TIM_SetCompare4                          0x08002053   Thumb Code     4  stm32f4xx_tim.o(.text)
    TIM_ForcedOC1Config                      0x08002057   Thumb Code    12  stm32f4xx_tim.o(.text)
    TIM_ForcedOC2Config                      0x08002063   Thumb Code    20  stm32f4xx_tim.o(.text)
    TIM_ForcedOC3Config                      0x08002077   Thumb Code    12  stm32f4xx_tim.o(.text)
    TIM_ForcedOC4Config                      0x08002083   Thumb Code    20  stm32f4xx_tim.o(.text)
    TIM_OC1PreloadConfig                     0x08002097   Thumb Code    12  stm32f4xx_tim.o(.text)
    TIM_OC2PreloadConfig                     0x080020a3   Thumb Code    20  stm32f4xx_tim.o(.text)
    TIM_OC3PreloadConfig                     0x080020b7   Thumb Code    12  stm32f4xx_tim.o(.text)
    TIM_OC4PreloadConfig                     0x080020c3   Thumb Code    20  stm32f4xx_tim.o(.text)
    TIM_OC1FastConfig                        0x080020d7   Thumb Code    12  stm32f4xx_tim.o(.text)
    TIM_OC2FastConfig                        0x080020e3   Thumb Code    20  stm32f4xx_tim.o(.text)
    TIM_OC3FastConfig                        0x080020f7   Thumb Code    12  stm32f4xx_tim.o(.text)
    TIM_OC4FastConfig                        0x08002103   Thumb Code    20  stm32f4xx_tim.o(.text)
    TIM_ClearOC1Ref                          0x08002117   Thumb Code    12  stm32f4xx_tim.o(.text)
    TIM_ClearOC2Ref                          0x08002123   Thumb Code    20  stm32f4xx_tim.o(.text)
    TIM_ClearOC3Ref                          0x08002137   Thumb Code    12  stm32f4xx_tim.o(.text)
    TIM_ClearOC4Ref                          0x08002143   Thumb Code    20  stm32f4xx_tim.o(.text)
    TIM_OC1PolarityConfig                    0x08002157   Thumb Code    12  stm32f4xx_tim.o(.text)
    TIM_OC1NPolarityConfig                   0x08002163   Thumb Code    12  stm32f4xx_tim.o(.text)
    TIM_OC2PolarityConfig                    0x0800216f   Thumb Code    20  stm32f4xx_tim.o(.text)
    TIM_OC2NPolarityConfig                   0x08002183   Thumb Code    20  stm32f4xx_tim.o(.text)
    TIM_OC3PolarityConfig                    0x08002197   Thumb Code    20  stm32f4xx_tim.o(.text)
    TIM_OC3NPolarityConfig                   0x080021ab   Thumb Code    20  stm32f4xx_tim.o(.text)
    TIM_OC4PolarityConfig                    0x080021bf   Thumb Code    20  stm32f4xx_tim.o(.text)
    TIM_CCxCmd                               0x080021d3   Thumb Code    22  stm32f4xx_tim.o(.text)
    TIM_CCxNCmd                              0x080021e9   Thumb Code    22  stm32f4xx_tim.o(.text)
    TIM_SetIC4Prescaler                      0x080021ff   Thumb Code    24  stm32f4xx_tim.o(.text)
    TIM_SetIC3Prescaler                      0x08002217   Thumb Code    16  stm32f4xx_tim.o(.text)
    TIM_SetIC2Prescaler                      0x08002227   Thumb Code    24  stm32f4xx_tim.o(.text)
    TIM_SetIC1Prescaler                      0x08002275   Thumb Code    16  stm32f4xx_tim.o(.text)
    TIM_ICInit                               0x08002285   Thumb Code   164  stm32f4xx_tim.o(.text)
    TIM_ICStructInit                         0x08002329   Thumb Code    16  stm32f4xx_tim.o(.text)
    TIM_PWMIConfig                           0x08002339   Thumb Code   104  stm32f4xx_tim.o(.text)
    TIM_GetCapture1                          0x080023a1   Thumb Code     4  stm32f4xx_tim.o(.text)
    TIM_GetCapture2                          0x080023a5   Thumb Code     4  stm32f4xx_tim.o(.text)
    TIM_GetCapture3                          0x080023a9   Thumb Code     4  stm32f4xx_tim.o(.text)
    TIM_GetCapture4                          0x080023ad   Thumb Code     4  stm32f4xx_tim.o(.text)
    TIM_BDTRConfig                           0x080023b1   Thumb Code    34  stm32f4xx_tim.o(.text)
    TIM_BDTRStructInit                       0x080023d3   Thumb Code    18  stm32f4xx_tim.o(.text)
    TIM_CtrlPWMOutputs                       0x080023e5   Thumb Code    22  stm32f4xx_tim.o(.text)
    TIM_SelectCOM                            0x080023fb   Thumb Code    20  stm32f4xx_tim.o(.text)
    TIM_CCPreloadControl                     0x0800240f   Thumb Code    20  stm32f4xx_tim.o(.text)
    TIM_ITConfig                             0x08002423   Thumb Code    16  stm32f4xx_tim.o(.text)
    TIM_GenerateEvent                        0x08002433   Thumb Code     4  stm32f4xx_tim.o(.text)
    TIM_GetFlagStatus                        0x08002437   Thumb Code    14  stm32f4xx_tim.o(.text)
    TIM_ClearFlag                            0x08002445   Thumb Code     6  stm32f4xx_tim.o(.text)
    TIM_GetITStatus                          0x0800244b   Thumb Code    24  stm32f4xx_tim.o(.text)
    TIM_ClearITPendingBit                    0x08002463   Thumb Code     6  stm32f4xx_tim.o(.text)
    TIM_DMAConfig                            0x08002469   Thumb Code     8  stm32f4xx_tim.o(.text)
    TIM_DMACmd                               0x08002471   Thumb Code    16  stm32f4xx_tim.o(.text)
    TIM_SelectCCDMA                          0x08002481   Thumb Code    20  stm32f4xx_tim.o(.text)
    TIM_InternalClockConfig                  0x08002495   Thumb Code    10  stm32f4xx_tim.o(.text)
    TIM_SelectInputTrigger                   0x0800249f   Thumb Code    12  stm32f4xx_tim.o(.text)
    TIM_ITRxExternalClockConfig              0x080024ab   Thumb Code    18  stm32f4xx_tim.o(.text)
    TIM_TIxExternalClockConfig               0x080024bd   Thumb Code    46  stm32f4xx_tim.o(.text)
    TIM_ETRConfig                            0x080024eb   Thumb Code    24  stm32f4xx_tim.o(.text)
    TIM_ETRClockMode1Config                  0x08002503   Thumb Code    18  stm32f4xx_tim.o(.text)
    TIM_ETRClockMode2Config                  0x08002515   Thumb Code    18  stm32f4xx_tim.o(.text)
    TIM_SelectOutputTrigger                  0x08002527   Thumb Code    16  stm32f4xx_tim.o(.text)
    TIM_SelectSlaveMode                      0x08002537   Thumb Code    16  stm32f4xx_tim.o(.text)
    TIM_SelectMasterSlaveMode                0x08002547   Thumb Code    16  stm32f4xx_tim.o(.text)
    TIM_EncoderInterfaceConfig               0x08002557   Thumb Code    50  stm32f4xx_tim.o(.text)
    TIM_SelectHallSensor                     0x08002589   Thumb Code    20  stm32f4xx_tim.o(.text)
    TIM_RemapConfig                          0x0800259d   Thumb Code     6  stm32f4xx_tim.o(.text)
    DMA_DeInit                               0x080025d1   Thumb Code   272  stm32f4xx_dma.o(.text)
    DMA_Init                                 0x080026e1   Thumb Code    80  stm32f4xx_dma.o(.text)
    DMA_StructInit                           0x08002731   Thumb Code    34  stm32f4xx_dma.o(.text)
    DMA_Cmd                                  0x08002753   Thumb Code    20  stm32f4xx_dma.o(.text)
    DMA_PeriphIncOffsetSizeConfig            0x08002767   Thumb Code    20  stm32f4xx_dma.o(.text)
    DMA_FlowControllerConfig                 0x0800277b   Thumb Code    20  stm32f4xx_dma.o(.text)
    DMA_SetCurrDataCounter                   0x0800278f   Thumb Code     4  stm32f4xx_dma.o(.text)
    DMA_GetCurrDataCounter                   0x08002793   Thumb Code     6  stm32f4xx_dma.o(.text)
    DMA_DoubleBufferModeConfig               0x08002799   Thumb Code    22  stm32f4xx_dma.o(.text)
    DMA_DoubleBufferModeCmd                  0x080027af   Thumb Code    20  stm32f4xx_dma.o(.text)
    DMA_MemoryTargetConfig                   0x080027c3   Thumb Code    10  stm32f4xx_dma.o(.text)
    DMA_GetCurrentMemoryTarget               0x080027cd   Thumb Code    14  stm32f4xx_dma.o(.text)
    DMA_GetCmdStatus                         0x080027db   Thumb Code    14  stm32f4xx_dma.o(.text)
    DMA_GetFIFOStatus                        0x080027e9   Thumb Code     8  stm32f4xx_dma.o(.text)
    DMA_GetFlagStatus                        0x080027f1   Thumb Code    42  stm32f4xx_dma.o(.text)
    DMA_ClearFlag                            0x0800281b   Thumb Code    34  stm32f4xx_dma.o(.text)
    DMA_ITConfig                             0x0800283d   Thumb Code    44  stm32f4xx_dma.o(.text)
    DMA_GetITStatus                          0x08002869   Thumb Code    70  stm32f4xx_dma.o(.text)
    DMA_ClearITPendingBit                    0x080028af   Thumb Code    34  stm32f4xx_dma.o(.text)
    GPIO_DeInit                              0x080028f1   Thumb Code   216  stm32f4xx_gpio.o(.text)
    GPIO_Init                                0x080029c9   Thumb Code   120  stm32f4xx_gpio.o(.text)
    GPIO_StructInit                          0x08002a41   Thumb Code    18  stm32f4xx_gpio.o(.text)
    GPIO_PinLockConfig                       0x08002a53   Thumb Code    24  stm32f4xx_gpio.o(.text)
    GPIO_ReadInputDataBit                    0x08002a6b   Thumb Code    14  stm32f4xx_gpio.o(.text)
    GPIO_ReadInputData                       0x08002a79   Thumb Code     6  stm32f4xx_gpio.o(.text)
    GPIO_ReadOutputDataBit                   0x08002a7f   Thumb Code    14  stm32f4xx_gpio.o(.text)
    GPIO_ReadOutputData                      0x08002a8d   Thumb Code     6  stm32f4xx_gpio.o(.text)
    GPIO_SetBits                             0x08002a93   Thumb Code     4  stm32f4xx_gpio.o(.text)
    GPIO_ResetBits                           0x08002a97   Thumb Code     4  stm32f4xx_gpio.o(.text)
    GPIO_WriteBit                            0x08002a9b   Thumb Code    10  stm32f4xx_gpio.o(.text)
    GPIO_Write                               0x08002aa5   Thumb Code     4  stm32f4xx_gpio.o(.text)
    GPIO_ToggleBits                          0x08002aa9   Thumb Code     8  stm32f4xx_gpio.o(.text)
    GPIO_PinAFConfig                         0x08002ab1   Thumb Code    32  stm32f4xx_gpio.o(.text)
    USART_DeInit                             0x08002afd   Thumb Code   138  stm32f4xx_usart.o(.text)
    USART_Init                               0x08002b87   Thumb Code   164  stm32f4xx_usart.o(.text)
    USART_StructInit                         0x08002c2b   Thumb Code    22  stm32f4xx_usart.o(.text)
    USART_ClockInit                          0x08002c41   Thumb Code    28  stm32f4xx_usart.o(.text)
    USART_ClockStructInit                    0x08002c5d   Thumb Code    12  stm32f4xx_usart.o(.text)
    USART_Cmd                                0x08002c69   Thumb Code    20  stm32f4xx_usart.o(.text)
    USART_SetPrescaler                       0x08002c7d   Thumb Code    16  stm32f4xx_usart.o(.text)
    USART_OverSampling8Cmd                   0x08002c8d   Thumb Code    20  stm32f4xx_usart.o(.text)
    USART_OneBitMethodCmd                    0x08002ca1   Thumb Code    20  stm32f4xx_usart.o(.text)
    USART_SendData                           0x08002cb5   Thumb Code     8  stm32f4xx_usart.o(.text)
    USART_ReceiveData                        0x08002cbd   Thumb Code     8  stm32f4xx_usart.o(.text)
    USART_SetAddress                         0x08002cc5   Thumb Code    16  stm32f4xx_usart.o(.text)
    USART_ReceiverWakeUpCmd                  0x08002cd5   Thumb Code    20  stm32f4xx_usart.o(.text)
    USART_WakeUpConfig                       0x08002ce9   Thumb Code    16  stm32f4xx_usart.o(.text)
    USART_LINBreakDetectLengthConfig         0x08002cf9   Thumb Code    16  stm32f4xx_usart.o(.text)
    USART_LINCmd                             0x08002d09   Thumb Code    20  stm32f4xx_usart.o(.text)
    USART_SendBreak                          0x08002d1d   Thumb Code    10  stm32f4xx_usart.o(.text)
    USART_HalfDuplexCmd                      0x08002d27   Thumb Code    20  stm32f4xx_usart.o(.text)
    USART_SetGuardTime                       0x08002d3b   Thumb Code    16  stm32f4xx_usart.o(.text)
    USART_SmartCardCmd                       0x08002d4b   Thumb Code    20  stm32f4xx_usart.o(.text)
    USART_SmartCardNACKCmd                   0x08002d5f   Thumb Code    20  stm32f4xx_usart.o(.text)
    USART_IrDAConfig                         0x08002d73   Thumb Code    16  stm32f4xx_usart.o(.text)
    USART_IrDACmd                            0x08002d83   Thumb Code    20  stm32f4xx_usart.o(.text)
    USART_DMACmd                             0x08002d97   Thumb Code    16  stm32f4xx_usart.o(.text)
    USART_ITConfig                           0x08002da7   Thumb Code    48  stm32f4xx_usart.o(.text)
    USART_GetFlagStatus                      0x08002dd7   Thumb Code    14  stm32f4xx_usart.o(.text)
    USART_ClearFlag                          0x08002de5   Thumb Code     6  stm32f4xx_usart.o(.text)
    USART_GetITStatus                        0x08002deb   Thumb Code    62  stm32f4xx_usart.o(.text)
    USART_ClearITPendingBit                  0x08002e29   Thumb Code    12  stm32f4xx_usart.o(.text)
    RC_Data_Parse                            0x08002e55   Thumb Code   146  drive_rc.o(.text)
    Infan_Control_Init                       0x08002ef1   Thumb Code   154  drive_control.o(.text)
    Angle_6623_Control                       0x08002f8b   Thumb Code     2  drive_control.o(.text)
    Speed_3510_Control                       0x08002f8d   Thumb Code   404  drive_control.o(.text)
    Speed_2006_Control                       0x08003121   Thumb Code   108  drive_control.o(.text)
    Angle_2006_Control                       0x0800318d   Thumb Code   192  drive_control.o(.text)
    Speed_In_Control                         0x0800324d   Thumb Code   512  drive_control.o(.text)
    SET_Speed_Target                         0x0800344d   Thumb Code    20  drive_control.o(.text)
    GET_Speed_Measure                        0x08003461   Thumb Code    54  drive_control.o(.text)
    Angle_Out_Control                        0x08003497   Thumb Code   280  drive_control.o(.text)
    SET_Angle_Target                         0x080035af   Thumb Code    18  drive_control.o(.text)
    GET_Angle_Measure                        0x080035c1   Thumb Code    42  drive_control.o(.text)
    Cmd_3510_ESC                             0x08003605   Thumb Code    78  motor_chassis.o(.text)
    Get_3510_data                            0x08003653   Thumb Code   116  motor_chassis.o(.text)
    Cmd_6623_ESC                             0x080036d1   Thumb Code    38  motor_cradle_head_1.o(.text)
    Cmd_2006_ESC                             0x080036f7   Thumb Code    34  motor_cradle_head_1.o(.text)
    Get_6623_data                            0x08003719   Thumb Code   190  motor_cradle_head_1.o(.text)
    Get_2006_data                            0x080037d7   Thumb Code   156  motor_cradle_head_1.o(.text)
    Get_2006_Offset_angle                    0x08003873   Thumb Code    28  motor_cradle_head_1.o(.text)
    Snail_Calibration                        0x0800388f   Thumb Code   106  motor_cradle_head_1.o(.text)
    Snail_Stop                               0x080038f9   Thumb Code    28  motor_cradle_head_1.o(.text)
    Snail_Stat                               0x08003915   Thumb Code    28  motor_cradle_head_1.o(.text)
    vListInitialise                          0x08003951   Thumb Code    22  list.o(.text)
    vListInitialiseItem                      0x08003967   Thumb Code     6  list.o(.text)
    vListInsertEnd                           0x0800396d   Thumb Code    24  list.o(.text)
    vListInsert                              0x08003985   Thumb Code    48  list.o(.text)
    uxListRemove                             0x080039b5   Thumb Code    36  list.o(.text)
    pxPortInitialiseStack                    0x080039fd   Thumb Code    40  port.o(.text)
    vPortSetupTimerInterrupt                 0x08003a25   Thumb Code    26  port.o(.text)
    xPortStartScheduler                      0x08003a3f   Thumb Code   196  port.o(.text)
    vPortEndScheduler                        0x08003b03   Thumb Code    24  port.o(.text)
    vPortEnterCritical                       0x08003b1b   Thumb Code    52  port.o(.text)
    vPortExitCritical                        0x08003b4f   Thumb Code    34  port.o(.text)
    SysTick_Handler                          0x08003b71   Thumb Code    40  port.o(.text)
    vPortValidateInterruptPriority           0x08003b99   Thumb Code    72  port.o(.text)
    xTaskCreate                              0x08003cf9   Thumb Code    86  tasks.o(.text)
    vTaskDelete                              0x08003d4f   Thumb Code   154  tasks.o(.text)
    xTaskIncrementTick                       0x08003de9   Thumb Code   186  tasks.o(.text)
    xTaskResumeAll                           0x08003ea3   Thumb Code   182  tasks.o(.text)
    vTaskSuspendAll                          0x08003fbf   Thumb Code    10  tasks.o(.text)
    vTaskDelayUntil                          0x08003fc9   Thumb Code   180  tasks.o(.text)
    vTaskDelay                               0x0800407d   Thumb Code    66  tasks.o(.text)
    eTaskGetState                            0x080040bf   Thumb Code    94  tasks.o(.text)
    uxTaskPriorityGet                        0x0800411d   Thumb Code    24  tasks.o(.text)
    uxTaskPriorityGetFromISR                 0x08004135   Thumb Code    40  tasks.o(.text)
    vTaskPrioritySet                         0x0800415d   Thumb Code   184  tasks.o(.text)
    vTaskSwitchContext                       0x08004215   Thumb Code    84  tasks.o(.text)
    vTaskSuspend                             0x08004269   Thumb Code   156  tasks.o(.text)
    vTaskResume                              0x08004335   Thumb Code   116  tasks.o(.text)
    xTaskResumeFromISR                       0x080043a9   Thumb Code   126  tasks.o(.text)
    vTaskStartScheduler                      0x08004445   Thumb Code   130  tasks.o(.text)
    vTaskEndScheduler                        0x080044c7   Thumb Code    24  tasks.o(.text)
    xTaskGetTickCount                        0x080044df   Thumb Code     6  tasks.o(.text)
    xTaskGetTickCountFromISR                 0x080044e5   Thumb Code    12  tasks.o(.text)
    uxTaskGetNumberOfTasks                   0x080044f1   Thumb Code     6  tasks.o(.text)
    pcTaskGetName                            0x080044f7   Thumb Code    38  tasks.o(.text)
    vTaskGetInfo                             0x0800451d   Thumb Code   126  tasks.o(.text)
    uxTaskGetSystemState                     0x080045ef   Thumb Code   156  tasks.o(.text)
    vTaskPlaceOnEventList                    0x0800468b   Thumb Code    46  tasks.o(.text)
    vTaskPlaceOnUnorderedEventList           0x080046b9   Thumb Code    78  tasks.o(.text)
    vTaskPlaceOnEventListRestricted          0x08004707   Thumb Code    54  tasks.o(.text)
    xTaskRemoveFromEventList                 0x0800473d   Thumb Code   106  tasks.o(.text)
    xTaskRemoveFromUnorderedEventList        0x080047a7   Thumb Code   116  tasks.o(.text)
    vTaskSetTimeOutState                     0x0800481b   Thumb Code    34  tasks.o(.text)
    xTaskCheckForTimeOut                     0x0800483d   Thumb Code   114  tasks.o(.text)
    vTaskMissedYield                         0x080048af   Thumb Code     8  tasks.o(.text)
    uxTaskGetTaskNumber                      0x080048b7   Thumb Code     8  tasks.o(.text)
    vTaskSetTaskNumber                       0x080048bf   Thumb Code     8  tasks.o(.text)
    xTaskGetCurrentTaskHandle                0x080048c7   Thumb Code     6  tasks.o(.text)
    xTaskGetSchedulerState                   0x080048cd   Thumb Code    22  tasks.o(.text)
    vTaskPriorityInherit                     0x080048e3   Thumb Code   124  tasks.o(.text)
    xTaskPriorityDisinherit                  0x0800495f   Thumb Code   144  tasks.o(.text)
    vTaskList                                0x080049ef   Thumb Code   188  tasks.o(.text)
    uxTaskResetEventItemValue                0x08004aab   Thumb Code    20  tasks.o(.text)
    pvTaskIncrementMutexHeldCount            0x08004abf   Thumb Code    18  tasks.o(.text)
    ulTaskNotifyTake                         0x08004ad1   Thumb Code    96  tasks.o(.text)
    xTaskNotifyWait                          0x08004b31   Thumb Code   128  tasks.o(.text)
    xTaskGenericNotify                       0x08004bb1   Thumb Code   190  tasks.o(.text)
    xTaskGenericNotifyFromISR                0x08004c6f   Thumb Code   256  tasks.o(.text)
    vTaskNotifyGiveFromISR                   0x08004d6f   Thumb Code   168  tasks.o(.text)
    xTaskNotifyStateClear                    0x08004e17   Thumb Code    44  tasks.o(.text)
    xTimerGenericCommand                     0x08004fb9   Thumb Code    98  timers.o(.text)
    xTimerCreateTimerTask                    0x0800513f   Thumb Code    58  timers.o(.text)
    xTimerCreate                             0x08005179   Thumb Code    72  timers.o(.text)
    xTimerGetTimerDaemonTaskHandle           0x080051c1   Thumb Code    24  timers.o(.text)
    xTimerGetPeriod                          0x080051d9   Thumb Code    22  timers.o(.text)
    xTimerGetExpiryTime                      0x080051ef   Thumb Code    22  timers.o(.text)
    pcTimerGetName                           0x08005205   Thumb Code    22  timers.o(.text)
    xTimerIsTimerActive                      0x0800521b   Thumb Code    40  timers.o(.text)
    pvTimerGetTimerID                        0x08005243   Thumb Code    32  timers.o(.text)
    vTimerSetTimerID                         0x08005263   Thumb Code    34  timers.o(.text)
    xTimerPendFunctionCallFromISR            0x08005285   Thumb Code    34  timers.o(.text)
    xTimerPendFunctionCall                   0x080052a7   Thumb Code    60  timers.o(.text)
    xQueueGenericReset                       0x0800549d   Thumb Code   128  queue.o(.text)
    xQueueGenericCreate                      0x0800551d   Thumb Code    82  queue.o(.text)
    xQueueGenericSend                        0x080056bd   Thumb Code   350  queue.o(.text)
    xQueueCreateMutex                        0x0800581b   Thumb Code    36  queue.o(.text)
    xQueueGiveMutexRecursive                 0x0800583f   Thumb Code    98  queue.o(.text)
    xQueueGenericReceive                     0x080058c7   Thumb Code   356  queue.o(.text)
    xQueueTakeMutexRecursive                 0x08005a2b   Thumb Code    68  queue.o(.text)
    xQueueCreateCountingSemaphore            0x08005a6f   Thumb Code    62  queue.o(.text)
    xQueueGenericSendFromISR                 0x08005aad   Thumb Code   200  queue.o(.text)
    xQueueGiveFromISR                        0x08005b75   Thumb Code   172  queue.o(.text)
    xQueueReceiveFromISR                     0x08005c21   Thumb Code   150  queue.o(.text)
    xQueuePeekFromISR                        0x08005cb7   Thumb Code   114  queue.o(.text)
    uxQueueMessagesWaiting                   0x08005d29   Thumb Code    36  queue.o(.text)
    uxQueueSpacesAvailable                   0x08005d4d   Thumb Code    40  queue.o(.text)
    uxQueueMessagesWaitingFromISR            0x08005d75   Thumb Code    26  queue.o(.text)
    vQueueUnregisterQueue                    0x08005d8f   Thumb Code    36  queue.o(.text)
    vQueueDelete                             0x08005db3   Thumb Code    38  queue.o(.text)
    uxQueueGetQueueNumber                    0x08005dd9   Thumb Code     4  queue.o(.text)
    vQueueSetQueueNumber                     0x08005ddd   Thumb Code     4  queue.o(.text)
    ucQueueGetQueueType                      0x08005de1   Thumb Code     6  queue.o(.text)
    xQueueIsQueueEmptyFromISR                0x08005de7   Thumb Code    34  queue.o(.text)
    xQueueIsQueueFullFromISR                 0x08005e09   Thumb Code    38  queue.o(.text)
    vQueueAddToRegistry                      0x08005e2f   Thumb Code    32  queue.o(.text)
    pcQueueGetName                           0x08005e4f   Thumb Code    34  queue.o(.text)
    vQueueWaitForMessageRestricted           0x08005e71   Thumb Code    68  queue.o(.text)
    xQueueCreateSet                          0x08005eb5   Thumb Code     8  queue.o(.text)
    xQueueAddToSet                           0x08005ebd   Thumb Code    34  queue.o(.text)
    xQueueRemoveFromSet                      0x08005edf   Thumb Code    34  queue.o(.text)
    xQueueSelectFromSet                      0x08005f01   Thumb Code    18  queue.o(.text)
    xQueueSelectFromSetFromISR               0x08005f13   Thumb Code    18  queue.o(.text)
    pvPortMalloc                             0x08005f91   Thumb Code   214  heap_4.o(.text)
    vPortFree                                0x08006067   Thumb Code    96  heap_4.o(.text)
    xPortGetFreeHeapSize                     0x080060c7   Thumb Code     8  heap_4.o(.text)
    xPortGetMinimumEverFreeHeapSize          0x080060cf   Thumb Code     8  heap_4.o(.text)
    vPortInitialiseBlocks                    0x080060d7   Thumb Code     2  heap_4.o(.text)
    __aeabi_memcpy                           0x0800615d   Thumb Code    36  memcpya.o(.text)
    __aeabi_memcpy4                          0x0800615d   Thumb Code     0  memcpya.o(.text)
    __aeabi_memcpy8                          0x0800615d   Thumb Code     0  memcpya.o(.text)
    __aeabi_memset                           0x08006181   Thumb Code    14  memseta.o(.text)
    __aeabi_memset4                          0x08006181   Thumb Code     0  memseta.o(.text)
    __aeabi_memset8                          0x08006181   Thumb Code     0  memseta.o(.text)
    __aeabi_memclr                           0x0800618f   Thumb Code     4  memseta.o(.text)
    __aeabi_memclr4                          0x0800618f   Thumb Code     0  memseta.o(.text)
    __aeabi_memclr8                          0x0800618f   Thumb Code     0  memseta.o(.text)
    _memset$wrapper                          0x08006193   Thumb Code    18  memseta.o(.text)
    strlen                                   0x080061a5   Thumb Code    14  strlen.o(.text)
    strcpy                                   0x080061b3   Thumb Code    18  strcpy.o(.text)
    __aeabi_uidiv                            0x080061c5   Thumb Code     0  uidiv.o(.text)
    __aeabi_uidivmod                         0x080061c5   Thumb Code    44  uidiv.o(.text)
    __scatterload                            0x080061f1   Thumb Code    28  init.o(.text)
    __scatterload_rt2                        0x080061f1   Thumb Code     0  init.o(.text)
    __0printf$3                              0x08006215   Thumb Code    22  printf3.o(i.__0printf$3)
    __1printf$3                              0x08006215   Thumb Code     0  printf3.o(i.__0printf$3)
    __2printf                                0x08006215   Thumb Code     0  printf3.o(i.__0printf$3)
    __0sprintf$3                             0x08006235   Thumb Code    34  printf3.o(i.__0sprintf$3)
    __1sprintf$3                             0x08006235   Thumb Code     0  printf3.o(i.__0sprintf$3)
    __2sprintf                               0x08006235   Thumb Code     0  printf3.o(i.__0sprintf$3)
    __scatterload_copy                       0x0800625d   Thumb Code    14  handlers.o(i.__scatterload_copy)
    __scatterload_null                       0x0800626b   Thumb Code     2  handlers.o(i.__scatterload_null)
    __scatterload_zeroinit                   0x0800626d   Thumb Code    14  handlers.o(i.__scatterload_zeroinit)
    Region$$Table$$Base                      0x08006440   Number         0  anon$$obj.o(Region$$Table)
    Region$$Table$$Limit                     0x08006460   Number         0  anon$$obj.o(Region$$Table)
    SystemCoreClock                          0x20000008   Data           4  system_stm32f4xx.o(.data)
    AHBPrescTable                            0x2000000c   Data          16  system_stm32f4xx.o(.data)
    pxCurrentTCB                             0x20000038   Data           4  tasks.o(.data)
    __stdout                                 0x200000a0   Data           4  stdout.o(.data)
    g_DMA_Dbus_Buff                          0x200000a4   Data          18  bsp_dma.o(.bss)
    g_DMA_Judge_Send_Buff                    0x200000b6   Data         255  bsp_dma.o(.bss)
    g_DMA_Judge_Reve_Buff                    0x200001b5   Data         255  bsp_dma.o(.bss)
    g_rc_control                             0x200002b4   Data          28  drive_rc.o(.bss)
    g_infc                                   0x200002d0   Data         552  drive_control.o(.bss)
    g_speed_target                           0x200004f8   Data          28  drive_control.o(.bss)
    g_data_3510                              0x2000054c   Data          24  motor_chassis.o(.bss)
    g_data_6623                              0x20000578   Data          32  motor_cradle_head_1.o(.bss)
    g_data_2006                              0x20000598   Data          24  motor_cradle_head_1.o(.bss)
    xQueueRegistry                           0x200008bc   Data          64  queue.o(.bss)
    __initial_sp                             0x20005d00   Data           0  startup_stm32f427xx.o(STACK)



==============================================================================

Memory Map of the image

  Image Entry point : 0x080001ad

  Load Region LR_IROM1 (Base: 0x08000000, Size: 0x00006504, Max: 0x00200000, ABSOLUTE)

    Execution Region ER_IROM1 (Exec base: 0x08000000, Load base: 0x08000000, Size: 0x00006460, Max: 0x00200000, ABSOLUTE)

    Exec Addr    Load Addr    Size         Type   Attr      Idx    E Section Name        Object

    0x08000000   0x08000000   0x000001ac   Data   RO          415    RESET               startup_stm32f427xx.o
    0x080001ac   0x080001ac   0x00000000   Code   RO          949  * .ARM.Collect$$$$00000000  mc_w.l(entry.o)
    0x080001ac   0x080001ac   0x00000004   Code   RO         1223    .ARM.Collect$$$$00000001  mc_w.l(entry2.o)
    0x080001b0   0x080001b0   0x00000004   Code   RO         1226    .ARM.Collect$$$$00000004  mc_w.l(entry5.o)
    0x080001b4   0x080001b4   0x00000000   Code   RO         1228    .ARM.Collect$$$$00000008  mc_w.l(entry7b.o)
    0x080001b4   0x080001b4   0x00000000   Code   RO         1230    .ARM.Collect$$$$0000000A  mc_w.l(entry8b.o)
    0x080001b4   0x080001b4   0x00000008   Code   RO         1231    .ARM.Collect$$$$0000000B  mc_w.l(entry9a.o)
    0x080001bc   0x080001bc   0x00000000   Code   RO         1233    .ARM.Collect$$$$0000000D  mc_w.l(entry10a.o)
    0x080001bc   0x080001bc   0x00000000   Code   RO         1235    .ARM.Collect$$$$0000000F  mc_w.l(entry11a.o)
    0x080001bc   0x080001bc   0x00000004   Code   RO         1224    .ARM.Collect$$$$00002712  mc_w.l(entry2.o)
    0x080001c0   0x080001c0   0x000000b6   Code   RO          782    .emb_text           port.o
    0x08000276   0x08000276   0x00000002   PAD
    0x08000278   0x08000278   0x00000110   Code   RO            3    .text               bsp_can.o
    0x08000388   0x08000388   0x000000a8   Code   RO          139    .text               bsp_time.o
    0x08000430   0x08000430   0x000001a0   Code   RO          162    .text               bsp_gpio.o
    0x080005d0   0x080005d0   0x000000a8   Code   RO          185    .text               bsp_usart.o
    0x08000678   0x08000678   0x00000120   Code   RO          208    .text               bsp_dma.o
    0x08000798   0x08000798   0x0000010c   Code   RO          234    .text               bsp_nvic.o
    0x080008a4   0x080008a4   0x0000002c   Code   RO          257    .text               main.o
    0x080008d0   0x080008d0   0x000000b8   Code   RO          323    .text               delay.o
    0x08000988   0x08000988   0x0000004c   Code   RO          345    .text               sysconfig.o
    0x080009d4   0x080009d4   0x00000238   Code   RO          365    .text               stm32f4xx_it.o
    0x08000c0c   0x08000c0c   0x0000019c   Code   RO          389    .text               system_stm32f4xx.o
    0x08000da8   0x08000da8   0x00000024   Code   RO          416    .text               startup_stm32f427xx.o
    0x08000dcc   0x08000dcc   0x00000154   Code   RO          422    .text               math_pid.o
    0x08000f20   0x08000f20   0x00000094   Code   RO          446    .text               math_tool.o
    0x08000fb4   0x08000fb4   0x000000b0   Code   RO          470    .text               misc.o
    0x08001064   0x08001064   0x00000708   Code   RO          490    .text               stm32f4xx_can.o
    0x0800176c   0x0800176c   0x00000488   Code   RO          510    .text               stm32f4xx_rcc.o
    0x08001bf4   0x08001bf4   0x000009dc   Code   RO          532    .text               stm32f4xx_tim.o
    0x080025d0   0x080025d0   0x00000320   Code   RO          553    .text               stm32f4xx_dma.o
    0x080028f0   0x080028f0   0x0000020c   Code   RO          593    .text               stm32f4xx_gpio.o
    0x08002afc   0x08002afc   0x00000358   Code   RO          613    .text               stm32f4xx_usart.o
    0x08002e54   0x08002e54   0x0000009c   Code   RO          633    .text               drive_rc.o
    0x08002ef0   0x08002ef0   0x00000714   Code   RO          659    .text               drive_control.o
    0x08003604   0x08003604   0x000000cc   Code   RO          688    .text               motor_chassis.o
    0x080036d0   0x080036d0   0x00000280   Code   RO          714    .text               motor_cradle_head_1.o
    0x08003950   0x08003950   0x00000088   Code   RO          738    .text               list.o
    0x080039d8   0x080039d8   0x00000260   Code   RO          783    .text               port.o
    0x08003c38   0x08003c38   0x0000134c   Code   RO          823    .text               tasks.o
    0x08004f84   0x08004f84   0x00000518   Code   RO          861    .text               timers.o
    0x0800549c   0x0800549c   0x00000aac   Code   RO          882    .text               queue.o
    0x08005f48   0x08005f48   0x00000214   Code   RO          910    .text               heap_4.o
    0x0800615c   0x0800615c   0x00000024   Code   RO          952    .text               mc_w.l(memcpya.o)
    0x08006180   0x08006180   0x00000024   Code   RO          954    .text               mc_w.l(memseta.o)
    0x080061a4   0x080061a4   0x0000000e   Code   RO          956    .text               mc_w.l(strlen.o)
    0x080061b2   0x080061b2   0x00000012   Code   RO          958    .text               mc_w.l(strcpy.o)
    0x080061c4   0x080061c4   0x0000002c   Code   RO         1238    .text               mc_w.l(uidiv.o)
    0x080061f0   0x080061f0   0x00000024   Code   RO         1253    .text               mc_w.l(init.o)
    0x08006214   0x08006214   0x00000020   Code   RO         1051    i.__0printf$3       mc_w.l(printf3.o)
    0x08006234   0x08006234   0x00000028   Code   RO         1053    i.__0sprintf$3      mc_w.l(printf3.o)
    0x0800625c   0x0800625c   0x0000000e   Code   RO         1265    i.__scatterload_copy  mc_w.l(handlers.o)
    0x0800626a   0x0800626a   0x00000002   Code   RO         1266    i.__scatterload_null  mc_w.l(handlers.o)
    0x0800626c   0x0800626c   0x0000000e   Code   RO         1267    i.__scatterload_zeroinit  mc_w.l(handlers.o)
    0x0800627a   0x0800627a   0x00000002   PAD
    0x0800627c   0x0800627c   0x000001b8   Code   RO         1058    i._printf_core      mc_w.l(printf3.o)
    0x08006434   0x08006434   0x0000000a   Code   RO         1060    i._sputc            mc_w.l(printf3.o)
    0x0800643e   0x0800643e   0x00000002   PAD
    0x08006440   0x08006440   0x00000020   Data   RO         1263    Region$$Table       anon$$obj.o


    Execution Region RW_IRAM1 (Exec base: 0x20000000, Load base: 0x08006460, Size: 0x00005d00, Max: 0x00030000, ABSOLUTE)

    Exec Addr    Load Addr    Size         Type   Attr      Idx    E Section Name        Object

    0x20000000   0x08006460   0x00000004   Data   RW          324    .data               delay.o
    0x20000004   0x08006464   0x00000001   Data   RW          366    .data               stm32f4xx_it.o
    0x20000005   0x08006465   0x00000003   PAD
    0x20000008   0x08006468   0x00000014   Data   RW          390    .data               system_stm32f4xx.o
    0x2000001c   0x0800647c   0x00000010   Data   RW          511    .data               stm32f4xx_rcc.o
    0x2000002c   0x0800648c   0x0000000c   Data   RW          784    .data               port.o
    0x20000038   0x08006498   0x0000003c   Data   RW          825    .data               tasks.o
    0x20000074   0x080064d4   0x00000014   Data   RW          863    .data               timers.o
    0x20000088   0x080064e8   0x00000018   Data   RW          912    .data               heap_4.o
    0x200000a0   0x08006500   0x00000004   Data   RW         1237    .data               mc_w.l(stdout.o)
    0x200000a4        -       0x00000210   Zero   RW          209    .bss                bsp_dma.o
    0x200002b4        -       0x0000001c   Zero   RW          634    .bss                drive_rc.o
    0x200002d0        -       0x0000027c   Zero   RW          660    .bss                drive_control.o
    0x2000054c        -       0x00000018   Zero   RW          689    .bss                motor_chassis.o
    0x20000564        -       0x0000004c   Zero   RW          715    .bss                motor_cradle_head_1.o
    0x200005b0        -       0x000002e4   Zero   RW          824    .bss                tasks.o
    0x20000894        -       0x00000028   Zero   RW          862    .bss                timers.o
    0x200008bc        -       0x00000040   Zero   RW          883    .bss                queue.o
    0x200008fc        -       0x00005000   Zero   RW          911    .bss                heap_4.o
    0x200058fc   0x08006504   0x00000004   PAD
    0x20005900        -       0x00000400   Zero   RW          413    STACK               startup_stm32f427xx.o


==============================================================================

Image component sizes


      Code (inc. data)   RO Data    RW Data    ZI Data      Debug   Object Name

       272         10          0          0          0     309495   bsp_can.o
       288         20          0          0        528       1265   bsp_dma.o
       416         24          0          0          0        740   bsp_gpio.o
       268         24          0          0          0        644   bsp_nvic.o
       168         10          0          0          0        640   bsp_time.o
       168         12          0          0          0        585   bsp_usart.o
       184          4          0          4          0       1433   delay.o
      1812         96          0          0        636       5082   drive_control.o
       156         10          0          0         28       1251   drive_rc.o
       532         66          0         24      20480       3460   heap_4.o
       136          0          0          0          0       8986   list.o
        44          4          0          0          0       2924   main.o
       340          8          0          0          0       4348   math_pid.o
       148         12          0          0          0       6404   math_tool.o
       176         12          0          0          0       1929   misc.o
       204         10          0          0         24       1671   motor_chassis.o
       640         32          0          0         76       3160   motor_cradle_head_1.o
       790        104          0         12          0       8141   port.o
      2732         52          0          0         64      24992   queue.o
        36          8        428          0       1024        800   startup_stm32f427xx.o
      1800         44          0          0          0       8764   stm32f4xx_can.o
       800         32          0          0          0       6949   stm32f4xx_dma.o
       524         44          0          0          0       4457   stm32f4xx_gpio.o
       568         56          0          1          0       2756   stm32f4xx_it.o
      1160         52          0         16          0      13332   stm32f4xx_rcc.o
      2524         52          0          0          0      23978   stm32f4xx_tim.o
       856         32          0          0          0       8272   stm32f4xx_usart.o
        76          6          0          0          0        724   sysconfig.o
       412         40          0         20          0       1883   system_stm32f4xx.o
      4940        180          0         60        740      35686   tasks.o
      1304        128          0         20         40      14200   timers.o

    ----------------------------------------------------------------------
     24476       1184        460        160      23644     508951   Object Totals
         0          0         32          0          0          0   (incl. Generated)
         2          0          0          3          4          0   (incl. Padding)

    ----------------------------------------------------------------------

      Code (inc. data)   RO Data    RW Data    ZI Data      Debug   Library Member Name

         0          0          0          0          0          0   entry.o
         0          0          0          0          0          0   entry10a.o
         0          0          0          0          0          0   entry11a.o
         8          4          0          0          0          0   entry2.o
         4          0          0          0          0          0   entry5.o
         0          0          0          0          0          0   entry7b.o
         0          0          0          0          0          0   entry8b.o
         8          4          0          0          0          0   entry9a.o
        30          0          0          0          0          0   handlers.o
        36          8          0          0          0         68   init.o
        36          0          0          0          0         68   memcpya.o
        36          0          0          0          0        108   memseta.o
       522         20          0          0          0        336   printf3.o
         0          0          0          4          0          0   stdout.o
        18          0          0          0          0         68   strcpy.o
        14          0          0          0          0         68   strlen.o
        44          0          0          0          0         80   uidiv.o

    ----------------------------------------------------------------------
       760         36          0          4          0        796   Library Totals
         4          0          0          0          0          0   (incl. Padding)

    ----------------------------------------------------------------------

      Code (inc. data)   RO Data    RW Data    ZI Data      Debug   Library Name

       756         36          0          4          0        796   mc_w.l

    ----------------------------------------------------------------------
       760         36          0          4          0        796   Library Totals

    ----------------------------------------------------------------------

==============================================================================


      Code (inc. data)   RO Data    RW Data    ZI Data      Debug   

     25236       1220        460        164      23644     502939   Grand Totals
     25236       1220        460        164      23644     502939   ELF Image Totals
     25236       1220        460        164          0          0   ROM Totals

==============================================================================

    Total RO  Size (Code + RO Data)                25696 (  25.09kB)
    Total RW  Size (RW Data + ZI Data)             23808 (  23.25kB)
    Total ROM Size (Code + RO Data + RW Data)      25860 (  25.25kB)

==============================================================================

