Component: ARM Compiler 5.06 update 6 (build 750) Tool: armlink [4d35ed]

==============================================================================

Section Cross References

    bsp_can.o(.text) refers to stm32f4xx_rcc.o(.text) for RCC_APB1PeriphClockCmd
    bsp_can.o(.text) refers to stm32f4xx_can.o(.text) for CAN_DeInit
    bsp_time.o(.text) refers to stm32f4xx_rcc.o(.text) for RCC_APB1PeriphClockCmd
    bsp_time.o(.text) refers to stm32f4xx_tim.o(.text) for TIM_TimeBaseInit
    bsp_gpio.o(.text) refers to stm32f4xx_rcc.o(.text) for RCC_AHB1PeriphClockCmd
    bsp_gpio.o(.text) refers to stm32f4xx_gpio.o(.text) for GPIO_Init
    bsp_usart.o(.text) refers to stm32f4xx_rcc.o(.text) for RCC_APB2PeriphClockCmd
    bsp_usart.o(.text) refers to stm32f4xx_usart.o(.text) for USART_DeInit
    bsp_dma.o(.text) refers to stm32f4xx_rcc.o(.text) for RCC_AHB1PeriphClockCmd
    bsp_dma.o(.text) refers to stm32f4xx_dma.o(.text) for DMA_DeInit
    bsp_dma.o(.text) refers to bsp_dma.o(.bss) for .bss
    bsp_nvic.o(.text) refers to misc.o(.text) for NVIC_PriorityGroupConfig
    bsp_nvic.o(.text) refers to stm32f4xx_dma.o(.text) for DMA_ITConfig
    bsp_nvic.o(.text) refers to stm32f4xx_usart.o(.text) for USART_ITConfig
    bsp_nvic.o(.text) refers to stm32f4xx_can.o(.text) for CAN_ITConfig
    bsp_nvic.o(.text) refers to stm32f4xx_tim.o(.text) for TIM_ClearFlag
    main.o(.text) refers to sysconfig.o(.text) for SYS_Config_Init
    main.o(.text) refers to tasks.o(.text) for xTaskCreate
    main.o(.text) refers to task_config.o(.data) for xHandleTaskStart
    main.o(.text) refers to task_config.o(.text) for vTaskStart
    sysconfig.o(.text) refers to bsp_delay.o(.text) for BSP_DWT_Init
    sysconfig.o(.text) refers to bsp_gpio.o(.text) for BSP_GPIO_Init
    sysconfig.o(.text) refers to bsp_usart.o(.text) for BSP_USART_Init
    sysconfig.o(.text) refers to bsp_can.o(.text) for BSP_CAN_Init
    sysconfig.o(.text) refers to bsp_dma.o(.text) for BSP_DMA_Init
    sysconfig.o(.text) refers to bsp_time.o(.text) for BSP_TIME_Init
    sysconfig.o(.text) refers to bsp_nvic.o(.text) for BSP_NVIC_Init
    sysconfig.o(.text) refers to drive_control.o(.text) for Infan_Control_Init
    sysconfig.o(.text) refers to stm32f4xx_usart.o(.text) for USART_SendData
    stm32f4xx_it.o(.text) refers to stm32f4xx_dma.o(.text) for DMA_Cmd
    stm32f4xx_it.o(.text) refers to stm32f4xx_usart.o(.text) for USART_GetITStatus
    stm32f4xx_it.o(.text) refers to stm32f4xx_tim.o(.text) for TIM_GetITStatus
    stm32f4xx_it.o(.text) refers to drive_control.o(.text) for Speed_2006_Control
    stm32f4xx_it.o(.text) refers to stm32f4xx_can.o(.text) for CAN_GetITStatus
    stm32f4xx_it.o(.text) refers to motor_cradle_head_1.o(.text) for Get_2006_Offset_angle
    stm32f4xx_it.o(.text) refers to motor_chassis.o(.text) for Get_3510_data
    stm32f4xx_it.o(.text) refers to drive_rc.o(.text) for RC_Data_Parse
    stm32f4xx_it.o(.text) refers to bsp_dma.o(.bss) for g_DMA_Judge_Reve_Buff
    stm32f4xx_it.o(.text) refers to drive_control.o(.bss) for g_speed_target
    stm32f4xx_it.o(.text) refers to stm32f4xx_it.o(.data) for .data
    system_stm32f4xx.o(.text) refers to system_stm32f4xx.o(.data) for .data
    startup_stm32f427xx.o(RESET) refers to startup_stm32f427xx.o(STACK) for __initial_sp
    startup_stm32f427xx.o(RESET) refers to startup_stm32f427xx.o(.text) for Reset_Handler
    startup_stm32f427xx.o(RESET) refers to stm32f4xx_it.o(.text) for NMI_Handler
    startup_stm32f427xx.o(RESET) refers to port.o(.emb_text) for SVC_Handler
    startup_stm32f427xx.o(RESET) refers to port.o(.text) for SysTick_Handler
    startup_stm32f427xx.o(.text) refers to system_stm32f4xx.o(.text) for SystemInit
    startup_stm32f427xx.o(.text) refers to entry.o(.ARM.Collect$$$$00000000) for __main
    math_pid.o(.text) refers to math_tool.o(.text) for ConstrainFloat
    task_config.o(.text) refers to stm32f4xx_gpio.o(.text) for GPIO_ResetBits
    task_config.o(.text) refers to tasks.o(.text) for vTaskDelay
    task_config.o(.text) refers to port.o(.text) for vPortEnterCritical
    task_config.o(.text) refers to task_config.o(.data) for .data
    stm32f4xx_can.o(.text) refers to stm32f4xx_rcc.o(.text) for RCC_APB1PeriphResetCmd
    stm32f4xx_rcc.o(.text) refers to stm32f4xx_rcc.o(.data) for .data
    stm32f4xx_tim.o(.text) refers to stm32f4xx_rcc.o(.text) for RCC_APB2PeriphResetCmd
    stm32f4xx_gpio.o(.text) refers to stm32f4xx_rcc.o(.text) for RCC_AHB1PeriphResetCmd
    stm32f4xx_usart.o(.text) refers to stm32f4xx_rcc.o(.text) for RCC_APB2PeriphResetCmd
    drive_rc.o(.text) refers to bsp_dma.o(.bss) for g_DMA_Dbus_Buff
    drive_rc.o(.text) refers to drive_rc.o(.bss) for .bss
    drive_delay.o(.text) refers to tasks.o(.text) for xTaskGetTickCount
    drive_delay.o(.text) refers to system_stm32f4xx.o(.data) for SystemCoreClock
    drive_control.o(.text) refers to math_pid.o(.text) for PID_SetParam
    drive_control.o(.text) refers to drive_delay.o(.text) for Get_SysTimeUs
[...]
    ..\\BSP\\bsp_usart.c                     0x00000000   Number         0  bsp_usart.o ABSOLUTE
    ..\\CORE\\system_stm32f4xx.c             0x00000000   Number         0  system_stm32f4xx.o ABSOLUTE
    ..\\DRIVE\\drive_control.c               0x00000000   Number         0  drive_control.o ABSOLUTE
    ..\\DRIVE\\drive_delay.c                 0x00000000   Number         0  drive_delay.o ABSOLUTE
    ..\\DRIVE\\drive_rc.c                    0x00000000   Number         0  drive_rc.o ABSOLUTE
    ..\\FWLIB\\src\\misc.c                   0x00000000   Number         0  misc.o ABSOLUTE
    ..\\FWLIB\\src\\stm32f4xx_can.c          0x00000000   Number         0  stm32f4xx_can.o ABSOLUTE
    ..\\FWLIB\\src\\stm32f4xx_dma.c          0x00000000   Number         0  stm32f4xx_dma.o ABSOLUTE
    ..\\FWLIB\\src\\stm32f4xx_exti.c         0x00000000   Number         0  stm32f4xx_exti.o ABSOLUTE
    ..\\FWLIB\\src\\stm32f4xx_gpio.c         0x00000000   Number         0  stm32f4xx_gpio.o ABSOLUTE
    ..\\FWLIB\\src\\stm32f4xx_rcc.c          0x00000000   Number         0  stm32f4xx_rcc.o ABSOLUTE
    ..\\FWLIB\\src\\stm32f4xx_tim.c          0x00000000   Number         0  stm32f4xx_tim.o ABSOLUTE
    ..\\FWLIB\\src\\stm32f4xx_usart.c        0x00000000   Number         0  stm32f4xx_usart.o ABSOLUTE
    ..\\MATH\\math_pid.c                     0x00000000   Number         0  math_pid.o ABSOLUTE
    ..\\MATH\\math_tool.c                    0x00000000   Number         0  math_tool.o ABSOLUTE
    ..\\MOTOR\\motor_chassis.c               0x00000000   Number         0  motor_chassis.o ABSOLUTE
    ..\\MOTOR\\motor_cradle_head.c           0x00000000   Number         0  motor_cradle_head_1.o ABSOLUTE
    ..\\TASK\\task_config.c                  0x00000000   Number         0  task_config.o ABSOLUTE
    ..\\USER\\main.c                         0x00000000   Number         0  main.o ABSOLUTE
    ..\\USER\\stm32f4xx_it.c                 0x00000000   Number         0  stm32f4xx_it.o ABSOLUTE
    ..\\USER\\sysconfig.c                    0x00000000   Number         0  sysconfig.o ABSOLUTE
    ..\\freeRTOS\\portable\\RVDS\\ARM_CM4F\\port.c 0x00000000   Number         0  port.o ABSOLUTE
    ..\freeRTOS\croutine.c                   0x00000000   Number         0  croutine.o ABSOLUTE
    ..\freeRTOS\event_groups.c               0x00000000   Number         0  event_groups.o ABSOLUTE
    ..\freeRTOS\list.c                       0x00000000   Number         0  list.o ABSOLUTE
    ..\freeRTOS\portable\MemMang\heap_4.c    0x00000000   Number         0  heap_4.o ABSOLUTE
    ..\freeRTOS\portable\RVDS\ARM_CM4F\port.c 0x00000000   Number         0  port.o ABSOLUTE
    ..\freeRTOS\queue.c                      0x00000000   Number         0  queue.o ABSOLUTE
    ..\freeRTOS\tasks.c                      0x00000000   Number         0  tasks.o ABSOLUTE
    ..\freeRTOS\timers.c                     0x00000000   Number         0  timers.o ABSOLUTE
    cdrcmple.s                               0x00000000   Number         0  cdrcmple.o ABSOLUTE
    dc.s                                     0x00000000   Number         0  dc.o ABSOLUTE
    handlers.s                               0x00000000   Number         0  handlers.o ABSOLUTE
    init.s                                   0x00000000   Number         0  init.o ABSOLUTE
    RESET                                    0x08000000   Section      428  startup_stm32f427xx.o(RESET)
    .ARM.Collect$$$$00000000                 0x080001ac   Section        0  entry.o(.ARM.Collect$$$$00000000)
    .ARM.Collect$$$$00000001                 0x080001ac   Section        4  entry2.o(.ARM.Collect$$$$00000001)
    .ARM.Collect$$$$00000004                 0x080001b0   Section        4  entry5.o(.ARM.Collect$$$$00000004)
    .ARM.Collect$$$$00000008                 0x080001b4   Section        0  entry7b.o(.ARM.Collect$$$$00000008)
    .ARM.Collect$$$$0000000A                 0x080001b4   Section        0  entry8b.o(.ARM.Collect$$$$0000000A)
    .ARM.Collect$$$$0000000B                 0x080001b4   Section        8  entry9a.o(.ARM.Collect$$$$0000000B)
    .ARM.Collect$$$$0000000D                 0x080001bc   Section        0  entry10a.o(.ARM.Collect$$$$0000000D)
    .ARM.Collect$$$$0000000F                 0x080001bc   Section        0  entry11a.o(.ARM.Collect$$$$0000000F)
    .ARM.Collect$$$$00002712                 0x080001bc   Section        4  entry2.o(.ARM.Collect$$$$00002712)
    __lit__00000000                          0x080001bc   Data           4  entry2.o(.ARM.Collect$$$$00002712)
    .emb_text                                0x080001c0   Section      182  port.o(.emb_text)
    $v0                                      0x080001c0   Number         0  port.o(.emb_text)
    .text                                    0x08000278   Section        0  bsp_can.o(.text)
    .text                                    0x08000388   Section        0  bsp_time.o(.text)
    .text                                    0x08000430   Section        0  bsp_gpio.o(.text)
    .text                                    0x080005d0   Section        0  bsp_usart.o(.text)
    .text                                    0x08000678   Section        0  bsp_dma.o(.text)
    .text                                    0x08000798   Section        0  bsp_nvic.o(.text)
    .text                                    0x08000894   Section        0  bsp_delay.o(.text)
    .text                                    0x080008b8   Section        0  main.o(.text)
    .text                                    0x080008f0   Section        0  sysconfig.o(.text)
    .text                                    0x08000938   Section        0  stm32f4xx_it.o(.text)
    .text                                    0x08000b50   Section        0  system_stm32f4xx.o(.text)
    SetSysClock                              0x08000b51   Thumb Code   190  system_stm32f4xx.o(.text)
    .text                                    0x08000cec   Section       36  startup_stm32f427xx.o(.text)
    $v0                                      0x08000cec   Number         0  startup_stm32f427xx.o(.text)
    .text                                    0x08000d10   Section        0  math_pid.o(.text)
    .text                                    0x08000e64   Section        0  math_tool.o(.text)
    .text                                    0x08000ef8   Section        0  task_config.o(.text)
    .text                                    0x08000f58   Section        0  misc.o(.text)
    .text                                    0x08001008   Section        0  stm32f4xx_can.o(.text)
    CheckITStatus                            0x080016fb   Thumb Code    12  stm32f4xx_can.o(.text)
    .text                                    0x08001710   Section        0  stm32f4xx_rcc.o(.text)
    .text                                    0x08001b98   Section        0  stm32f4xx_tim.o(.text)
    TI2_Config                               0x080021e3   Thumb Code    54  stm32f4xx_tim.o(.text)
    TI1_Config                               0x08002547   Thumb Code    46  stm32f4xx_tim.o(.text)
    .text                                    0x08002574   Section        0  stm32f4xx_dma.o(.text)
    .text                                    0x08002894   Section        0  stm32f4xx_gpio.o(.text)
    .text                                    0x08002aa0   Section        0  stm32f4xx_usart.o(.text)
    .text                                    0x08002df8   Section        0  drive_rc.o(.text)
    .text                                    0x08002e94   Section        0  drive_delay.o(.text)
    .text                                    0x08002f00   Section        0  drive_control.o(.text)
    .text                                    0x080036a0   Section        0  motor_chassis.o(.text)
    .text                                    0x0800376c   Section        0  motor_cradle_head_1.o(.text)
    .text                                    0x08003984   Section        0  list.o(.text)
    .text                                    0x08003a0c   Section        0  port.o(.text)
    prvTaskExitError                         0x08003a0d   Thumb Code    36  port.o(.text)
    .text                                    0x08003c6c   Section        0  tasks.o(.text)
    prvAddNewTaskToReadyList                 0x08003c6d   Thumb Code   192  tasks.o(.text)
    prvAddCurrentTaskToDelayedList           0x08003f8d   Thumb Code   102  tasks.o(.text)
    prvTaskIsTaskSuspended                   0x08004339   Thumb Code    48  tasks.o(.text)
    prvIdleTask                              0x0800445b   Thumb Code    30  tasks.o(.text)
    prvListTasksWithinSingleList             0x080045cf   Thumb Code    84  tasks.o(.text)
    prvInitialiseNewTask                     0x08004e77   Thumb Code   152  tasks.o(.text)
    prvResetNextTaskUnblockTime              0x08004f0f   Thumb Code    26  tasks.o(.text)
    prvDeleteTCB                             0x08004f29   Thumb Code    20  tasks.o(.text)
    prvCheckTasksWaitingTermination          0x08004f3d   Thumb Code    76  tasks.o(.text)
    .text                                    0x08004fb8   Section        0  timers.o(.text)
    prvInsertTimerInActiveList               0x08004fb9   Thumb Code    52  timers.o(.text)
    prvProcessReceivedCommands               0x0800504f   Thumb Code   196  timers.o(.text)
    prvTimerTask                             0x08005113   Thumb Code    34  timers.o(.text)
    prvCheckForValidListAndQueue             0x08005135   Thumb Code    62  timers.o(.text)
    prvSampleTimeNow                         0x08005317   Thumb Code    36  timers.o(.text)
    prvProcessTimerOrBlockTask               0x0800533b   Thumb Code   210  timers.o(.text)
    prvSwitchTimerLists                      0x0800540d   Thumb Code   102  timers.o(.text)
    prvProcessExpiredTimer                   0x08005473   Thumb Code    88  timers.o(.text)
    .text                                    0x080054d0   Section        0  queue.o(.text)
    prvCopyDataToQueue                       0x080055a3   Thumb Code   106  queue.o(.text)
    prvNotifyQueueSetContainer               0x0800560d   Thumb Code   108  queue.o(.text)
    prvUnlockQueue                           0x08005679   Thumb Code   120  queue.o(.text)
    prvCopyDataFromQueue                     0x080058d5   Thumb Code    38  queue.o(.text)
    prvIsQueueEmpty                          0x08005f59   Thumb Code    26  queue.o(.text)
    .text                                    0x08005f7c   Section        0  heap_4.o(.text)
    prvInsertBlockIntoFreeList               0x08005f7d   Thumb Code    72  heap_4.o(.text)
    prvHeapInit                              0x0800610d   Thumb Code    66  heap_4.o(.text)
    .text                                    0x08006190   Section        0  memcpya.o(.text)
    .text                                    0x080061b4   Section        0  memseta.o(.text)
    .text                                    0x080061d8   Section        0  strlen.o(.text)
    .text                                    0x080061e6   Section        0  strcpy.o(.text)
    .text                                    0x080061f8   Section        0  dmul.o(.text)
    .text                                    0x080062dc   Section        0  dfltul.o(.text)
    .text                                    0x080062f4   Section        0  d2f.o(.text)
    .text                                    0x0800632c   Section        0  uidiv.o(.text)
    .text                                    0x08006358   Section        0  iusefp.o(.text)
    .text                                    0x08006358   Section        0  fepilogue.o(.text)
    .text                                    0x080063c6   Section        0  depilogue.o(.text)
    .text                                    0x08006480   Section       36  init.o(.text)
    .text                                    0x080064a4   Section        0  llshl.o(.text)
    .text                                    0x080064c2   Section        0  llushr.o(.text)
    i.__0printf$3                            0x080064e4   Section        0  printf3.o(i.__0printf$3)
    i.__0sprintf$3                           0x08006504   Section        0  printf3.o(i.__0sprintf$3)
    i.__scatterload_copy                     0x0800652c   Section       14  handlers.o(i.__scatterload_copy)
    i.__scatterload_null                     0x0800653a   Section        2  handlers.o(i.__scatterload_null)
    i.__scatterload_zeroinit                 0x0800653c   Section       14  handlers.o(i.__scatterload_zeroinit)
    i._printf_core                           0x0800654c   Section        0  printf3.o(i._printf_core)
    _printf_core                             0x0800654d   Thumb Code   436  printf3.o(i._printf_core)
    i._sputc                                 0x08006704   Section        0  printf3.o(i._sputc)
    _sputc                                   0x08006705   Thumb Code    10  printf3.o(i._sputc)
    .data                                    0x20000000   Section        1  stm32f4xx_it.o(.data)
    flag                                     0x20000000   Data           1  stm32f4xx_it.o(.data)
    .data                                    0x20000004   Section       20  system_stm32f4xx.o(.data)
    .data                                    0x20000018   Section        8  task_config.o(.data)
    .data                                    0x20000020   Section       16  stm32f4xx_rcc.o(.data)
    APBAHBPrescTable                         0x20000020   Data          16  stm32f4xx_rcc.o(.data)
    .data                                    0x20000030   Section       24  drive_control.o(.data)
    previousT                                0x20000030   Data           8  drive_control.o(.data)
    previousT                                0x20000038   Data           8  drive_control.o(.data)
    previousT                                0x20000040   Data           8  drive_control.o(.data)
    .data                                    0x20000048   Section       12  port.o(.data)
    ucMaxSysCallPriority                     0x20000048   Data           1  port.o(.data)
    uxCriticalNesting                        0x2000004c   Data           4  port.o(.data)
    ulMaxPRIGROUPValue                       0x20000050   Data           4  port.o(.data)
    .data                                    0x20000054   Section       60  tasks.o(.data)
    uxDeletedTasksWaitingCleanUp             0x20000058   Data           4  tasks.o(.data)
    uxCurrentNumberOfTasks                   0x2000005c   Data           4  tasks.o(.data)
    xTickCount                               0x20000060   Data           4  tasks.o(.data)
    uxTopReadyPriority                       0x20000064   Data           4  tasks.o(.data)
    xSchedulerRunning                        0x20000068   Data           4  tasks.o(.data)
    uxPendedTicks                            0x2000006c   Data           4  tasks.o(.data)
    xYieldPending                            0x20000070   Data           4  tasks.o(.data)
    xNumOfOverflows                          0x20000074   Data           4  tasks.o(.data)
    uxTaskNumber                             0x20000078   Data           4  tasks.o(.data)
    xNextTaskUnblockTime                     0x2000007c   Data           4  tasks.o(.data)
    xIdleTaskHandle                          0x20000080   Data           4  tasks.o(.data)
    uxSchedulerSuspended                     0x20000084   Data           4  tasks.o(.data)
    pxDelayedTaskList                        0x20000088   Data           4  tasks.o(.data)
    pxOverflowDelayedTaskList                0x2000008c   Data           4  tasks.o(.data)
    .data                                    0x20000090   Section       20  timers.o(.data)
    xTimerQueue                              0x20000090   Data           4  timers.o(.data)
    xTimerTaskHandle                         0x20000094   Data           4  timers.o(.data)
    xLastTime                                0x20000098   Data           4  timers.o(.data)
    pxCurrentTimerList                       0x2000009c   Data           4  timers.o(.data)
    pxOverflowTimerList                      0x200000a0   Data           4  timers.o(.data)
    .data                                    0x200000a4   Section       24  heap_4.o(.data)
    pxEnd                                    0x200000a4   Data           4  heap_4.o(.data)
    xFreeBytesRemaining                      0x200000a8   Data           4  heap_4.o(.data)
    xMinimumEverFreeBytesRemaining           0x200000ac   Data           4  heap_4.o(.data)
    xBlockAllocatedBit                       0x200000b0   Data           4  heap_4.o(.data)
    xStart                                   0x200000b4   Data           8  heap_4.o(.data)
    .data                                    0x200000bc   Section        4  stdout.o(.data)
    .bss                                     0x200000c0   Section      528  bsp_dma.o(.bss)
    .bss                                     0x200002d0   Section       28  drive_rc.o(.bss)
    .bss                                     0x200002ec   Section      636  drive_control.o(.bss)
    s_angle_contorl_out                      0x20000530   Data          28  drive_control.o(.bss)
    s_speed_contorl_out                      0x2000054c   Data          28  drive_control.o(.bss)
    .bss                                     0x20000568   Section       24  motor_chassis.o(.bss)
    .bss                                     0x20000580   Section       76  motor_cradle_head_1.o(.bss)
    s_tx_message                             0x20000580   Data          20  motor_cradle_head_1.o(.bss)
    .bss                                     0x200005cc   Section      740  tasks.o(.bss)
    pxReadyTasksLists                        0x200005cc   Data         640  tasks.o(.bss)
    xDelayedTaskList1                        0x2000084c   Data          20  tasks.o(.bss)
    xDelayedTaskList2                        0x20000860   Data          20  tasks.o(.bss)
    xPendingReadyList                        0x20000874   Data          20  tasks.o(.bss)
    xTasksWaitingTermination                 0x20000888   Data          20  tasks.o(.bss)
    xSuspendedTaskList                       0x2000089c   Data          20  tasks.o(.bss)
    .bss                                     0x200008b0   Section       40  timers.o(.bss)
    xActiveTimerList1                        0x200008b0   Data          20  timers.o(.bss)
    xActiveTimerList2                        0x200008c4   Data          20  timers.o(.bss)
    .bss                                     0x200008d8   Section       64  queue.o(.bss)
    .bss                                     0x20000918   Section    20480  heap_4.o(.bss)
    ucHeap                                   0x20000918   Data       20480  heap_4.o(.bss)
    STACK                                    0x20005918   Section     1024  startup_stm32f427xx.o(STACK)

    Global Symbols

    Symbol Name                              Value     Ov Type        Size  Object(Section)

    BuildAttributes$$THM_ISAv4$E$P$D$K$B$S$7EM$VFPi3$EXTD16$VFPS$VFMA$PE$A:L22UL41UL21$X:L11$S22US41US21$IEEE1$IW$USESV6$~STKCKD$USESV7$~SHL$OTIME$ROPI$EBA8$MICROLIB$REQ8$PRES8$EABIv2 0x00000000   Number         0  anon$$obj.o ABSOLUTE
    __ARM_use_no_argv                        0x00000000   Number         0  main.o ABSOLUTE
    _printf_a                                0x00000000   Number         0  stubs.o ABSOLUTE
    _printf_c                                0x00000000   Number         0  stubs.o ABSOLUTE
    _printf_charcount                        0x00000000   Number         0  stubs.o ABSOLUTE
    _printf_d                                0x00000000   Number         0  stubs.o ABSOLUTE
    _printf_e                                0x00000000   Number         0  stubs.o ABSOLUTE
    _printf_f                                0x00000000   Number         0  stubs.o ABSOLUTE
    _printf_flags                            0x00000000   Number         0  stubs.o ABSOLUTE
    _printf_fp_dec                           0x00000000   Number         0  stubs.o ABSOLUTE
    _printf_fp_hex                           0x00000000   Number         0  stubs.o ABSOLUTE
    _printf_g                                0x00000000   Number         0  stubs.o ABSOLUTE
    _printf_i                                0x00000000   Number         0  stubs.o ABSOLUTE
    _printf_int_dec                          0x00000000   Number         0  stubs.o ABSOLUTE
    _printf_l                                0x00000000   Number         0  stubs.o ABSOLUTE
    _printf_lc                               0x00000000   Number         0  stubs.o ABSOLUTE
    _printf_ll                               0x00000000   Number         0  stubs.o ABSOLUTE
    _printf_lld                              0x00000000   Number         0  stubs.o ABSOLUTE
    _printf_lli                              0x00000000   Number         0  stubs.o ABSOLUTE
    _printf_llo                              0x00000000   Number         0  stubs.o ABSOLUTE
    _printf_llu                              0x00000000   Number         0  stubs.o ABSOLUTE
    _printf_llx                              0x00000000   Number         0  stubs.o ABSOLUTE
    _printf_longlong_dec                     0x00000000   Number         0  stubs.o ABSOLUTE
    _printf_longlong_hex                     0x00000000   Number         0  stubs.o ABSOLUTE
    _printf_longlong_oct                     0x00000000   Number         0  stubs.o ABSOLUTE
    _printf_ls                               0x00000000   Number         0  stubs.o ABSOLUTE
    _printf_mbtowc                           0x00000000   Number         0  stubs.o ABSOLUTE
    _printf_n                                0x00000000   Number         0  stubs.o ABSOLUTE
    _printf_o                                0x00000000   Number         0  stubs.o ABSOLUTE
    _printf_p                                0x00000000   Number         0  stubs.o ABSOLUTE
    _printf_percent                          0x00000000   Number         0  stubs.o ABSOLUTE
    _printf_pre_padding                      0x00000000   Number         0  stubs.o ABSOLUTE
    _printf_return_value                     0x00000000   Number         0  stubs.o ABSOLUTE
    _printf_s                                0x00000000   Number         0  stubs.o ABSOLUTE
    _printf_sizespec                         0x00000000   Number         0  stubs.o ABSOLUTE
    _printf_str                              0x00000000   Number         0  stubs.o ABSOLUTE
    _printf_truncate_signed                  0x00000000   Number         0  stubs.o ABSOLUTE
    _printf_truncate_unsigned                0x00000000   Number         0  stubs.o ABSOLUTE
    _printf_u                                0x00000000   Number         0  stubs.o ABSOLUTE
    _printf_wc                               0x00000000   Number         0  stubs.o ABSOLUTE
    _printf_wctomb                           0x00000000   Number         0  stubs.o ABSOLUTE
    _printf_widthprec                        0x00000000   Number         0  stubs.o ABSOLUTE
    _printf_x                                0x00000000   Number         0  stubs.o ABSOLUTE
    __cpp_initialize__aeabi_                  - Undefined Weak Reference
    __cxa_finalize                            - Undefined Weak Reference
    __decompress                              - Undefined Weak Reference
    _clock_init                               - Undefined Weak Reference
    _microlib_exit                            - Undefined Weak Reference
    __Vectors_Size                           0x000001ac   Number         0  startup_stm32f427xx.o ABSOLUTE
    __Vectors                                0x08000000   Data           4  startup_stm32f427xx.o(RESET)
    __Vectors_End                            0x080001ac   Data           0  startup_stm32f427xx.o(RESET)
    __main                                   0x080001ad   Thumb Code     0  entry.o(.ARM.Collect$$$$00000000)
    _main_stk                                0x080001ad   Thumb Code     0  entry2.o(.ARM.Collect$$$$00000001)
    _main_scatterload                        0x080001b1   Thumb Code     0  entry5.o(.ARM.Collect$$$$00000004)
    __main_after_scatterload                 0x080001b5   Thumb Code     0  entry5.o(.ARM.Collect$$$$00000004)
    _main_clock                              0x080001b5   Thumb Code     0  entry7b.o(.ARM.Collect$$$$00000008)
    _main_cpp_init                           0x080001b5   Thumb Code     0  entry8b.o(.ARM.Collect$$$$0000000A)
    _main_init                               0x080001b5   Thumb Code     0  entry9a.o(.ARM.Collect$$$$0000000B)
    __rt_final_cpp                           0x080001bd   Thumb Code     0  entry10a.o(.ARM.Collect$$$$0000000D)
    __rt_final_exit                          0x080001bd   Thumb Code     0  entry11a.o(.ARM.Collect$$$$0000000F)
    SVC_Handler                              0x080001c1   Thumb Code    28  port.o(.emb_text)
    __asm___6_port_c_39a90d8d__prvStartFirstTask 0x080001e1   Thumb Code    28  port.o(.emb_text)
    __asm___6_port_c_39a90d8d__prvEnableVFP  0x08000201   Thumb Code    16  port.o(.emb_text)
    PendSV_Handler                           0x08000215   Thumb Code    88  port.o(.emb_text)
    vPortGetIPSR                             0x08000271   Thumb Code     6  port.o(.emb_text)
    BSP_CAN_Init                             0x08000279   Thumb Code   262  bsp_can.o(.text)
    BSP_TIME_Init                            0x08000389   Thumb Code   158  bsp_time.o(.text)
    BSP_GPIO_Init                            0x08000431   Thumb Code   392  bsp_gpio.o(.text)
    BSP_USART_Init                           0x080005d1   Thumb Code   156  bsp_usart.o(.text)
    BSP_DMA_Init                             0x08000679   Thumb Code   268  bsp_dma.o(.text)
    BSP_NVIC_Init                            0x08000799   Thumb Code   228  bsp_nvic.o(.text)
    BSP_DWT_Init                             0x08000895   Thumb Code    26  bsp_delay.o(.text)
    main                                     0x080008b9   Thumb Code    34  main.o(.text)
    SYS_Config_Init                          0x080008f1   Thumb Code    38  sysconfig.o(.text)
    fputc                                    0x08000917   Thumb Code    30  sysconfig.o(.text)
    NMI_Handler                              0x08000939   Thumb Code     2  stm32f4xx_it.o(.text)
    HardFault_Handler                        0x0800093b   Thumb Code     2  stm32f4xx_it.o(.text)
    MemManage_Handler                        0x0800093d   Thumb Code     2  stm32f4xx_it.o(.text)
    BusFault_Handler                         0x0800093f   Thumb Code     2  stm32f4xx_it.o(.text)
    UsageFault_Handler                       0x08000941   Thumb Code     2  stm32f4xx_it.o(.text)
    DebugMon_Handler                         0x08000943   Thumb Code     2  stm32f4xx_it.o(.text)
    ENABLE_DMA2_Stream7_Tx                   0x08000945   Thumb Code    62  stm32f4xx_it.o(.text)
    DMA2_Stream7_IRQHandler                  0x08000983   Thumb Code    40  stm32f4xx_it.o(.text)
    USART6_IRQHandler                        0x080009ab   Thumb Code   116  stm32f4xx_it.o(.text)
    TIM6_DAC_IRQHandler                      0x08000a1f   Thumb Code    72  stm32f4xx_it.o(.text)
    TIM5_IRQHandler                          0x08000a67   Thumb Code    30  stm32f4xx_it.o(.text)
    CAN1_RX0_IRQHandler                      0x08000a85   Thumb Code   104  stm32f4xx_it.o(.text)
    DMA2_Stream2_IRQHandler                  0x08000aed   Thumb Code    48  stm32f4xx_it.o(.text)
    SystemInit                               0x08000c0f   Thumb Code    74  system_stm32f4xx.o(.text)
    SystemCoreClockUpdate                    0x08000c59   Thumb Code   108  system_stm32f4xx.o(.text)
    Reset_Handler                            0x08000ced   Thumb Code     8  startup_stm32f427xx.o(.text)
    ADC_IRQHandler                           0x08000d07   Thumb Code     0  startup_stm32f427xx.o(.text)
    CAN1_RX1_IRQHandler                      0x08000d07   Thumb Code     0  startup_stm32f427xx.o(.text)
    CAN1_SCE_IRQHandler                      0x08000d07   Thumb Code     0  startup_stm32f427xx.o(.text)
    CAN1_TX_IRQHandler                       0x08000d07   Thumb Code     0  startup_stm32f427xx.o(.text)
    CAN2_RX0_IRQHandler                      0x08000d07   Thumb Code     0  startup_stm32f427xx.o(.text)
    CAN2_RX1_IRQHandler                      0x08000d07   Thumb Code     0  startup_stm32f427xx.o(.text)
    CAN2_SCE_IRQHandler                      0x08000d07   Thumb Code     0  startup_stm32f427xx.o(.text)
    CAN2_TX_IRQHandler                       0x08000d07   Thumb Code     0  startup_stm32f427xx.o(.text)
    DCMI_IRQHandler                          0x08000d07   Thumb Code     0  startup_stm32f427xx.o(.text)
    DMA1_Stream0_IRQHandler                  0x08000d07   Thumb Code     0  startup_stm32f427xx.o(.text)
    DMA1_Stream1_IRQHandler                  0x08000d07   Thumb Code     0  startup_stm32f427xx.o(.text)
    DMA1_Stream2_IRQHandler                  0x08000d07   Thumb Code     0  startup_stm32f427xx.o(.text)
    DMA1_Stream3_IRQHandler                  0x08000d07   Thumb Code     0  startup_stm32f427xx.o(.text)
    DMA1_Stream4_IRQHandler                  0x08000d07   Thumb Code     0  startup_stm32f427xx.o(.text)
    DMA1_Stream5_IRQHandler                  0x08000d07   Thumb Code     0  startup_stm32f427xx.o(.text)
    DMA1_Stream6_IRQHandler                  0x08000d07   Thumb Code     0  startup_stm32f427xx.o(.text)
    DMA1_Stream7_IRQHandler                  0x08000d07   Thumb Code     0  startup_stm32f427xx.o(.text)
    DMA2D_IRQHandler                         0x08000d07   Thumb Code     0  startup_stm32f427xx.o(.text)
    DMA2_Stream0_IRQHandler                  0x08000d07   Thumb Code     0  startup_stm32f427xx.o(.text)
    DMA2_Stream1_IRQHandler                  0x08000d07   Thumb Code     0  startup_stm32f427xx.o(.text)
    DMA2_Stream3_IRQHandler                  0x08000d07   Thumb Code     0  startup_stm32f427xx.o(.text)
    DMA2_Stream4_IRQHandler                  0x08000d07   Thumb Code     0  startup_stm32f427xx.o(.text)
    DMA2_Stream5_IRQHandler                  0x08000d07   Thumb Code     0  startup_stm32f427xx.o(.text)
    DMA2_Stream6_IRQHandler                  0x08000d07   Thumb Code     0  startup_stm32f427xx.o(.text)
    ETH_IRQHandler                           0x08000d07   Thumb Code     0  startup_stm32f427xx.o(.text)
    ETH_WKUP_IRQHandler                      0x08000d07   Thumb Code     0  startup_stm32f427xx.o(.text)
    EXTI0_IRQHandler                         0x08000d07   Thumb Code     0  startup_stm32f427xx.o(.text)
    EXTI15_10_IRQHandler                     0x08000d07   Thumb Code     0  startup_stm32f427xx.o(.text)
    EXTI1_IRQHandler                         0x08000d07   Thumb Code     0  startup_stm32f427xx.o(.text)
    EXTI2_IRQHandler                         0x08000d07   Thumb Code     0  startup_stm32f427xx.o(.text)
    EXTI3_IRQHandler                         0x08000d07   Thumb Code     0  startup_stm32f427xx.o(.text)
    EXTI4_IRQHandler                         0x08000d07   Thumb Code     0  startup_stm32f427xx.o(.text)
    EXTI9_5_IRQHandler                       0x08000d07   Thumb Code     0  startup_stm32f427xx.o(.text)
    FLASH_IRQHandler                         0x08000d07   Thumb Code     0  startup_stm32f427xx.o(.text)
    FMC_IRQHandler                           0x08000d07   Thumb Code     0  startup_stm32f427xx.o(.text)
    FPU_IRQHandler                           0x08000d07   Thumb Code     0  startup_stm32f427xx.o(.text)
    HASH_RNG_IRQHandler                      0x08000d07   Thumb Code     0  startup_stm32f427xx.o(.text)
    I2C1_ER_IRQHandler                       0x08000d07   Thumb Code     0  startup_stm32f427xx.o(.text)
    I2C1_EV_IRQHandler                       0x08000d07   Thumb Code     0  startup_stm32f427xx.o(.text)
    I2C2_ER_IRQHandler                       0x08000d07   Thumb Code     0  startup_stm32f427xx.o(.text)
    I2C2_EV_IRQHandler                       0x08000d07   Thumb Code     0  startup_stm32f427xx.o(.text)
    I2C3_ER_IRQHandler                       0x08000d07   Thumb Code     0  startup_stm32f427xx.o(.text)
    I2C3_EV_IRQHandler                       0x08000d07   Thumb Code     0  startup_stm32f427xx.o(.text)
    OTG_FS_IRQHandler                        0x08000d07   Thumb Code     0  startup_stm32f427xx.o(.text)
    OTG_FS_WKUP_IRQHandler                   0x08000d07   Thumb Code     0  startup_stm32f427xx.o(.text)
    OTG_HS_EP1_IN_IRQHandler                 0x08000d07   Thumb Code     0  startup_stm32f427xx.o(.text)
    OTG_HS_EP1_OUT_IRQHandler                0x08000d07   Thumb Code     0  startup_stm32f427xx.o(.text)
    OTG_HS_IRQHandler                        0x08000d07   Thumb Code     0  startup_stm32f427xx.o(.text)
    OTG_HS_WKUP_IRQHandler                   0x08000d07   Thumb Code     0  startup_stm32f427xx.o(.text)
    PVD_IRQHandler                           0x08000d07   Thumb Code     0  startup_stm32f427xx.o(.text)
    RCC_IRQHandler                           0x08000d07   Thumb Code     0  startup_stm32f427xx.o(.text)
    RTC_Alarm_IRQHandler                     0x08000d07   Thumb Code     0  startup_stm32f427xx.o(.text)
    RTC_WKUP_IRQHandler                      0x08000d07   Thumb Code     0  startup_stm32f427xx.o(.text)
    SAI1_IRQHandler                          0x08000d07   Thumb Code     0  startup_stm32f427xx.o(.text)
    SDIO_IRQHandler                          0x08000d07   Thumb Code     0  startup_stm32f427xx.o(.text)
    SPI1_IRQHandler                          0x08000d07   Thumb Code     0  startup_stm32f427xx.o(.text)
    SPI2_IRQHandler                          0x08000d07   Thumb Code     0  startup_stm32f427xx.o(.text)
    SPI3_IRQHandler                          0x08000d07   Thumb Code     0  startup_stm32f427xx.o(.text)
    SPI4_IRQHandler                          0x08000d07   Thumb Code     0  startup_stm32f427xx.o(.text)
    SPI5_IRQHandler                          0x08000d07   Thumb Code     0  startup_stm32f427xx.o(.text)
    SPI6_IRQHandler                          0x08000d07   Thumb Code     0  startup_stm32f427xx.o(.text)
    TAMP_STAMP_IRQHandler                    0x08000d07   Thumb Code     0  startup_stm32f427xx.o(.text)
    TIM1_BRK_TIM9_IRQHandler                 0x08000d07   Thumb Code     0  startup_stm32f427xx.o(.text)
    TIM1_CC_IRQHandler                       0x08000d07   Thumb Code     0  startup_stm32f427xx.o(.text)
    TIM1_TRG_COM_TIM11_IRQHandler            0x08000d07   Thumb Code     0  startup_stm32f427xx.o(.text)
    TIM1_UP_TIM10_IRQHandler                 0x08000d07   Thumb Code     0  startup_stm32f427xx.o(.text)
    TIM2_IRQHandler                          0x08000d07   Thumb Code     0  startup_stm32f427xx.o(.text)
    TIM3_IRQHandler                          0x08000d07   Thumb Code     0  startup_stm32f427xx.o(.text)
    TIM4_IRQHandler                          0x08000d07   Thumb Code     0  startup_stm32f427xx.o(.text)
    TIM7_IRQHandler                          0x08000d07   Thumb Code     0  startup_stm32f427xx.o(.text)
    TIM8_BRK_TIM12_IRQHandler                0x08000d07   Thumb Code     0  startup_stm32f427xx.o(.text)
    TIM8_CC_IRQHandler                       0x08000d07   Thumb Code     0  startup_stm32f427xx.o(.text)
    TIM8_TRG_COM_TIM14_IRQHandler            0x08000d07   Thumb Code     0  startup_stm32f427xx.o(.text)
    TIM8_UP_TIM13_IRQHandler                 0x08000d07   Thumb Code     0  startup_stm32f427xx.o(.text)
    UART4_IRQHandler                         0x08000d07   Thumb Code     0  startup_stm32f427xx.o(.text)
    UART5_IRQHandler                         0x08000d07   Thumb Code     0  startup_stm32f427xx.o(.text)
    UART7_IRQHandler                         0x08000d07   Thumb Code     0  startup_stm32f427xx.o(.text)
    UART8_IRQHandler                         0x08000d07   Thumb Code     0  startup_stm32f427xx.o(.text)
    USART1_IRQHandler                        0x08000d07   Thumb Code     0  startup_stm32f427xx.o(.text)
    USART2_IRQHandler                        0x08000d07   Thumb Code     0  startup_stm32f427xx.o(.text)
    USART3_IRQHandler                        0x08000d07   Thumb Code     0  startup_stm32f427xx.o(.text)
    WWDG_IRQHandler                          0x08000d07   Thumb Code     0  startup_stm32f427xx.o(.text)
    PID_GetP                                 0x08000d11   Thumb Code    10  math_pid.o(.text)
    PID_GetI                                 0x08000d1b   Thumb Code    72  math_pid.o(.text)
    PID_ResetI                               0x08000d63   Thumb Code    10  math_pid.o(.text)
    PID_GetD                                 0x08000d6d   Thumb Code    80  math_pid.o(.text)
    PID_GetPI                                0x08000dbd   Thumb Code    48  math_pid.o(.text)
    PID_GetPID                               0x08000ded   Thumb Code    66  math_pid.o(.text)
    PID_SetParam                             0x08000e2f   Thumb Code    46  math_pid.o(.text)
    ConstrainFloat                           0x08000e65   Thumb Code    62  math_tool.o(.text)
    ApplyDeadbandFloat                       0x08000ea3   Thumb Code    36  math_tool.o(.text)
    ApplyDeadbandInt                         0x08000ec7   Thumb Code    18  math_tool.o(.text)
    Radians                                  0x08000ed9   Thumb Code    10  math_tool.o(.text)
    Degrees                                  0x08000ee3   Thumb Code    10  math_tool.o(.text)
    vTaskLED                                 0x08000ef9   Thumb Code    32  task_config.o(.text)
    vTaskStart                               0x08000f19   Thumb Code    44  task_config.o(.text)
    NVIC_PriorityGroupConfig                 0x08000f59   Thumb Code    10  misc.o(.text)
    NVIC_Init                                0x08000f63   Thumb Code    96  misc.o(.text)
    NVIC_SetVectorTable                      0x08000fc3   Thumb Code    14  misc.o(.text)
    NVIC_SystemLPConfig                      0x08000fd1   Thumb Code    20  misc.o(.text)
    SysTick_CLKSourceConfig                  0x08000fe5   Thumb Code    24  misc.o(.text)
    CAN_DeInit                               0x08001009   Thumb Code    38  stm32f4xx_can.o(.text)
    CAN_Init                                 0x0800102f   Thumb Code   232  stm32f4xx_can.o(.text)
    CAN_FilterInit                           0x08001117   Thumb Code   194  stm32f4xx_can.o(.text)
    CAN_StructInit                           0x080011d9   Thumb Code    32  stm32f4xx_can.o(.text)
    CAN_SlaveStartBank                       0x080011f9   Thumb Code    38  stm32f4xx_can.o(.text)
    CAN_DBGFreeze                            0x0800121f   Thumb Code    20  stm32f4xx_can.o(.text)
    CAN_TTComModeCmd                         0x08001233   Thumb Code    90  stm32f4xx_can.o(.text)
    CAN_Transmit                             0x0800128d   Thumb Code   164  stm32f4xx_can.o(.text)
    CAN_TransmitStatus                       0x08001331   Thumb Code    88  stm32f4xx_can.o(.text)
    CAN_CancelTransmit                       0x08001389   Thumb Code    36  stm32f4xx_can.o(.text)
    CAN_Receive                              0x080013ad   Thumb Code   178  stm32f4xx_can.o(.text)
    CAN_FIFORelease                          0x0800145f   Thumb Code    22  stm32f4xx_can.o(.text)
    CAN_MessagePending                       0x08001475   Thumb Code    22  stm32f4xx_can.o(.text)
    CAN_OperatingModeRequest                 0x0800148b   Thumb Code   140  stm32f4xx_can.o(.text)
    CAN_Sleep                                0x08001517   Thumb Code    30  stm32f4xx_can.o(.text)
    CAN_WakeUp                               0x08001535   Thumb Code    40  stm32f4xx_can.o(.text)
    CAN_GetLastErrorCode                     0x0800155d   Thumb Code    10  stm32f4xx_can.o(.text)
    CAN_GetReceiveErrorCounter               0x08001567   Thumb Code     6  stm32f4xx_can.o(.text)
    CAN_GetLSBTransmitErrorCounter           0x0800156d   Thumb Code     8  stm32f4xx_can.o(.text)
    CAN_ITConfig                             0x08001575   Thumb Code    16  stm32f4xx_can.o(.text)
    CAN_GetFlagStatus                        0x08001585   Thumb Code    52  stm32f4xx_can.o(.text)
    CAN_ClearFlag                            0x080015b9   Thumb Code    44  stm32f4xx_can.o(.text)
    CAN_GetITStatus                          0x080015e5   Thumb Code   162  stm32f4xx_can.o(.text)
    CAN_ClearITPendingBit                    0x08001687   Thumb Code   116  stm32f4xx_can.o(.text)
    RCC_DeInit                               0x08001711   Thumb Code    68  stm32f4xx_rcc.o(.text)
    RCC_HSEConfig                            0x08001755   Thumb Code    12  stm32f4xx_rcc.o(.text)
    RCC_GetFlagStatus                        0x08001761   Thumb Code    46  stm32f4xx_rcc.o(.text)
    RCC_WaitForHSEStartUp                    0x0800178f   Thumb Code    44  stm32f4xx_rcc.o(.text)
    RCC_AdjustHSICalibrationValue            0x080017bb   Thumb Code    16  stm32f4xx_rcc.o(.text)
    RCC_HSICmd                               0x080017cb   Thumb Code     6  stm32f4xx_rcc.o(.text)
    RCC_LSEConfig                            0x080017d1   Thumb Code    24  stm32f4xx_rcc.o(.text)
    RCC_LSICmd                               0x080017e9   Thumb Code     6  stm32f4xx_rcc.o(.text)
    RCC_PLLConfig                            0x080017ef   Thumb Code    32  stm32f4xx_rcc.o(.text)
    RCC_PLLCmd                               0x0800180f   Thumb Code     6  stm32f4xx_rcc.o(.text)
    RCC_PLLI2SConfig                         0x08001815   Thumb Code    18  stm32f4xx_rcc.o(.text)
    RCC_PLLI2SCmd                            0x08001827   Thumb Code     6  stm32f4xx_rcc.o(.text)
    RCC_PLLSAIConfig                         0x0800182d   Thumb Code    18  stm32f4xx_rcc.o(.text)
    RCC_PLLSAICmd                            0x0800183f   Thumb Code     6  stm32f4xx_rcc.o(.text)
    RCC_ClockSecuritySystemCmd               0x08001845   Thumb Code     6  stm32f4xx_rcc.o(.text)
    RCC_MCO1Config                           0x0800184b   Thumb Code    18  stm32f4xx_rcc.o(.text)
    RCC_MCO2Config                           0x0800185d   Thumb Code    18  stm32f4xx_rcc.o(.text)
    RCC_SYSCLKConfig                         0x0800186f   Thumb Code    16  stm32f4xx_rcc.o(.text)
    RCC_GetSYSCLKSource                      0x0800187f   Thumb Code    12  stm32f4xx_rcc.o(.text)
    RCC_HCLKConfig                           0x0800188b   Thumb Code    16  stm32f4xx_rcc.o(.text)
    RCC_PCLK1Config                          0x0800189b   Thumb Code    16  stm32f4xx_rcc.o(.text)
    RCC_PCLK2Config                          0x080018ab   Thumb Code    18  stm32f4xx_rcc.o(.text)
    RCC_GetClocksFreq                        0x080018bd   Thumb Code   134  stm32f4xx_rcc.o(.text)
    RCC_RTCCLKConfig                         0x08001943   Thumb Code    42  stm32f4xx_rcc.o(.text)
    RCC_RTCCLKCmd                            0x0800196d   Thumb Code     8  stm32f4xx_rcc.o(.text)
    RCC_BackupResetCmd                       0x08001975   Thumb Code     8  stm32f4xx_rcc.o(.text)
    RCC_I2SCLKConfig                         0x0800197d   Thumb Code     8  stm32f4xx_rcc.o(.text)
    RCC_SAIPLLI2SClkDivConfig                0x08001985   Thumb Code    18  stm32f4xx_rcc.o(.text)
    RCC_SAIPLLSAIClkDivConfig                0x08001997   Thumb Code    24  stm32f4xx_rcc.o(.text)
    RCC_SAIBlockACLKConfig                   0x080019af   Thumb Code    16  stm32f4xx_rcc.o(.text)
    RCC_SAIBlockBCLKConfig                   0x080019bf   Thumb Code    16  stm32f4xx_rcc.o(.text)
    RCC_LTDCCLKDivConfig                     0x080019cf   Thumb Code    16  stm32f4xx_rcc.o(.text)
    RCC_TIMCLKPresConfig                     0x080019df   Thumb Code     8  stm32f4xx_rcc.o(.text)
    RCC_AHB1PeriphClockCmd                   0x080019e7   Thumb Code    20  stm32f4xx_rcc.o(.text)
    RCC_AHB2PeriphClockCmd                   0x080019fb   Thumb Code    20  stm32f4xx_rcc.o(.text)
    RCC_AHB3PeriphClockCmd                   0x08001a0f   Thumb Code    20  stm32f4xx_rcc.o(.text)
    RCC_APB1PeriphClockCmd                   0x08001a23   Thumb Code    20  stm32f4xx_rcc.o(.text)
    RCC_APB2PeriphClockCmd                   0x08001a37   Thumb Code    20  stm32f4xx_rcc.o(.text)
    RCC_AHB1PeriphResetCmd                   0x08001a4b   Thumb Code    20  stm32f4xx_rcc.o(.text)
    RCC_AHB2PeriphResetCmd                   0x08001a5f   Thumb Code    20  stm32f4xx_rcc.o(.text)
    RCC_AHB3PeriphResetCmd                   0x08001a73   Thumb Code    20  stm32f4xx_rcc.o(.text)
    RCC_APB1PeriphResetCmd                   0x08001a87   Thumb Code    20  stm32f4xx_rcc.o(.text)
    RCC_APB2PeriphResetCmd                   0x08001a9b   Thumb Code    20  stm32f4xx_rcc.o(.text)
    RCC_AHB1PeriphClockLPModeCmd             0x08001aaf   Thumb Code    20  stm32f4xx_rcc.o(.text)
    RCC_AHB2PeriphClockLPModeCmd             0x08001ac3   Thumb Code    20  stm32f4xx_rcc.o(.text)
    RCC_AHB3PeriphClockLPModeCmd             0x08001ad7   Thumb Code    20  stm32f4xx_rcc.o(.text)
    RCC_APB1PeriphClockLPModeCmd             0x08001aeb   Thumb Code    68  stm32f4xx_rcc.o(.text)
    RCC_APB2PeriphClockLPModeCmd             0x08001b2f   Thumb Code    18  stm32f4xx_rcc.o(.text)
    RCC_LSEModeConfig                        0x08001b41   Thumb Code    24  stm32f4xx_rcc.o(.text)
    RCC_ITConfig                             0x08001b59   Thumb Code    20  stm32f4xx_rcc.o(.text)
    RCC_ClearFlag                            0x08001b6d   Thumb Code    14  stm32f4xx_rcc.o(.text)
    RCC_GetITStatus                          0x08001b7b   Thumb Code    18  stm32f4xx_rcc.o(.text)
    RCC_ClearITPendingBit                    0x08001b8d   Thumb Code     8  stm32f4xx_rcc.o(.text)
    TIM_DeInit                               0x08001b99   Thumb Code   284  stm32f4xx_tim.o(.text)
    TIM_TimeBaseInit                         0x08001cb5   Thumb Code    96  stm32f4xx_tim.o(.text)
    TIM_TimeBaseStructInit                   0x08001d15   Thumb Code    18  stm32f4xx_tim.o(.text)
    TIM_PrescalerConfig                      0x08001d27   Thumb Code     6  stm32f4xx_tim.o(.text)
    TIM_CounterModeConfig                    0x08001d2d   Thumb Code    12  stm32f4xx_tim.o(.text)
    TIM_SetCounter                           0x08001d39   Thumb Code     4  stm32f4xx_tim.o(.text)
    TIM_SetAutoreload                        0x08001d3d   Thumb Code     4  stm32f4xx_tim.o(.text)
    TIM_GetCounter                           0x08001d41   Thumb Code     4  stm32f4xx_tim.o(.text)
    TIM_GetPrescaler                         0x08001d45   Thumb Code     4  stm32f4xx_tim.o(.text)
    TIM_UpdateDisableConfig                  0x08001d49   Thumb Code    20  stm32f4xx_tim.o(.text)
    TIM_UpdateRequestConfig                  0x08001d5d   Thumb Code    20  stm32f4xx_tim.o(.text)
    TIM_ARRPreloadConfig                     0x08001d71   Thumb Code    20  stm32f4xx_tim.o(.text)
    TIM_SelectOnePulseMode                   0x08001d85   Thumb Code    16  stm32f4xx_tim.o(.text)
    TIM_SetClockDivision                     0x08001d95   Thumb Code    16  stm32f4xx_tim.o(.text)
    TIM_Cmd                                  0x08001da5   Thumb Code    20  stm32f4xx_tim.o(.text)
    TIM_OC1Init                              0x08001db9   Thumb Code    88  stm32f4xx_tim.o(.text)
    TIM_OC2Init                              0x08001e11   Thumb Code   120  stm32f4xx_tim.o(.text)
    TIM_OC3Init                              0x08001e89   Thumb Code   116  stm32f4xx_tim.o(.text)
    TIM_OC4Init                              0x08001efd   Thumb Code    88  stm32f4xx_tim.o(.text)
    TIM_OCStructInit                         0x08001f55   Thumb Code    20  stm32f4xx_tim.o(.text)
    TIM_SelectOCxM                           0x08001f69   Thumb Code   130  stm32f4xx_tim.o(.text)
    TIM_SetCompare1                          0x08001feb   Thumb Code     4  stm32f4xx_tim.o(.text)
    TIM_SetCompare2                          0x08001fef   Thumb Code     4  stm32f4xx_tim.o(.text)
    TIM_SetCompare3                          0x08001ff3   Thumb Code     4  stm32f4xx_tim.o(.text)
    TIM_SetCompare4                          0x08001ff7   Thumb Code     4  stm32f4xx_tim.o(.text)
    TIM_ForcedOC1Config                      0x08001ffb   Thumb Code    12  stm32f4xx_tim.o(.text)
    TIM_ForcedOC2Config                      0x08002007   Thumb Code    20  stm32f4xx_tim.o(.text)
    TIM_ForcedOC3Config                      0x0800201b   Thumb Code    12  stm32f4xx_tim.o(.text)
    TIM_ForcedOC4Config                      0x08002027   Thumb Code    20  stm32f4xx_tim.o(.text)
    TIM_OC1PreloadConfig                     0x0800203b   Thumb Code    12  stm32f4xx_tim.o(.text)
    TIM_OC2PreloadConfig                     0x08002047   Thumb Code    20  stm32f4xx_tim.o(.text)
    TIM_OC3PreloadConfig                     0x0800205b   Thumb Code    12  stm32f4xx_tim.o(.text)
    TIM_OC4PreloadConfig                     0x08002067   Thumb Code    20  stm32f4xx_tim.o(.text)
    TIM_OC1FastConfig                        0x0800207b   Thumb Code    12  stm32f4xx_tim.o(.text)
    TIM_OC2FastConfig                        0x08002087   Thumb Code    20  stm32f4xx_tim.o(.text)
    TIM_OC3FastConfig                        0x0800209b   Thumb Code    12  stm32f4xx_tim.o(.text)
    TIM_OC4FastConfig                        0x080020a7   Thumb Code    20  stm32f4xx_tim.o(.text)
    TIM_ClearOC1Ref                          0x080020bb   Thumb Code    12  stm32f4xx_tim.o(.text)
    TIM_ClearOC2Ref                          0x080020c7   Thumb Code    20  stm32f4xx_tim.o(.text)
    TIM_ClearOC3Ref                          0x080020db   Thumb Code    12  stm32f4xx_tim.o(.text)
    TIM_ClearOC4Ref                          0x080020e7   Thumb Code    20  stm32f4xx_tim.o(.text)
    TIM_OC1PolarityConfig                    0x080020fb   Thumb Code    12  stm32f4xx_tim.o(.text)
    TIM_OC1NPolarityConfig                   0x08002107   Thumb Code    12  stm32f4xx_tim.o(.text)
    TIM_OC2PolarityConfig                    0x08002113   Thumb Code    20  stm32f4xx_tim.o(.text)
    TIM_OC2NPolarityConfig                   0x08002127   Thumb Code    20  stm32f4xx_tim.o(.text)
    TIM_OC3PolarityConfig                    0x0800213b   Thumb Code    20  stm32f4xx_tim.o(.text)
    TIM_OC3NPolarityConfig                   0x0800214f   Thumb Code    20  stm32f4xx_tim.o(.text)
    TIM_OC4PolarityConfig                    0x08002163   Thumb Code    20  stm32f4xx_tim.o(.text)
    TIM_CCxCmd                               0x08002177   Thumb Code    22  stm32f4xx_tim.o(.text)
    TIM_CCxNCmd                              0x0800218d   Thumb Code    22  stm32f4xx_tim.o(.text)
    TIM_SetIC4Prescaler                      0x080021a3   Thumb Code    24  stm32f4xx_tim.o(.text)
    TIM_SetIC3Prescaler                      0x080021bb   Thumb Code    16  stm32f4xx_tim.o(.text)
    TIM_SetIC2Prescaler                      0x080021cb   Thumb Code    24  stm32f4xx_tim.o(.text)
    TIM_SetIC1Prescaler                      0x08002219   Thumb Code    16  stm32f4xx_tim.o(.text)
    TIM_ICInit                               0x08002229   Thumb Code   164  stm32f4xx_tim.o(.text)
    TIM_ICStructInit                         0x080022cd   Thumb Code    16  stm32f4xx_tim.o(.text)
    TIM_PWMIConfig                           0x080022dd   Thumb Code   104  stm32f4xx_tim.o(.text)
    TIM_GetCapture1                          0x08002345   Thumb Code     4  stm32f4xx_tim.o(.text)
    TIM_GetCapture2                          0x08002349   Thumb Code     4  stm32f4xx_tim.o(.text)
    TIM_GetCapture3                          0x0800234d   Thumb Code     4  stm32f4xx_tim.o(.text)
    TIM_GetCapture4                          0x08002351   Thumb Code     4  stm32f4xx_tim.o(.text)
    TIM_BDTRConfig                           0x08002355   Thumb Code    34  stm32f4xx_tim.o(.text)
    TIM_BDTRStructInit                       0x08002377   Thumb Code    18  stm32f4xx_tim.o(.text)
    TIM_CtrlPWMOutputs                       0x08002389   Thumb Code    22  stm32f4xx_tim.o(.text)
    TIM_SelectCOM                            0x0800239f   Thumb Code    20  stm32f4xx_tim.o(.text)
    TIM_CCPreloadControl                     0x080023b3   Thumb Code    20  stm32f4xx_tim.o(.text)
    TIM_ITConfig                             0x080023c7   Thumb Code    16  stm32f4xx_tim.o(.text)
    TIM_GenerateEvent                        0x080023d7   Thumb Code     4  stm32f4xx_tim.o(.text)
    TIM_GetFlagStatus                        0x080023db   Thumb Code    14  stm32f4xx_tim.o(.text)
    TIM_ClearFlag                            0x080023e9   Thumb Code     6  stm32f4xx_tim.o(.text)
    TIM_GetITStatus                          0x080023ef   Thumb Code    24  stm32f4xx_tim.o(.text)
    TIM_ClearITPendingBit                    0x08002407   Thumb Code     6  stm32f4xx_tim.o(.text)
    TIM_DMAConfig                            0x0800240d   Thumb Code     8  stm32f4xx_tim.o(.text)
    TIM_DMACmd                               0x08002415   Thumb Code    16  stm32f4xx_tim.o(.text)
    TIM_SelectCCDMA                          0x08002425   Thumb Code    20  stm32f4xx_tim.o(.text)
    TIM_InternalClockConfig                  0x08002439   Thumb Code    10  stm32f4xx_tim.o(.text)
    TIM_SelectInputTrigger                   0x08002443   Thumb Code    12  stm32f4xx_tim.o(.text)
    TIM_ITRxExternalClockConfig              0x0800244f   Thumb Code    18  stm32f4xx_tim.o(.text)
    TIM_TIxExternalClockConfig               0x08002461   Thumb Code    46  stm32f4xx_tim.o(.text)
    TIM_ETRConfig                            0x0800248f   Thumb Code    24  stm32f4xx_tim.o(.text)
    TIM_ETRClockMode1Config                  0x080024a7   Thumb Code    18  stm32f4xx_tim.o(.text)
    TIM_ETRClockMode2Config                  0x080024b9   Thumb Code    18  stm32f4xx_tim.o(.text)
    TIM_SelectOutputTrigger                  0x080024cb   Thumb Code    16  stm32f4xx_tim.o(.text)
    TIM_SelectSlaveMode                      0x080024db   Thumb Code    16  stm32f4xx_tim.o(.text)
    TIM_SelectMasterSlaveMode                0x080024eb   Thumb Code    16  stm32f4xx_tim.o(.text)
    TIM_EncoderInterfaceConfig               0x080024fb   Thumb Code    50  stm32f4xx_tim.o(.text)
    TIM_SelectHallSensor                     0x0800252d   Thumb Code    20  stm32f4xx_tim.o(.text)
    TIM_RemapConfig                          0x08002541   Thumb Code     6  stm32f4xx_tim.o(.text)
    DMA_DeInit                               0x08002575   Thumb Code   272  stm32f4xx_dma.o(.text)
    DMA_Init                                 0x08002685   Thumb Code    80  stm32f4xx_dma.o(.text)
    DMA_StructInit                           0x080026d5   Thumb Code    34  stm32f4xx_dma.o(.text)
    DMA_Cmd                                  0x080026f7   Thumb Code    20  stm32f4xx_dma.o(.text)
    DMA_PeriphIncOffsetSizeConfig            0x0800270b   Thumb Code    20  stm32f4xx_dma.o(.text)
    DMA_FlowControllerConfig                 0x0800271f   Thumb Code    20  stm32f4xx_dma.o(.text)
    DMA_SetCurrDataCounter                   0x08002733   Thumb Code     4  stm32f4xx_dma.o(.text)
    DMA_GetCurrDataCounter                   0x08002737   Thumb Code     6  stm32f4xx_dma.o(.text)
    DMA_DoubleBufferModeConfig               0x0800273d   Thumb Code    22  stm32f4xx_dma.o(.text)
    DMA_DoubleBufferModeCmd                  0x08002753   Thumb Code    20  stm32f4xx_dma.o(.text)
    DMA_MemoryTargetConfig                   0x08002767   Thumb Code    10  stm32f4xx_dma.o(.text)
    DMA_GetCurrentMemoryTarget               0x08002771   Thumb Code    14  stm32f4xx_dma.o(.text)
    DMA_GetCmdStatus                         0x0800277f   Thumb Code    14  stm32f4xx_dma.o(.text)
    DMA_GetFIFOStatus                        0x0800278d   Thumb Code     8  stm32f4xx_dma.o(.text)
    DMA_GetFlagStatus                        0x08002795   Thumb Code    42  stm32f4xx_dma.o(.text)
    DMA_ClearFlag                            0x080027bf   Thumb Code    34  stm32f4xx_dma.o(.text)
    DMA_ITConfig                             0x080027e1   Thumb Code    44  stm32f4xx_dma.o(.text)
    DMA_GetITStatus                          0x0800280d   Thumb Code    70  stm32f4xx_dma.o(.text)
    DMA_ClearITPendingBit                    0x08002853   Thumb Code    34  stm32f4xx_dma.o(.text)
    GPIO_DeInit                              0x08002895   Thumb Code   216  stm32f4xx_gpio.o(.text)
    GPIO_Init                                0x0800296d   Thumb Code   120  stm32f4xx_gpio.o(.text)
    GPIO_StructInit                          0x080029e5   Thumb Code    18  stm32f4xx_gpio.o(.text)
    GPIO_PinLockConfig                       0x080029f7   Thumb Code    24  stm32f4xx_gpio.o(.text)
    GPIO_ReadInputDataBit                    0x08002a0f   Thumb Code    14  stm32f4xx_gpio.o(.text)
    GPIO_ReadInputData                       0x08002a1d   Thumb Code     6  stm32f4xx_gpio.o(.text)
    GPIO_ReadOutputDataBit                   0x08002a23   Thumb Code    14  stm32f4xx_gpio.o(.text)
    GPIO_ReadOutputData                      0x08002a31   Thumb Code     6  stm32f4xx_gpio.o(.text)
    GPIO_SetBits                             0x08002a37   Thumb Code     4  stm32f4xx_gpio.o(.text)
    GPIO_ResetBits                           0x08002a3b   Thumb Code     4  stm32f4xx_gpio.o(.text)
    GPIO_WriteBit                            0x08002a3f   Thumb Code    10  stm32f4xx_gpio.o(.text)
    GPIO_Write                               0x08002a49   Thumb Code     4  stm32f4xx_gpio.o(.text)
    GPIO_ToggleBits                          0x08002a4d   Thumb Code     8  stm32f4xx_gpio.o(.text)
    GPIO_PinAFConfig                         0x08002a55   Thumb Code    32  stm32f4xx_gpio.o(.text)
    USART_DeInit                             0x08002aa1   Thumb Code   138  stm32f4xx_usart.o(.text)
    USART_Init                               0x08002b2b   Thumb Code   164  stm32f4xx_usart.o(.text)
    USART_StructInit                         0x08002bcf   Thumb Code    22  stm32f4xx_usart.o(.text)
    USART_ClockInit                          0x08002be5   Thumb Code    28  stm32f4xx_usart.o(.text)
    USART_ClockStructInit                    0x08002c01   Thumb Code    12  stm32f4xx_usart.o(.text)
    USART_Cmd                                0x08002c0d   Thumb Code    20  stm32f4xx_usart.o(.text)
    USART_SetPrescaler                       0x08002c21   Thumb Code    16  stm32f4xx_usart.o(.text)
    USART_OverSampling8Cmd                   0x08002c31   Thumb Code    20  stm32f4xx_usart.o(.text)
    USART_OneBitMethodCmd                    0x08002c45   Thumb Code    20  stm32f4xx_usart.o(.text)
    USART_SendData                           0x08002c59   Thumb Code     8  stm32f4xx_usart.o(.text)
    USART_ReceiveData                        0x08002c61   Thumb Code     8  stm32f4xx_usart.o(.text)
    USART_SetAddress                         0x08002c69   Thumb Code    16  stm32f4xx_usart.o(.text)
    USART_ReceiverWakeUpCmd                  0x08002c79   Thumb Code    20  stm32f4xx_usart.o(.text)
    USART_WakeUpConfig                       0x08002c8d   Thumb Code    16  stm32f4xx_usart.o(.text)
    USART_LINBreakDetectLengthConfig         0x08002c9d   Thumb Code    16  stm32f4xx_usart.o(.text)
    USART_LINCmd                             0x08002cad   Thumb Code    20  stm32f4xx_usart.o(.text)
    USART_SendBreak                          0x08002cc1   Thumb Code    10  stm32f4xx_usart.o(.text)
    USART_HalfDuplexCmd                      0x08002ccb   Thumb Code    20  stm32f4xx_usart.o(.text)
    USART_SetGuardTime                       0x08002cdf   Thumb Code    16  stm32f4xx_usart.o(.text)
    USART_SmartCardCmd                       0x08002cef   Thumb Code    20  stm32f4xx_usart.o(.text)
    USART_SmartCardNACKCmd                   0x08002d03   Thumb Code    20  stm32f4xx_usart.o(.text)
    USART_IrDAConfig                         0x08002d17   Thumb Code    16  stm32f4xx_usart.o(.text)
    USART_IrDACmd                            0x08002d27   Thumb Code    20  stm32f4xx_usart.o(.text)
    USART_DMACmd                             0x08002d3b   Thumb Code    16  stm32f4xx_usart.o(.text)
    USART_ITConfig                           0x08002d4b   Thumb Code    48  stm32f4xx_usart.o(.text)
    USART_GetFlagStatus                      0x08002d7b   Thumb Code    14  stm32f4xx_usart.o(.text)
    USART_ClearFlag                          0x08002d89   Thumb Code     6  stm32f4xx_usart.o(.text)
    USART_GetITStatus                        0x08002d8f   Thumb Code    62  stm32f4xx_usart.o(.text)
    USART_ClearITPendingBit                  0x08002dcd   Thumb Code    12  stm32f4xx_usart.o(.text)
    RC_Data_Parse                            0x08002df9   Thumb Code   146  drive_rc.o(.text)
    Delay_US                                 0x08002e95   Thumb Code    32  drive_delay.o(.text)
    Delay_MS                                 0x08002eb5   Thumb Code     8  drive_delay.o(.text)
    Get_SysTimeUs                            0x08002ebd   Thumb Code    50  drive_delay.o(.text)
    Get_SysTimeMs                            0x08002eef   Thumb Code     4  drive_delay.o(.text)
    Infan_Control_Init                       0x08002f01   Thumb Code   154  drive_control.o(.text)
    Angle_6623_Control                       0x08002f9b   Thumb Code     2  drive_control.o(.text)
    Speed_3510_Control                       0x08002f9d   Thumb Code   440  drive_control.o(.text)
    Speed_2006_Control                       0x08003155   Thumb Code   162  drive_control.o(.text)
    Angle_2006_Control                       0x080031f7   Thumb Code   232  drive_control.o(.text)
    Speed_In_Control                         0x080032df   Thumb Code   522  drive_control.o(.text)
    SET_Speed_Target                         0x080034e9   Thumb Code    20  drive_control.o(.text)
    GET_Speed_Measure                        0x080034fd   Thumb Code    54  drive_control.o(.text)
    Angle_Out_Control                        0x08003533   Thumb Code   280  drive_control.o(.text)
    SET_Angle_Target                         0x0800364b   Thumb Code    18  drive_control.o(.text)
    GET_Angle_Measure                        0x0800365d   Thumb Code    42  drive_control.o(.text)
    Cmd_3510_ESC                             0x080036a1   Thumb Code    78  motor_chassis.o(.text)
    Get_3510_data                            0x080036ef   Thumb Code   116  motor_chassis.o(.text)
    Cmd_6623_ESC                             0x0800376d   Thumb Code    38  motor_cradle_head_1.o(.text)
    Cmd_2006_ESC                             0x08003793   Thumb Code    34  motor_cradle_head_1.o(.text)
    Get_6623_data                            0x080037b5   Thumb Code   190  motor_cradle_head_1.o(.text)
    Get_2006_data                            0x08003873   Thumb Code   156  motor_cradle_head_1.o(.text)
    Get_2006_Offset_angle                    0x0800390f   Thumb Code    28  motor_cradle_head_1.o(.text)
    Snail_Stop                               0x0800392b   Thumb Code    28  motor_cradle_head_1.o(.text)
    Snail_Stat                               0x08003947   Thumb Code    28  motor_cradle_head_1.o(.text)
    vListInitialise                          0x08003985   Thumb Code    22  list.o(.text)
    vListInitialiseItem                      0x0800399b   Thumb Code     6  list.o(.text)
    vListInsertEnd                           0x080039a1   Thumb Code    24  list.o(.text)
    vListInsert                              0x080039b9   Thumb Code    48  list.o(.text)
    uxListRemove                             0x080039e9   Thumb Code    36  list.o(.text)
    pxPortInitialiseStack                    0x08003a31   Thumb Code    40  port.o(.text)
    vPortSetupTimerInterrupt                 0x08003a59   Thumb Code    26  port.o(.text)
    xPortStartScheduler                      0x08003a73   Thumb Code   196  port.o(.text)
    vPortEndScheduler                        0x08003b37   Thumb Code    24  port.o(.text)
    vPortEnterCritical                       0x08003b4f   Thumb Code    52  port.o(.text)
    vPortExitCritical                        0x08003b83   Thumb Code    34  port.o(.text)
    SysTick_Handler                          0x08003ba5   Thumb Code    40  port.o(.text)
    vPortValidateInterruptPriority           0x08003bcd   Thumb Code    72  port.o(.text)
    xTaskCreate                              0x08003d2d   Thumb Code    86  tasks.o(.text)
    vTaskDelete                              0x08003d83   Thumb Code   154  tasks.o(.text)
    xTaskIncrementTick                       0x08003e1d   Thumb Code   186  tasks.o(.text)
    xTaskResumeAll                           0x08003ed7   Thumb Code   182  tasks.o(.text)
    vTaskSuspendAll                          0x08003ff3   Thumb Code    10  tasks.o(.text)
    vTaskDelayUntil                          0x08003ffd   Thumb Code   180  tasks.o(.text)
    vTaskDelay                               0x080040b1   Thumb Code    66  tasks.o(.text)
    eTaskGetState                            0x080040f3   Thumb Code    94  tasks.o(.text)
    uxTaskPriorityGet                        0x08004151   Thumb Code    24  tasks.o(.text)
    uxTaskPriorityGetFromISR                 0x08004169   Thumb Code    40  tasks.o(.text)
    vTaskPrioritySet                         0x08004191   Thumb Code   184  tasks.o(.text)
    vTaskSwitchContext                       0x08004249   Thumb Code    84  tasks.o(.text)
    vTaskSuspend                             0x0800429d   Thumb Code   156  tasks.o(.text)
    vTaskResume                              0x08004369   Thumb Code   116  tasks.o(.text)
    xTaskResumeFromISR                       0x080043dd   Thumb Code   126  tasks.o(.text)
    vTaskStartScheduler                      0x08004479   Thumb Code   130  tasks.o(.text)
    vTaskEndScheduler                        0x080044fb   Thumb Code    24  tasks.o(.text)
    xTaskGetTickCount                        0x08004513   Thumb Code     6  tasks.o(.text)
    xTaskGetTickCountFromISR                 0x08004519   Thumb Code    12  tasks.o(.text)
    uxTaskGetNumberOfTasks                   0x08004525   Thumb Code     6  tasks.o(.text)
    pcTaskGetName                            0x0800452b   Thumb Code    38  tasks.o(.text)
    vTaskGetInfo                             0x08004551   Thumb Code   126  tasks.o(.text)
    uxTaskGetSystemState                     0x08004623   Thumb Code   156  tasks.o(.text)
    vTaskPlaceOnEventList                    0x080046bf   Thumb Code    46  tasks.o(.text)
    vTaskPlaceOnUnorderedEventList           0x080046ed   Thumb Code    78  tasks.o(.text)
    vTaskPlaceOnEventListRestricted          0x0800473b   Thumb Code    54  tasks.o(.text)
    xTaskRemoveFromEventList                 0x08004771   Thumb Code   106  tasks.o(.text)
    xTaskRemoveFromUnorderedEventList        0x080047db   Thumb Code   116  tasks.o(.text)
    vTaskSetTimeOutState                     0x0800484f   Thumb Code    34  tasks.o(.text)
    xTaskCheckForTimeOut                     0x08004871   Thumb Code   114  tasks.o(.text)
    vTaskMissedYield                         0x080048e3   Thumb Code     8  tasks.o(.text)
    uxTaskGetTaskNumber                      0x080048eb   Thumb Code     8  tasks.o(.text)
    vTaskSetTaskNumber                       0x080048f3   Thumb Code     8  tasks.o(.text)
    xTaskGetCurrentTaskHandle                0x080048fb   Thumb Code     6  tasks.o(.text)
    xTaskGetSchedulerState                   0x08004901   Thumb Code    22  tasks.o(.text)
    vTaskPriorityInherit                     0x08004917   Thumb Code   124  tasks.o(.text)
    xTaskPriorityDisinherit                  0x08004993   Thumb Code   144  tasks.o(.text)
    vTaskList                                0x08004a23   Thumb Code   188  tasks.o(.text)
    uxTaskResetEventItemValue                0x08004adf   Thumb Code    20  tasks.o(.text)
    pvTaskIncrementMutexHeldCount            0x08004af3   Thumb Code    18  tasks.o(.text)
    ulTaskNotifyTake                         0x08004b05   Thumb Code    96  tasks.o(.text)
    xTaskNotifyWait                          0x08004b65   Thumb Code   128  tasks.o(.text)
    xTaskGenericNotify                       0x08004be5   Thumb Code   190  tasks.o(.text)
    xTaskGenericNotifyFromISR                0x08004ca3   Thumb Code   256  tasks.o(.text)
    vTaskNotifyGiveFromISR                   0x08004da3   Thumb Code   168  tasks.o(.text)
    xTaskNotifyStateClear                    0x08004e4b   Thumb Code    44  tasks.o(.text)
    xTimerGenericCommand                     0x08004fed   Thumb Code    98  timers.o(.text)
    xTimerCreateTimerTask                    0x08005173   Thumb Code    58  timers.o(.text)
    xTimerCreate                             0x080051ad   Thumb Code    72  timers.o(.text)
    xTimerGetTimerDaemonTaskHandle           0x080051f5   Thumb Code    24  timers.o(.text)
    xTimerGetPeriod                          0x0800520d   Thumb Code    22  timers.o(.text)
    xTimerGetExpiryTime                      0x08005223   Thumb Code    22  timers.o(.text)
    pcTimerGetName                           0x08005239   Thumb Code    22  timers.o(.text)
    xTimerIsTimerActive                      0x0800524f   Thumb Code    40  timers.o(.text)
    pvTimerGetTimerID                        0x08005277   Thumb Code    32  timers.o(.text)
    vTimerSetTimerID                         0x08005297   Thumb Code    34  timers.o(.text)
    xTimerPendFunctionCallFromISR            0x080052b9   Thumb Code    34  timers.o(.text)
    xTimerPendFunctionCall                   0x080052db   Thumb Code    60  timers.o(.text)
    xQueueGenericReset                       0x080054d1   Thumb Code   128  queue.o(.text)
    xQueueGenericCreate                      0x08005551   Thumb Code    82  queue.o(.text)
    xQueueGenericSend                        0x080056f1   Thumb Code   350  queue.o(.text)
    xQueueCreateMutex                        0x0800584f   Thumb Code    36  queue.o(.text)
    xQueueGiveMutexRecursive                 0x08005873   Thumb Code    98  queue.o(.text)
    xQueueGenericReceive                     0x080058fb   Thumb Code   356  queue.o(.text)
    xQueueTakeMutexRecursive                 0x08005a5f   Thumb Code    68  queue.o(.text)
    xQueueCreateCountingSemaphore            0x08005aa3   Thumb Code    62  queue.o(.text)
    xQueueGenericSendFromISR                 0x08005ae1   Thumb Code   200  queue.o(.text)
    xQueueGiveFromISR                        0x08005ba9   Thumb Code   172  queue.o(.text)
    xQueueReceiveFromISR                     0x08005c55   Thumb Code   150  queue.o(.text)
    xQueuePeekFromISR                        0x08005ceb   Thumb Code   114  queue.o(.text)
    uxQueueMessagesWaiting                   0x08005d5d   Thumb Code    36  queue.o(.text)
    uxQueueSpacesAvailable                   0x08005d81   Thumb Code    40  queue.o(.text)
    uxQueueMessagesWaitingFromISR            0x08005da9   Thumb Code    26  queue.o(.text)
    vQueueUnregisterQueue                    0x08005dc3   Thumb Code    36  queue.o(.text)
    vQueueDelete                             0x08005de7   Thumb Code    38  queue.o(.text)
    uxQueueGetQueueNumber                    0x08005e0d   Thumb Code     4  queue.o(.text)
    vQueueSetQueueNumber                     0x08005e11   Thumb Code     4  queue.o(.text)
    ucQueueGetQueueType                      0x08005e15   Thumb Code     6  queue.o(.text)
    xQueueIsQueueEmptyFromISR                0x08005e1b   Thumb Code    34  queue.o(.text)
    xQueueIsQueueFullFromISR                 0x08005e3d   Thumb Code    38  queue.o(.text)
    vQueueAddToRegistry                      0x08005e63   Thumb Code    32  queue.o(.text)
    pcQueueGetName                           0x08005e83   Thumb Code    34  queue.o(.text)
    vQueueWaitForMessageRestricted           0x08005ea5   Thumb Code    68  queue.o(.text)
    xQueueCreateSet                          0x08005ee9   Thumb Code     8  queue.o(.text)
    xQueueAddToSet                           0x08005ef1   Thumb Code    34  queue.o(.text)
    xQueueRemoveFromSet                      0x08005f13   Thumb Code    34  queue.o(.text)
    xQueueSelectFromSet                      0x08005f35   Thumb Code    18  queue.o(.text)
    xQueueSelectFromSetFromISR               0x08005f47   Thumb Code    18  queue.o(.text)
    pvPortMalloc                             0x08005fc5   Thumb Code   214  heap_4.o(.text)
    vPortFree                                0x0800609b   Thumb Code    96  heap_4.o(.text)
    xPortGetFreeHeapSize                     0x080060fb   Thumb Code     8  heap_4.o(.text)
    xPortGetMinimumEverFreeHeapSize          0x08006103   Thumb Code     8  heap_4.o(.text)
    vPortInitialiseBlocks                    0x0800610b   Thumb Code     2  heap_4.o(.text)
    __aeabi_memcpy                           0x08006191   Thumb Code    36  memcpya.o(.text)
    __aeabi_memcpy4                          0x08006191   Thumb Code     0  memcpya.o(.text)
    __aeabi_memcpy8                          0x08006191   Thumb Code     0  memcpya.o(.text)
    __aeabi_memset                           0x080061b5   Thumb Code    14  memseta.o(.text)
    __aeabi_memset4                          0x080061b5   Thumb Code     0  memseta.o(.text)
    __aeabi_memset8                          0x080061b5   Thumb Code     0  memseta.o(.text)
    __aeabi_memclr                           0x080061c3   Thumb Code     4  memseta.o(.text)
    __aeabi_memclr4                          0x080061c3   Thumb Code     0  memseta.o(.text)
    __aeabi_memclr8                          0x080061c3   Thumb Code     0  memseta.o(.text)
    _memset$wrapper                          0x080061c7   Thumb Code    18  memseta.o(.text)
    strlen                                   0x080061d9   Thumb Code    14  strlen.o(.text)
    strcpy                                   0x080061e7   Thumb Code    18  strcpy.o(.text)
    __aeabi_dmul                             0x080061f9   Thumb Code   228  dmul.o(.text)
    __aeabi_ul2d                             0x080062dd   Thumb Code    24  dfltul.o(.text)
    __aeabi_d2f                              0x080062f5   Thumb Code    56  d2f.o(.text)
    __aeabi_uidiv                            0x0800632d   Thumb Code     0  uidiv.o(.text)
    __aeabi_uidivmod                         0x0800632d   Thumb Code    44  uidiv.o(.text)
    __I$use$fp                               0x08006359   Thumb Code     0  iusefp.o(.text)
    _float_round                             0x08006359   Thumb Code    18  fepilogue.o(.text)
    _float_epilogue                          0x0800636b   Thumb Code    92  fepilogue.o(.text)
    _double_round                            0x080063c7   Thumb Code    30  depilogue.o(.text)
    _double_epilogue                         0x080063e5   Thumb Code   156  depilogue.o(.text)
    __scatterload                            0x08006481   Thumb Code    28  init.o(.text)
    __scatterload_rt2                        0x08006481   Thumb Code     0  init.o(.text)
    __aeabi_llsl                             0x080064a5   Thumb Code    30  llshl.o(.text)
    _ll_shift_l                              0x080064a5   Thumb Code     0  llshl.o(.text)
    __aeabi_llsr                             0x080064c3   Thumb Code    32  llushr.o(.text)
    _ll_ushift_r                             0x080064c3   Thumb Code     0  llushr.o(.text)
    __0printf$3                              0x080064e5   Thumb Code    22  printf3.o(i.__0printf$3)
    __1printf$3                              0x080064e5   Thumb Code     0  printf3.o(i.__0printf$3)
    __2printf                                0x080064e5   Thumb Code     0  printf3.o(i.__0printf$3)
    __0sprintf$3                             0x08006505   Thumb Code    34  printf3.o(i.__0sprintf$3)
    __1sprintf$3                             0x08006505   Thumb Code     0  printf3.o(i.__0sprintf$3)
    __2sprintf                               0x08006505   Thumb Code     0  printf3.o(i.__0sprintf$3)
    __scatterload_copy                       0x0800652d   Thumb Code    14  handlers.o(i.__scatterload_copy)
    __scatterload_null                       0x0800653b   Thumb Code     2  handlers.o(i.__scatterload_null)
    __scatterload_zeroinit                   0x0800653d   Thumb Code    14  handlers.o(i.__scatterload_zeroinit)
    Region$$Table$$Base                      0x08006710   Number         0  anon$$obj.o(Region$$Table)
    Region$$Table$$Limit                     0x08006730   Number         0  anon$$obj.o(Region$$Table)
    SystemCoreClock                          0x20000004   Data           4  system_stm32f4xx.o(.data)
    AHBPrescTable                            0x20000008   Data          16  system_stm32f4xx.o(.data)
    xHandleTaskLED                           0x20000018   Data           4  task_config.o(.data)
    xHandleTaskStart                         0x2000001c   Data           4  task_config.o(.data)
    pxCurrentTCB                             0x20000054   Data           4  tasks.o(.data)
    __stdout                                 0x200000bc   Data           4  stdout.o(.data)
    g_DMA_Dbus_Buff                          0x200000c0   Data          18  bsp_dma.o(.bss)
    g_DMA_Judge_Send_Buff                    0x200000d2   Data         255  bsp_dma.o(.bss)
    g_DMA_Judge_Reve_Buff                    0x200001d1   Data         255  bsp_dma.o(.bss)
    g_rc_control                             0x200002d0   Data          28  drive_rc.o(.bss)
    g_infc                                   0x200002ec   Data         552  drive_control.o(.bss)
    g_speed_target                           0x20000514   Data          28  drive_control.o(.bss)
    g_data_3510                              0x20000568   Data          24  motor_chassis.o(.bss)
    g_data_6623                              0x20000594   Data          32  motor_cradle_head_1.o(.bss)
    g_data_2006                              0x200005b4   Data          24  motor_cradle_head_1.o(.bss)
    xQueueRegistry                           0x200008d8   Data          64  queue.o(.bss)
    __initial_sp                             0x20005d18   Data           0  startup_stm32f427xx.o(STACK)



==============================================================================

Memory Map of the image

  Image Entry point : 0x080001ad

  Load Region LR_IROM1 (Base: 0x08000000, Size: 0x000067f0, Max: 0x00200000, ABSOLUTE)

    Execution Region ER_IROM1 (Exec base: 0x08000000, Load base: 0x08000000, Size: 0x00006730, Max: 0x00200000, ABSOLUTE)

    Exec Addr    Load Addr    Size         Type   Attr      Idx    E Section Name        Object

    0x08000000   0x08000000   0x000001ac   Data   RO          450    RESET               startup_stm32f427xx.o
    0x080001ac   0x080001ac   0x00000000   Code   RO         1011  * .ARM.Collect$$$$00000000  mc_w.l(entry.o)
    0x080001ac   0x080001ac   0x00000004   Code   RO         1291    .ARM.Collect$$$$00000001  mc_w.l(entry2.o)
    0x080001b0   0x080001b0   0x00000004   Code   RO         1294    .ARM.Collect$$$$00000004  mc_w.l(entry5.o)
    0x080001b4   0x080001b4   0x00000000   Code   RO         1296    .ARM.Collect$$$$00000008  mc_w.l(entry7b.o)
    0x080001b4   0x080001b4   0x00000000   Code   RO         1298    .ARM.Collect$$$$0000000A  mc_w.l(entry8b.o)
    0x080001b4   0x080001b4   0x00000008   Code   RO         1299    .ARM.Collect$$$$0000000B  mc_w.l(entry9a.o)
    0x080001bc   0x080001bc   0x00000000   Code   RO         1301    .ARM.Collect$$$$0000000D  mc_w.l(entry10a.o)
    0x080001bc   0x080001bc   0x00000000   Code   RO         1303    .ARM.Collect$$$$0000000F  mc_w.l(entry11a.o)
    0x080001bc   0x080001bc   0x00000004   Code   RO         1292    .ARM.Collect$$$$00002712  mc_w.l(entry2.o)
    0x080001c0   0x080001c0   0x000000b6   Code   RO          860    .emb_text           port.o
    0x08000276   0x08000276   0x00000002   PAD
    0x08000278   0x08000278   0x00000110   Code   RO            3    .text               bsp_can.o
    0x08000388   0x08000388   0x000000a8   Code   RO          139    .text               bsp_time.o
    0x08000430   0x08000430   0x000001a0   Code   RO          162    .text               bsp_gpio.o
    0x080005d0   0x080005d0   0x000000a8   Code   RO          185    .text               bsp_usart.o
    0x08000678   0x08000678   0x00000120   Code   RO          208    .text               bsp_dma.o
    0x08000798   0x08000798   0x000000fc   Code   RO          234    .text               bsp_nvic.o
    0x08000894   0x08000894   0x00000024   Code   RO          257    .text               bsp_delay.o
    0x080008b8   0x080008b8   0x00000038   Code   RO          280    .text               main.o
    0x080008f0   0x080008f0   0x00000048   Code   RO          380    .text               sysconfig.o
    0x08000938   0x08000938   0x00000218   Code   RO          400    .text               stm32f4xx_it.o
    0x08000b50   0x08000b50   0x0000019c   Code   RO          424    .text               system_stm32f4xx.o
    0x08000cec   0x08000cec   0x00000024   Code   RO          451    .text               startup_stm32f427xx.o
    0x08000d10   0x08000d10   0x00000154   Code   RO          457    .text               math_pid.o
    0x08000e64   0x08000e64   0x00000094   Code   RO          481    .text               math_tool.o
    0x08000ef8   0x08000ef8   0x00000060   Code   RO          505    .text               task_config.o
    0x08000f58   0x08000f58   0x000000b0   Code   RO          545    .text               misc.o
    0x08001008   0x08001008   0x00000708   Code   RO          565    .text               stm32f4xx_can.o
    0x08001710   0x08001710   0x00000488   Code   RO          585    .text               stm32f4xx_rcc.o
    0x08001b98   0x08001b98   0x000009dc   Code   RO          607    .text               stm32f4xx_tim.o
    0x08002574   0x08002574   0x00000320   Code   RO          628    .text               stm32f4xx_dma.o
    0x08002894   0x08002894   0x0000020c   Code   RO          668    .text               stm32f4xx_gpio.o
    0x08002aa0   0x08002aa0   0x00000358   Code   RO          688    .text               stm32f4xx_usart.o
    0x08002df8   0x08002df8   0x0000009c   Code   RO          708    .text               drive_rc.o
    0x08002e94   0x08002e94   0x0000006c   Code   RO          734    .text               drive_delay.o
    0x08002f00   0x08002f00   0x000007a0   Code   RO          758    .text               drive_control.o
    0x080036a0   0x080036a0   0x000000cc   Code   RO          788    .text               motor_chassis.o
    0x0800376c   0x0800376c   0x00000218   Code   RO          814    .text               motor_cradle_head_1.o
    0x08003984   0x08003984   0x00000088   Code   RO          838    .text               list.o
    0x08003a0c   0x08003a0c   0x00000260   Code   RO          861    .text               port.o
    0x08003c6c   0x08003c6c   0x0000134c   Code   RO          891    .text               tasks.o
    0x08004fb8   0x08004fb8   0x00000518   Code   RO          926    .text               timers.o
    0x080054d0   0x080054d0   0x00000aac   Code   RO          944    .text               queue.o
    0x08005f7c   0x08005f7c   0x00000214   Code   RO          972    .text               heap_4.o
    0x08006190   0x08006190   0x00000024   Code   RO         1014    .text               mc_w.l(memcpya.o)
    0x080061b4   0x080061b4   0x00000024   Code   RO         1016    .text               mc_w.l(memseta.o)
    0x080061d8   0x080061d8   0x0000000e   Code   RO         1018    .text               mc_w.l(strlen.o)
    0x080061e6   0x080061e6   0x00000012   Code   RO         1020    .text               mc_w.l(strcpy.o)
    0x080061f8   0x080061f8   0x000000e4   Code   RO         1285    .text               mf_w.l(dmul.o)
    0x080062dc   0x080062dc   0x00000018   Code   RO         1287    .text               mf_w.l(dfltul.o)
    0x080062f4   0x080062f4   0x00000038   Code   RO         1289    .text               mf_w.l(d2f.o)
    0x0800632c   0x0800632c   0x0000002c   Code   RO         1306    .text               mc_w.l(uidiv.o)
    0x08006358   0x08006358   0x00000000   Code   RO         1310    .text               mc_w.l(iusefp.o)
    0x08006358   0x08006358   0x0000006e   Code   RO         1311    .text               mf_w.l(fepilogue.o)
    0x080063c6   0x080063c6   0x000000ba   Code   RO         1313    .text               mf_w.l(depilogue.o)
    0x08006480   0x08006480   0x00000024   Code   RO         1323    .text               mc_w.l(init.o)
    0x080064a4   0x080064a4   0x0000001e   Code   RO         1325    .text               mc_w.l(llshl.o)
    0x080064c2   0x080064c2   0x00000020   Code   RO         1327    .text               mc_w.l(llushr.o)
    0x080064e2   0x080064e2   0x00000002   PAD
    0x080064e4   0x080064e4   0x00000020   Code   RO         1113    i.__0printf$3       mc_w.l(printf3.o)
    0x08006504   0x08006504   0x00000028   Code   RO         1115    i.__0sprintf$3      mc_w.l(printf3.o)
    0x0800652c   0x0800652c   0x0000000e   Code   RO         1333    i.__scatterload_copy  mc_w.l(handlers.o)
    0x0800653a   0x0800653a   0x00000002   Code   RO         1334    i.__scatterload_null  mc_w.l(handlers.o)
    0x0800653c   0x0800653c   0x0000000e   Code   RO         1335    i.__scatterload_zeroinit  mc_w.l(handlers.o)
    0x0800654a   0x0800654a   0x00000002   PAD
    0x0800654c   0x0800654c   0x000001b8   Code   RO         1120    i._printf_core      mc_w.l(printf3.o)
    0x08006704   0x08006704   0x0000000a   Code   RO         1122    i._sputc            mc_w.l(printf3.o)
    0x0800670e   0x0800670e   0x00000002   PAD
    0x08006710   0x08006710   0x00000020   Data   RO         1331    Region$$Table       anon$$obj.o


    Execution Region RW_IRAM1 (Exec base: 0x20000000, Load base: 0x08006730, Size: 0x00005d18, Max: 0x00030000, ABSOLUTE)

    Exec Addr    Load Addr    Size         Type   Attr      Idx    E Section Name        Object

    0x20000000   0x08006730   0x00000001   Data   RW          401    .data               stm32f4xx_it.o
    0x20000001   0x08006731   0x00000003   PAD
    0x20000004   0x08006734   0x00000014   Data   RW          425    .data               system_stm32f4xx.o
    0x20000018   0x08006748   0x00000008   Data   RW          506    .data               task_config.o
    0x20000020   0x08006750   0x00000010   Data   RW          586    .data               stm32f4xx_rcc.o
    0x20000030   0x08006760   0x00000018   Data   RW          761    .data               drive_control.o
    0x20000048   0x08006778   0x0000000c   Data   RW          862    .data               port.o
    0x20000054   0x08006784   0x0000003c   Data   RW          893    .data               tasks.o
    0x20000090   0x080067c0   0x00000014   Data   RW          928    .data               timers.o
    0x200000a4   0x080067d4   0x00000018   Data   RW          974    .data               heap_4.o
    0x200000bc   0x080067ec   0x00000004   Data   RW         1305    .data               mc_w.l(stdout.o)
    0x200000c0        -       0x00000210   Zero   RW          209    .bss                bsp_dma.o
    0x200002d0        -       0x0000001c   Zero   RW          709    .bss                drive_rc.o
    0x200002ec        -       0x0000027c   Zero   RW          759    .bss                drive_control.o
    0x20000568        -       0x00000018   Zero   RW          789    .bss                motor_chassis.o
    0x20000580        -       0x0000004c   Zero   RW          815    .bss                motor_cradle_head_1.o
    0x200005cc        -       0x000002e4   Zero   RW          892    .bss                tasks.o
    0x200008b0        -       0x00000028   Zero   RW          927    .bss                timers.o
    0x200008d8        -       0x00000040   Zero   RW          945    .bss                queue.o
    0x20000918        -       0x00005000   Zero   RW          973    .bss                heap_4.o
    0x20005918        -       0x00000400   Zero   RW          448    STACK               startup_stm32f427xx.o


==============================================================================

Image component sizes


      Code (inc. data)   RO Data    RW Data    ZI Data      Debug   Object Name

       272         10          0          0          0     309495   bsp_can.o
        36         10          0          0          0        435   bsp_delay.o
       288         20          0          0        528       1265   bsp_dma.o
       416         24          0          0          0        740   bsp_gpio.o
       252         24          0          0          0        616   bsp_nvic.o
       168         10          0          0          0        640   bsp_time.o
       168         12          0          0          0        585   bsp_usart.o
      1952        106          0         24        636       5058   drive_control.o
       108         14          0          0          0       3890   drive_delay.o
       156         10          0          0         28       1251   drive_rc.o
       532         66          0         24      20480       3460   heap_4.o
       136          0          0          0          0       1882   list.o
        56         22          0          0          0      11987   main.o
       340          8          0          0          0       4348   math_pid.o
       148         12          0          0          0       6404   math_tool.o
       176         12          0          0          0       1929   misc.o
       204         10          0          0         24       1671   motor_chassis.o
       536         34          0          0         76       2962   motor_cradle_head_1.o
       790        104          0         12          0       8141   port.o
      2732         52          0          0         64      24992   queue.o
        36          8        428          0       1024        800   startup_stm32f427xx.o
      1800         44          0          0          0       8764   stm32f4xx_can.o
       800         32          0          0          0       6949   stm32f4xx_dma.o
       524         44          0          0          0       4457   stm32f4xx_gpio.o
       536         52          0          1          0       2616   stm32f4xx_it.o
      1160         52          0         16          0      13332   stm32f4xx_rcc.o
      2524         52          0          0          0      23978   stm32f4xx_tim.o
       856         32          0          0          0       8272   stm32f4xx_usart.o
        72          4          0          0          0        724   sysconfig.o
       412         40          0         20          0       1883   system_stm32f4xx.o
        96         20          0          8          0        924   task_config.o
      4940        180          0         60        740      33314   tasks.o
      1304        128          0         20         40      11432   timers.o

    ----------------------------------------------------------------------
     24528       1248        460        188      23640     509196   Object Totals
         0          0         32          0          0          0   (incl. Generated)
         2          0          0          3          0          0   (incl. Padding)

    ----------------------------------------------------------------------

      Code (inc. data)   RO Data    RW Data    ZI Data      Debug   Library Member Name

         0          0          0          0          0          0   entry.o
         0          0          0          0          0          0   entry10a.o
         0          0          0          0          0          0   entry11a.o
         8          4          0          0          0          0   entry2.o
         4          0          0          0          0          0   entry5.o
         0          0          0          0          0          0   entry7b.o
         0          0          0          0          0          0   entry8b.o
         8          4          0          0          0          0   entry9a.o
        30          0          0          0          0          0   handlers.o
        36          8          0          0          0         68   init.o
         0          0          0          0          0          0   iusefp.o
        30          0          0          0          0         68   llshl.o
        32          0          0          0          0         68   llushr.o
        36          0          0          0          0         68   memcpya.o
        36          0          0          0          0        108   memseta.o
       522         20          0          0          0        336   printf3.o
         0          0          0          4          0          0   stdout.o
        18          0          0          0          0         68   strcpy.o
        14          0          0          0          0         68   strlen.o
        44          0          0          0          0         80   uidiv.o
        56          0          0          0          0         88   d2f.o
       186          0          0          0          0        176   depilogue.o
        24          0          0          0          0         76   dfltul.o
       228          0          0          0          0         96   dmul.o
       110          0          0          0          0        168   fepilogue.o

    ----------------------------------------------------------------------
      1428         36          0          4          0       1536   Library Totals
         6          0          0          0          0          0   (incl. Padding)

    ----------------------------------------------------------------------

      Code (inc. data)   RO Data    RW Data    ZI Data      Debug   Library Name

       818         36          0          4          0        932   mc_w.l
       604          0          0          0          0        604   mf_w.l

    ----------------------------------------------------------------------
      1428         36          0          4          0       1536   Library Totals

    ----------------------------------------------------------------------

==============================================================================


      Code (inc. data)   RO Data    RW Data    ZI Data      Debug   

     25956       1284        460        192      23640     503308   Grand Totals
     25956       1284        460        192      23640     503308   ELF Image Totals
     25956       1284        460        192          0          0   ROM Totals

==============================================================================

    Total RO  Size (Code + RO Data)                26416 (  25.80kB)
    Total RW  Size (RW Data + ZI Data)             23832 (  23.27kB)
    Total ROM Size (Code + RO Data + RW Data)      26608 (  25.98kB)

==============================================================================

