<html>
<body>
<pre>
<h1>µVision Build Log</h1>
<h2>Tool Versions:</h2>
IDE-Version: ¦ÌVision V5.25.2.0
Copyright (C) 2018 ARM Ltd and ARM Germany GmbH. All rights reserved.
License Information: L L, L, LIC=03CVE-5JFSF-9G470-BW308-EXBRE-K7UHS
 
Tool Versions:
Toolchain:       MDK-ARM Plus  Version: 5.25.2.0
Toolchain Path:  D:\Keil_v5\ARM\ARMCC\Bin
C Compiler:      Armcc.exe V5.06 update 6 (build 750)
Assembler:       Armasm.exe V5.06 update 6 (build 750)
Linker/Locator:  ArmLink.exe V5.06 update 6 (build 750)
Library Manager: ArmAr.exe V5.06 update 6 (build 750)
Hex Converter:   FromElf.exe V5.06 update 6 (build 750)
CPU DLL:         SARMCM3.DLL V5.25.2.0
Dialog DLL:      DCM.DLL V1.17.1.0
Target DLL:      Segger\JL2CM3.dll V2.99.29.0
Dialog DLL:      TCM.DLL V1.35.1.0
 
<h2>Project:</h2>
F:\github\infantry\MDK\infantry_lgv.uvprojx
Project File Date:  11/29/2018

<h2>Output:</h2>
*** Using Compiler 'V5.06 update 6 (build 750)', folder: 'D:\Keil_v5\ARM\ARMCC\Bin'
Rebuild target 'infantry'
compiling bsp_time.c...
compiling bsp_gpio.c...
compiling bsp_can.c...
compiling bsp_usart.c...
compiling bsp_nvic.c...
compiling bsp_dma.c...
compiling bsp_delay.c...
compiling main.c...
assembling startup_stm32f427xx.s...
compiling system_stm32f4xx.c...
compiling sysconfig.c...
compiling stm32f4xx_it.c...
..\USER\stm32f4xx_it.c(204): warning:  #550-D: variable "clear"  was set but never used
  	u8 clear;
..\USER\stm32f4xx_it.c: 1 warning, 0 errors
compiling math_pid.c...
compiling task_control.c...
compiling math_tool.c...
compiling task_config.c...
compiling task_usart_parse.c...
compiling task_can_parse.c...
compiling misc.c...
compiling stm32f4xx_can.c...
compiling stm32f4xx_rcc.c...
compiling stm32f4xx_dma.c...
compiling stm32f4xx_tim.c...
compiling stm32f4xx_gpio.c...
compiling stm32f4xx_exti.c...
compiling drive_rc.c...
compiling stm32f4xx_usart.c...
compiling drive_delay.c...
compiling drive_control.c...
compiling list.c...
compiling motor_chassis.c...
compiling motor_cradle_head.c...
compiling timers.c...
compiling tasks.c...
compiling port.c...
compiling queue.c...
compiling croutine.c...
compiling heap_4.c...
compiling event_groups.c...
linking...
Program Size: Code=26420 RO-data=460 RW-data=224 ZI-data=23680  
".\Objects\infantry_lgv.axf" - 0 Error(s), 1 Warning(s).

<h2>Software Packages used:</h2>

Package Vendor: Keil
                http://www.keil.com/pack/Keil.STM32F4xx_DFP.2.13.0.pack
                Keil.STM32F4xx_DFP.2.13.0
                STMicroelectronics STM32F4 Series Device Support, Drivers and Examples

<h2>Collection of Component include folders:</h2>
  .\RTE\_infantry
  D:\Keil_v5\ARM\PACK\Keil\STM32F4xx_DFP\2.13.0\Drivers\CMSIS\Device\ST\STM32F4xx\Include

<h2>Collection of Component Files used:</h2>
Build Time Elapsed:  00:00:11
</pre>
</body>
</html>
