<html>
<body>
<pre>
<h1>µVision Build Log</h1>
<h2>Tool Versions:</h2>
IDE-Version: ¦ÌVision V5.25.2.0
Copyright (C) 2018 ARM Ltd and ARM Germany GmbH. All rights reserved.
License Information: L L, L, LIC=03CVE-5JFSF-9G470-BW308-EXBRE-K7UHS
 
Tool Versions:
Toolchain:       MDK-ARM Plus  Version: 5.25.2.0
Toolchain Path:  D:\Keil_v5\ARM\ARMCC\Bin
C Compiler:      Armcc.exe V5.06 update 6 (build 750)
Assembler:       Armasm.exe V5.06 update 6 (build 750)
Linker/Locator:  ArmLink.exe V5.06 update 6 (build 750)
Library Manager: ArmAr.exe V5.06 update 6 (build 750)
Hex Converter:   FromElf.exe V5.06 update 6 (build 750)
CPU DLL:         SARMCM3.DLL V5.25.2.0
Dialog DLL:      DCM.DLL V1.17.1.0
Target DLL:      Segger\JL2CM3.dll V2.99.29.0
Dialog DLL:      TCM.DLL V1.35.1.0
 
<h2>Project:</h2>
F:\github\infantry\MDK\infantry_lgv.uvprojx
Project File Date:  04/02/2019

<h2>Output:</h2>
*** Using Compiler 'V5.06 update 6 (build 750)', folder: 'D:\Keil_v5\ARM\ARMCC\Bin'
Build target 'infantry'
compiling robotstatus.c...
compiling main.c...
compiling stm32f4xx_it.c...
..\USER\stm32f4xx_it.c(261): warning:  #550-D: variable "clear"  was set but never used
  	u8 clear;
..\USER\stm32f4xx_it.c: 1 warning, 0 errors
compiling sysconfig.c...
compiling task_config.c...
compiling task_control.c...
compiling task_rc_parse.c...
compiling task_imudata.c...
compiling drive_shoot.c...
..\DRIVE\drive_shoot.c(19): warning:  #1035-D: single-precision operand implicitly converted to double-precision
  		if(abs(g_infc.angle_outer_error.shoot)<0.2)
..\DRIVE\drive_shoot.c(25): warning:  #940-D: missing return statement at end of non-void function "AWM_Shoot_Control" 
  }
..\DRIVE\drive_shoot.c: 2 warnings, 0 errors
compiling drive_chassis.c...
compiling drive_gimble.c...
..\DRIVE\drive_gimble.c(29): warning:  #1-D: last line of file ends without a newline
  }
..\DRIVE\drive_gimble.c: 1 warning, 0 errors
compiling drive_control.c...
compiling motor_cradle_head.c...
linking...
Program Size: Code=71024 RO-data=5632 RW-data=372 ZI-data=27028  
FromELF: creating hex file...
".\Objects\infantry_lgv.axf" - 0 Error(s), 4 Warning(s).

<h2>Software Packages used:</h2>

Package Vendor: Keil
                http://www.keil.com/pack/Keil.STM32F4xx_DFP.2.13.0.pack
                Keil.STM32F4xx_DFP.2.13.0
                STMicroelectronics STM32F4 Series Device Support, Drivers and Examples

<h2>Collection of Component include folders:</h2>
  .\RTE\_infantry
  D:\Keil_v5\ARM\PACK\Keil\STM32F4xx_DFP\2.13.0\Drivers\CMSIS\Device\ST\STM32F4xx\Include

<h2>Collection of Component Files used:</h2>
Build Time Elapsed:  00:00:05
</pre>
</body>
</html>
